###############################################################################
#
# IAR ELF Linker V9.20.1.318/W64 for ARM                  20/Jan/2022  20:24:58
# Copyright 2007-2021 IAR Systems AB.
#
#    Output file  =  C:\Projects\EBU-6\EBU6\EWARM\EBU6\Exe\EBU6.out
#    Map file     =  C:\Projects\EBU-6\EBU6\EWARM\EBU6\List\EBU6.map
#    Command line =
#        -f C:\Projects\EBU-6\EBU6\EWARM\EBU6\Exe\EBU6.out.rsp
#        (C:\Projects\EBU-6\EBU6\EWARM\EBU6\Obj\Application\User\Core\add_ValueConv.o
#        C:\Projects\EBU-6\EBU6\EWARM\EBU6\Obj\Application\User\Core\Core\core_Menu.o
#        C:\Projects\EBU-6\EBU6\EWARM\EBU6\Obj\Application\User\Core\Core\core_VlvDrvCtrl.o
#        C:\Projects\EBU-6\EBU6\EWARM\EBU6\Obj\Application\User\Core\Core\g_Core.o
#        C:\Projects\EBU-6\EBU6\EWARM\EBU6\Obj\Application\User\Core\Global\g_InterruptUpdate.o
#        C:\Projects\EBU-6\EBU6\EWARM\EBU6\Obj\Application\User\Core\Global\g_Ram.o
#        C:\Projects\EBU-6\EBU6\EWARM\EBU6\Obj\Application\User\Core\main.o
#        C:\Projects\EBU-6\EBU6\EWARM\EBU6\Obj\Application\User\Core\Peref\peref.o
#        C:\Projects\EBU-6\EBU6\EWARM\EBU6\Obj\Application\User\Core\Peref\peref_ApFilter1.o
#        C:\Projects\EBU-6\EBU6\EWARM\EBU6\Obj\Application\User\Core\Peref\peref_ApFilter3.o
#        C:\Projects\EBU-6\EBU6\EWARM\EBU6\Obj\Application\User\Core\Peref\peref_Clock.o
#        C:\Projects\EBU-6\EBU6\EWARM\EBU6\Obj\Application\User\Core\Peref\peref_display.o
#        C:\Projects\EBU-6\EBU6\EWARM\EBU6\Obj\Application\User\Core\Peref\peref_SensObserver.o
#        C:\Projects\EBU-6\EBU6\EWARM\EBU6\Obj\Application\User\Core\Peref\peref_SinObserver.o
#        C:\Projects\EBU-6\EBU6\EWARM\EBU6\Obj\Application\EWARM\startup_stm32h743xx.o
#        C:\Projects\EBU-6\EBU6\EWARM\EBU6\Obj\Application\User\Core\Stat\stat.o
#        C:\Projects\EBU-6\EBU6\EWARM\EBU6\Obj\Application\User\Core\Stat\stat_fm25v10.o
#        C:\Projects\EBU-6\EBU6\EWARM\EBU6\Obj\Drivers\STM32H7xx_HAL_Driver\stm32h7xx_hal.o
#        C:\Projects\EBU-6\EBU6\EWARM\EBU6\Obj\Drivers\STM32H7xx_HAL_Driver\stm32h7xx_hal_adc.o
#        C:\Projects\EBU-6\EBU6\EWARM\EBU6\Obj\Drivers\STM32H7xx_HAL_Driver\stm32h7xx_hal_adc_ex.o
#        C:\Projects\EBU-6\EBU6\EWARM\EBU6\Obj\Drivers\STM32H7xx_HAL_Driver\stm32h7xx_hal_cortex.o
#        C:\Projects\EBU-6\EBU6\EWARM\EBU6\Obj\Drivers\STM32H7xx_HAL_Driver\stm32h7xx_hal_dma.o
#        C:\Projects\EBU-6\EBU6\EWARM\EBU6\Obj\Drivers\STM32H7xx_HAL_Driver\stm32h7xx_hal_dma_ex.o
#        C:\Projects\EBU-6\EBU6\EWARM\EBU6\Obj\Drivers\STM32H7xx_HAL_Driver\stm32h7xx_hal_exti.o
#        C:\Projects\EBU-6\EBU6\EWARM\EBU6\Obj\Drivers\STM32H7xx_HAL_Driver\stm32h7xx_hal_flash.o
#        C:\Projects\EBU-6\EBU6\EWARM\EBU6\Obj\Drivers\STM32H7xx_HAL_Driver\stm32h7xx_hal_flash_ex.o
#        C:\Projects\EBU-6\EBU6\EWARM\EBU6\Obj\Drivers\STM32H7xx_HAL_Driver\stm32h7xx_hal_gpio.o
#        C:\Projects\EBU-6\EBU6\EWARM\EBU6\Obj\Drivers\STM32H7xx_HAL_Driver\stm32h7xx_hal_hrtim.o
#        C:\Projects\EBU-6\EBU6\EWARM\EBU6\Obj\Drivers\STM32H7xx_HAL_Driver\stm32h7xx_hal_hsem.o
#        C:\Projects\EBU-6\EBU6\EWARM\EBU6\Obj\Drivers\STM32H7xx_HAL_Driver\stm32h7xx_hal_i2c.o
#        C:\Projects\EBU-6\EBU6\EWARM\EBU6\Obj\Drivers\STM32H7xx_HAL_Driver\stm32h7xx_hal_i2c_ex.o
#        C:\Projects\EBU-6\EBU6\EWARM\EBU6\Obj\Drivers\STM32H7xx_HAL_Driver\stm32h7xx_hal_mdma.o
#        C:\Projects\EBU-6\EBU6\EWARM\EBU6\Obj\Application\User\Core\stm32h7xx_hal_msp.o
#        C:\Projects\EBU-6\EBU6\EWARM\EBU6\Obj\Drivers\STM32H7xx_HAL_Driver\stm32h7xx_hal_pwr.o
#        C:\Projects\EBU-6\EBU6\EWARM\EBU6\Obj\Drivers\STM32H7xx_HAL_Driver\stm32h7xx_hal_pwr_ex.o
#        C:\Projects\EBU-6\EBU6\EWARM\EBU6\Obj\Drivers\STM32H7xx_HAL_Driver\stm32h7xx_hal_rcc.o
#        C:\Projects\EBU-6\EBU6\EWARM\EBU6\Obj\Drivers\STM32H7xx_HAL_Driver\stm32h7xx_hal_rcc_ex.o
#        C:\Projects\EBU-6\EBU6\EWARM\EBU6\Obj\Drivers\STM32H7xx_HAL_Driver\stm32h7xx_hal_rtc.o
#        C:\Projects\EBU-6\EBU6\EWARM\EBU6\Obj\Drivers\STM32H7xx_HAL_Driver\stm32h7xx_hal_rtc_ex.o
#        C:\Projects\EBU-6\EBU6\EWARM\EBU6\Obj\Drivers\STM32H7xx_HAL_Driver\stm32h7xx_hal_spi.o
#        C:\Projects\EBU-6\EBU6\EWARM\EBU6\Obj\Drivers\STM32H7xx_HAL_Driver\stm32h7xx_hal_spi_ex.o
#        C:\Projects\EBU-6\EBU6\EWARM\EBU6\Obj\Drivers\STM32H7xx_HAL_Driver\stm32h7xx_hal_tim.o
#        C:\Projects\EBU-6\EBU6\EWARM\EBU6\Obj\Drivers\STM32H7xx_HAL_Driver\stm32h7xx_hal_tim_ex.o
#        C:\Projects\EBU-6\EBU6\EWARM\EBU6\Obj\Drivers\STM32H7xx_HAL_Driver\stm32h7xx_hal_uart.o
#        C:\Projects\EBU-6\EBU6\EWARM\EBU6\Obj\Drivers\STM32H7xx_HAL_Driver\stm32h7xx_hal_uart_ex.o
#        C:\Projects\EBU-6\EBU6\EWARM\EBU6\Obj\Application\User\Core\stm32h7xx_it.o
#        C:\Projects\EBU-6\EBU6\EWARM\EBU6\Obj\Drivers\CMSIS\system_stm32h7xx.o
#        --no_out_extension -o C:\Projects\EBU-6\EBU6\EWARM\EBU6\Exe\EBU6.out
#        --redirect _Printf=_PrintfFullNoMb --redirect _Scanf=_ScanfFullNoMb
#        --map C:\Projects\EBU-6\EBU6\EWARM\EBU6\List\EBU6.map --config
#        C:\Projects\EBU-6\EBU6\EWARM/stm32h743xx_flash.icf --semihosting
#        --entry __iar_program_start --vfe --text_out locale)
#
###############################################################################

*******************************************************************************
*** RUNTIME MODEL ATTRIBUTES
***

CppFlavor       = *
__CPP_Runtime   = 1
__SystemLibrary = DLib
__dlib_version  = 6


*******************************************************************************
*** HEAP SELECTION
***

The basic heap was selected because no calls to memory allocation
functions were found in the application outside of system library
functions, and there are calls to deallocation functions in the
application.


*******************************************************************************
*** PLACEMENT SUMMARY
***

"A0":  place at address 0x800'0000 { ro section .intvec };
"P1":  place in [from 0x800'0000 to 0x81f'ffff] { ro };
define block CSTACK with size = 16K, alignment = 8 { };
define block HEAP with size = 8K, alignment = 8 { };
"P2":  place in [from 0x2400'0000 to 0x2407'ffff] {
          rw, block CSTACK, block HEAP };
initialize by copy { rw };

  Section            Kind         Address      Size  Object
  -------            ----         -------      ----  ------
"A0":                                         0x298
  .intvec            ro code   0x800'0000     0x298  startup_stm32h743xx.o [1]
                             - 0x800'0298     0x298

"P1":                                      0x1'22de
  .rodata            const     0x800'0298    0x36fc  core_Menu.o [3]
  .text              ro code   0x800'3994    0x1a2c  stm32h7xx_hal_dma.o [8]
  .text              ro code   0x800'53c0       0xc  stm32h7xx_hal.o [8]
  .text              ro code   0x800'53cc    0x19f0  stm32h7xx_hal_rcc_ex.o [8]
  .text              ro code   0x800'6dbc     0x568  stm32h7xx_hal_rcc.o [8]
  .text              ro code   0x800'7324      0x58  stm32h7xx_hal.o [8]
  .text              ro code   0x800'737c     0x154  stm32h7xx_hal_cortex.o [8]
  .text              ro code   0x800'74d0    0x17f0  core_Menu.o [3]
  .text              ro code   0x800'8cc0      0x18  strcpy.o [11]
  .text              ro code   0x800'8cd8      0x66  ABImemset.o [11]
  .text              ro code   0x800'8d40     0x1be  add_ValueConv.o [2]
  .text              ro code   0x800'8f00      0x36  strlen.o [11]
  .text              ro code   0x800'8f38      0x12  strcmp.o [11]
  .text              ro code   0x800'8f4a      0x3e  peref_Clock.o [5]
  .text              ro code   0x800'8f88      0x16  strchr.o [11]
  .text              ro code   0x800'8fa0      0xa6  ABImemcpy.o [11]
  .text              ro code   0x800'9046      0x32  stat.o [6]
  .text              ro code   0x800'9078      0xa4  g_Ram.o [4]
  .text              ro code   0x800'911c     0x2cc  stat_fm25v10.o [6]
  .text              ro code   0x800'93e8     0xf54  main.o [2]
  .text              ro code   0x800'a33c     0x2a4  stm32h7xx_hal_gpio.o [8]
  .text              ro code   0x800'a5e0     0xc62  stm32h7xx_hal_spi.o [8]
  .text              ro code   0x800'b244      0x98  stm32h7xx_hal.o [8]
  .text              ro code   0x800'b2dc     0xfd0  stm32h7xx_hal_adc.o [8]
  .text              ro code   0x800'c2ac     0x290  g_Core.o [3]
  .text              ro code   0x800'c53c     0xaba  peref.o [5]
  .text              ro code   0x800'cff8     0x9f2  stm32h7xx_hal_tim.o [8]
  .text              ro code   0x800'd9ec     0x846  stm32h7xx_hal_hrtim.o [8]
  .text              ro code   0x800'e234      0x58  stm32h7xx_hal_pwr_ex.o [8]
  .text              ro code   0x800'e28c      0x10  stm32h7xx_hal_pwr.o [8]
  .text              ro code   0x800'e29c     0x688  stm32h7xx_hal_rcc.o [8]
  .text              ro code   0x800'e924     0x170  stm32h7xx_hal_adc_ex.o [8]
  .text              ro code   0x800'ea94     0x774  stm32h7xx_hal_msp.o [2]
  .text              ro code   0x800'f208     0x446  stm32h7xx_hal_rtc.o [8]
  .text              ro code   0x800'f650     0x14c  stm32h7xx_hal_tim_ex.o [8]
  .text              ro code   0x800'f79c     0x84c  stm32h7xx_hal_uart.o [8]
  .text              ro code   0x800'ffe8     0x170  stm32h7xx_hal_uart_ex.o [8]
  .text              ro code   0x801'0158       0x2  stm32h7xx_hal_adc_ex.o [8]
  .text              ro code   0x801'015a       0x2  stm32h7xx_hal_adc.o [8]
  .text              ro code   0x801'015c       0x2  stm32h7xx_hal_adc_ex.o [8]
  .text              ro code   0x801'015e       0x2  stm32h7xx_hal_adc.o [8]
  .text              ro code   0x801'0160       0x2  stm32h7xx_hal_adc_ex.o [8]
  .text              ro code   0x801'0162       0x2  stm32h7xx_hal_adc_ex.o [8]
  .text              ro code   0x801'0164       0x2  stm32h7xx_hal_adc.o [8]
  .text              ro code   0x801'0166       0x2  stm32h7xx_hal_adc_ex.o [8]
  .text              ro code   0x801'0168       0x2  stm32h7xx_hal_adc.o [8]
  .text              ro code   0x801'016c     0x3e0  peref_display.o [5]
  .text              ro code   0x801'054c      0x74  peref_ApFilter1.o [5]
  .text              ro code   0x801'05c0     0x284  peref_SensObserver.o [5]
  .text              ro code   0x801'0844     0x114  peref_SinObserver.o [5]
  .text              ro code   0x801'0958       0x8  abs.o [9]
  .text              ro code   0x801'0960       0x2  stm32h7xx_hal_tim.o [8]
  .text              ro code   0x801'0962       0x2  stm32h7xx_hal_tim.o [8]
  .text              ro code   0x801'0964       0x2  stm32h7xx_hal_tim.o [8]
  .text              ro code   0x801'0966       0x2  stm32h7xx_hal_tim.o [8]
  .text              ro code   0x801'0968       0x2  stm32h7xx_hal_tim.o [8]
  .text              ro code   0x801'096a       0x2  stm32h7xx_hal_tim_ex.o [8]
  .text              ro code   0x801'096c       0x2  stm32h7xx_hal_tim_ex.o [8]
  .text              ro code   0x801'096e       0x2  stm32h7xx_hal_tim.o [8]
  .text              ro code   0x801'0970       0x2  stm32h7xx_hal_tim_ex.o [8]
  .text              ro code   0x801'0974     0x230  I64DivMod.o [11]
  .text              ro code   0x801'0ba4      0x1e  sqrt.o [10]
  .text              ro code   0x801'0bc4       0x2  I64DivZer.o [11]
  .rodata            const     0x801'0bc8     0xfd0  core_Menu.o [3]
  .text              ro code   0x801'1b98     0x21c  g_InterruptUpdate.o [4]
  .text              ro code   0x801'1db4     0x120  system_stm32h7xx.o [7]
  .rodata            const     0x801'1ed4      0xa0  core_Menu.o [3]
  .text              ro code   0x801'1f74      0x88  stm32h7xx_it.o [2]
  .text              ro code   0x801'1ffc      0x18  stm32h7xx_hal.o [8]
  .text              ro code   0x801'2014      0x78  lz77_init_single.o [11]
  .text              ro code   0x801'208c      0x38  zero_init3.o [11]
  .text              ro code   0x801'20c4      0x28  data_init.o [11]
  .text              ro code   0x801'20ec      0x22  fpinit_M.o [10]
  .iar.init_table    const     0x801'2110      0x20  - Linker created -
  .text              ro code   0x801'2130      0x1e  cmain.o [11]
  .text              ro code   0x801'214e       0x4  low_level_init.o [9]
  .text              ro code   0x801'2152       0x4  exit.o [9]
  .text              ro code   0x801'2158       0xa  cexit.o [11]
  .text              ro code   0x801'2164      0x14  exit.o [12]
  .text              ro code   0x801'2178      0x1c  cstartup_M.o [11]
  .rodata            const     0x801'2194      0x18  stm32h7xx_hal_uart.o [8]
  .rodata            const     0x801'21ac      0x10  system_stm32h7xx.o [7]
  .text              ro code   0x801'21bc      0x10  startup_stm32h743xx.o [1]
  .rodata            const     0x801'21cc       0x8  core_Menu.o [3]
  .rodata            const     0x801'21d4       0x8  stm32h7xx_hal_dma.o [8]
  .rodata            const     0x801'21dc       0x8  stm32h7xx_hal_uart_ex.o [8]
  .rodata            const     0x801'21e4       0x8  stm32h7xx_hal_uart_ex.o [8]
  .text              ro code   0x801'21ec       0x4  startup_stm32h743xx.o [1]
  .text              ro code   0x801'21f0       0x4  startup_stm32h743xx.o [1]
  .text              ro code   0x801'21f4       0x4  startup_stm32h743xx.o [1]
  .text              ro code   0x801'21f8       0x4  startup_stm32h743xx.o [1]
  .text              ro code   0x801'21fc       0x4  startup_stm32h743xx.o [1]
  .text              ro code   0x801'2200       0x4  startup_stm32h743xx.o [1]
  .text              ro code   0x801'2204       0x4  startup_stm32h743xx.o [1]
  .text              ro code   0x801'2208       0x4  startup_stm32h743xx.o [1]
  .text              ro code   0x801'220c       0x4  startup_stm32h743xx.o [1]
  .text              ro code   0x801'2210       0x4  startup_stm32h743xx.o [1]
  .text              ro code   0x801'2214       0x4  startup_stm32h743xx.o [1]
  .text              ro code   0x801'2218       0x4  startup_stm32h743xx.o [1]
  .text              ro code   0x801'221c       0x4  startup_stm32h743xx.o [1]
  .text              ro code   0x801'2220       0x4  startup_stm32h743xx.o [1]
  .text              ro code   0x801'2224       0x4  startup_stm32h743xx.o [1]
  .text              ro code   0x801'2228       0x4  startup_stm32h743xx.o [1]
  .text              ro code   0x801'222c       0x4  startup_stm32h743xx.o [1]
  .text              ro code   0x801'2230       0x4  startup_stm32h743xx.o [1]
  .text              ro code   0x801'2234       0x4  startup_stm32h743xx.o [1]
  .text              ro code   0x801'2238       0x4  startup_stm32h743xx.o [1]
  .text              ro code   0x801'223c       0x4  startup_stm32h743xx.o [1]
  .text              ro code   0x801'2240       0x4  startup_stm32h743xx.o [1]
  .text              ro code   0x801'2244       0x4  startup_stm32h743xx.o [1]
  .text              ro code   0x801'2248       0x4  startup_stm32h743xx.o [1]
  .text              ro code   0x801'224c       0x4  startup_stm32h743xx.o [1]
  .text              ro code   0x801'2250       0x4  startup_stm32h743xx.o [1]
  .text              ro code   0x801'2254       0x4  startup_stm32h743xx.o [1]
  .text              ro code   0x801'2258       0x4  startup_stm32h743xx.o [1]
  .text              ro code   0x801'225c       0x4  startup_stm32h743xx.o [1]
  .text              ro code   0x801'2260       0x4  startup_stm32h743xx.o [1]
  .text              ro code   0x801'2264       0x4  startup_stm32h743xx.o [1]
  .text              ro code   0x801'2268       0x4  startup_stm32h743xx.o [1]
  .text              ro code   0x801'226c       0x4  startup_stm32h743xx.o [1]
  .text              ro code   0x801'2270       0x4  startup_stm32h743xx.o [1]
  .text              ro code   0x801'2274       0x4  startup_stm32h743xx.o [1]
  .text              ro code   0x801'2278       0x4  startup_stm32h743xx.o [1]
  .text              ro code   0x801'227c       0x4  startup_stm32h743xx.o [1]
  .text              ro code   0x801'2280       0x4  startup_stm32h743xx.o [1]
  .text              ro code   0x801'2284       0x4  startup_stm32h743xx.o [1]
  .text              ro code   0x801'2288       0x4  startup_stm32h743xx.o [1]
  .text              ro code   0x801'228c       0x4  startup_stm32h743xx.o [1]
  .text              ro code   0x801'2290       0x4  startup_stm32h743xx.o [1]
  .text              ro code   0x801'2294       0x4  startup_stm32h743xx.o [1]
  .text              ro code   0x801'2298       0x4  startup_stm32h743xx.o [1]
  .text              ro code   0x801'229c       0x4  startup_stm32h743xx.o [1]
  .text              ro code   0x801'22a0       0x4  startup_stm32h743xx.o [1]
  .text              ro code   0x801'22a4       0x4  startup_stm32h743xx.o [1]
  .text              ro code   0x801'22a8       0x4  startup_stm32h743xx.o [1]
  .text              ro code   0x801'22ac       0x4  startup_stm32h743xx.o [1]
  .text              ro code   0x801'22b0       0x4  startup_stm32h743xx.o [1]
  .text              ro code   0x801'22b4       0x4  startup_stm32h743xx.o [1]
  .text              ro code   0x801'22b8       0x4  startup_stm32h743xx.o [1]
  .text              ro code   0x801'22bc       0x4  startup_stm32h743xx.o [1]
  .text              ro code   0x801'22c0       0x4  startup_stm32h743xx.o [1]
  .text              ro code   0x801'22c4       0x4  startup_stm32h743xx.o [1]
  .text              ro code   0x801'22c8       0x4  startup_stm32h743xx.o [1]
  .text              ro code   0x801'22cc       0x4  startup_stm32h743xx.o [1]
  .text              ro code   0x801'22d0       0x4  startup_stm32h743xx.o [1]
  .text              ro code   0x801'22d4       0x4  startup_stm32h743xx.o [1]
  .text              ro code   0x801'22d8       0x4  startup_stm32h743xx.o [1]
  .text              ro code   0x801'22dc       0x4  startup_stm32h743xx.o [1]
  .text              ro code   0x801'22e0       0x4  startup_stm32h743xx.o [1]
  .text              ro code   0x801'22e4       0x4  startup_stm32h743xx.o [1]
  .text              ro code   0x801'22e8       0x4  startup_stm32h743xx.o [1]
  .text              ro code   0x801'22ec       0x4  startup_stm32h743xx.o [1]
  .text              ro code   0x801'22f0       0x4  startup_stm32h743xx.o [1]
  .text              ro code   0x801'22f4       0x4  startup_stm32h743xx.o [1]
  .text              ro code   0x801'22f8       0x4  startup_stm32h743xx.o [1]
  .text              ro code   0x801'22fc       0x4  startup_stm32h743xx.o [1]
  .text              ro code   0x801'2300       0x4  startup_stm32h743xx.o [1]
  .text              ro code   0x801'2304       0x4  startup_stm32h743xx.o [1]
  .text              ro code   0x801'2308       0x4  startup_stm32h743xx.o [1]
  .text              ro code   0x801'230c       0x4  startup_stm32h743xx.o [1]
  .text              ro code   0x801'2310       0x4  startup_stm32h743xx.o [1]
  .text              ro code   0x801'2314       0x4  startup_stm32h743xx.o [1]
  .text              ro code   0x801'2318       0x4  startup_stm32h743xx.o [1]
  .text              ro code   0x801'231c       0x4  startup_stm32h743xx.o [1]
  .text              ro code   0x801'2320       0x4  startup_stm32h743xx.o [1]
  .text              ro code   0x801'2324       0x4  startup_stm32h743xx.o [1]
  .text              ro code   0x801'2328       0x4  startup_stm32h743xx.o [1]
  .text              ro code   0x801'232c       0x4  startup_stm32h743xx.o [1]
  .text              ro code   0x801'2330       0x4  startup_stm32h743xx.o [1]
  .text              ro code   0x801'2334       0x4  startup_stm32h743xx.o [1]
  .text              ro code   0x801'2338       0x4  startup_stm32h743xx.o [1]
  .text              ro code   0x801'233c       0x4  startup_stm32h743xx.o [1]
  .text              ro code   0x801'2340       0x4  startup_stm32h743xx.o [1]
  .text              ro code   0x801'2344       0x4  startup_stm32h743xx.o [1]
  .text              ro code   0x801'2348       0x4  startup_stm32h743xx.o [1]
  .text              ro code   0x801'234c       0x4  startup_stm32h743xx.o [1]
  .text              ro code   0x801'2350       0x4  startup_stm32h743xx.o [1]
  .text              ro code   0x801'2354       0x4  startup_stm32h743xx.o [1]
  .text              ro code   0x801'2358       0x4  startup_stm32h743xx.o [1]
  .text              ro code   0x801'235c       0x4  startup_stm32h743xx.o [1]
  .text              ro code   0x801'2360       0x4  startup_stm32h743xx.o [1]
  .text              ro code   0x801'2364       0x4  startup_stm32h743xx.o [1]
  .text              ro code   0x801'2368       0x4  startup_stm32h743xx.o [1]
  .text              ro code   0x801'236c       0x4  startup_stm32h743xx.o [1]
  .text              ro code   0x801'2370       0x4  startup_stm32h743xx.o [1]
  .text              ro code   0x801'2374       0x4  startup_stm32h743xx.o [1]
  .text              ro code   0x801'2378       0x4  startup_stm32h743xx.o [1]
  .text              ro code   0x801'237c       0x4  startup_stm32h743xx.o [1]
  .text              ro code   0x801'2380       0x4  startup_stm32h743xx.o [1]
  .text              ro code   0x801'2384       0x4  startup_stm32h743xx.o [1]
  .text              ro code   0x801'2388       0x4  startup_stm32h743xx.o [1]
  .text              ro code   0x801'238c       0x4  startup_stm32h743xx.o [1]
  .text              ro code   0x801'2390       0x4  startup_stm32h743xx.o [1]
  .text              ro code   0x801'2394       0x4  startup_stm32h743xx.o [1]
  .text              ro code   0x801'2398       0x4  startup_stm32h743xx.o [1]
  .text              ro code   0x801'239c       0x4  startup_stm32h743xx.o [1]
  .text              ro code   0x801'23a0       0x4  startup_stm32h743xx.o [1]
  .text              ro code   0x801'23a4       0x4  startup_stm32h743xx.o [1]
  .text              ro code   0x801'23a8       0x4  startup_stm32h743xx.o [1]
  .text              ro code   0x801'23ac       0x4  startup_stm32h743xx.o [1]
  .text              ro code   0x801'23b0       0x4  startup_stm32h743xx.o [1]
  .text              ro code   0x801'23b4       0x4  startup_stm32h743xx.o [1]
  .text              ro code   0x801'23b8       0x4  startup_stm32h743xx.o [1]
  .text              ro code   0x801'23bc       0x4  startup_stm32h743xx.o [1]
  .text              ro code   0x801'23c0       0x4  startup_stm32h743xx.o [1]
  .text              ro code   0x801'23c4       0x4  startup_stm32h743xx.o [1]
  .text              ro code   0x801'23c8       0x4  startup_stm32h743xx.o [1]
  .text              ro code   0x801'23cc       0x4  startup_stm32h743xx.o [1]
  .text              ro code   0x801'23d0       0x4  startup_stm32h743xx.o [1]
  .text              ro code   0x801'23d4       0x4  startup_stm32h743xx.o [1]
  .text              ro code   0x801'23d8       0x4  startup_stm32h743xx.o [1]
  .text              ro code   0x801'23dc       0x4  startup_stm32h743xx.o [1]
  .text              ro code   0x801'23e0       0x4  startup_stm32h743xx.o [1]
  .text              ro code   0x801'23e4       0x4  startup_stm32h743xx.o [1]
  .text              ro code   0x801'23e8       0x4  startup_stm32h743xx.o [1]
  .text              ro code   0x801'23ec       0x4  startup_stm32h743xx.o [1]
  .text              ro code   0x801'23f0       0x4  startup_stm32h743xx.o [1]
  .text              ro code   0x801'23f4       0x4  startup_stm32h743xx.o [1]
  .text              ro code   0x801'23f8       0x4  startup_stm32h743xx.o [1]
  .text              ro code   0x801'23fc       0x4  startup_stm32h743xx.o [1]
  .text              ro code   0x801'2400       0x4  startup_stm32h743xx.o [1]
  .rodata            const     0x801'2404       0x0  zero_init3.o [11]
  .rodata            const     0x801'2404       0x0  lz77_init_single.o [11]
  Initializer bytes  const     0x801'2404     0x172  <for P2-1>
                             - 0x801'2576  0x1'22de

"P2", part 1 of 3:                            0x23a
  P2-1                        0x2400'0000     0x23a  <Init block>
    .data            inited   0x2400'0000       0xc  g_InterruptUpdate.o [4]
    .data            inited   0x2400'000c      0x18  g_InterruptUpdate.o [4]
    .data            inited   0x2400'0024      0x18  g_InterruptUpdate.o [4]
    .data            inited   0x2400'003c      0x84  g_InterruptUpdate.o [4]
    .data            inited   0x2400'00c0      0x54  g_InterruptUpdate.o [4]
    .data            inited   0x2400'0114       0x4  g_InterruptUpdate.o [4]
    .data            inited   0x2400'0118       0x4  g_InterruptUpdate.o [4]
    .data            inited   0x2400'011c       0x4  g_InterruptUpdate.o [4]
    .data            inited   0x2400'0120       0x4  g_InterruptUpdate.o [4]
    .data            inited   0x2400'0124       0x4  g_InterruptUpdate.o [4]
    .data            inited   0x2400'0128       0x4  peref.o [5]
    .data            inited   0x2400'012c       0x4  peref.o [5]
    .data            inited   0x2400'0130       0x4  peref.o [5]
    .data            inited   0x2400'0134      0x24  peref.o [5]
    .data            inited   0x2400'0158       0x4  peref.o [5]
    .data            inited   0x2400'015c      0x70  peref_display.o [5]
    .data            inited   0x2400'01cc      0x44  peref_display.o [5]
    .data            inited   0x2400'0210       0x4  stm32h7xx_hal.o [8]
    .data            inited   0x2400'0214      0x18  stm32h7xx_hal_hrtim.o [8]
    .data            inited   0x2400'022c       0x4  system_stm32h7xx.o [7]
    .data            inited   0x2400'0230       0x4  system_stm32h7xx.o [7]
    .data            inited   0x2400'0234       0x1  add_ValueConv.o [2]
    .data            inited   0x2400'0235       0x1  add_ValueConv.o [2]
    .data            inited   0x2400'0236       0x1  add_ValueConv.o [2]
    .data            inited   0x2400'0237       0x1  add_ValueConv.o [2]
    .data            inited   0x2400'0238       0x1  g_Core.o [3]
    .data            inited   0x2400'0239       0x1  stm32h7xx_hal.o [8]
                            - 0x2400'023a     0x23a

"P2", part 2 of 3:                           0x1944
  .bss               zero     0x2400'023c     0x620  g_Ram.o [4]
  .bss               zero     0x2400'085c     0x55c  peref.o [5]
  .bss               zero     0x2400'0db8     0x3b0  g_Core.o [3]
  .bss               zero     0x2400'1168     0x218  core_Menu.o [3]
  .bss               zero     0x2400'1380      0xdc  main.o [2]
  .bss               zero     0x2400'145c      0xc0  stat.o [6]
  .bss               zero     0x2400'151c      0x90  main.o [2]
  .bss               zero     0x2400'15ac      0x90  main.o [2]
  .bss               zero     0x2400'163c      0x90  main.o [2]
  .bss               zero     0x2400'16cc      0x90  main.o [2]
  .bss               zero     0x2400'175c      0x88  main.o [2]
  .bss               zero     0x2400'17e4      0x88  main.o [2]
  .bss               zero     0x2400'186c      0x78  main.o [2]
  .bss               zero     0x2400'18e4      0x78  main.o [2]
  .bss               zero     0x2400'195c      0x64  main.o [2]
  .bss               zero     0x2400'19c0      0x64  main.o [2]
  .bss               zero     0x2400'1a24      0x4c  main.o [2]
  .bss               zero     0x2400'1a70      0x4c  main.o [2]
  .bss               zero     0x2400'1abc      0x34  g_Core.o [3]
  .bss               zero     0x2400'1af0      0x24  main.o [2]
  .bss               zero     0x2400'1b14       0x4  core_Menu.o [3]
  .bss               zero     0x2400'1b18       0x4  core_Menu.o [3]
  .bss               zero     0x2400'1b1c       0x4  core_Menu.o [3]
  .bss               zero     0x2400'1b20       0x4  core_Menu.o [3]
  .bss               zero     0x2400'1b24       0x4  g_Core.o [3]
  .bss               zero     0x2400'1b28       0x4  g_InterruptUpdate.o [4]
  .bss               zero     0x2400'1b2c       0x4  g_InterruptUpdate.o [4]
  .bss               zero     0x2400'1b30       0x4  g_InterruptUpdate.o [4]
  .bss               zero     0x2400'1b34       0x4  g_InterruptUpdate.o [4]
  .bss               zero     0x2400'1b38       0x4  g_InterruptUpdate.o [4]
  .bss               zero     0x2400'1b3c       0x4  g_InterruptUpdate.o [4]
  .bss               zero     0x2400'1b40       0x4  g_InterruptUpdate.o [4]
  .bss               zero     0x2400'1b44       0x4  g_InterruptUpdate.o [4]
  .bss               zero     0x2400'1b48       0x4  peref.o [5]
  .bss               zero     0x2400'1b4c       0x4  peref.o [5]
  .bss               zero     0x2400'1b50       0x4  peref.o [5]
  .bss               zero     0x2400'1b54       0x4  peref.o [5]
  .bss               zero     0x2400'1b58       0x4  peref.o [5]
  .bss               zero     0x2400'1b5c       0x4  peref.o [5]
  .bss               zero     0x2400'1b60       0x4  peref.o [5]
  .bss               zero     0x2400'1b64       0x4  peref.o [5]
  .bss               zero     0x2400'1b68       0x4  peref.o [5]
  .bss               zero     0x2400'1b6c       0x4  peref.o [5]
  .bss               zero     0x2400'1b70       0x4  stm32h7xx_hal.o [8]
  .bss               zero     0x2400'1b74       0x4  stm32h7xx_it.o [2]
  .bss               zero     0x2400'1b78       0x2  peref.o [5]
  .bss               zero     0x2400'1b7a       0x2  peref.o [5]
  .bss               zero     0x2400'1b7c       0x2  peref.o [5]
  .bss               zero     0x2400'1b7e       0x1  peref.o [5]
                            - 0x2400'1b7f    0x1943

"P2", part 3 of 3:                           0x4000
  CSTACK                      0x2400'1b80    0x4000  <Block>
    CSTACK           uninit   0x2400'1b80    0x4000  <Block tail>
                            - 0x2400'5b80    0x4000

Unused ranges:

         From           To       Size
         ----           --       ----
   0x801'2576   0x81f'ffff  0x1e'da8a
  0x2400'023a  0x2400'023b        0x2
  0x2400'5b80  0x2407'ffff   0x7'a480


*******************************************************************************
*** INIT TABLE
***

          Address      Size
          -------      ----
Zero (__iar_zero_init3)
    1 destination range, total size 0x1943:
          0x2400'023c  0x1943

Copy/lz77 (__iar_lz77_init_single3)
    1 source range, total size 0x172 (64% of destination):
           0x801'2404   0x172
    1 destination range, total size 0x23a:
          0x2400'0000   0x23a



*******************************************************************************
*** MODULE SUMMARY
***

    Module                   ro code  ro data  rw data
    ------                   -------  -------  -------
command line/config:
    --------------------------------------------------
    Total:

C:\Projects\EBU-6\EBU6\EWARM\EBU6\Obj\Application\EWARM: [1]
    startup_stm32h743xx.o      1'216
    --------------------------------------------------
    Total:                     1'216

C:\Projects\EBU-6\EBU6\EWARM\EBU6\Obj\Application\User\Core: [2]
    add_ValueConv.o              446        2        4
    main.o                     3'924             1'696
    stm32h7xx_hal_msp.o        1'908
    stm32h7xx_it.o               136                 4
    --------------------------------------------------
    Total:                     6'414        2    1'704

C:\Projects\EBU-6\EBU6\EWARM\EBU6\Obj\Application\User\Core\Core: [3]
    core_Menu.o                6'128   18'292      552
    g_Core.o                     656        1    1'001
    --------------------------------------------------
    Total:                     6'784   18'293    1'553

C:\Projects\EBU-6\EBU6\EWARM\EBU6\Obj\Application\User\Core\Global: [4]
    g_InterruptUpdate.o          540      192      328
    g_Ram.o                      164             1'568
    --------------------------------------------------
    Total:                       704      192    1'896

C:\Projects\EBU-6\EBU6\EWARM\EBU6\Obj\Application\User\Core\Peref: [5]
    peref.o                    2'746       33    1'471
    peref_ApFilter1.o            116
    peref_Clock.o                 62
    peref_SensObserver.o         644
    peref_SinObserver.o          276
    peref_display.o              992      117      180
    --------------------------------------------------
    Total:                     4'836      150    1'651

C:\Projects\EBU-6\EBU6\EWARM\EBU6\Obj\Application\User\Core\Stat: [6]
    stat.o                        50               192
    stat_fm25v10.o               716
    --------------------------------------------------
    Total:                       766               192

C:\Projects\EBU-6\EBU6\EWARM\EBU6\Obj\Drivers\CMSIS: [7]
    system_stm32h7xx.o           288       22        8
    --------------------------------------------------
    Total:                       288       22        8

C:\Projects\EBU-6\EBU6\EWARM\EBU6\Obj\Drivers\STM32H7xx_HAL_Driver: [8]
    stm32h7xx_hal.o              276        4        9
    stm32h7xx_hal_adc.o        4'056
    stm32h7xx_hal_adc_ex.o       378
    stm32h7xx_hal_cortex.o       340
    stm32h7xx_hal_dma.o        6'700        8
    stm32h7xx_hal_gpio.o         676
    stm32h7xx_hal_hrtim.o      2'118       15       24
    stm32h7xx_hal_pwr.o           16
    stm32h7xx_hal_pwr_ex.o        88
    stm32h7xx_hal_rcc.o        3'056
    stm32h7xx_hal_rcc_ex.o     6'640
    stm32h7xx_hal_rtc.o        1'094
    stm32h7xx_hal_spi.o        3'170
    stm32h7xx_hal_tim.o        2'558
    stm32h7xx_hal_tim_ex.o       338
    stm32h7xx_hal_uart.o       2'124       24
    stm32h7xx_hal_uart_ex.o      368       16
    --------------------------------------------------
    Total:                    33'996       67       33

dl7M_tlf.a: [9]
    abs.o                          8
    exit.o                         4
    low_level_init.o               4
    --------------------------------------------------
    Total:                        16

m7M_tlv.a: [10]
    fpinit_M.o                    34
    sqrt.o                        30
    --------------------------------------------------
    Total:                        64

rt7M_tl.a: [11]
    ABImemcpy.o                  166
    ABImemset.o                  102
    I64DivMod.o                  560
    I64DivZer.o                    2
    cexit.o                       10
    cmain.o                       30
    cstartup_M.o                  28
    data_init.o                   40
    lz77_init_single.o           120
    strchr.o                      22
    strcmp.o                      18
    strcpy.o                      24
    strlen.o                      54
    zero_init3.o                  56
    --------------------------------------------------
    Total:                     1'232

shb_l.a: [12]
    exit.o                        20
    --------------------------------------------------
    Total:                        20

    Gaps                          28        4
    Linker created                         32   16'384
------------------------------------------------------
    Grand Total:              56'364   18'762   23'421


*******************************************************************************
*** ENTRY LIST
***

Entry                       Address    Size  Type      Object
-----                       -------    ----  ----      ------
.iar.init_table$$Base    0x801'2110           --   Gb  - Linker created -
.iar.init_table$$Limit   0x801'2130           --   Gb  - Linker created -
?main                    0x801'2131          Code  Gb  cmain.o [11]
ADC3_IRQHandler          0x801'1fd5     0xa  Code  Gb  stm32h7xx_it.o [2]
ADC_ConfigureBoostMode   0x800'c11d   0x154  Code  Gb  stm32h7xx_hal_adc.o [8]
ADC_DMAConvCplt          0x800'c069    0x88  Code  Gb  stm32h7xx_hal_adc.o [8]
ADC_DMAError             0x800'c0ff    0x1e  Code  Gb  stm32h7xx_hal_adc.o [8]
ADC_DMAHalfConvCplt      0x800'c0f1     0xe  Code  Gb  stm32h7xx_hal_adc.o [8]
ADC_Enable               0x800'bfa5    0xb6  Code  Gb  stm32h7xx_hal_adc.o [8]
ADC_IRQHandler           0x801'1fa1     0xa  Code  Gb  stm32h7xx_it.o [2]
ADT7301_Update           0x800'cbeb    0x5c  Code  Gb  peref.o [5]
BtnLevel                0x2400'0130     0x4  Data  Gb  peref.o [5]
BtnTout                 0x2400'012c     0x4  Data  Gb  peref.o [5]
BusFault_Handler         0x801'1f7b     0x2  Code  Gb  stm32h7xx_it.o [2]
ByteToStr                0x800'8e11    0x1e  Code  Gb  add_ValueConv.o [2]
CPU_led_timer           0x2400'1b74     0x4  Data  Gb  stm32h7xx_it.o [2]
CSTACK$$Base            0x2400'1b80           --   Gb  - Linker created -
CSTACK$$Limit           0x2400'5b80           --   Gb  - Linker created -
ChangeCoordinate         0x800'805d   0x194  Code  Lc  core_Menu.o [3]
CheckRange               0x800'8d41    0x22  Code  Gb  add_ValueConv.o [2]
Core_Init                0x800'c2ad    0x22  Code  Gb  g_Core.o [3]
Core_MENU_Display        0x800'785d    0x88  Code  Gb  core_Menu.o [3]
Core_MenuInit            0x800'74d1   0x336  Code  Gb  core_Menu.o [3]
Core_MenuReadDcr         0x800'88e9    0x6e  Code  Gb  core_Menu.o [3]
Core_MenuUpdate          0x800'7811    0x4c  Code  Gb  core_Menu.o [3]
Core_SetDeff             0x800'8a0f    0x9c  Code  Gb  core_Menu.o [3]
D1CorePrescTable         0x801'21ac    0x10  Data  Gb  system_stm32h7xx.o [7]
DELAY_US                 0x800'a269    0x22  Code  Gb  main.o [2]
DISPL_AddSymb            0x801'0215    0x36  Code  Gb  peref_display.o [5]
DISPL_Update             0x801'01e7    0x2e  Code  Gb  peref_display.o [5]
DISPL_init               0x801'016d    0x3e  Code  Gb  peref_display.o [5]
DMA1_Stream1_IRQHandler
                         0x801'1f8d     0xa  Code  Gb  stm32h7xx_it.o [2]
DMA1_Stream3_IRQHandler
                         0x801'1f97     0xa  Code  Gb  stm32h7xx_it.o [2]
DMA_CalcBaseAndBitshift
                         0x800'507d    0xd2  Code  Lc  stm32h7xx_hal_dma.o [8]
DMA_CalcBaseAndBitshift{1}{2}::flagBitshiftOffset
                         0x801'21d4     0x8  Data  Lc  stm32h7xx_hal_dma.o [8]
DMA_CalcDMAMUXChannelBaseAndMask
                         0x800'520b    0xac  Code  Lc  stm32h7xx_hal_dma.o [8]
DMA_CalcDMAMUXRequestGenBaseAndMask
                         0x800'52b7    0x80  Code  Lc  stm32h7xx_hal_dma.o [8]
DMA_CheckFifoParam       0x800'5171    0x9a  Code  Lc  stm32h7xx_hal_dma.o [8]
DMA_SetConfig            0x800'4e05   0x278  Code  Lc  stm32h7xx_hal_dma.o [8]
Data                    0x2400'0128     0x4  Data  Gb  peref.o [5]
DateSeparator           0x2400'0237     0x1  Data  Gb  add_ValueConv.o [2]
DateToStr                0x800'8e57    0x3c  Code  Gb  add_ValueConv.o [2]
DebugMon_Handler         0x801'1f81     0x2  Code  Gb  stm32h7xx_it.o [2]
DecToStr                 0x800'8d63    0xae  Code  Gb  add_ValueConv.o [2]
DefineBit                0x800'8389    0x5c  Code  Gb  core_Menu.o [3]
DisplayOff               0x801'0287    0x34  Code  Gb  peref_display.o [5]
DisplayOn                0x801'02bb    0xc4  Code  Gb  peref_display.o [5]
DisplayPutText           0x801'037f    0x60  Code  Gb  peref_display.o [5]
DisplayRestart           0x801'024b    0x3c  Code  Gb  peref_display.o [5]
DisplayStart             0x801'04d5    0x54  Code  Gb  peref_display.o [5]
EditBin                  0x800'803f    0x1e  Code  Gb  core_Menu.o [3]
EditDate                 0x800'7eed   0x152  Code  Gb  core_Menu.o [3]
EditDec                  0x800'7bb9   0x186  Code  Gb  core_Menu.o [3]
EditParam                0x800'7abb    0xfe  Code  Gb  core_Menu.o [3]
EditStr                  0x800'7d3f    0xe0  Code  Gb  core_Menu.o [3]
EditTime                 0x800'7e1f    0xce  Code  Gb  core_Menu.o [3]
Eeprom1                 0x2400'1abc    0x34  Data  Gb  g_Core.o [3]
EnableEdit               0x800'89db    0x34  Code  Gb  core_Menu.o [3]
EncodeData               0x801'04b9    0x1c  Code  Gb  peref_display.o [5]
Error_Handler            0x800'a339     0x4  Code  Gb  main.o [2]
FM25V10_Init             0x800'911d    0x3e  Code  Gb  stat_fm25v10.o [6]
FM25V10_ReadByte         0x800'92c9    0x56  Code  Gb  stat_fm25v10.o [6]
FM25V10_ReadSN           0x800'939b    0x42  Code  Gb  stat_fm25v10.o [6]
FM25V10_ReadStatus       0x800'9289    0x40  Code  Gb  stat_fm25v10.o [6]
FM25V10_Update           0x800'915b   0x12e  Code  Gb  stat_fm25v10.o [6]
FM25V10_WriteByte        0x800'931f    0x4e  Code  Gb  stat_fm25v10.o [6]
FM25V10_WriteEnable      0x800'936d    0x2e  Code  Gb  stat_fm25v10.o [6]
FloatPositive           0x2400'0235     0x1  Data  Gb  add_ValueConv.o [2]
FloatSeparator          0x2400'0234     0x1  Data  Gb  add_ValueConv.o [2]
HAL_ADCEx_EndOfSamplingCallback
                         0x801'0159     0x2  Code  Wk  stm32h7xx_hal_adc_ex.o [8]
HAL_ADCEx_InjectedConvCpltCallback
                         0x801'015d     0x2  Code  Wk  stm32h7xx_hal_adc_ex.o [8]
HAL_ADCEx_InjectedQueueOverflowCallback
                         0x801'0167     0x2  Code  Wk  stm32h7xx_hal_adc_ex.o [8]
HAL_ADCEx_LevelOutOfWindow2Callback
                         0x801'0161     0x2  Code  Wk  stm32h7xx_hal_adc_ex.o [8]
HAL_ADCEx_LevelOutOfWindow3Callback
                         0x801'0163     0x2  Code  Wk  stm32h7xx_hal_adc_ex.o [8]
HAL_ADCEx_MultiModeConfigChannel
                         0x800'e937   0x142  Code  Gb  stm32h7xx_hal_adc_ex.o [8]
HAL_ADC_ConfigChannel    0x800'bb41   0x448  Code  Gb  stm32h7xx_hal_adc.o [8]
HAL_ADC_IRQHandler       0x800'b839   0x304  Code  Gb  stm32h7xx_hal_adc.o [8]
HAL_ADC_Init             0x800'b47b   0x274  Code  Gb  stm32h7xx_hal_adc.o [8]
HAL_ADC_MspInit          0x800'eacb   0x1c4  Code  Gb  stm32h7xx_hal_msp.o [2]
HAL_ADC_Start_DMA        0x800'b6fd   0x112  Code  Gb  stm32h7xx_hal_adc.o [8]
HAL_DMA_IRQHandler       0x800'4365   0xa5c  Code  Gb  stm32h7xx_hal_dma.o [8]
HAL_DMA_Init             0x800'3995   0x526  Code  Gb  stm32h7xx_hal_dma.o [8]
HAL_DMA_Start_IT         0x800'3f25   0x3de  Code  Gb  stm32h7xx_hal_dma.o [8]
HAL_GPIO_Init            0x800'a33d   0x220  Code  Gb  stm32h7xx_hal_gpio.o [8]
HAL_GPIO_ReadPin         0x800'a55d    0x16  Code  Gb  stm32h7xx_hal_gpio.o [8]
HAL_GPIO_TogglePin       0x800'a58d    0x1a  Code  Gb  stm32h7xx_hal_gpio.o [8]
HAL_GPIO_WritePin        0x800'a573    0x1a  Code  Gb  stm32h7xx_hal_gpio.o [8]
HAL_GetREVID             0x800'b29b     0xa  Code  Gb  stm32h7xx_hal.o [8]
HAL_GetTick              0x800'53c1     0xc  Code  Wk  stm32h7xx_hal.o [8]
HAL_HRTIM_DeadTimeConfig
                         0x800'dd55    0xa8  Code  Gb  stm32h7xx_hal_hrtim.o [8]
HAL_HRTIM_Init           0x800'd9ed   0x10a  Code  Gb  stm32h7xx_hal_hrtim.o [8]
HAL_HRTIM_MspInit        0x800'ec8f    0x4e  Code  Gb  stm32h7xx_hal_msp.o [2]
HAL_HRTIM_MspPostInit    0x800'ecdd    0x88  Code  Gb  stm32h7xx_hal_msp.o [2]
HAL_HRTIM_SimpleBaseStart
                         0x800'db33    0x3c  Code  Gb  stm32h7xx_hal_hrtim.o [8]
HAL_HRTIM_SimplePWMStart
                         0x800'db7d    0x4e  Code  Gb  stm32h7xx_hal_hrtim.o [8]
HAL_HRTIM_SimplePWMStop
                         0x800'dbcb    0xf4  Code  Gb  stm32h7xx_hal_hrtim.o [8]
HAL_HRTIM_TimeBaseConfig
                         0x800'daf7    0x3c  Code  Gb  stm32h7xx_hal_hrtim.o [8]
HAL_HRTIM_WaveformOutputConfig
                         0x800'ddfd    0x4a  Code  Gb  stm32h7xx_hal_hrtim.o [8]
HAL_HRTIM_WaveformTimerConfig
                         0x800'dcc5    0x90  Code  Gb  stm32h7xx_hal_hrtim.o [8]
HAL_IncTick              0x801'1ffd    0x18  Code  Wk  stm32h7xx_hal.o [8]
HAL_Init                 0x800'b245    0x56  Code  Gb  stm32h7xx_hal.o [8]
HAL_InitTick             0x800'7325    0x58  Code  Wk  stm32h7xx_hal.o [8]
HAL_MspInit              0x800'ea95    0x36  Code  Gb  stm32h7xx_hal_msp.o [2]
HAL_NVIC_EnableIRQ       0x800'7497     0xe  Code  Gb  stm32h7xx_hal_cortex.o [8]
HAL_NVIC_SetPriority     0x800'7473    0x24  Code  Gb  stm32h7xx_hal_cortex.o [8]
HAL_NVIC_SetPriorityGrouping
                         0x800'7467     0xc  Code  Gb  stm32h7xx_hal_cortex.o [8]
HAL_PWREx_ConfigSupply   0x800'e235    0x50  Code  Gb  stm32h7xx_hal_pwr_ex.o [8]
HAL_PWR_EnableBkUpAccess
                         0x800'e28d     0xc  Code  Gb  stm32h7xx_hal_pwr.o [8]
HAL_RCCEx_GetD3PCLK1Freq
                         0x800'6495    0x1e  Code  Gb  stm32h7xx_hal_rcc_ex.o [8]
HAL_RCCEx_GetPLL1ClockFreq
                         0x800'6925   0x21c  Code  Gb  stm32h7xx_hal_rcc_ex.o [8]
HAL_RCCEx_GetPLL2ClockFreq
                         0x800'64b5   0x218  Code  Gb  stm32h7xx_hal_rcc_ex.o [8]
HAL_RCCEx_GetPLL3ClockFreq
                         0x800'66e9   0x218  Code  Gb  stm32h7xx_hal_rcc_ex.o [8]
HAL_RCCEx_GetPeriphCLKFreq
                         0x800'5e59   0x63c  Code  Gb  stm32h7xx_hal_rcc_ex.o [8]
HAL_RCCEx_PeriphCLKConfig
                         0x800'53cd   0xa66  Code  Gb  stm32h7xx_hal_rcc_ex.o [8]
HAL_RCC_ClockConfig      0x800'6dbd   0x290  Code  Gb  stm32h7xx_hal_rcc.o [8]
HAL_RCC_GetHCLKFreq      0x800'7265    0x36  Code  Gb  stm32h7xx_hal_rcc.o [8]
HAL_RCC_GetPCLK1Freq     0x800'729b    0x1a  Code  Gb  stm32h7xx_hal_rcc.o [8]
HAL_RCC_GetPCLK2Freq     0x800'72b5    0x1a  Code  Gb  stm32h7xx_hal_rcc.o [8]
HAL_RCC_GetSysClockFreq
                         0x800'704d   0x218  Code  Gb  stm32h7xx_hal_rcc.o [8]
HAL_RCC_OscConfig        0x800'e29d   0x688  Code  Wk  stm32h7xx_hal_rcc.o [8]
HAL_RTC_GetDate          0x800'f4e5    0x52  Code  Gb  stm32h7xx_hal_rtc.o [8]
HAL_RTC_GetTime          0x800'f3b3    0x66  Code  Gb  stm32h7xx_hal_rtc.o [8]
HAL_RTC_Init             0x800'f209    0xb4  Code  Gb  stm32h7xx_hal_rtc.o [8]
HAL_RTC_MspInit          0x800'ed65    0x46  Code  Gb  stm32h7xx_hal_msp.o [2]
HAL_RTC_SetDate          0x800'f419    0xcc  Code  Gb  stm32h7xx_hal_rtc.o [8]
HAL_RTC_SetTime          0x800'f2bd    0xf6  Code  Gb  stm32h7xx_hal_rtc.o [8]
HAL_RTC_WaitForSynchro   0x800'f537    0x34  Code  Gb  stm32h7xx_hal_rtc.o [8]
HAL_SPI_Init             0x800'a5e1   0x176  Code  Gb  stm32h7xx_hal_spi.o [8]
HAL_SPI_MspInit          0x800'edab   0x130  Code  Gb  stm32h7xx_hal_msp.o [2]
HAL_SPI_Receive          0x800'aa0d   0x2bc  Code  Gb  stm32h7xx_hal_spi.o [8]
HAL_SPI_Transmit         0x800'a757   0x2b6  Code  Gb  stm32h7xx_hal_spi.o [8]
HAL_SPI_TransmitReceive
                         0x800'acc9   0x43e  Code  Gb  stm32h7xx_hal_spi.o [8]
HAL_SYSCFG_DisableVREFBUF
                         0x800'b2b5     0xe  Code  Gb  stm32h7xx_hal.o [8]
HAL_SYSCFG_VREFBUF_HighImpedanceConfig
                         0x800'b2a5    0x10  Code  Gb  stm32h7xx_hal.o [8]
HAL_SYSTICK_Config       0x800'74a5     0xc  Code  Gb  stm32h7xx_hal_cortex.o [8]
HAL_TIMEx_Break2Callback
                         0x801'096d     0x2  Code  Wk  stm32h7xx_hal_tim_ex.o [8]
HAL_TIMEx_BreakCallback
                         0x801'096b     0x2  Code  Wk  stm32h7xx_hal_tim_ex.o [8]
HAL_TIMEx_CommutCallback
                         0x801'0971     0x2  Code  Wk  stm32h7xx_hal_tim_ex.o [8]
HAL_TIMEx_ConfigBreakDeadTime
                         0x800'f6ed    0x94  Code  Gb  stm32h7xx_hal_tim_ex.o [8]
HAL_TIMEx_MasterConfigSynchronization
                         0x800'f651    0x9c  Code  Gb  stm32h7xx_hal_tim_ex.o [8]
HAL_TIM_Base_Init        0x800'cff9    0x7a  Code  Gb  stm32h7xx_hal_tim.o [8]
HAL_TIM_Base_MspInit     0x800'eedb    0x56  Code  Gb  stm32h7xx_hal_msp.o [2]
HAL_TIM_Base_Start_IT    0x800'd073    0x98  Code  Gb  stm32h7xx_hal_tim.o [8]
HAL_TIM_ConfigClockSource
                         0x800'd491   0x112  Code  Gb  stm32h7xx_hal_tim.o [8]
HAL_TIM_IRQHandler       0x800'd1a3   0x194  Code  Gb  stm32h7xx_hal_tim.o [8]
HAL_TIM_MspPostInit      0x800'ef31    0x52  Code  Gb  stm32h7xx_hal_msp.o [2]
HAL_TIM_PWM_ConfigChannel
                         0x800'd337   0x15a  Code  Gb  stm32h7xx_hal_tim.o [8]
HAL_TIM_PWM_Init         0x800'd129    0x7a  Code  Gb  stm32h7xx_hal_tim.o [8]
HAL_UARTEx_DisableFifoMode
                         0x800'ffe9    0x46  Code  Gb  stm32h7xx_hal_uart_ex.o [8]
HAL_UARTEx_SetRxFifoThreshold
                         0x801'0085    0x56  Code  Gb  stm32h7xx_hal_uart_ex.o [8]
HAL_UARTEx_SetTxFifoThreshold
                         0x801'002f    0x56  Code  Gb  stm32h7xx_hal_uart_ex.o [8]
HAL_UART_Init            0x800'f79d    0x7e  Code  Gb  stm32h7xx_hal_uart.o [8]
HAL_UART_MspInit         0x800'ef83   0x214  Code  Gb  stm32h7xx_hal_msp.o [2]
HRTIM_ForceRegistersUpdate
                         0x800'e1b1    0x82  Code  Lc  stm32h7xx_hal_hrtim.o [8]
HRTIM_MasterBase_Config
                         0x800'de51    0x2a  Code  Lc  stm32h7xx_hal_hrtim.o [8]
HRTIM_MasterWaveform_Config
                         0x800'decd    0x5c  Code  Lc  stm32h7xx_hal_hrtim.o [8]
HRTIM_OutputConfig       0x800'e0c1    0xf0  Code  Lc  stm32h7xx_hal_hrtim.o [8]
HRTIM_TimingUnitBase_Config
                         0x800'de7b    0x52  Code  Lc  stm32h7xx_hal_hrtim.o [8]
HRTIM_TimingUnitWaveform_Config
                         0x800'df29   0x198  Code  Lc  stm32h7xx_hal_hrtim.o [8]
HardFault_Handler        0x801'1f77     0x2  Code  Gb  stm32h7xx_it.o [2]
Icons                   0x2400'0134    0x24  Data  Gb  peref.o [5]
InterruptUpdate          0x801'1b99   0x21c  Code  Gb  g_InterruptUpdate.o [4]
LL_ADC_DisableDeepPowerDown
                         0x800'b40f     0xc  Code  Lc  stm32h7xx_hal_adc.o [8]
LL_ADC_Enable            0x800'b43f    0x10  Code  Lc  stm32h7xx_hal_adc.o [8]
LL_ADC_EnableInternalRegulator
                         0x800'b425    0x10  Code  Lc  stm32h7xx_hal_adc.o [8]
LL_ADC_GetCommonPathInternalCh
                         0x800'b2f5     0x8  Code  Lc  stm32h7xx_hal_adc.o [8]
LL_ADC_GetMultiDMATransfer
                         0x800'b407     0x8  Code  Lc  stm32h7xx_hal_adc.o [8]
LL_ADC_GetMultimode      0x800'b3ff     0x8  Code  Lc  stm32h7xx_hal_adc.o [8]
LL_ADC_INJ_IsConversionOngoing
                         0x800'b471     0xa  Code  Lc  stm32h7xx_hal_adc.o [8]
LL_ADC_INJ_IsTriggerSourceSWStart
                         0x800'b395    0x10  Code  Lc  stm32h7xx_hal_adc.o [8]
LL_ADC_IsDeepPowerDownEnabled
                         0x800'b41b     0xa  Code  Lc  stm32h7xx_hal_adc.o [8]
LL_ADC_IsEnabled         0x800'b44f     0x8  Code  Lc  stm32h7xx_hal_adc.o [8]
LL_ADC_IsEnabled         0x800'e925     0x8  Code  Lc  stm32h7xx_hal_adc_ex.o [8]
LL_ADC_IsInternalRegulatorEnabled
                         0x800'b435     0xa  Code  Lc  stm32h7xx_hal_adc.o [8]
LL_ADC_REG_IsConversionOngoing
                         0x800'b467     0xa  Code  Lc  stm32h7xx_hal_adc.o [8]
LL_ADC_REG_IsConversionOngoing
                         0x800'e92d     0xa  Code  Lc  stm32h7xx_hal_adc_ex.o [8]
LL_ADC_REG_IsTriggerSourceSWStart
                         0x800'b34b    0x10  Code  Lc  stm32h7xx_hal_adc.o [8]
LL_ADC_REG_SetDataTransferMode
                         0x800'b389     0xc  Code  Lc  stm32h7xx_hal_adc.o [8]
LL_ADC_REG_SetSequencerRanks
                         0x800'b35b    0x2e  Code  Lc  stm32h7xx_hal_adc.o [8]
LL_ADC_REG_StartConversion
                         0x800'b457    0x10  Code  Lc  stm32h7xx_hal_adc.o [8]
LL_ADC_SetChannelSamplingTime
                         0x800'b3a5    0x34  Code  Lc  stm32h7xx_hal_adc.o [8]
LL_ADC_SetChannelSingleDiff
                         0x800'b3d9    0x26  Code  Lc  stm32h7xx_hal_adc.o [8]
LL_ADC_SetCommonClock    0x800'b2dd     0xc  Code  Lc  stm32h7xx_hal_adc.o [8]
LL_ADC_SetCommonPathInternalCh
                         0x800'b2e9     0xc  Code  Lc  stm32h7xx_hal_adc.o [8]
LL_ADC_SetDataRightShift
                         0x800'b31b    0x18  Code  Lc  stm32h7xx_hal_adc.o [8]
LL_ADC_SetOffset         0x800'b2fd    0x1e  Code  Lc  stm32h7xx_hal_adc.o [8]
LL_ADC_SetOffsetSignedSaturation
                         0x800'b333    0x18  Code  Lc  stm32h7xx_hal_adc.o [8]
LogInputCalc             0x800'cc47   0x12c  Code  Gb  peref.o [5]
MCP23S17_init            0x800'cfc9    0x14  Code  Gb  peref.o [5]
MCP23S17_read            0x800'ceff    0x4c  Code  Gb  peref.o [5]
MCP23S17_update          0x800'cfdd    0x1a  Code  Gb  peref.o [5]
MCP23S17_write           0x800'cec7    0x38  Code  Gb  peref.o [5]
MX_ADC1_Init             0x800'96b5   0x142  Code  Lc  main.o [2]
MX_ADC3_Init             0x800'97f7    0xe8  Code  Lc  main.o [2]
MX_DMA_Init              0x800'9fdd    0x38  Code  Lc  main.o [2]
MX_GPIO_Init             0x800'a031   0x22a  Code  Lc  main.o [2]
MX_HRTIM_Init            0x800'98df   0x278  Code  Lc  main.o [2]
MX_RTC_Init              0x800'9b57    0x36  Code  Lc  main.o [2]
MX_SPI1_Init             0x800'9b8d    0x76  Code  Lc  main.o [2]
MX_SPI6_Init             0x800'9c03    0x76  Code  Lc  main.o [2]
MX_TIM1_Init             0x800'9c79   0x118  Code  Lc  main.o [2]
MX_TIM2_Init             0x800'9d91    0x7c  Code  Lc  main.o [2]
MX_UART4_Init            0x800'9e0d    0x74  Code  Lc  main.o [2]
MX_UART5_Init            0x800'9e81    0x74  Code  Lc  main.o [2]
MX_UART8_Init            0x800'9ef5    0x74  Code  Lc  main.o [2]
MX_USART3_UART_Init      0x800'9f69    0x74  Code  Lc  main.o [2]
MemManage_Handler        0x801'1f79     0x2  Code  Gb  stm32h7xx_it.o [2]
NMI_Handler              0x801'1f75     0x2  Code  Gb  stm32h7xx_it.o [2]
NVIC_EncodePriority      0x800'73f7    0x40  Code  Lc  stm32h7xx_hal_cortex.o [8]
PFUNC_blkRead            0x800'8edd    0x1e  Code  Gb  add_ValueConv.o [2]
PFUNC_wordRead           0x800'8efb     0x4  Code  Gb  add_ValueConv.o [2]
PendSV_Handler           0x801'1f83     0x2  Code  Gb  stm32h7xx_it.o [2]
Peref_PhaseOrderUpdate   0x801'08f9    0x60  Code  Gb  peref_SinObserver.o [5]
Peref_SensObserverInit   0x801'05c1    0x6a  Code  Gb  peref_SensObserver.o [5]
Peref_SensObserverUpdate
                         0x801'062d   0x208  Code  Gb  peref_SensObserver.o [5]
Peref_SinObserverInitFloat
                         0x801'0845    0x10  Code  Gb  peref_SinObserver.o [5]
Peref_SinObserverUpdateFloat
                         0x801'0855    0xa0  Code  Gb  peref_SinObserver.o [5]
PeriphCommonClock_Config
                         0x800'9667    0x4e  Code  Gb  main.o [2]
PutChar                  0x801'01c9    0x1e  Code  Gb  peref_display.o [5]
PutComm                  0x801'01ab    0x1e  Code  Gb  peref_display.o [5]
PutData                  0x801'045b    0x5e  Code  Lc  peref_display.o [5]
RCCEx_PLL2_Config        0x800'6b55   0x11c  Code  Lc  stm32h7xx_hal_rcc_ex.o [8]
RCCEx_PLL3_Config        0x800'6c71   0x11c  Code  Lc  stm32h7xx_hal_rcc_ex.o [8]
RTC_Bcd2ToByte           0x800'f639    0x16  Code  Gb  stm32h7xx_hal_rtc.o [8]
RTC_ByteToBcd2           0x800'f61d    0x1c  Code  Gb  stm32h7xx_hal_rtc.o [8]
RTC_DefMaxDay            0x800'8f4b    0x3e  Code  Gb  peref_Clock.o [5]
RTC_EnterInitMode        0x800'f56b    0x44  Code  Gb  stm32h7xx_hal_rtc.o [8]
RTC_ExitInitMode         0x800'f5af    0x58  Code  Gb  stm32h7xx_hal_rtc.o [8]
ReWriteParams            0x800'9119     0x2  Code  Gb  g_Ram.o [4]
ReadDcrFull              0x800'88ab    0x3e  Code  Lc  core_Menu.o [3]
ReadWriteAllParams       0x800'8bb3    0x98  Code  Gb  core_Menu.o [3]
ReadWriteEeprom          0x800'904b    0x2e  Code  Gb  stat.o [6]
RefreshParams            0x800'911b     0x2  Code  Gb  g_Ram.o [4]
Region$$Table$$Base      0x801'2110           --   Gb  - Linker created -
Region$$Table$$Limit     0x801'2130           --   Gb  - Linker created -
RtcControl               0x800'cd73   0x11e  Code  Gb  peref.o [5]
RtcControl::PrevDate    0x2400'1b6c     0x4  Data  Lc  peref.o [5]
RtcControl::PrevTime    0x2400'1b68     0x4  Data  Lc  peref.o [5]
RtcStart                0x2400'1b7e     0x1  Data  Gb  peref.o [5]
RtcUpdateFlag           0x2400'1b48     0x4  Data  Gb  peref.o [5]
SPI_CloseTransfer        0x800'b115    0xce  Code  Lc  stm32h7xx_hal_spi.o [8]
SPI_GetPacketSize        0x800'b22d    0x16  Code  Lc  stm32h7xx_hal_spi.o [8]
SPI_WaitOnFlagUntilTimeout
                         0x800'b1e9    0x44  Code  Lc  stm32h7xx_hal_spi.o [8]
SVC_Handler              0x801'1f7f     0x2  Code  Gb  stm32h7xx_it.o [2]
SelectGroup              0x800'797d    0xe0  Code  Gb  core_Menu.o [3]
SelectParam              0x800'7a5d    0x5e  Code  Gb  core_Menu.o [3]
SendData                 0x801'03df    0x7c  Code  Lc  peref_display.o [5]
SetDefaultValues         0x800'8aab   0x108  Code  Gb  core_Menu.o [3]
SetDefaultValues::DefAddr
                        0x2400'1b1c     0x4  Data  Lc  core_Menu.o [3]
SetModBusParams          0x800'8c4b    0x4c  Code  Gb  core_Menu.o [3]
ShowGroup                0x800'8233   0x138  Code  Lc  core_Menu.o [3]
ShowParam                0x800'879d    0x38  Code  Lc  core_Menu.o [3]
ShowStart                0x800'81f1    0x42  Code  Gb  core_Menu.o [3]
ShowValue                0x800'83e5   0x3b8  Code  Lc  core_Menu.o [3]
SleepMode                0x800'78e5    0x5a  Code  Gb  core_Menu.o [3]
StartDispl               0x800'87d5    0x3c  Code  Gb  core_Menu.o [3]
StartState               0x800'793f    0x3e  Code  Gb  core_Menu.o [3]
Stat_Init                0x800'9047     0x4  Code  Gb  stat.o [6]
StrToDec                 0x800'8e93    0x3a  Code  Gb  add_ValueConv.o [2]
Symbols                 0x2400'015c    0x70  Data  Lc  peref_display.o [5]
SysTick_Config           0x800'7437    0x30  Code  Lc  stm32h7xx_hal_cortex.o [8]
SysTick_Handler          0x801'1f85     0x8  Code  Gb  stm32h7xx_it.o [2]
SystemClock_Config       0x800'9575    0xf2  Code  Gb  main.o [2]
SystemCoreClock         0x2400'022c     0x4  Data  Gb  system_stm32h7xx.o [7]
SystemD2Clock           0x2400'0230     0x4  Data  Gb  system_stm32h7xx.o [7]
SystemInit               0x801'1db5    0xbe  Code  Gb  system_stm32h7xx.o [7]
TIM2_IRQHandler          0x801'1fab    0x2a  Code  Gb  stm32h7xx_it.o [2]
TIM_Base_SetConfig       0x800'd5a5    0xc6  Code  Gb  stm32h7xx_hal_tim.o [8]
TIM_ETR_SetConfig        0x800'd9d5    0x16  Code  Gb  stm32h7xx_hal_tim.o [8]
TIM_ITRx_SetConfig       0x800'd98b    0x10  Code  Lc  stm32h7xx_hal_tim.o [8]
TIM_OC1_SetConfig        0x800'd66b    0x9c  Code  Lc  stm32h7xx_hal_tim.o [8]
TIM_OC2_SetConfig        0x800'd707    0x8e  Code  Gb  stm32h7xx_hal_tim.o [8]
TIM_OC3_SetConfig        0x800'd797    0x8a  Code  Lc  stm32h7xx_hal_tim.o [8]
TIM_OC4_SetConfig        0x800'd821    0x68  Code  Lc  stm32h7xx_hal_tim.o [8]
TIM_OC5_SetConfig        0x800'd889    0x58  Code  Lc  stm32h7xx_hal_tim.o [8]
TIM_OC6_SetConfig        0x800'd8e1    0x5a  Code  Lc  stm32h7xx_hal_tim.o [8]
TIM_TI1_ConfigInputStage
                         0x800'd941    0x24  Code  Lc  stm32h7xx_hal_tim.o [8]
TIM_TI2_ConfigInputStage
                         0x800'd965    0x26  Code  Lc  stm32h7xx_hal_tim.o [8]
Task10Hz                0x2400'00c0    0x54  Data  Gb  g_InterruptUpdate.o [4]
Task18kHz               0x2400'0000     0xc  Data  Gb  g_InterruptUpdate.o [4]
Task200Hz               0x2400'0024    0x18  Data  Gb  g_InterruptUpdate.o [4]
Task2kHz                0x2400'000c    0x18  Data  Gb  g_InterruptUpdate.o [4]
Task50Hz                0x2400'003c    0x84  Data  Gb  g_InterruptUpdate.o [4]
TimeSeparator           0x2400'0236     0x1  Data  Gb  add_ValueConv.o [2]
TimeToStr                0x800'8e2f    0x28  Code  Gb  add_ValueConv.o [2]
TimerIdxToTimerId       0x2400'0214    0x18  Data  Lc  stm32h7xx_hal_hrtim.o [8]
TirTimer                0x2400'0158     0x4  Data  Gb  peref.o [5]
UARTEx_SetNbDataToProcess
                         0x801'00db    0x76  Code  Lc  stm32h7xx_hal_uart_ex.o [8]
UARTEx_SetNbDataToProcess::denominator
                         0x801'21e4     0x8  Data  Lc  stm32h7xx_hal_uart_ex.o [8]
UARTEx_SetNbDataToProcess::numerator
                         0x801'21dc     0x8  Data  Lc  stm32h7xx_hal_uart_ex.o [8]
UARTPrescTable           0x801'2194    0x18  Data  Gb  stm32h7xx_hal_uart.o [8]
UART_AdvFeatureConfig    0x800'fd9f    0xda  Code  Gb  stm32h7xx_hal_uart.o [8]
UART_CheckIdleState      0x800'fe79    0x72  Code  Gb  stm32h7xx_hal_uart.o [8]
UART_SetConfig           0x800'f81b   0x582  Code  Gb  stm32h7xx_hal_uart.o [8]
UART_WaitOnFlagUntilTimeout
                         0x800'feeb    0xba  Code  Gb  stm32h7xx_hal_uart.o [8]
UpdateCode               0x800'8811    0x9a  Code  Gb  core_Menu.o [3]
UsageFault_Handler       0x801'1f7d     0x2  Code  Gb  stm32h7xx_it.o [2]
WINSTAR_RusTable        0x2400'01cc    0x44  Data  Lc  peref_display.o [5]
WriteValue               0x800'8957    0x84  Code  Gb  core_Menu.o [3]
__NVIC_EnableIRQ         0x800'73ad    0x1e  Code  Lc  stm32h7xx_hal_cortex.o [8]
__NVIC_GetPriorityGrouping
                         0x800'739f     0xc  Code  Lc  stm32h7xx_hal_cortex.o [8]
__NVIC_SetPriority       0x800'73cb    0x2c  Code  Lc  stm32h7xx_hal_cortex.o [8]
__NVIC_SetPriorityGrouping
                         0x800'737d    0x22  Code  Lc  stm32h7xx_hal_cortex.o [8]
__aeabi_ldiv0            0x801'0bc5          Code  Gb  I64DivZer.o [11]
__aeabi_memcpy           0x800'8fa1          Code  Gb  ABImemcpy.o [11]
__aeabi_memcpy4          0x800'8fc1          Code  Gb  ABImemcpy.o [11]
__aeabi_memcpy8          0x800'8fc1          Code  Gb  ABImemcpy.o [11]
__aeabi_memset           0x800'8cd9          Code  Gb  ABImemset.o [11]
__aeabi_uldivmod         0x801'0975          Code  Gb  I64DivMod.o [11]
__cmain                  0x801'2131          Code  Gb  cmain.o [11]
__exit                   0x801'2165    0x14  Code  Gb  exit.o [12]
__iar_Memset             0x800'8cd9          Code  Gb  ABImemset.o [11]
__iar_Memset_word        0x800'8ce1          Code  Gb  ABImemset.o [11]
__iar_Strchr             0x800'8f89          Code  Gb  strchr.o [11]
__iar_data_init3         0x801'20c5    0x28  Code  Gb  data_init.o [11]
__iar_init_vfp           0x801'20ed          Code  Gb  fpinit_M.o [10]
__iar_lz77_init_single3
                         0x801'2015    0x78  Code  Gb  lz77_init_single.o [11]
__iar_program_start      0x801'2179          Code  Gb  cstartup_M.o [11]
__iar_sqrt64             0x801'0ba5          Code  Gb  sqrt.o [10]
__iar_zero_init3         0x801'208d    0x38  Code  Gb  zero_init3.o [11]
__low_level_init         0x801'214f     0x4  Code  Gb  low_level_init.o [9]
__vector_table           0x800'0000          Data  Gb  startup_stm32h743xx.o [1]
_call_main               0x801'213d          Code  Gb  cmain.o [11]
_exit                    0x801'2159          Code  Gb  cexit.o [11]
a                       0x2400'1b18     0x4  Data  Gb  core_Menu.o [3]
abs                      0x801'0959     0x8  Code  Wk  abs.o [9]
addr                    0x2400'1b7a     0x2  Data  Gb  peref.o [5]
addrtmp                 0x2400'1b20     0x4  Data  Gb  core_Menu.o [3]
addrtmp2                0x2400'1b14     0x4  Data  Gb  core_Menu.o [3]
btnClose                0x2400'1b50     0x4  Data  Gb  peref.o [5]
btnOpen                 0x2400'1b4c     0x4  Data  Gb  peref.o [5]
btnProg1                0x2400'1b5c     0x4  Data  Gb  peref.o [5]
btnProg2                0x2400'1b60     0x4  Data  Gb  peref.o [5]
btnStop1                0x2400'1b54     0x4  Data  Gb  peref.o [5]
btnStop2                0x2400'1b58     0x4  Data  Gb  peref.o [5]
coreTLocalControl        0x800'c3b7   0x168  Code  Gb  g_Core.o [3]
coreTLocalControl::prevHalls
                        0x2400'1b24     0x4  Data  Lc  g_Core.o [3]
coreTLocalControl::readyForNewCmd
                        0x2400'0238     0x1  Data  Lc  g_Core.o [3]
coreTS                   0x800'c2f5    0xc2  Code  Gb  g_Core.o [3]
coreTU                   0x800'c2cf    0x26  Code  Gb  g_Core.o [3]
count                   0x2400'1b7c     0x2  Data  Gb  peref.o [5]
count18kHz              0x2400'1b28     0x4  Data  Gb  g_InterruptUpdate.o [4]
count200Hz              0x2400'1b30     0x4  Data  Gb  g_InterruptUpdate.o [4]
count2kHz               0x2400'1b2c     0x4  Data  Gb  g_InterruptUpdate.o [4]
count50Hz               0x2400'1b34     0x4  Data  Gb  g_InterruptUpdate.o [4]
exit                     0x801'2153     0x4  Code  Gb  exit.o [9]
g_Core                  0x2400'0db8   0x3b0  Data  Gb  g_Core.o [3]
g_Peref                 0x2400'085c   0x55c  Data  Gb  peref.o [5]
g_Ram                   0x2400'023c   0x620  Data  Gb  g_Ram.o [4]
g_Ram_Init               0x800'9079    0x30  Code  Gb  g_Ram.o [4]
g_Ram_Update             0x800'90a9    0x5e  Code  Gb  g_Ram.o [4]
g_Stat                  0x2400'145c    0xc0  Data  Gb  stat.o [6]
groups                   0x801'1ed4    0xa0  Data  Gb  core_Menu.o [3]
hadc1                   0x2400'195c    0x64  Data  Gb  main.o [2]
hadc3                   0x2400'19c0    0x64  Data  Gb  main.o [2]
hdma_adc1               0x2400'186c    0x78  Data  Gb  main.o [2]
hdma_adc3               0x2400'18e4    0x78  Data  Gb  main.o [2]
hhrtim                  0x2400'1380    0xdc  Data  Gb  main.o [2]
hrtc                    0x2400'1af0    0x24  Data  Gb  main.o [2]
hspi1                   0x2400'175c    0x88  Data  Gb  main.o [2]
hspi6                   0x2400'17e4    0x88  Data  Gb  main.o [2]
htim1                   0x2400'1a24    0x4c  Data  Gb  main.o [2]
htim2                   0x2400'1a70    0x4c  Data  Gb  main.o [2]
huart3                  0x2400'16cc    0x90  Data  Gb  main.o [2]
huart4                  0x2400'151c    0x90  Data  Gb  main.o [2]
huart5                  0x2400'15ac    0x90  Data  Gb  main.o [2]
huart8                  0x2400'163c    0x90  Data  Gb  main.o [2]
hui                     0x2400'1b64     0x4  Data  Gb  peref.o [5]
main                     0x800'93e9   0x18c  Code  Gb  main.o [2]
memtemp                 0x2400'1b78     0x2  Data  Gb  peref.o [5]
menu                    0x2400'1168   0x218  Data  Gb  core_Menu.o [3]
params                   0x800'0298  0x36fc  Data  Gb  core_Menu.o [3]
peref_10HzCalc           0x800'ca31   0x1ba  Code  Gb  peref.o [5]
peref_18KHzCalc          0x800'c7ab   0x11a  Code  Gb  peref.o [5]
peref_200HzCalc          0x800'c8c7    0x7c  Code  Gb  peref.o [5]
peref_2KHzCalc           0x800'c8c5     0x2  Code  Gb  peref.o [5]
peref_50HzCalc           0x800'c943    0xee  Code  Gb  peref.o [5]
peref_74HC595D           0x800'ce91    0x36  Code  Gb  peref.o [5]
peref_ApFilter1Calc      0x801'059f    0x22  Code  Gb  peref_ApFilter1.o [5]
peref_ApFilter1Init      0x801'054d    0x52  Code  Gb  peref_ApFilter1.o [5]
peref_Init               0x800'c53d   0x26e  Code  Gb  peref.o [5]
sqrt                     0x801'0ba5          Code  Gb  sqrt.o [10]
sqrtl                    0x801'0ba5          Code  Gb  sqrt.o [10]
strchr                   0x800'8f89          Code  Gb  strchr.o [11]
strcmp                   0x800'8f39          Code  Gb  strcmp.o [11]
strcpy                   0x800'8cc1          Code  Gb  strcpy.o [11]
strlen                   0x800'8f01          Code  Gb  strlen.o [11]
tskCnt10Hz              0x2400'1b44     0x4  Data  Gb  g_InterruptUpdate.o [4]
tskCnt200Hz             0x2400'1b3c     0x4  Data  Gb  g_InterruptUpdate.o [4]
tskCnt2kHz              0x2400'1b38     0x4  Data  Gb  g_InterruptUpdate.o [4]
tskCnt50Hz              0x2400'1b40     0x4  Data  Gb  g_InterruptUpdate.o [4]
tskMaxCnt10Hz           0x2400'0124     0x4  Data  Gb  g_InterruptUpdate.o [4]
tskMaxCnt18kHz          0x2400'0114     0x4  Data  Gb  g_InterruptUpdate.o [4]
tskMaxCnt200Hz          0x2400'011c     0x4  Data  Gb  g_InterruptUpdate.o [4]
tskMaxCnt2kHz           0x2400'0118     0x4  Data  Gb  g_InterruptUpdate.o [4]
tskMaxCnt50Hz           0x2400'0120     0x4  Data  Gb  g_InterruptUpdate.o [4]
uwTick                  0x2400'1b70     0x4  Data  Gb  stm32h7xx_hal.o [8]
uwTickFreq              0x2400'0239     0x1  Data  Gb  stm32h7xx_hal.o [8]
uwTickPrio              0x2400'0210     0x4  Data  Gb  stm32h7xx_hal.o [8]
values                   0x801'0bc8   0xfd0  Data  Gb  core_Menu.o [3]


[1] = C:\Projects\EBU-6\EBU6\EWARM\EBU6\Obj\Application\EWARM
[2] = C:\Projects\EBU-6\EBU6\EWARM\EBU6\Obj\Application\User\Core
[3] = C:\Projects\EBU-6\EBU6\EWARM\EBU6\Obj\Application\User\Core\Core
[4] = C:\Projects\EBU-6\EBU6\EWARM\EBU6\Obj\Application\User\Core\Global
[5] = C:\Projects\EBU-6\EBU6\EWARM\EBU6\Obj\Application\User\Core\Peref
[6] = C:\Projects\EBU-6\EBU6\EWARM\EBU6\Obj\Application\User\Core\Stat
[7] = C:\Projects\EBU-6\EBU6\EWARM\EBU6\Obj\Drivers\CMSIS
[8] = C:\Projects\EBU-6\EBU6\EWARM\EBU6\Obj\Drivers\STM32H7xx_HAL_Driver
[9] = dl7M_tlf.a
[10] = m7M_tlv.a
[11] = rt7M_tl.a
[12] = shb_l.a

  56'364 bytes of readonly  code memory
  18'762 bytes of readonly  data memory
  23'421 bytes of readwrite data memory

Errors: none
Warnings: none
