###############################################################################
#
# IAR ELF Linker V9.10.2.313/W64 for ARM                  31/Aug/2022  19:35:14
# Copyright 2007-2021 IAR Systems AB.
#
#    Output file  =  C:\work\ebu6\EBU6\EWARM\EBU6\Exe\EBU6.out
#    Map file     =  C:\work\ebu6\EBU6\EWARM\EBU6\List\EBU6.map
#    Command line =
#        -f C:\work\ebu6\EBU6\EWARM\EBU6\Exe\EBU6.out.rsp
#        (C:\work\ebu6\EBU6\EWARM\EBU6\Obj\Application\User\Core\add_ValueConv.o
#        C:\work\ebu6\EBU6\EWARM\EBU6\Obj\Application\User\Core\Peref\CMS58M.o
#        C:\work\ebu6\EBU6\EWARM\EBU6\Obj\Application\User\Core\Comm\comm.o
#        C:\work\ebu6\EBU6\EWARM\EBU6\Obj\Application\User\Core\Core\core_InverterControl.o
#        C:\work\ebu6\EBU6\EWARM\EBU6\Obj\Application\User\Core\Core\core_Menu.o
#        C:\work\ebu6\EBU6\EWARM\EBU6\Obj\Application\User\Core\Core\core_Protections.o
#        C:\work\ebu6\EBU6\EWARM\EBU6\Obj\Application\User\Core\Core\core_VlvDrvCtrl.o
#        C:\work\ebu6\EBU6\EWARM\EBU6\Obj\Application\User\Core\Comm\drv_modbus.o
#        C:\work\ebu6\EBU6\EWARM\EBU6\Obj\Application\User\Core\Core\g_Core.o
#        C:\work\ebu6\EBU6\EWARM\EBU6\Obj\Application\User\Core\Global\g_InterruptUpdate.o
#        C:\work\ebu6\EBU6\EWARM\EBU6\Obj\Application\User\Core\Global\g_Ram.o
#        C:\work\ebu6\EBU6\EWARM\EBU6\Obj\Application\User\Core\main.o
#        C:\work\ebu6\EBU6\EWARM\EBU6\Obj\Application\User\Core\Peref\peref.o
#        C:\work\ebu6\EBU6\EWARM\EBU6\Obj\Application\User\Core\Peref\peref_ApFilter1.o
#        C:\work\ebu6\EBU6\EWARM\EBU6\Obj\Application\User\Core\Peref\peref_ApFilter3.o
#        C:\work\ebu6\EBU6\EWARM\EBU6\Obj\Application\User\Core\Peref\peref_Calibs.o
#        C:\work\ebu6\EBU6\EWARM\EBU6\Obj\Application\User\Core\Peref\peref_Clock.o
#        C:\work\ebu6\EBU6\EWARM\EBU6\Obj\Application\User\Core\Peref\peref_display.o
#        C:\work\ebu6\EBU6\EWARM\EBU6\Obj\Application\User\Core\Peref\peref_SensObserver.o
#        C:\work\ebu6\EBU6\EWARM\EBU6\Obj\Application\User\Core\Peref\peref_SinObserver.o
#        C:\work\ebu6\EBU6\EWARM\EBU6\Obj\Application\EWARM\startup_stm32h743xx.o
#        C:\work\ebu6\EBU6\EWARM\EBU6\Obj\Application\User\Core\Stat\stat.o
#        C:\work\ebu6\EBU6\EWARM\EBU6\Obj\Application\User\Core\Stat\stat_fm25v10.o
#        C:\work\ebu6\EBU6\EWARM\EBU6\Obj\Drivers\STM32H7xx_HAL_Driver\stm32h7xx_hal.o
#        C:\work\ebu6\EBU6\EWARM\EBU6\Obj\Drivers\STM32H7xx_HAL_Driver\stm32h7xx_hal_adc.o
#        C:\work\ebu6\EBU6\EWARM\EBU6\Obj\Drivers\STM32H7xx_HAL_Driver\stm32h7xx_hal_adc_ex.o
#        C:\work\ebu6\EBU6\EWARM\EBU6\Obj\Drivers\STM32H7xx_HAL_Driver\stm32h7xx_hal_cortex.o
#        C:\work\ebu6\EBU6\EWARM\EBU6\Obj\Drivers\STM32H7xx_HAL_Driver\stm32h7xx_hal_dma.o
#        C:\work\ebu6\EBU6\EWARM\EBU6\Obj\Drivers\STM32H7xx_HAL_Driver\stm32h7xx_hal_dma_ex.o
#        C:\work\ebu6\EBU6\EWARM\EBU6\Obj\Drivers\STM32H7xx_HAL_Driver\stm32h7xx_hal_exti.o
#        C:\work\ebu6\EBU6\EWARM\EBU6\Obj\Drivers\STM32H7xx_HAL_Driver\stm32h7xx_hal_fdcan.o
#        C:\work\ebu6\EBU6\EWARM\EBU6\Obj\Drivers\STM32H7xx_HAL_Driver\stm32h7xx_hal_flash.o
#        C:\work\ebu6\EBU6\EWARM\EBU6\Obj\Drivers\STM32H7xx_HAL_Driver\stm32h7xx_hal_flash_ex.o
#        C:\work\ebu6\EBU6\EWARM\EBU6\Obj\Drivers\STM32H7xx_HAL_Driver\stm32h7xx_hal_gpio.o
#        C:\work\ebu6\EBU6\EWARM\EBU6\Obj\Drivers\STM32H7xx_HAL_Driver\stm32h7xx_hal_hrtim.o
#        C:\work\ebu6\EBU6\EWARM\EBU6\Obj\Drivers\STM32H7xx_HAL_Driver\stm32h7xx_hal_hsem.o
#        C:\work\ebu6\EBU6\EWARM\EBU6\Obj\Drivers\STM32H7xx_HAL_Driver\stm32h7xx_hal_i2c.o
#        C:\work\ebu6\EBU6\EWARM\EBU6\Obj\Drivers\STM32H7xx_HAL_Driver\stm32h7xx_hal_i2c_ex.o
#        C:\work\ebu6\EBU6\EWARM\EBU6\Obj\Drivers\STM32H7xx_HAL_Driver\stm32h7xx_hal_mdma.o
#        C:\work\ebu6\EBU6\EWARM\EBU6\Obj\Application\User\Core\stm32h7xx_hal_msp.o
#        C:\work\ebu6\EBU6\EWARM\EBU6\Obj\Drivers\STM32H7xx_HAL_Driver\stm32h7xx_hal_pwr.o
#        C:\work\ebu6\EBU6\EWARM\EBU6\Obj\Drivers\STM32H7xx_HAL_Driver\stm32h7xx_hal_pwr_ex.o
#        C:\work\ebu6\EBU6\EWARM\EBU6\Obj\Drivers\STM32H7xx_HAL_Driver\stm32h7xx_hal_rcc.o
#        C:\work\ebu6\EBU6\EWARM\EBU6\Obj\Drivers\STM32H7xx_HAL_Driver\stm32h7xx_hal_rcc_ex.o
#        C:\work\ebu6\EBU6\EWARM\EBU6\Obj\Drivers\STM32H7xx_HAL_Driver\stm32h7xx_hal_rtc.o
#        C:\work\ebu6\EBU6\EWARM\EBU6\Obj\Drivers\STM32H7xx_HAL_Driver\stm32h7xx_hal_rtc_ex.o
#        C:\work\ebu6\EBU6\EWARM\EBU6\Obj\Drivers\STM32H7xx_HAL_Driver\stm32h7xx_hal_spi.o
#        C:\work\ebu6\EBU6\EWARM\EBU6\Obj\Drivers\STM32H7xx_HAL_Driver\stm32h7xx_hal_spi_ex.o
#        C:\work\ebu6\EBU6\EWARM\EBU6\Obj\Drivers\STM32H7xx_HAL_Driver\stm32h7xx_hal_tim.o
#        C:\work\ebu6\EBU6\EWARM\EBU6\Obj\Drivers\STM32H7xx_HAL_Driver\stm32h7xx_hal_tim_ex.o
#        C:\work\ebu6\EBU6\EWARM\EBU6\Obj\Drivers\STM32H7xx_HAL_Driver\stm32h7xx_hal_uart.o
#        C:\work\ebu6\EBU6\EWARM\EBU6\Obj\Drivers\STM32H7xx_HAL_Driver\stm32h7xx_hal_uart_ex.o
#        C:\work\ebu6\EBU6\EWARM\EBU6\Obj\Application\User\Core\stm32h7xx_it.o
#        C:\work\ebu6\EBU6\EWARM\EBU6\Obj\Drivers\CMSIS\system_stm32h7xx.o
#        --no_out_extension -o C:\work\ebu6\EBU6\EWARM\EBU6\Exe\EBU6.out --map
#        C:\work\ebu6\EBU6\EWARM\EBU6\List\EBU6.map --config
#        C:\work\ebu6\EBU6\EWARM/../EWARM/stm32h743xx_flash.icf --semihosting
#        --entry __iar_program_start --vfe --text_out locale)
#
###############################################################################

*******************************************************************************
*** RUNTIME MODEL ATTRIBUTES
***

CppFlavor       = *
__SystemLibrary = DLib
__dlib_version  = 6


*******************************************************************************
*** HEAP SELECTION
***

The basic heap was selected because no calls to memory allocation
functions were found in the application outside of system library
functions, and there are calls to deallocation functions in the
application.


*******************************************************************************
*** PLACEMENT SUMMARY
***

"A0":  place at address 0x800'0000 { ro section .intvec };
"P1":  place in [from 0x800'0000 to 0x81f'ffff] { ro };
define block CSTACK with size = 16K, alignment = 8 { };
define block HEAP with size = 8K, alignment = 8 { };
"P2":  place in [from 0x2400'0000 to 0x2407'ffff] {
          rw, block CSTACK, block HEAP };
initialize by copy { rw };

  Section            Kind         Address      Size  Object
  -------            ----         -------      ----  ------
"A0":                                         0x298
  .intvec            ro code   0x800'0000     0x298  startup_stm32h743xx.o [1]
                             - 0x800'0298     0x298

"P1":                                      0x1'9ee0
  .rodata            const     0x800'0298    0x4ee4  core_Menu.o [4]
  .text              ro code   0x800'517c    0x22d4  stm32h7xx_hal_dma.o [9]
  .text              ro code   0x800'7450       0xc  stm32h7xx_hal.o [9]
  .text              ro code   0x800'745c    0x1b40  stm32h7xx_hal_rcc_ex.o [9]
  .text              ro code   0x800'8f9c     0x5f4  stm32h7xx_hal_rcc.o [9]
  .text              ro code   0x800'9590      0x58  stm32h7xx_hal.o [9]
  .text              ro code   0x800'95e8     0x190  stm32h7xx_hal_cortex.o [9]
  .text              ro code   0x800'9778    0x1860  core_Menu.o [4]
  .text              ro code   0x800'afd8      0x18  strcpy.o [12]
  .text              ro code   0x800'aff0      0x66  ABImemset.o [12]
  .text              ro code   0x800'b058     0x1f2  add_ValueConv.o [2]
  .text              ro code   0x800'b24c      0x36  strlen.o [12]
  .text              ro code   0x800'b284      0x12  strcmp.o [12]
  .text              ro code   0x800'b296      0x3e  peref_Clock.o [6]
  .text              ro code   0x800'b2d4      0x16  strchr.o [12]
  .text              ro code   0x800'b2ec      0xa6  ABImemcpy.o [12]
  .text              ro code   0x800'b392      0x32  stat.o [7]
  .text              ro code   0x800'b3c4     0x168  g_Ram.o [5]
  .text              ro code   0x800'b52c     0x2c4  stat_fm25v10.o [7]
  .text              ro code   0x800'b7f0    0x14b0  peref.o [6]
  .text              ro code   0x800'cca0     0x430  stm32h7xx_hal_gpio.o [9]
  .text              ro code   0x800'd0d0     0xf6a  stm32h7xx_hal_spi.o [9]
  .text              ro code   0x800'e03c    0x1130  main.o [2]
  .text              ro code   0x800'f16c     0x3a0  peref_display.o [6]
  .text              ro code   0x800'f50c      0x74  peref_ApFilter1.o [6]
  .text              ro code   0x800'f580     0x2c8  peref_SensObserver.o [6]
  .text              ro code   0x800'f848     0x168  peref_SinObserver.o [6]
  .text              ro code   0x800'f9b0     0x264  CMS58M.o [6]
  .text              ro code   0x800'fc14     0x4ac  peref_Calibs.o [6]
  .text              ro code   0x801'00c0     0x95c  stm32h7xx_hal_fdcan.o [9]
  .text              ro code   0x801'0a1c       0x8  labs.o [10]
  .text              ro code   0x801'0a24       0x8  abs.o [10]
  .text              ro code   0x801'0a2c     0x39a  stm32h7xx_hal_rtc.o [9]
  .text              ro code   0x801'0dc8     0xa3c  stm32h7xx_hal_msp.o [2]
  .text              ro code   0x801'1804       0x2  stm32h7xx_hal_spi.o [9]
  .text              ro code   0x801'1806       0x2  stm32h7xx_hal_spi.o [9]
  .text              ro code   0x801'1808       0x2  stm32h7xx_hal_spi.o [9]
  .text              ro code   0x801'180a       0x2  stm32h7xx_hal_spi.o [9]
  .text              ro code   0x801'180c      0xa8  stm32h7xx_hal.o [9]
  .text              ro code   0x801'18b4    0x105c  stm32h7xx_hal_adc.o [9]
  .text              ro code   0x801'2910    0x1694  g_Core.o [4]
  .text              ro code   0x801'3fa4      0x18  comm.o [3]
  .text              ro code   0x801'3fbc     0x8c8  drv_modbus.o [3]
  .text              ro code   0x801'4884     0xd1e  stm32h7xx_hal_tim.o [9]
  .text              ro code   0x801'55a4      0x64  stm32h7xx_hal_pwr_ex.o [9]
  .text              ro code   0x801'5608      0x14  stm32h7xx_hal_pwr.o [9]
  .text              ro code   0x801'561c     0x73c  stm32h7xx_hal_rcc.o [9]
  .text              ro code   0x801'5d58     0x174  stm32h7xx_hal_adc_ex.o [9]
  .text              ro code   0x801'5ecc     0x8ba  stm32h7xx_hal_hrtim.o [9]
  .text              ro code   0x801'6788     0x2f4  stm32h7xx_hal_tim_ex.o [9]
  .text              ro code   0x801'6a7c     0xf6c  stm32h7xx_hal_uart.o [9]
  .text              ro code   0x801'79e8     0x16c  stm32h7xx_hal_uart_ex.o [9]
  .text              ro code   0x801'7b54      0x1e  sqrtf.o [11]
  .text              ro code   0x801'7b72       0x2  stm32h7xx_hal_adc_ex.o [9]
  .text              ro code   0x801'7b74       0x2  stm32h7xx_hal_adc.o [9]
  .text              ro code   0x801'7b76       0x2  stm32h7xx_hal_adc_ex.o [9]
  .text              ro code   0x801'7b78       0x2  stm32h7xx_hal_adc.o [9]
  .text              ro code   0x801'7b7a       0x2  stm32h7xx_hal_adc_ex.o [9]
  .text              ro code   0x801'7b7c       0x2  stm32h7xx_hal_adc_ex.o [9]
  .text              ro code   0x801'7b7e       0x2  stm32h7xx_hal_adc.o [9]
  .text              ro code   0x801'7b80       0x2  stm32h7xx_hal_adc_ex.o [9]
  .text              ro code   0x801'7b82       0x2  stm32h7xx_hal_adc.o [9]
  .text              ro code   0x801'7b84      0xc4  core_Protections.o [4]
  .text              ro code   0x801'7c48     0x5aa  core_VlvDrvCtrl.o [4]
  .text              ro code   0x801'81f4     0x1d4  cos_sin32.o [11]
  .text              ro code   0x801'83c8      0x2a  fmin.o [11]
  .text              ro code   0x801'83f4      0x2e  fmax.o [11]
  .text              ro code   0x801'8422       0x2  stm32h7xx_hal_tim.o [9]
  .text              ro code   0x801'8424       0x2  stm32h7xx_hal_tim.o [9]
  .text              ro code   0x801'8426       0x2  stm32h7xx_hal_tim.o [9]
  .text              ro code   0x801'8428       0x2  stm32h7xx_hal_tim.o [9]
  .text              ro code   0x801'842a       0x2  stm32h7xx_hal_tim.o [9]
  .text              ro code   0x801'842c       0x2  stm32h7xx_hal_tim_ex.o [9]
  .text              ro code   0x801'842e       0x2  stm32h7xx_hal_tim_ex.o [9]
  .text              ro code   0x801'8430       0x2  stm32h7xx_hal_tim.o [9]
  .text              ro code   0x801'8432       0x2  stm32h7xx_hal_tim_ex.o [9]
  .text              ro code   0x801'8434       0x2  stm32h7xx_hal_uart.o [9]
  .text              ro code   0x801'8436       0x2  stm32h7xx_hal_uart.o [9]
  .text              ro code   0x801'8438       0x2  stm32h7xx_hal_uart_ex.o [9]
  .text              ro code   0x801'843a       0x2  stm32h7xx_hal_uart_ex.o [9]
  .text              ro code   0x801'843c       0x2  stm32h7xx_hal_uart_ex.o [9]
  .text              ro code   0x801'8440     0x230  I64DivMod.o [12]
  .text              ro code   0x801'8670       0x2  stm32h7xx_hal_uart.o [9]
  .text              ro code   0x801'8674       0x2  I64DivZer.o [12]
  .rodata            const     0x801'8678     0xe60  core_Menu.o [4]
  .text              ro code   0x801'94d8     0x1fc  g_InterruptUpdate.o [5]
  .text              ro code   0x801'96d4     0x13c  system_stm32h7xx.o [8]
  .text              ro code   0x801'9810      0xf4  stm32h7xx_it.o [2]
  .text              ro code   0x801'9904      0x18  stm32h7xx_hal.o [9]
  .rodata            const     0x801'991c      0xa0  core_Menu.o [4]
  .text              ro code   0x801'99bc      0x78  lz77_init_single.o [12]
  .rodata            const     0x801'9a34      0x4c  stm32h7xx_hal_fdcan.o [9]
  .text              ro code   0x801'9a80      0x38  zero_init3.o [12]
  .text              ro code   0x801'9ab8      0x28  data_init.o [12]
  .text              ro code   0x801'9ae0      0x22  fpinit_M.o [11]
  .iar.init_table    const     0x801'9b04      0x20  - Linker created -
  .text              ro code   0x801'9b24      0x1e  cmain.o [12]
  .text              ro code   0x801'9b42       0x4  low_level_init.o [10]
  .text              ro code   0x801'9b46       0x4  exit.o [10]
  .text              ro code   0x801'9b4c       0xa  cexit.o [12]
  .text              ro code   0x801'9b58      0x14  exit.o [13]
  .text              ro code   0x801'9b6c      0x1c  cstartup_M.o [12]
  .rodata            const     0x801'9b88      0x18  stm32h7xx_hal_uart.o [9]
  .rodata            const     0x801'9ba0      0x10  stm32h7xx_hal_fdcan.o [9]
  .rodata            const     0x801'9bb0      0x10  system_stm32h7xx.o [8]
  .text              ro code   0x801'9bc0      0x10  startup_stm32h743xx.o [1]
  .rodata            const     0x801'9bd0       0x8  CMS58M.o [6]
  .rodata            const     0x801'9bd8       0x8  core_Menu.o [4]
  .rodata            const     0x801'9be0       0x8  stm32h7xx_hal_dma.o [9]
  .rodata            const     0x801'9be8       0x8  stm32h7xx_hal_uart_ex.o [9]
  .rodata            const     0x801'9bf0       0x8  stm32h7xx_hal_uart_ex.o [9]
  .rodata            const     0x801'9bf8       0x4  CMS58M.o [6]
  .text              ro code   0x801'9bfc       0x4  startup_stm32h743xx.o [1]
  .text              ro code   0x801'9c00       0x4  startup_stm32h743xx.o [1]
  .text              ro code   0x801'9c04       0x4  startup_stm32h743xx.o [1]
  .text              ro code   0x801'9c08       0x4  startup_stm32h743xx.o [1]
  .text              ro code   0x801'9c0c       0x4  startup_stm32h743xx.o [1]
  .text              ro code   0x801'9c10       0x4  startup_stm32h743xx.o [1]
  .text              ro code   0x801'9c14       0x4  startup_stm32h743xx.o [1]
  .text              ro code   0x801'9c18       0x4  startup_stm32h743xx.o [1]
  .text              ro code   0x801'9c1c       0x4  startup_stm32h743xx.o [1]
  .text              ro code   0x801'9c20       0x4  startup_stm32h743xx.o [1]
  .text              ro code   0x801'9c24       0x4  startup_stm32h743xx.o [1]
  .text              ro code   0x801'9c28       0x4  startup_stm32h743xx.o [1]
  .text              ro code   0x801'9c2c       0x4  startup_stm32h743xx.o [1]
  .text              ro code   0x801'9c30       0x4  startup_stm32h743xx.o [1]
  .text              ro code   0x801'9c34       0x4  startup_stm32h743xx.o [1]
  .text              ro code   0x801'9c38       0x4  startup_stm32h743xx.o [1]
  .text              ro code   0x801'9c3c       0x4  startup_stm32h743xx.o [1]
  .text              ro code   0x801'9c40       0x4  startup_stm32h743xx.o [1]
  .text              ro code   0x801'9c44       0x4  startup_stm32h743xx.o [1]
  .text              ro code   0x801'9c48       0x4  startup_stm32h743xx.o [1]
  .text              ro code   0x801'9c4c       0x4  startup_stm32h743xx.o [1]
  .text              ro code   0x801'9c50       0x4  startup_stm32h743xx.o [1]
  .text              ro code   0x801'9c54       0x4  startup_stm32h743xx.o [1]
  .text              ro code   0x801'9c58       0x4  startup_stm32h743xx.o [1]
  .text              ro code   0x801'9c5c       0x4  startup_stm32h743xx.o [1]
  .text              ro code   0x801'9c60       0x4  startup_stm32h743xx.o [1]
  .text              ro code   0x801'9c64       0x4  startup_stm32h743xx.o [1]
  .text              ro code   0x801'9c68       0x4  startup_stm32h743xx.o [1]
  .text              ro code   0x801'9c6c       0x4  startup_stm32h743xx.o [1]
  .text              ro code   0x801'9c70       0x4  startup_stm32h743xx.o [1]
  .text              ro code   0x801'9c74       0x4  startup_stm32h743xx.o [1]
  .text              ro code   0x801'9c78       0x4  startup_stm32h743xx.o [1]
  .text              ro code   0x801'9c7c       0x4  startup_stm32h743xx.o [1]
  .text              ro code   0x801'9c80       0x4  startup_stm32h743xx.o [1]
  .text              ro code   0x801'9c84       0x4  startup_stm32h743xx.o [1]
  .text              ro code   0x801'9c88       0x4  startup_stm32h743xx.o [1]
  .text              ro code   0x801'9c8c       0x4  startup_stm32h743xx.o [1]
  .text              ro code   0x801'9c90       0x4  startup_stm32h743xx.o [1]
  .text              ro code   0x801'9c94       0x4  startup_stm32h743xx.o [1]
  .text              ro code   0x801'9c98       0x4  startup_stm32h743xx.o [1]
  .text              ro code   0x801'9c9c       0x4  startup_stm32h743xx.o [1]
  .text              ro code   0x801'9ca0       0x4  startup_stm32h743xx.o [1]
  .text              ro code   0x801'9ca4       0x4  startup_stm32h743xx.o [1]
  .text              ro code   0x801'9ca8       0x4  startup_stm32h743xx.o [1]
  .text              ro code   0x801'9cac       0x4  startup_stm32h743xx.o [1]
  .text              ro code   0x801'9cb0       0x4  startup_stm32h743xx.o [1]
  .text              ro code   0x801'9cb4       0x4  startup_stm32h743xx.o [1]
  .text              ro code   0x801'9cb8       0x4  startup_stm32h743xx.o [1]
  .text              ro code   0x801'9cbc       0x4  startup_stm32h743xx.o [1]
  .text              ro code   0x801'9cc0       0x4  startup_stm32h743xx.o [1]
  .text              ro code   0x801'9cc4       0x4  startup_stm32h743xx.o [1]
  .text              ro code   0x801'9cc8       0x4  startup_stm32h743xx.o [1]
  .text              ro code   0x801'9ccc       0x4  startup_stm32h743xx.o [1]
  .text              ro code   0x801'9cd0       0x4  startup_stm32h743xx.o [1]
  .text              ro code   0x801'9cd4       0x4  startup_stm32h743xx.o [1]
  .text              ro code   0x801'9cd8       0x4  startup_stm32h743xx.o [1]
  .text              ro code   0x801'9cdc       0x4  startup_stm32h743xx.o [1]
  .text              ro code   0x801'9ce0       0x4  startup_stm32h743xx.o [1]
  .text              ro code   0x801'9ce4       0x4  startup_stm32h743xx.o [1]
  .text              ro code   0x801'9ce8       0x4  startup_stm32h743xx.o [1]
  .text              ro code   0x801'9cec       0x4  startup_stm32h743xx.o [1]
  .text              ro code   0x801'9cf0       0x4  startup_stm32h743xx.o [1]
  .text              ro code   0x801'9cf4       0x4  startup_stm32h743xx.o [1]
  .text              ro code   0x801'9cf8       0x4  startup_stm32h743xx.o [1]
  .text              ro code   0x801'9cfc       0x4  startup_stm32h743xx.o [1]
  .text              ro code   0x801'9d00       0x4  startup_stm32h743xx.o [1]
  .text              ro code   0x801'9d04       0x4  startup_stm32h743xx.o [1]
  .text              ro code   0x801'9d08       0x4  startup_stm32h743xx.o [1]
  .text              ro code   0x801'9d0c       0x4  startup_stm32h743xx.o [1]
  .text              ro code   0x801'9d10       0x4  startup_stm32h743xx.o [1]
  .text              ro code   0x801'9d14       0x4  startup_stm32h743xx.o [1]
  .text              ro code   0x801'9d18       0x4  startup_stm32h743xx.o [1]
  .text              ro code   0x801'9d1c       0x4  startup_stm32h743xx.o [1]
  .text              ro code   0x801'9d20       0x4  startup_stm32h743xx.o [1]
  .text              ro code   0x801'9d24       0x4  startup_stm32h743xx.o [1]
  .text              ro code   0x801'9d28       0x4  startup_stm32h743xx.o [1]
  .text              ro code   0x801'9d2c       0x4  startup_stm32h743xx.o [1]
  .text              ro code   0x801'9d30       0x4  startup_stm32h743xx.o [1]
  .text              ro code   0x801'9d34       0x4  startup_stm32h743xx.o [1]
  .text              ro code   0x801'9d38       0x4  startup_stm32h743xx.o [1]
  .text              ro code   0x801'9d3c       0x4  startup_stm32h743xx.o [1]
  .text              ro code   0x801'9d40       0x4  startup_stm32h743xx.o [1]
  .text              ro code   0x801'9d44       0x4  startup_stm32h743xx.o [1]
  .text              ro code   0x801'9d48       0x4  startup_stm32h743xx.o [1]
  .text              ro code   0x801'9d4c       0x4  startup_stm32h743xx.o [1]
  .text              ro code   0x801'9d50       0x4  startup_stm32h743xx.o [1]
  .text              ro code   0x801'9d54       0x4  startup_stm32h743xx.o [1]
  .text              ro code   0x801'9d58       0x4  startup_stm32h743xx.o [1]
  .text              ro code   0x801'9d5c       0x4  startup_stm32h743xx.o [1]
  .text              ro code   0x801'9d60       0x4  startup_stm32h743xx.o [1]
  .text              ro code   0x801'9d64       0x4  startup_stm32h743xx.o [1]
  .text              ro code   0x801'9d68       0x4  startup_stm32h743xx.o [1]
  .text              ro code   0x801'9d6c       0x4  startup_stm32h743xx.o [1]
  .text              ro code   0x801'9d70       0x4  startup_stm32h743xx.o [1]
  .text              ro code   0x801'9d74       0x4  startup_stm32h743xx.o [1]
  .text              ro code   0x801'9d78       0x4  startup_stm32h743xx.o [1]
  .text              ro code   0x801'9d7c       0x4  startup_stm32h743xx.o [1]
  .text              ro code   0x801'9d80       0x4  startup_stm32h743xx.o [1]
  .text              ro code   0x801'9d84       0x4  startup_stm32h743xx.o [1]
  .text              ro code   0x801'9d88       0x4  startup_stm32h743xx.o [1]
  .text              ro code   0x801'9d8c       0x4  startup_stm32h743xx.o [1]
  .text              ro code   0x801'9d90       0x4  startup_stm32h743xx.o [1]
  .text              ro code   0x801'9d94       0x4  startup_stm32h743xx.o [1]
  .text              ro code   0x801'9d98       0x4  startup_stm32h743xx.o [1]
  .text              ro code   0x801'9d9c       0x4  startup_stm32h743xx.o [1]
  .text              ro code   0x801'9da0       0x4  startup_stm32h743xx.o [1]
  .text              ro code   0x801'9da4       0x4  startup_stm32h743xx.o [1]
  .text              ro code   0x801'9da8       0x4  startup_stm32h743xx.o [1]
  .text              ro code   0x801'9dac       0x4  startup_stm32h743xx.o [1]
  .text              ro code   0x801'9db0       0x4  startup_stm32h743xx.o [1]
  .text              ro code   0x801'9db4       0x4  startup_stm32h743xx.o [1]
  .text              ro code   0x801'9db8       0x4  startup_stm32h743xx.o [1]
  .text              ro code   0x801'9dbc       0x4  startup_stm32h743xx.o [1]
  .text              ro code   0x801'9dc0       0x4  startup_stm32h743xx.o [1]
  .text              ro code   0x801'9dc4       0x4  startup_stm32h743xx.o [1]
  .text              ro code   0x801'9dc8       0x4  startup_stm32h743xx.o [1]
  .text              ro code   0x801'9dcc       0x4  startup_stm32h743xx.o [1]
  .text              ro code   0x801'9dd0       0x4  startup_stm32h743xx.o [1]
  .text              ro code   0x801'9dd4       0x4  startup_stm32h743xx.o [1]
  .text              ro code   0x801'9dd8       0x4  startup_stm32h743xx.o [1]
  .text              ro code   0x801'9ddc       0x4  startup_stm32h743xx.o [1]
  .text              ro code   0x801'9de0       0x4  startup_stm32h743xx.o [1]
  .text              ro code   0x801'9de4       0x4  startup_stm32h743xx.o [1]
  .text              ro code   0x801'9de8       0x4  startup_stm32h743xx.o [1]
  .text              ro code   0x801'9dec       0x4  startup_stm32h743xx.o [1]
  .text              ro code   0x801'9df0       0x4  startup_stm32h743xx.o [1]
  .text              ro code   0x801'9df4       0x4  startup_stm32h743xx.o [1]
  .text              ro code   0x801'9df8       0x4  startup_stm32h743xx.o [1]
  .text              ro code   0x801'9dfc       0x4  startup_stm32h743xx.o [1]
  .rodata            const     0x801'9e00       0x0  zero_init3.o [12]
  .rodata            const     0x801'9e00       0x0  lz77_init_single.o [12]
  Initializer bytes  const     0x801'9e00     0x378  <for P2-1>
                             - 0x801'a178  0x1'9ee0

"P2", part 1 of 3:                            0x593
  P2-1                        0x2400'0000     0x593  <Init block>
    .data            inited   0x2400'0000      0x1c  drv_modbus.o [3]
    .data            inited   0x2400'001c       0x4  g_Core.o [4]
    .data            inited   0x2400'0020       0x4  g_Core.o [4]
    .data            inited   0x2400'0024       0x4  g_Core.o [4]
    .data            inited   0x2400'0028       0x4  g_Core.o [4]
    .data            inited   0x2400'002c      0x30  g_InterruptUpdate.o [5]
    .data            inited   0x2400'005c      0x18  g_InterruptUpdate.o [5]
    .data            inited   0x2400'0074      0x30  g_InterruptUpdate.o [5]
    .data            inited   0x2400'00a4      0xf0  g_InterruptUpdate.o [5]
    .data            inited   0x2400'0194      0x84  g_InterruptUpdate.o [5]
    .data            inited   0x2400'0218       0x4  g_InterruptUpdate.o [5]
    .data            inited   0x2400'021c       0x4  g_InterruptUpdate.o [5]
    .data            inited   0x2400'0220       0x4  g_InterruptUpdate.o [5]
    .data            inited   0x2400'0224       0x4  g_InterruptUpdate.o [5]
    .data            inited   0x2400'0228       0x4  g_InterruptUpdate.o [5]
    .data            inited   0x2400'022c       0x4  peref.o [6]
    .data            inited   0x2400'0230       0x4  peref.o [6]
    .data            inited   0x2400'0234     0x108  peref.o [6]
    .data            inited   0x2400'033c     0x108  peref.o [6]
    .data            inited   0x2400'0444      0x40  peref.o [6]
    .data            inited   0x2400'0484      0x24  peref.o [6]
    .data            inited   0x2400'04a8       0x4  peref.o [6]
    .data            inited   0x2400'04ac       0x4  peref.o [6]
    .data            inited   0x2400'04b0       0x4  peref_Calibs.o [6]
    .data            inited   0x2400'04b4      0x70  peref_display.o [6]
    .data            inited   0x2400'0524      0x44  peref_display.o [6]
    .data            inited   0x2400'0568       0x4  stm32h7xx_hal.o [9]
    .data            inited   0x2400'056c      0x18  stm32h7xx_hal_hrtim.o [9]
    .data            inited   0x2400'0584       0x4  system_stm32h7xx.o [8]
    .data            inited   0x2400'0588       0x4  system_stm32h7xx.o [8]
    .data            inited   0x2400'058c       0x1  add_ValueConv.o [2]
    .data            inited   0x2400'058d       0x1  add_ValueConv.o [2]
    .data            inited   0x2400'058e       0x1  add_ValueConv.o [2]
    .data            inited   0x2400'058f       0x1  add_ValueConv.o [2]
    .data            inited   0x2400'0590       0x1  g_Core.o [4]
    .data            inited   0x2400'0591       0x1  peref.o [6]
    .data            inited   0x2400'0592       0x1  stm32h7xx_hal.o [9]
                            - 0x2400'0593     0x593

"P2", part 2 of 3:                           0x262c
  .bss               zero     0x2400'0594     0x8d8  g_Ram.o [5]
  .bss               zero     0x2400'0e6c     0x8a4  peref.o [6]
  .bss               zero     0x2400'1710      0x64  drv_modbus.o [3]
  .bss               zero     0x2400'1778     0x540  g_Core.o [4]
  .bss               zero     0x2400'1cb8     0x218  core_Menu.o [4]
  .bss               zero     0x2400'1ed0     0x200  drv_modbus.o [3]
  .bss               zero     0x2400'20d0     0x120  comm.o [3]
  .bss               zero     0x2400'21f0      0xdc  main.o [2]
  .bss               zero     0x2400'22cc      0xc0  stat.o [7]
  .bss               zero     0x2400'238c      0xa0  main.o [2]
  .bss               zero     0x2400'242c      0x90  main.o [2]
  .bss               zero     0x2400'24bc      0x90  main.o [2]
  .bss               zero     0x2400'254c      0x90  main.o [2]
  .bss               zero     0x2400'25dc      0x90  main.o [2]
  .bss               zero     0x2400'266c      0x88  main.o [2]
  .bss               zero     0x2400'26f4      0x88  main.o [2]
  .bss               zero     0x2400'277c      0x78  main.o [2]
  .bss               zero     0x2400'27f4      0x78  main.o [2]
  .bss               zero     0x2400'286c      0x64  main.o [2]
  .bss               zero     0x2400'28d0      0x64  main.o [2]
  .bss               zero     0x2400'2934      0x4c  main.o [2]
  .bss               zero     0x2400'2980      0x4c  main.o [2]
  .bss               zero     0x2400'29cc      0x34  g_Core.o [4]
  .bss               zero     0x2400'2a00      0x2c  peref.o [6]
  .bss               zero     0x2400'2a2c      0x28  CMS58M.o [6]
  .bss               zero     0x2400'2a54      0x28  drv_modbus.o [3]
  .bss               zero     0x2400'2a7c      0x24  CMS58M.o [6]
  .bss               zero     0x2400'2aa0      0x24  main.o [2]
  .bss               zero     0x2400'2ac4      0x10  peref.o [6]
  .bss               zero     0x2400'2ad4       0x4  core_Menu.o [4]
  .bss               zero     0x2400'2ad8       0x8  g_Core.o [4]
  .bss               zero     0x2400'2ae0       0x8  g_Core.o [4]
  .bss               zero     0x2400'2ae8       0x4  core_Menu.o [4]
  .bss               zero     0x2400'2aec       0x4  core_Menu.o [4]
  .bss               zero     0x2400'2af0       0x4  core_Menu.o [4]
  .bss               zero     0x2400'2af4       0x4  drv_modbus.o [3]
  .bss               zero     0x2400'2af8       0x4  drv_modbus.o [3]
  .bss               zero     0x2400'2afc       0x4  g_Core.o [4]
  .bss               zero     0x2400'2b00       0x4  g_Core.o [4]
  .bss               zero     0x2400'2b04       0x4  g_Core.o [4]
  .bss               zero     0x2400'2b08       0x4  g_Core.o [4]
  .bss               zero     0x2400'2b0c       0x4  g_Core.o [4]
  .bss               zero     0x2400'2b10       0x4  g_Core.o [4]
  .bss               zero     0x2400'2b14       0x4  g_Core.o [4]
  .bss               zero     0x2400'2b18       0x4  g_Core.o [4]
  .bss               zero     0x2400'2b1c       0x4  g_Core.o [4]
  .bss               zero     0x2400'2b20       0x4  g_Core.o [4]
  .bss               zero     0x2400'2b24       0x4  g_Core.o [4]
  .bss               zero     0x2400'2b28       0x4  g_Core.o [4]
  .bss               zero     0x2400'2b2c       0x4  g_Core.o [4]
  .bss               zero     0x2400'2b30       0x4  g_Core.o [4]
  .bss               zero     0x2400'2b34       0x4  g_Core.o [4]
  .bss               zero     0x2400'2b38       0x4  g_Core.o [4]
  .bss               zero     0x2400'2b3c       0x4  g_Core.o [4]
  .bss               zero     0x2400'2b40       0x4  g_Core.o [4]
  .bss               zero     0x2400'2b44       0x4  g_InterruptUpdate.o [5]
  .bss               zero     0x2400'2b48       0x4  g_InterruptUpdate.o [5]
  .bss               zero     0x2400'2b4c       0x4  g_InterruptUpdate.o [5]
  .bss               zero     0x2400'2b50       0x4  g_InterruptUpdate.o [5]
  .bss               zero     0x2400'2b54       0x4  g_InterruptUpdate.o [5]
  .bss               zero     0x2400'2b58       0x4  g_InterruptUpdate.o [5]
  .bss               zero     0x2400'2b5c       0x4  g_InterruptUpdate.o [5]
  .bss               zero     0x2400'2b60       0x4  g_InterruptUpdate.o [5]
  .bss               zero     0x2400'2b64       0x4  main.o [2]
  .bss               zero     0x2400'2b68       0x4  peref.o [6]
  .bss               zero     0x2400'2b6c       0x4  peref.o [6]
  .bss               zero     0x2400'2b70       0x4  peref.o [6]
  .bss               zero     0x2400'2b74       0x4  peref.o [6]
  .bss               zero     0x2400'2b78       0x4  peref.o [6]
  .bss               zero     0x2400'2b7c       0x4  peref.o [6]
  .bss               zero     0x2400'2b80       0x4  peref.o [6]
  .bss               zero     0x2400'2b84       0x4  peref.o [6]
  .bss               zero     0x2400'2b88       0x4  peref.o [6]
  .bss               zero     0x2400'2b8c       0x4  peref.o [6]
  .bss               zero     0x2400'2b90       0x4  peref.o [6]
  .bss               zero     0x2400'2b94       0x4  peref.o [6]
  .bss               zero     0x2400'2b98       0x4  peref.o [6]
  .bss               zero     0x2400'2b9c       0x4  peref.o [6]
  .bss               zero     0x2400'2ba0       0x4  peref.o [6]
  .bss               zero     0x2400'2ba4       0x4  peref.o [6]
  .bss               zero     0x2400'2ba8       0x4  peref_Calibs.o [6]
  .bss               zero     0x2400'2bac       0x4  stm32h7xx_hal.o [9]
  .bss               zero     0x2400'2bb0       0x4  stm32h7xx_it.o [2]
  .bss               zero     0x2400'2bb4       0x2  peref.o [6]
  .bss               zero     0x2400'2bb6       0x2  peref.o [6]
  .bss               zero     0x2400'2bb8       0x1  CMS58M.o [6]
  .bss               zero     0x2400'2bb9       0x1  CMS58M.o [6]
  .bss               zero     0x2400'2bba       0x1  core_Protections.o [4]
  .bss               zero     0x2400'2bbb       0x1  core_VlvDrvCtrl.o [4]
  .bss               zero     0x2400'2bbc       0x1  drv_modbus.o [3]
  .bss               zero     0x2400'2bbd       0x1  peref.o [6]
                            - 0x2400'2bbe    0x262a

"P2", part 3 of 3:                           0x4000
  CSTACK                      0x2400'2bc0    0x4000  <Block>
    CSTACK           uninit   0x2400'2bc0    0x4000  <Block tail>
                            - 0x2400'6bc0    0x4000

Unused ranges:

         From           To       Size
         ----           --       ----
   0x801'a178   0x81f'ffff  0x1e'5e88
  0x2400'0593  0x2400'0593        0x1
  0x2400'6bc0  0x2407'ffff   0x7'9440


*******************************************************************************
*** INIT TABLE
***

          Address      Size
          -------      ----
Zero (__iar_zero_init3)
    1 destination range, total size 0x262a:
          0x2400'0594  0x262a

Copy/lz77 (__iar_lz77_init_single3)
    1 source range, total size 0x378 (62% of destination):
           0x801'9e00   0x378
    1 destination range, total size 0x593:
          0x2400'0000   0x593



*******************************************************************************
*** MODULE SUMMARY
***

    Module                   ro code  ro data  rw data
    ------                   -------  -------  -------
command line/config:
    --------------------------------------------------
    Total:

C:\work\ebu6\EBU6\EWARM\EBU6\Obj\Application\EWARM: [1]
    startup_stm32h743xx.o      1'196
    --------------------------------------------------
    Total:                     1'196

C:\work\ebu6\EBU6\EWARM\EBU6\Obj\Application\User\Core: [2]
    add_ValueConv.o              498        3        4
    main.o                     4'400             1'860
    stm32h7xx_hal_msp.o        2'620
    stm32h7xx_it.o               244                 4
    --------------------------------------------------
    Total:                     7'762        3    1'868

C:\work\ebu6\EBU6\EWARM\EBU6\Obj\Application\User\Core\Comm: [3]
    comm.o                        24               288
    drv_modbus.o               2'248       17      689
    --------------------------------------------------
    Total:                     2'272       17      977

C:\work\ebu6\EBU6\EWARM\EBU6\Obj\Application\User\Core\Core: [4]
    core_Menu.o                6'240   24'044      552
    core_Protections.o           196                 1
    core_VlvDrvCtrl.o          1'450                 1
    g_Core.o                   5'780       10    1'501
    --------------------------------------------------
    Total:                    13'666   24'054    2'055

C:\work\ebu6\EBU6\EWARM\EBU6\Obj\Application\User\Core\Global: [5]
    g_InterruptUpdate.o          508      318      544
    g_Ram.o                      360             2'264
    --------------------------------------------------
    Total:                       868      318    2'808

C:\work\ebu6\EBU6\EWARM\EBU6\Obj\Application\User\Core\Peref: [6]
    CMS58M.o                     612       12       78
    peref.o                    5'296      402    2'986
    peref_ApFilter1.o            116
    peref_Calibs.o             1'196        3        8
    peref_Clock.o                 62
    peref_SensObserver.o         712
    peref_SinObserver.o          360
    peref_display.o              928      112      180
    --------------------------------------------------
    Total:                     9'282      529    3'252

C:\work\ebu6\EBU6\EWARM\EBU6\Obj\Application\User\Core\Stat: [7]
    stat.o                        50               192
    stat_fm25v10.o               708
    --------------------------------------------------
    Total:                       758               192

C:\work\ebu6\EBU6\EWARM\EBU6\Obj\Drivers\CMSIS: [8]
    system_stm32h7xx.o           316       21        8
    --------------------------------------------------
    Total:                       316       21        8

C:\work\ebu6\EBU6\EWARM\EBU6\Obj\Drivers\STM32H7xx_HAL_Driver: [9]
    stm32h7xx_hal.o              292        3        9
    stm32h7xx_hal_adc.o        4'196
    stm32h7xx_hal_adc_ex.o       382
    stm32h7xx_hal_cortex.o       400
    stm32h7xx_hal_dma.o        8'916        8
    stm32h7xx_hal_fdcan.o      2'396       92
    stm32h7xx_hal_gpio.o       1'072
    stm32h7xx_hal_hrtim.o      2'234       15       24
    stm32h7xx_hal_pwr.o           20
    stm32h7xx_hal_pwr_ex.o       100
    stm32h7xx_hal_rcc.o        3'376
    stm32h7xx_hal_rcc_ex.o     6'976
    stm32h7xx_hal_rtc.o          922
    stm32h7xx_hal_spi.o        3'954
    stm32h7xx_hal_tim.o        3'370
    stm32h7xx_hal_tim_ex.o       762
    stm32h7xx_hal_uart.o       3'954       24
    stm32h7xx_hal_uart_ex.o      370       16
    --------------------------------------------------
    Total:                    43'692      158       33

dl7M_tln.a: [10]
    abs.o                          8
    exit.o                         4
    labs.o                         8
    low_level_init.o               4
    --------------------------------------------------
    Total:                        24

m7M_tlv.a: [11]
    cos_sin32.o                  468
    fmax.o                        46
    fmin.o                        42
    fpinit_M.o                    34
    sqrtf.o                       30
    --------------------------------------------------
    Total:                       620

rt7M_tl.a: [12]
    ABImemcpy.o                  166
    ABImemset.o                  102
    I64DivMod.o                  560
    I64DivZer.o                    2
    cexit.o                       10
    cmain.o                       30
    cstartup_M.o                  28
    data_init.o                   40
    lz77_init_single.o           120
    strchr.o                      22
    strcmp.o                      18
    strcpy.o                      24
    strlen.o                      54
    zero_init3.o                  56
    --------------------------------------------------
    Total:                     1'232

shb_l.a: [13]
    exit.o                        20
    --------------------------------------------------
    Total:                        20

    Gaps                          28        4        4
    Linker created                         32   16'384
------------------------------------------------------
    Grand Total:              81'736   25'136   27'581


*******************************************************************************
*** ENTRY LIST
***

Entry                       Address    Size  Type      Object
-----                       -------    ----  ----      ------
.iar.init_table$$Base    0x801'9b04           --   Gb  - Linker created -
.iar.init_table$$Limit   0x801'9b24           --   Gb  - Linker created -
?main                    0x801'9b25          Code  Gb  cmain.o [12]
ADC3_IRQHandler          0x801'98c7     0xa  Code  Gb  stm32h7xx_it.o [2]
ADC_ConfigureBoostMode   0x801'277d   0x158  Code  Gb  stm32h7xx_hal_adc.o [9]
ADC_DMAConvCplt          0x801'26c9    0x88  Code  Gb  stm32h7xx_hal_adc.o [9]
ADC_DMAError             0x801'275f    0x1e  Code  Gb  stm32h7xx_hal_adc.o [9]
ADC_DMAHalfConvCplt      0x801'2751     0xe  Code  Gb  stm32h7xx_hal_adc.o [9]
ADC_Enable               0x801'25fd    0xbc  Code  Gb  stm32h7xx_hal_adc.o [9]
ADC_IRQHandler           0x801'983d     0xa  Code  Gb  stm32h7xx_it.o [2]
ADS1118_init             0x800'c86b    0xbe  Code  Gb  peref.o [6]
ADS1118_update           0x800'c939    0x60  Code  Gb  peref.o [6]
AngleInterp              0x801'3ce9   0x272  Code  Gb  g_Core.o [4]
BaudRates               0x2400'0000    0x1c  Data  Lc  drv_modbus.o [3]
BtnLevel                0x2400'0230     0x4  Data  Gb  peref.o [6]
BtnTout                 0x2400'022c     0x4  Data  Gb  peref.o [6]
BusFault_Handler         0x801'9817     0x2  Code  Gb  stm32h7xx_it.o [2]
ByteToStr                0x800'b159    0x1e  Code  Gb  add_ValueConv.o [2]
CAN1RxMsg               0x2400'2bb8     0x1  Data  Gb  CMS58M.o [6]
CAN1TxMsg               0x2400'2bb9     0x1  Data  Gb  CMS58M.o [6]
CPU_led_timer           0x2400'2bb0     0x4  Data  Gb  stm32h7xx_it.o [2]
CSTACK$$Base            0x2400'2bc0           --   Gb  - Linker created -
CSTACK$$Limit           0x2400'6bc0           --   Gb  - Linker created -
CalcBufCRC               0x801'47c7    0x2a  Code  Gb  drv_modbus.o [3]
CalcCRC                  0x801'47a1    0x26  Code  Gb  drv_modbus.o [3]
CalcClbCycle             0x800'ff97    0x70  Code  Gb  peref_Calibs.o [6]
CalcClbGearInv           0x800'fc9d    0x14  Code  Gb  peref_Calibs.o [6]
CalcClbGearRev           0x800'fcb1    0x18  Code  Gb  peref_Calibs.o [6]
CalcTout                 0x801'47f1    0x1c  Code  Gb  drv_modbus.o [3]
ChangeCoordinate         0x800'a311   0x194  Code  Lc  core_Menu.o [4]
CheckRange               0x800'b059    0x22  Code  Gb  add_ValueConv.o [2]
CheckStatus              0x800'ff7b    0x1c  Code  Lc  peref_Calibs.o [6]
Cms58mConfig             0x800'f9d5    0x2c  Code  Gb  CMS58M.o [6]
Cms58mInir               0x800'f9b1    0x24  Code  Gb  CMS58M.o [6]
Cms58mRxHandler          0x800'fa0f    0x2c  Code  Gb  CMS58M.o [6]
Cms58mStart              0x800'fa01     0xe  Code  Gb  CMS58M.o [6]
Comm_50HzCalc            0x801'3fb9     0x2  Code  Gb  comm.o [3]
Comm_CommandUpdate       0x801'3fbb     0x2  Code  Gb  comm.o [3]
Comm_Init                0x801'3fa5     0x2  Code  Gb  comm.o [3]
Comm_Update              0x801'3fa7     0xc  Code  Gb  comm.o [3]
Core_CalibControl        0x801'2b39   0x148  Code  Gb  g_Core.o [4]
Core_CalibStop           0x801'2a97    0x9a  Code  Gb  g_Core.o [4]
Core_ControlMode         0x801'2ffd    0x32  Code  Gb  g_Core.o [4]
Core_Init                0x801'2911   0x186  Code  Gb  g_Core.o [4]
Core_MENU_Display        0x800'9b11    0x88  Code  Gb  core_Menu.o [4]
Core_MenuInit            0x800'9779   0x336  Code  Gb  core_Menu.o [4]
Core_MenuReadDcr         0x800'aba9    0x6e  Code  Gb  core_Menu.o [4]
Core_MenuUpdate          0x800'9ac5    0x4c  Code  Gb  core_Menu.o [4]
Core_Protections18kHzUpdate
                         0x801'7bdb    0x60  Code  Gb  core_Protections.o [4]
Core_Protections50HZUpdate
                         0x801'7bcb    0x10  Code  Gb  core_Protections.o [4]
Core_ProtectionsClear    0x801'7bb9    0x12  Code  Gb  core_Protections.o [4]
Core_ProtectionsEnable   0x801'7b8b    0x2e  Code  Gb  core_Protections.o [4]
Core_ProtectionsEnable::State
                        0x2400'2bba     0x1  Data  Lc  core_Protections.o [4]
Core_ProtectionsInit     0x801'7b85     0x6  Code  Gb  core_Protections.o [4]
Core_SetDeff             0x800'acd3    0xd4  Code  Gb  core_Menu.o [4]
Core_ValveDriveInit      0x801'7c49    0x96  Code  Gb  core_VlvDrvCtrl.o [4]
Core_ValveDriveMove      0x801'7d43    0x94  Code  Gb  core_VlvDrvCtrl.o [4]
Core_ValveDriveStop      0x801'7cdf    0x34  Code  Gb  core_VlvDrvCtrl.o [4]
Core_ValveDriveUpdate    0x801'7d13    0x30  Code  Gb  core_VlvDrvCtrl.o [4]
CrcTable                0x2400'1ed0   0x200  Data  Gb  drv_modbus.o [3]
CyclicTimer              0x801'9bd0     0x8  Data  Gb  CMS58M.o [6]
D1CorePrescTable         0x801'9bb0    0x10  Data  Gb  system_stm32h7xx.o [8]
DAC_on_off              0x2400'0591     0x1  Data  Gb  peref.o [6]
DAC_tmp                 0x2400'2b84     0x4  Data  Gb  peref.o [6]
DAC_tmp_16              0x2400'2bb6     0x2  Data  Gb  peref.o [6]
DISPL_AddSymb            0x800'f215    0x36  Code  Gb  peref_display.o [6]
DISPL_Update             0x800'f1e7    0x2e  Code  Gb  peref_display.o [6]
DISPL_init               0x800'f16d    0x3e  Code  Gb  peref_display.o [6]
DLCtoBytes               0x801'9ba0    0x10  Data  Lc  stm32h7xx_hal_fdcan.o [9]
DMA1_Stream1_IRQHandler
                         0x801'9829     0xa  Code  Gb  stm32h7xx_it.o [2]
DMA1_Stream3_IRQHandler
                         0x801'9833     0xa  Code  Gb  stm32h7xx_it.o [2]
DMA_CalcBaseAndBitshift
                         0x800'710b    0xd2  Code  Lc  stm32h7xx_hal_dma.o [9]
DMA_CalcBaseAndBitshift{1}{2}::flagBitshiftOffset
                         0x801'9be0     0x8  Data  Lc  stm32h7xx_hal_dma.o [9]
DMA_CalcDMAMUXChannelBaseAndMask
                         0x800'729b    0xac  Code  Lc  stm32h7xx_hal_dma.o [9]
DMA_CalcDMAMUXRequestGenBaseAndMask
                         0x800'7347    0x80  Code  Lc  stm32h7xx_hal_dma.o [9]
DMA_CheckFifoParam       0x800'7201    0x9a  Code  Lc  stm32h7xx_hal_dma.o [9]
DMA_SetConfig            0x800'6ea5   0x266  Code  Lc  stm32h7xx_hal_dma.o [9]
DateSeparator           0x2400'058f     0x1  Data  Gb  add_ValueConv.o [2]
DateToStr                0x800'b19f    0x3e  Code  Gb  add_ValueConv.o [2]
DebugMon_Handler         0x801'981d     0x2  Code  Gb  stm32h7xx_it.o [2]
DecToStr                 0x800'b07b    0xde  Code  Gb  add_ValueConv.o [2]
DefineBit                0x800'a63d    0x5c  Code  Gb  core_Menu.o [4]
DisplayOff               0x800'f287    0x34  Code  Gb  peref_display.o [6]
DisplayOn                0x800'f2bb    0xc4  Code  Gb  peref_display.o [6]
DisplayPutText           0x800'f37f    0x60  Code  Gb  peref_display.o [6]
DisplayRestart           0x800'f24b    0x3c  Code  Gb  peref_display.o [6]
DisplayStart             0x800'f4bf    0x2c  Code  Gb  peref_display.o [6]
DriveClose               0x801'8099    0x92  Code  Gb  core_VlvDrvCtrl.o [4]
DriveOpen                0x801'812b    0x98  Code  Gb  core_VlvDrvCtrl.o [4]
DriveStop                0x801'8089    0x10  Code  Gb  core_VlvDrvCtrl.o [4]
DynBreakMode             0x801'3109    0x68  Code  Lc  g_Core.o [4]
EditBin                  0x800'a2f3    0x1e  Code  Gb  core_Menu.o [4]
EditDate                 0x800'a1a1   0x152  Code  Gb  core_Menu.o [4]
EditDec                  0x800'9e6d   0x186  Code  Gb  core_Menu.o [4]
EditParam                0x800'9d6f    0xfe  Code  Gb  core_Menu.o [4]
EditStr                  0x800'9ff3    0xe0  Code  Gb  core_Menu.o [4]
EditTime                 0x800'a0d3    0xce  Code  Gb  core_Menu.o [4]
Eeprom1                 0x2400'29cc    0x34  Data  Gb  g_Core.o [4]
EnableEdit               0x800'ac9f    0x34  Code  Gb  core_Menu.o [4]
EncodeData               0x800'f4a3    0x1c  Code  Gb  peref_display.o [6]
Error_Handler            0x800'f169     0x4  Code  Gb  main.o [2]
FDCANStatus             0x2400'2a00    0x2c  Data  Gb  peref.o [6]
FDCAN_CalcultateRamBlockAddresses
                         0x801'076d   0x208  Code  Lc  stm32h7xx_hal_fdcan.o [9]
FDCAN_CopyMessageToRAM   0x801'0975    0x9a  Code  Lc  stm32h7xx_hal_fdcan.o [9]
FDCANerrCount           0x2400'2ac4    0x10  Data  Gb  peref.o [6]
FM25V10_Init             0x800'b52d    0x3e  Code  Gb  stat_fm25v10.o [7]
FM25V10_ReadByte         0x800'b6d5    0x58  Code  Gb  stat_fm25v10.o [7]
FM25V10_ReadSN           0x800'b7a7    0x3e  Code  Gb  stat_fm25v10.o [7]
FM25V10_ReadStatus       0x800'b699    0x3c  Code  Gb  stat_fm25v10.o [7]
FM25V10_Update           0x800'b56b   0x12e  Code  Gb  stat_fm25v10.o [7]
FM25V10_WriteByte        0x800'b72d    0x4e  Code  Gb  stat_fm25v10.o [7]
FM25V10_WriteEnable      0x800'b77b    0x2c  Code  Gb  stat_fm25v10.o [7]
Flag                    0x2400'2bbb     0x1  Data  Gb  core_VlvDrvCtrl.o [4]
FloatPositive           0x2400'058d     0x1  Data  Gb  add_ValueConv.o [2]
FloatSeparator          0x2400'058c     0x1  Data  Gb  add_ValueConv.o [2]
GenCrcTable              0x801'4759    0x48  Code  Gb  drv_modbus.o [3]
GetActiveControls        0x801'7dd7    0xf6  Code  Gb  core_VlvDrvCtrl.o [4]
HAL_ADCEx_EndOfSamplingCallback
                         0x801'7b73     0x2  Code  Gb  stm32h7xx_hal_adc_ex.o [9]
HAL_ADCEx_InjectedConvCpltCallback
                         0x801'7b77     0x2  Code  Gb  stm32h7xx_hal_adc_ex.o [9]
HAL_ADCEx_InjectedQueueOverflowCallback
                         0x801'7b81     0x2  Code  Gb  stm32h7xx_hal_adc_ex.o [9]
HAL_ADCEx_LevelOutOfWindow2Callback
                         0x801'7b7b     0x2  Code  Gb  stm32h7xx_hal_adc_ex.o [9]
HAL_ADCEx_LevelOutOfWindow3Callback
                         0x801'7b7d     0x2  Code  Gb  stm32h7xx_hal_adc_ex.o [9]
HAL_ADCEx_MultiModeConfigChannel
                         0x801'5d6b   0x148  Code  Gb  stm32h7xx_hal_adc_ex.o [9]
HAL_ADC_ConfigChannel    0x801'2139   0x4a6  Code  Gb  stm32h7xx_hal_adc.o [9]
HAL_ADC_ConvCpltCallback
                         0x801'7b75     0x2  Code  Gb  stm32h7xx_hal_adc.o [9]
HAL_ADC_ConvHalfCpltCallback
                         0x801'7b83     0x2  Code  Gb  stm32h7xx_hal_adc.o [9]
HAL_ADC_ErrorCallback    0x801'7b7f     0x2  Code  Gb  stm32h7xx_hal_adc.o [9]
HAL_ADC_IRQHandler       0x801'1e19   0x31a  Code  Gb  stm32h7xx_hal_adc.o [9]
HAL_ADC_Init             0x801'1a53   0x27e  Code  Gb  stm32h7xx_hal_adc.o [9]
HAL_ADC_LevelOutOfWindowCallback
                         0x801'7b79     0x2  Code  Gb  stm32h7xx_hal_adc.o [9]
HAL_ADC_MspInit          0x801'0e13   0x268  Code  Gb  stm32h7xx_hal_msp.o [2]
HAL_ADC_Start_DMA        0x801'1cdd   0x112  Code  Gb  stm32h7xx_hal_adc.o [9]
HAL_DMA_Abort            0x800'5b09   0x47c  Code  Gb  stm32h7xx_hal_dma.o [9]
HAL_DMA_Abort_IT         0x800'5fe1   0x39e  Code  Gb  stm32h7xx_hal_dma.o [9]
HAL_DMA_IRQHandler       0x800'63e5   0xa7a  Code  Gb  stm32h7xx_hal_dma.o [9]
HAL_DMA_Init             0x800'517d   0x532  Code  Gb  stm32h7xx_hal_dma.o [9]
HAL_DMA_Start_IT         0x800'5719   0x3ea  Code  Gb  stm32h7xx_hal_dma.o [9]
HAL_FDCAN_AddMessageToTxBuffer
                         0x801'045b    0x8e  Code  Gb  stm32h7xx_hal_fdcan.o [9]
HAL_FDCAN_AddMessageToTxFifoQ
                         0x801'03d3    0x88  Code  Gb  stm32h7xx_hal_fdcan.o [9]
HAL_FDCAN_EnableTxBufferRequest
                         0x801'04e9    0x24  Code  Gb  stm32h7xx_hal_fdcan.o [9]
HAL_FDCAN_GetErrorCounters
                         0x801'0745    0x22  Code  Gb  stm32h7xx_hal_fdcan.o [9]
HAL_FDCAN_GetProtocolStatus
                         0x801'06f9    0x4c  Code  Gb  stm32h7xx_hal_fdcan.o [9]
HAL_FDCAN_GetRxMessage   0x801'050d   0x1e6  Code  Gb  stm32h7xx_hal_fdcan.o [9]
HAL_FDCAN_Init           0x801'00c1   0x2d8  Code  Gb  stm32h7xx_hal_fdcan.o [9]
HAL_FDCAN_MspInit        0x801'107b    0xa2  Code  Gb  stm32h7xx_hal_msp.o [2]
HAL_FDCAN_Start          0x801'039d    0x36  Code  Gb  stm32h7xx_hal_fdcan.o [9]
HAL_GPIO_DeInit          0x800'ced3   0x17c  Code  Gb  stm32h7xx_hal_gpio.o [9]
HAL_GPIO_Init            0x800'cca1   0x232  Code  Gb  stm32h7xx_hal_gpio.o [9]
HAL_GPIO_ReadPin         0x800'd04f    0x16  Code  Gb  stm32h7xx_hal_gpio.o [9]
HAL_GPIO_TogglePin       0x800'd07f    0x1a  Code  Gb  stm32h7xx_hal_gpio.o [9]
HAL_GPIO_WritePin        0x800'd065    0x1a  Code  Gb  stm32h7xx_hal_gpio.o [9]
HAL_GetREVID             0x801'186b     0xa  Code  Gb  stm32h7xx_hal.o [9]
HAL_GetTick              0x800'7451     0xc  Code  Gb  stm32h7xx_hal.o [9]
HAL_HRTIM_Init           0x801'5ecd   0x126  Code  Gb  stm32h7xx_hal_hrtim.o [9]
HAL_HRTIM_MspInit        0x801'111d    0x56  Code  Gb  stm32h7xx_hal_msp.o [2]
HAL_HRTIM_MspPostInit    0x801'1173    0x5e  Code  Gb  stm32h7xx_hal_msp.o [2]
HAL_HRTIM_SimplePWMStart
                         0x801'6039    0x4e  Code  Gb  stm32h7xx_hal_hrtim.o [9]
HAL_HRTIM_TimeBaseConfig
                         0x801'5ff3    0x3c  Code  Gb  stm32h7xx_hal_hrtim.o [9]
HAL_HRTIM_WaveformCompareConfig
                         0x801'6125   0x236  Code  Gb  stm32h7xx_hal_hrtim.o [9]
HAL_HRTIM_WaveformOutputConfig
                         0x801'635b    0x4a  Code  Gb  stm32h7xx_hal_hrtim.o [9]
HAL_HRTIM_WaveformTimerConfig
                         0x801'608d    0x98  Code  Gb  stm32h7xx_hal_hrtim.o [9]
HAL_IncTick              0x801'9905    0x18  Code  Gb  stm32h7xx_hal.o [9]
HAL_Init                 0x801'180d    0x5e  Code  Gb  stm32h7xx_hal.o [9]
HAL_InitTick             0x800'9591    0x58  Code  Gb  stm32h7xx_hal.o [9]
HAL_MspInit              0x801'0dc9    0x4a  Code  Gb  stm32h7xx_hal_msp.o [2]
HAL_NVIC_DisableIRQ      0x800'973b     0xe  Code  Gb  stm32h7xx_hal_cortex.o [9]
HAL_NVIC_EnableIRQ       0x800'972d     0xe  Code  Gb  stm32h7xx_hal_cortex.o [9]
HAL_NVIC_SetPriority     0x800'9709    0x24  Code  Gb  stm32h7xx_hal_cortex.o [9]
HAL_NVIC_SetPriorityGrouping
                         0x800'96fd     0xc  Code  Gb  stm32h7xx_hal_cortex.o [9]
HAL_PWREx_ConfigSupply   0x801'55a5    0x5c  Code  Gb  stm32h7xx_hal_pwr_ex.o [9]
HAL_PWR_EnableBkUpAccess
                         0x801'5609     0xe  Code  Gb  stm32h7xx_hal_pwr.o [9]
HAL_RCCEx_GetD3PCLK1Freq
                         0x800'8615    0x1e  Code  Gb  stm32h7xx_hal_rcc_ex.o [9]
HAL_RCCEx_GetPLL1ClockFreq
                         0x800'8acd   0x22c  Code  Gb  stm32h7xx_hal_rcc_ex.o [9]
HAL_RCCEx_GetPLL2ClockFreq
                         0x800'8635   0x226  Code  Gb  stm32h7xx_hal_rcc_ex.o [9]
HAL_RCCEx_GetPLL3ClockFreq
                         0x800'887d   0x226  Code  Gb  stm32h7xx_hal_rcc_ex.o [9]
HAL_RCCEx_GetPeriphCLKFreq
                         0x800'7f8d   0x688  Code  Gb  stm32h7xx_hal_rcc_ex.o [9]
HAL_RCCEx_PeriphCLKConfig
                         0x800'745d   0xb0c  Code  Gb  stm32h7xx_hal_rcc_ex.o [9]
HAL_RCC_ClockConfig      0x800'8f9d   0x306  Code  Gb  stm32h7xx_hal_rcc.o [9]
HAL_RCC_GetHCLKFreq      0x800'94cb    0x3c  Code  Gb  stm32h7xx_hal_rcc.o [9]
HAL_RCC_GetPCLK1Freq     0x800'9507    0x1a  Code  Gb  stm32h7xx_hal_rcc.o [9]
HAL_RCC_GetPCLK2Freq     0x800'9521    0x1a  Code  Gb  stm32h7xx_hal_rcc.o [9]
HAL_RCC_GetSysClockFreq
                         0x800'92a5   0x226  Code  Gb  stm32h7xx_hal_rcc.o [9]
HAL_RCC_OscConfig        0x801'561d   0x73c  Code  Gb  stm32h7xx_hal_rcc.o [9]
HAL_RTC_GetDate          0x801'0c55    0x52  Code  Gb  stm32h7xx_hal_rtc.o [9]
HAL_RTC_GetTime          0x801'0b23    0x66  Code  Gb  stm32h7xx_hal_rtc.o [9]
HAL_RTC_SetDate          0x801'0b89    0xcc  Code  Gb  stm32h7xx_hal_rtc.o [9]
HAL_RTC_SetTime          0x801'0a2d    0xf6  Code  Gb  stm32h7xx_hal_rtc.o [9]
HAL_RTC_WaitForSynchro   0x801'0ca7    0x34  Code  Gb  stm32h7xx_hal_rtc.o [9]
HAL_SPI_DeInit           0x800'd253    0x3a  Code  Gb  stm32h7xx_hal_spi.o [9]
HAL_SPI_ErrorCallback    0x801'1805     0x2  Code  Gb  stm32h7xx_hal_spi.o [9]
HAL_SPI_IRQHandler       0x800'dc5d   0x28c  Code  Gb  stm32h7xx_hal_spi.o [9]
HAL_SPI_Init             0x800'd0d1   0x182  Code  Gb  stm32h7xx_hal_spi.o [9]
HAL_SPI_MspDeInit        0x801'134d    0x6a  Code  Gb  stm32h7xx_hal_msp.o [2]
HAL_SPI_MspInit          0x801'11d1   0x17c  Code  Gb  stm32h7xx_hal_msp.o [2]
HAL_SPI_Receive          0x800'd549   0x2c2  Code  Gb  stm32h7xx_hal_spi.o [9]
HAL_SPI_RxCpltCallback   0x801'1809     0x2  Code  Gb  stm32h7xx_hal_spi.o [9]
HAL_SPI_Transmit         0x800'd28d   0x2bc  Code  Gb  stm32h7xx_hal_spi.o [9]
HAL_SPI_TransmitReceive
                         0x800'd80b   0x444  Code  Gb  stm32h7xx_hal_spi.o [9]
HAL_SPI_TxCpltCallback   0x801'180b     0x2  Code  Gb  stm32h7xx_hal_spi.o [9]
HAL_SPI_TxRxCpltCallback
                         0x801'1807     0x2  Code  Gb  stm32h7xx_hal_spi.o [9]
HAL_SYSCFG_DisableVREFBUF
                         0x801'1889    0x12  Code  Gb  stm32h7xx_hal.o [9]
HAL_SYSCFG_VREFBUF_HighImpedanceConfig
                         0x801'1875    0x14  Code  Gb  stm32h7xx_hal.o [9]
HAL_SYSTICK_Config       0x800'9749     0xc  Code  Gb  stm32h7xx_hal_cortex.o [9]
HAL_TIMEx_Break2Callback
                         0x801'842f     0x2  Code  Gb  stm32h7xx_hal_tim_ex.o [9]
HAL_TIMEx_BreakCallback
                         0x801'842d     0x2  Code  Gb  stm32h7xx_hal_tim_ex.o [9]
HAL_TIMEx_CommutCallback
                         0x801'8433     0x2  Code  Gb  stm32h7xx_hal_tim_ex.o [9]
HAL_TIMEx_ConfigBreakDeadTime
                         0x801'69ad    0x94  Code  Gb  stm32h7xx_hal_tim_ex.o [9]
HAL_TIMEx_MasterConfigSynchronization
                         0x801'690f    0x9e  Code  Gb  stm32h7xx_hal_tim_ex.o [9]
HAL_TIMEx_PWMN_Start     0x801'6789    0xea  Code  Gb  stm32h7xx_hal_tim_ex.o [9]
HAL_TIMEx_PWMN_Stop      0x801'6881    0x8e  Code  Gb  stm32h7xx_hal_tim_ex.o [9]
HAL_TIM_Base_Init        0x801'4885    0x7a  Code  Gb  stm32h7xx_hal_tim.o [9]
HAL_TIM_Base_MspInit     0x801'13b7    0x66  Code  Gb  stm32h7xx_hal_msp.o [2]
HAL_TIM_Base_Start       0x801'48ff    0x8c  Code  Gb  stm32h7xx_hal_tim.o [9]
HAL_TIM_Base_Start_IT    0x801'498b    0x98  Code  Gb  stm32h7xx_hal_tim.o [9]
HAL_TIM_ConfigClockSource
                         0x801'5017   0x112  Code  Gb  stm32h7xx_hal_tim.o [9]
HAL_TIM_IC_CaptureCallback
                         0x801'8425     0x2  Code  Gb  stm32h7xx_hal_tim.o [9]
HAL_TIM_IRQHandler       0x801'4d29   0x194  Code  Gb  stm32h7xx_hal_tim.o [9]
HAL_TIM_MspPostInit      0x801'141d    0x5e  Code  Gb  stm32h7xx_hal_msp.o [2]
HAL_TIM_OC_DelayElapsedCallback
                         0x801'8427     0x2  Code  Gb  stm32h7xx_hal_tim.o [9]
HAL_TIM_PWM_ConfigChannel
                         0x801'4ebd   0x15a  Code  Gb  stm32h7xx_hal_tim.o [9]
HAL_TIM_PWM_Init         0x801'4a41    0x7a  Code  Gb  stm32h7xx_hal_tim.o [9]
HAL_TIM_PWM_MspInit      0x801'8423     0x2  Code  Gb  stm32h7xx_hal_tim.o [9]
HAL_TIM_PWM_PulseFinishedCallback
                         0x801'8429     0x2  Code  Gb  stm32h7xx_hal_tim.o [9]
HAL_TIM_PWM_Start        0x801'4abb   0x15e  Code  Gb  stm32h7xx_hal_tim.o [9]
HAL_TIM_PWM_Stop         0x801'4c19    0xe8  Code  Gb  stm32h7xx_hal_tim.o [9]
HAL_TIM_PeriodElapsedCallback
                         0x801'842b     0x2  Code  Gb  stm32h7xx_hal_tim.o [9]
HAL_TIM_TriggerCallback
                         0x801'8431     0x2  Code  Gb  stm32h7xx_hal_tim.o [9]
HAL_UARTEx_DisableFifoMode
                         0x801'79e9    0x46  Code  Gb  stm32h7xx_hal_uart_ex.o [9]
HAL_UARTEx_RxEventCallback
                         0x801'8437     0x2  Code  Gb  stm32h7xx_hal_uart.o [9]
HAL_UARTEx_RxFifoFullCallback
                         0x801'843d     0x2  Code  Gb  stm32h7xx_hal_uart_ex.o [9]
HAL_UARTEx_SetRxFifoThreshold
                         0x801'7a85    0x56  Code  Gb  stm32h7xx_hal_uart_ex.o [9]
HAL_UARTEx_SetTxFifoThreshold
                         0x801'7a2f    0x56  Code  Gb  stm32h7xx_hal_uart_ex.o [9]
HAL_UARTEx_TxFifoEmptyCallback
                         0x801'843b     0x2  Code  Gb  stm32h7xx_hal_uart_ex.o [9]
HAL_UARTEx_WakeupCallback
                         0x801'8439     0x2  Code  Gb  stm32h7xx_hal_uart_ex.o [9]
HAL_UART_DeInit          0x801'6afb    0x56  Code  Gb  stm32h7xx_hal_uart.o [9]
HAL_UART_ErrorCallback   0x801'8435     0x2  Code  Gb  stm32h7xx_hal_uart.o [9]
HAL_UART_IRQHandler      0x801'6c09   0x3c0  Code  Gb  stm32h7xx_hal_uart.o [9]
HAL_UART_Init            0x801'6a7d    0x7e  Code  Gb  stm32h7xx_hal_uart.o [9]
HAL_UART_MspDeInit       0x801'16ed    0xa6  Code  Gb  stm32h7xx_hal_msp.o [2]
HAL_UART_MspInit         0x801'147b   0x272  Code  Gb  stm32h7xx_hal_msp.o [2]
HAL_UART_Transmit_IT     0x801'6b51    0xb8  Code  Gb  stm32h7xx_hal_uart.o [9]
HAL_UART_TxCpltCallback
                         0x801'8671     0x2  Code  Gb  stm32h7xx_hal_uart.o [9]
HRTIM_ForceRegistersUpdate
                         0x801'6705    0x82  Code  Lc  stm32h7xx_hal_hrtim.o [9]
HRTIM_MasterBase_Config
                         0x801'63a5    0x2a  Code  Lc  stm32h7xx_hal_hrtim.o [9]
HRTIM_MasterWaveform_Config
                         0x801'6421    0x5c  Code  Lc  stm32h7xx_hal_hrtim.o [9]
HRTIM_OutputConfig       0x801'6615    0xf0  Code  Lc  stm32h7xx_hal_hrtim.o [9]
HRTIM_TimingUnitBase_Config
                         0x801'63cf    0x52  Code  Lc  stm32h7xx_hal_hrtim.o [9]
HRTIM_TimingUnitWaveform_Config
                         0x801'647d   0x198  Code  Lc  stm32h7xx_hal_hrtim.o [9]
HardFault_Handler        0x801'9813     0x2  Code  Gb  stm32h7xx_it.o [2]
IDC                     0x2400'2b14     0x4  Data  Gb  g_Core.o [4]
Icons                   0x2400'0484    0x24  Data  Gb  peref.o [6]
InterruptUpdate          0x801'94d9   0x1fc  Code  Gb  g_InterruptUpdate.o [5]
InvCtrlTimer            0x2400'2b0c     0x4  Data  Gb  g_Core.o [4]
LL_ADC_DisableDeepPowerDown
                         0x801'19e7     0xc  Code  Lc  stm32h7xx_hal_adc.o [9]
LL_ADC_Enable            0x801'1a17    0x10  Code  Lc  stm32h7xx_hal_adc.o [9]
LL_ADC_EnableInternalRegulator
                         0x801'19fd    0x10  Code  Lc  stm32h7xx_hal_adc.o [9]
LL_ADC_GetCommonPathInternalCh
                         0x801'18cd     0x8  Code  Lc  stm32h7xx_hal_adc.o [9]
LL_ADC_GetMultiDMATransfer
                         0x801'19df     0x8  Code  Lc  stm32h7xx_hal_adc.o [9]
LL_ADC_GetMultimode      0x801'19d7     0x8  Code  Lc  stm32h7xx_hal_adc.o [9]
LL_ADC_INJ_IsConversionOngoing
                         0x801'1a49     0xa  Code  Lc  stm32h7xx_hal_adc.o [9]
LL_ADC_INJ_IsTriggerSourceSWStart
                         0x801'196d    0x10  Code  Lc  stm32h7xx_hal_adc.o [9]
LL_ADC_IsDeepPowerDownEnabled
                         0x801'19f3     0xa  Code  Lc  stm32h7xx_hal_adc.o [9]
LL_ADC_IsEnabled         0x801'1a27     0x8  Code  Lc  stm32h7xx_hal_adc.o [9]
LL_ADC_IsEnabled         0x801'5d59     0x8  Code  Lc  stm32h7xx_hal_adc_ex.o [9]
LL_ADC_IsInternalRegulatorEnabled
                         0x801'1a0d     0xa  Code  Lc  stm32h7xx_hal_adc.o [9]
LL_ADC_REG_IsConversionOngoing
                         0x801'1a3f     0xa  Code  Lc  stm32h7xx_hal_adc.o [9]
LL_ADC_REG_IsConversionOngoing
                         0x801'5d61     0xa  Code  Lc  stm32h7xx_hal_adc_ex.o [9]
LL_ADC_REG_IsTriggerSourceSWStart
                         0x801'1923    0x10  Code  Lc  stm32h7xx_hal_adc.o [9]
LL_ADC_REG_SetDataTransferMode
                         0x801'1961     0xc  Code  Lc  stm32h7xx_hal_adc.o [9]
LL_ADC_REG_SetSequencerRanks
                         0x801'1933    0x2e  Code  Lc  stm32h7xx_hal_adc.o [9]
LL_ADC_REG_StartConversion
                         0x801'1a2f    0x10  Code  Lc  stm32h7xx_hal_adc.o [9]
LL_ADC_SetChannelSamplingTime
                         0x801'197d    0x34  Code  Lc  stm32h7xx_hal_adc.o [9]
LL_ADC_SetChannelSingleDiff
                         0x801'19b1    0x26  Code  Lc  stm32h7xx_hal_adc.o [9]
LL_ADC_SetCommonClock    0x801'18b5     0xc  Code  Lc  stm32h7xx_hal_adc.o [9]
LL_ADC_SetCommonPathInternalCh
                         0x801'18c1     0xc  Code  Lc  stm32h7xx_hal_adc.o [9]
LL_ADC_SetDataRightShift
                         0x801'18f3    0x18  Code  Lc  stm32h7xx_hal_adc.o [9]
LL_ADC_SetOffset         0x801'18d5    0x1e  Code  Lc  stm32h7xx_hal_adc.o [9]
LL_ADC_SetOffsetSignedSaturation
                         0x801'190b    0x18  Code  Lc  stm32h7xx_hal_adc.o [9]
LogInputCalc             0x800'c495   0x12c  Code  Gb  peref.o [6]
MCP23S17_init            0x800'c83d    0x14  Code  Gb  peref.o [6]
MCP23S17_read            0x800'c7cd    0x50  Code  Gb  peref.o [6]
MCP23S17_update          0x800'c851    0x1a  Code  Gb  peref.o [6]
MCP23S17_write           0x800'c791    0x3c  Code  Gb  peref.o [6]
MX_ADC1_Init             0x800'e309   0x18a  Code  Lc  main.o [2]
MX_ADC3_Init             0x800'e493   0x12a  Code  Lc  main.o [2]
MX_DMA_Init              0x800'ee19    0x3c  Code  Lc  main.o [2]
MX_FDCAN2_Init           0x800'e5bd    0xf6  Code  Lc  main.o [2]
MX_GPIO_Init             0x800'ee85   0x250  Code  Lc  main.o [2]
MX_HRTIM_Init            0x800'e6b3   0x14c  Code  Lc  main.o [2]
MX_SPI1_Init             0x800'e7ff    0xce  Code  Lc  main.o [2]
MX_SPI6_Init             0x800'e8cd    0xd0  Code  Lc  main.o [2]
MX_TIM1_Init             0x800'e99d   0x16e  Code  Lc  main.o [2]
MX_TIM2_Init             0x800'eb0b    0x84  Code  Lc  main.o [2]
MX_UART4_Init            0x800'eb8f    0xa4  Code  Lc  main.o [2]
MX_UART5_Init            0x800'ec33    0x86  Code  Lc  main.o [2]
MX_UART8_Init            0x800'ecb9    0xa4  Code  Lc  main.o [2]
MX_USART3_UART_Init      0x800'ed6d    0x9e  Code  Lc  main.o [2]
MbConnect               0x2400'2bbc     0x1  Data  Gb  drv_modbus.o [3]
MbTmpData               0x2400'1710    0x64  Data  Gb  drv_modbus.o [3]
MbTxCtrl                 0x801'482d    0x12  Code  Gb  drv_modbus.o [3]
MemManage_Handler        0x801'9815     0x2  Code  Gb  stm32h7xx_it.o [2]
ModBusRecieve            0x801'437b   0x1de  Code  Gb  drv_modbus.o [3]
ModBusReset              0x801'419f   0x196  Code  Lc  drv_modbus.o [3]
ModBusSetup              0x801'4137    0x68  Code  Gb  drv_modbus.o [3]
ModFault                0x2400'0028     0x4  Data  Gb  g_Core.o [4]
ModuleTemper            0x2400'2b10     0x4  Data  Gb  g_Core.o [4]
MoveMode                 0x801'3051    0xb8  Code  Lc  g_Core.o [4]
MpuControl               0x801'7f11    0x78  Code  Gb  core_VlvDrvCtrl.o [4]
NMI_Handler              0x801'9811     0x2  Code  Gb  stm32h7xx_it.o [2]
NVIC_EncodePriority      0x800'968b    0x42  Code  Lc  stm32h7xx_hal_cortex.o [9]
OutVolt                 0x2400'2b08     0x4  Data  Gb  g_Core.o [4]
OutputQ15               0x2400'2b38     0x4  Data  Gb  g_Core.o [4]
PFUNC_blkRead            0x800'b229    0x1e  Code  Gb  add_ValueConv.o [2]
PFUNC_wordRead           0x800'b247     0x4  Code  Gb  add_ValueConv.o [2]
PWMPreScale             0x2400'001c     0x4  Data  Gb  g_Core.o [4]
PWM_keys_disable         0x801'372f    0x40  Code  Gb  g_Core.o [4]
PWM_keys_enable          0x801'376f    0x40  Code  Gb  g_Core.o [4]
PauseModbus             0x2400'2b64     0x4  Data  Gb  main.o [2]
PendSV_Handler           0x801'981f     0x2  Code  Gb  stm32h7xx_it.o [2]
Peref_CalibInit          0x800'fc15    0x88  Code  Gb  peref_Calibs.o [6]
Peref_CalibUpdate        0x800'fdc9   0x1b2  Code  Gb  peref_Calibs.o [6]
Peref_Calibration        0x800'fcc9   0x100  Code  Gb  peref_Calibs.o [6]
Peref_SensObserverInit   0x800'f581    0x48  Code  Gb  peref_SensObserver.o [6]
Peref_SensObserverUpdate
                         0x800'f5c9   0x232  Code  Gb  peref_SensObserver.o [6]
Peref_SinObserverInitFloat
                         0x800'f849    0x10  Code  Gb  peref_SinObserver.o [6]
Peref_SinObserverUpdateFloat
                         0x800'f859    0x98  Code  Gb  peref_SinObserver.o [6]
Peref_SpeedCalc          0x801'0007    0x78  Code  Gb  peref_Calibs.o [6]
Peref_SpeedCalc::RevPrev
                        0x2400'04b0     0x4  Data  Lc  peref_Calibs.o [6]
Peref_SpeedCalc::Timer  0x2400'2ba8     0x4  Data  Lc  peref_Calibs.o [6]
PeriphCommonClock_Config
                         0x800'e2bb    0x4e  Code  Gb  main.o [2]
PutChar                  0x800'f1c9    0x1e  Code  Gb  peref_display.o [6]
PutComm                  0x800'f1ab    0x1e  Code  Gb  peref_display.o [6]
PutData                  0x800'f459    0x4a  Code  Lc  peref_display.o [6]
PwmDeltat               0x2400'2b00     0x4  Data  Gb  g_Core.o [4]
PwmFreq                 0x2400'2afc     0x4  Data  Gb  g_Core.o [4]
RCCEx_PLL2_Config        0x800'8d09   0x130  Code  Lc  stm32h7xx_hal_rcc_ex.o [9]
RCCEx_PLL3_Config        0x800'8e41   0x130  Code  Lc  stm32h7xx_hal_rcc_ex.o [9]
RTC_Bcd2ToByte           0x801'0db1    0x16  Code  Gb  stm32h7xx_hal_rtc.o [9]
RTC_ByteToBcd2           0x801'0d95    0x1c  Code  Gb  stm32h7xx_hal_rtc.o [9]
RTC_DefMaxDay            0x800'b297    0x3e  Code  Gb  peref_Clock.o [6]
RTC_EnterInitMode        0x801'0cdb    0x44  Code  Gb  stm32h7xx_hal_rtc.o [9]
RTC_ExitInitMode         0x801'0d1f    0x62  Code  Gb  stm32h7xx_hal_rtc.o [9]
ReStartReadLine          0x801'4335    0x46  Code  Gb  drv_modbus.o [3]
ReWriteParams            0x800'b4e9     0x2  Code  Gb  g_Ram.o [5]
ReadDcrFull              0x800'ab6b    0x3e  Code  Lc  core_Menu.o [4]
ReadRegs                 0x801'4559    0x4a  Code  Lc  drv_modbus.o [3]
ReadWriteAllParams       0x800'aebd    0x9c  Code  Gb  core_Menu.o [4]
ReadWriteEeprom          0x800'b397    0x2e  Code  Gb  stat.o [7]
RefreshParams            0x800'b4eb    0x26  Code  Gb  g_Ram.o [5]
Region$$Table$$Base      0x801'9b04           --   Gb  - Linker created -
Region$$Table$$Limit     0x801'9b24           --   Gb  - Linker created -
RtcControl               0x800'c5c1   0x156  Code  Gb  peref.o [6]
RtcControl::PrevDate    0x2400'2b9c     0x4  Data  Lc  peref.o [6]
RtcControl::PrevTime    0x2400'2b98     0x4  Data  Lc  peref.o [6]
RtcStart                0x2400'2bbd     0x1  Data  Gb  peref.o [6]
RtcUpdateFlag           0x2400'2b68     0x4  Data  Gb  peref.o [6]
RxHeader                0x2400'2a2c    0x28  Data  Gb  CMS58M.o [6]
SPI1_IRQHandler          0x801'9875     0xa  Code  Gb  stm32h7xx_it.o [2]
SPI6_IRQHandler          0x801'98bd     0xa  Code  Gb  stm32h7xx_it.o [2]
SPIReinit                0x800'b7f1   0x12a  Code  Gb  peref.o [6]
SPI_CloseTransfer        0x800'df09    0xce  Code  Lc  stm32h7xx_hal_spi.o [9]
SPI_DMAAbortOnError      0x800'dee9    0x20  Code  Lc  stm32h7xx_hal_spi.o [9]
SPI_GetPacketSize        0x800'e025    0x16  Code  Lc  stm32h7xx_hal_spi.o [9]
SPI_WaitOnFlagUntilTimeout
                         0x800'dfe1    0x44  Code  Lc  stm32h7xx_hal_spi.o [9]
SVC_Handler              0x801'981b     0x2  Code  Gb  stm32h7xx_it.o [2]
SelectGroup              0x800'9c31    0xe0  Code  Gb  core_Menu.o [4]
SelectParam              0x800'9d11    0x5e  Code  Gb  core_Menu.o [4]
SendData                 0x800'f3df    0x78  Code  Lc  peref_display.o [6]
SerialCommInit           0x801'3fbd    0x16  Code  Gb  drv_modbus.o [3]
SerialCommRefresh        0x801'412b     0xc  Code  Gb  drv_modbus.o [3]
SerialCommRxHandler      0x801'3ffb    0x56  Code  Gb  drv_modbus.o [3]
SerialCommTimings        0x801'408b    0xa0  Code  Gb  drv_modbus.o [3]
SerialCommTxHandler      0x801'4051    0x3a  Code  Gb  drv_modbus.o [3]
SerialCommUpdate         0x801'3fd3    0x28  Code  Gb  drv_modbus.o [3]
SetDefaultValues         0x800'ada7   0x114  Code  Gb  core_Menu.o [4]
SetDefaultValues::DefAddr
                        0x2400'2aec     0x4  Data  Lc  core_Menu.o [4]
SetModBusParams          0x800'af59    0x52  Code  Gb  core_Menu.o [4]
ShowGroup                0x800'a4e7   0x138  Code  Lc  core_Menu.o [4]
ShowParam                0x800'aa51    0x38  Code  Lc  core_Menu.o [4]
ShowStart                0x800'a4a5    0x42  Code  Gb  core_Menu.o [4]
ShowValue                0x800'a699   0x3b8  Code  Lc  core_Menu.o [4]
SleepMode                0x800'9b99    0x5a  Code  Gb  core_Menu.o [4]
SpeedEnable             0x2400'2b20     0x4  Data  Gb  g_Core.o [4]
SpeedMax                0x2400'2b1c     0x4  Data  Gb  g_Core.o [4]
SpeedRef                0x2400'2b04     0x4  Data  Gb  g_Core.o [4]
StartDispl               0x800'aa89    0x44  Code  Gb  core_Menu.o [4]
StartMode                0x801'3047     0xa  Code  Lc  g_Core.o [4]
StartPowerControl        0x801'2ef9   0x104  Code  Gb  g_Core.o [4]
StartState               0x800'9bf3    0x3e  Code  Gb  core_Menu.o [4]
StartTimer              0x2400'0024     0x4  Data  Gb  g_Core.o [4]
Stat_Init                0x800'b393     0x4  Code  Gb  stat.o [7]
StopMode                 0x801'302f    0x18  Code  Lc  g_Core.o [4]
StopPowerControl         0x801'2e4f    0xa0  Code  Gb  g_Core.o [4]
StrToDec                 0x800'b1dd    0x3a  Code  Gb  add_ValueConv.o [2]
Symbols                 0x2400'04b4    0x70  Data  Lc  peref_display.o [6]
SysTick_Config           0x800'96cd    0x30  Code  Lc  stm32h7xx_hal_cortex.o [9]
SysTick_Handler          0x801'9821     0x8  Code  Gb  stm32h7xx_it.o [2]
SystemClock_Config       0x800'e1ab   0x110  Code  Gb  main.o [2]
SystemCoreClock         0x2400'0584     0x4  Data  Gb  system_stm32h7xx.o [8]
SystemD2Clock           0x2400'0588     0x4  Data  Gb  system_stm32h7xx.o [8]
SystemInit               0x801'96d5    0xdc  Code  Gb  system_stm32h7xx.o [8]
TIM2_IRQHandler          0x801'9847    0x2e  Code  Gb  stm32h7xx_it.o [2]
TIM_Base_SetConfig       0x801'512b    0xca  Code  Gb  stm32h7xx_hal_tim.o [9]
TIM_CCxChannelCmd        0x801'557f    0x24  Code  Gb  stm32h7xx_hal_tim.o [9]
TIM_CCxNChannelCmd       0x801'6a59    0x24  Code  Lc  stm32h7xx_hal_tim_ex.o [9]
TIM_ETR_SetConfig        0x801'5569    0x16  Code  Gb  stm32h7xx_hal_tim.o [9]
TIM_ITRx_SetConfig       0x801'551f    0x10  Code  Lc  stm32h7xx_hal_tim.o [9]
TIM_OC1_SetConfig        0x801'51f5    0xa0  Code  Lc  stm32h7xx_hal_tim.o [9]
TIM_OC2_SetConfig        0x801'5295    0x92  Code  Gb  stm32h7xx_hal_tim.o [9]
TIM_OC3_SetConfig        0x801'5329    0x8e  Code  Lc  stm32h7xx_hal_tim.o [9]
TIM_OC4_SetConfig        0x801'53b7    0x68  Code  Lc  stm32h7xx_hal_tim.o [9]
TIM_OC5_SetConfig        0x801'541f    0x58  Code  Lc  stm32h7xx_hal_tim.o [9]
TIM_OC6_SetConfig        0x801'5477    0x5a  Code  Lc  stm32h7xx_hal_tim.o [9]
TIM_TI1_ConfigInputStage
                         0x801'54d5    0x24  Code  Lc  stm32h7xx_hal_tim.o [9]
TIM_TI2_ConfigInputStage
                         0x801'54f9    0x26  Code  Lc  stm32h7xx_hal_tim.o [9]
Task10Hz                0x2400'0194    0x84  Data  Gb  g_InterruptUpdate.o [5]
Task18kHz               0x2400'002c    0x30  Data  Gb  g_InterruptUpdate.o [5]
Task200Hz               0x2400'0074    0x30  Data  Gb  g_InterruptUpdate.o [5]
Task2kHz                0x2400'005c    0x18  Data  Gb  g_InterruptUpdate.o [5]
Task50Hz                0x2400'00a4    0xf0  Data  Gb  g_InterruptUpdate.o [5]
TeleControl              0x801'7f89    0xa8  Code  Gb  core_VlvDrvCtrl.o [4]
TempMbFlag              0x2400'2af4     0x4  Data  Gb  drv_modbus.o [3]
TempObserverInit         0x800'cae5    0x2a  Code  Gb  peref.o [6]
TempObserverUpdate       0x800'cb25   0x102  Code  Gb  peref.o [6]
TempObserverUpdate::i   0x2400'2ba4     0x4  Data  Lc  peref.o [6]
TimeSeparator           0x2400'058e     0x1  Data  Gb  add_ValueConv.o [2]
TimeSpeedStop           0x2400'2b28     0x4  Data  Gb  g_Core.o [4]
TimeToStr                0x800'b177    0x28  Code  Gb  add_ValueConv.o [2]
TimerIdxToTimerId       0x2400'056c    0x18  Data  Lc  stm32h7xx_hal_hrtim.o [9]
TimerInterp             0x2400'2b24     0x4  Data  Gb  g_Core.o [4]
TimerPending             0x801'480d    0x1c  Code  Gb  drv_modbus.o [3]
TxHeader                0x2400'2a7c    0x24  Data  Gb  CMS58M.o [6]
UART4_IRQHandler         0x801'987f     0xa  Code  Gb  stm32h7xx_it.o [2]
UART5_IRQHandler         0x801'9889    0x2a  Code  Gb  stm32h7xx_it.o [2]
UART8_IRQHandler         0x801'98b3     0xa  Code  Gb  stm32h7xx_it.o [2]
UARTEx_SetNbDataToProcess
                         0x801'7adb    0x72  Code  Lc  stm32h7xx_hal_uart_ex.o [9]
UARTEx_SetNbDataToProcess::denominator
                         0x801'9bf0     0x8  Data  Lc  stm32h7xx_hal_uart_ex.o [9]
UARTEx_SetNbDataToProcess::numerator
                         0x801'9be8     0x8  Data  Lc  stm32h7xx_hal_uart_ex.o [9]
UARTPrescTable           0x801'9b88    0x18  Data  Gb  stm32h7xx_hal_uart.o [9]
UART_AdvFeatureConfig    0x801'75c9    0xda  Code  Gb  stm32h7xx_hal_uart.o [9]
UART_CheckIdleState      0x801'76a3    0x72  Code  Gb  stm32h7xx_hal_uart.o [9]
UART_DMAAbortOnError     0x801'7849    0x1a  Code  Lc  stm32h7xx_hal_uart.o [9]
UART_EndRxTransfer       0x801'77cf    0x3c  Code  Lc  stm32h7xx_hal_uart.o [9]
UART_EndTransmit_IT      0x801'79bb    0x22  Code  Lc  stm32h7xx_hal_uart.o [9]
UART_SetConfig           0x801'6fe5   0x59e  Code  Gb  stm32h7xx_hal_uart.o [9]
UART_TxISR_16BIT         0x801'78a7    0x4a  Code  Lc  stm32h7xx_hal_uart.o [9]
UART_TxISR_16BIT_FIFOEN
                         0x801'7951    0x6a  Code  Lc  stm32h7xx_hal_uart.o [9]
UART_TxISR_8BIT          0x801'7863    0x44  Code  Lc  stm32h7xx_hal_uart.o [9]
UART_TxISR_8BIT_FIFOEN   0x801'78f1    0x60  Code  Lc  stm32h7xx_hal_uart.o [9]
UART_WaitOnFlagUntilTimeout
                         0x801'7715    0xba  Code  Gb  stm32h7xx_hal_uart.o [9]
UnitControl              0x801'8031    0x58  Code  Gb  core_VlvDrvCtrl.o [4]
UpdateCode               0x800'aacd    0x9e  Code  Gb  core_Menu.o [4]
UpdateComm               0x801'81c3    0x30  Code  Gb  core_VlvDrvCtrl.o [4]
UsageFault_Handler       0x801'9819     0x2  Code  Gb  stm32h7xx_it.o [2]
WINSTAR_RusTable        0x2400'0524    0x44  Data  Lc  peref_display.o [6]
WriteRegs                0x801'45a3   0x1b6  Code  Lc  drv_modbus.o [3]
WriteValue               0x800'ac17    0x88  Code  Gb  core_Menu.o [4]
__NVIC_DisableIRQ        0x800'9639    0x26  Code  Lc  stm32h7xx_hal_cortex.o [9]
__NVIC_EnableIRQ         0x800'9619    0x20  Code  Lc  stm32h7xx_hal_cortex.o [9]
__NVIC_GetPriorityGrouping
                         0x800'960b     0xc  Code  Lc  stm32h7xx_hal_cortex.o [9]
__NVIC_SetPriority       0x800'965f    0x2c  Code  Lc  stm32h7xx_hal_cortex.o [9]
__NVIC_SetPriorityGrouping
                         0x800'95e9    0x22  Code  Lc  stm32h7xx_hal_cortex.o [9]
__aeabi_ldiv0            0x801'8675          Code  Gb  I64DivZer.o [12]
__aeabi_memcpy           0x800'b2ed          Code  Gb  ABImemcpy.o [12]
__aeabi_memcpy4          0x800'b30d          Code  Gb  ABImemcpy.o [12]
__aeabi_memcpy8          0x800'b30d          Code  Gb  ABImemcpy.o [12]
__aeabi_memset           0x800'aff1          Code  Gb  ABImemset.o [12]
__aeabi_uldivmod         0x801'8441          Code  Gb  I64DivMod.o [12]
__cmain                  0x801'9b25          Code  Gb  cmain.o [12]
__exit                   0x801'9b59    0x14  Code  Gb  exit.o [13]
__iar_Memset             0x800'aff1          Code  Gb  ABImemset.o [12]
__iar_Memset_word        0x800'aff9          Code  Gb  ABImemset.o [12]
__iar_Sin32              0x801'81f5   0x18c  Code  Lc  cos_sin32.o [11]
__iar_Strchr             0x800'b2d5          Code  Gb  strchr.o [12]
__iar_cos32              0x801'83c1     0x4  Code  Gb  cos_sin32.o [11]
__iar_cos_medium32       0x801'83c1     0x4  Code  Gb  cos_sin32.o [11]
__iar_cos_mediumf        0x801'83c1     0x4  Code  Gb  cos_sin32.o [11]
__iar_data_init3         0x801'9ab9    0x28  Code  Gb  data_init.o [12]
__iar_fmax64             0x801'83f5          Code  Gb  fmax.o [11]
__iar_fmin64             0x801'83c9          Code  Gb  fmin.o [11]
__iar_init_vfp           0x801'9ae1          Code  Gb  fpinit_M.o [11]
__iar_lz77_init_single3
                         0x801'99bd    0x78  Code  Gb  lz77_init_single.o [12]
__iar_program_start      0x801'9b6d          Code  Gb  cstartup_M.o [12]
__iar_sin32              0x801'83c5     0x4  Code  Gb  cos_sin32.o [11]
__iar_sin_medium32       0x801'83c5     0x4  Code  Gb  cos_sin32.o [11]
__iar_sin_mediumf        0x801'83c5     0x4  Code  Gb  cos_sin32.o [11]
__iar_sqrt32             0x801'7b55          Code  Gb  sqrtf.o [11]
__iar_zero_init3         0x801'9a81    0x38  Code  Gb  zero_init3.o [12]
__low_level_init         0x801'9b43     0x4  Code  Gb  low_level_init.o [10]
__vector_table           0x800'0000          Data  Gb  startup_stm32h743xx.o [1]
_call_main               0x801'9b31          Code  Gb  cmain.o [12]
_exit                    0x801'9b4d          Code  Gb  cexit.o [12]
a                       0x2400'2ae8     0x4  Data  Gb  core_Menu.o [4]
abs                      0x801'0a25     0x8  Code  Gb  abs.o [10]
addr1                   0x2400'2b2c     0x4  Data  Gb  g_Core.o [4]
addrtmp                 0x2400'2af0     0x4  Data  Gb  core_Menu.o [4]
addrtmp2                0x2400'2ad4     0x4  Data  Gb  core_Menu.o [4]
btnClose                0x2400'2b70     0x4  Data  Gb  peref.o [6]
btnOpen                 0x2400'2b6c     0x4  Data  Gb  peref.o [6]
btnProg1                0x2400'2b7c     0x4  Data  Gb  peref.o [6]
btnProg2                0x2400'2b80     0x4  Data  Gb  peref.o [6]
btnStop1                0x2400'2b74     0x4  Data  Gb  peref.o [6]
btnStop2                0x2400'2b78     0x4  Data  Gb  peref.o [6]
cntfordata              0x2400'2af8     0x4  Data  Gb  drv_modbus.o [3]
core10HZupdate           0x801'38d1    0x2a  Code  Gb  g_Core.o [4]
core18kHZupdate          0x801'2c85   0x1ca  Code  Gb  g_Core.o [4]
core200HZupdate          0x801'37af     0x2  Code  Gb  g_Core.o [4]
core50HZupdate           0x801'37b1    0x40  Code  Gb  g_Core.o [4]
coreTLocalControl        0x801'3af1   0x1ee  Code  Gb  g_Core.o [4]
coreTLocalControl::prevHalls
                        0x2400'2b34     0x4  Data  Lc  g_Core.o [4]
coreTLocalControl::readyForNewCmd
                        0x2400'0590     0x1  Data  Lc  g_Core.o [4]
coreTS                   0x801'399d   0x120  Code  Gb  g_Core.o [4]
coreTU                   0x801'3911    0x6c  Code  Gb  g_Core.o [4]
corr                    0x2400'0020     0x4  Data  Gb  g_Core.o [4]
cosf                     0x801'83c1     0x4  Code  Gb  cos_sin32.o [11]
count1                  0x2400'2b30     0x4  Data  Gb  g_Core.o [4]
count18kHz              0x2400'2b44     0x4  Data  Gb  g_InterruptUpdate.o [5]
count200Hz              0x2400'2b4c     0x4  Data  Gb  g_InterruptUpdate.o [5]
count2kHz               0x2400'2b48     0x4  Data  Gb  g_InterruptUpdate.o [5]
count50Hz               0x2400'2b50     0x4  Data  Gb  g_InterruptUpdate.o [5]
data1                   0x2400'2b3c     0x4  Data  Gb  g_Core.o [4]
data2                   0x2400'2b40     0x4  Data  Gb  g_Core.o [4]
dotsADC                 0x2400'0234   0x108  Data  Gb  peref.o [6]
dotsDAC                 0x2400'033c   0x108  Data  Gb  peref.o [6]
dotsTemper              0x2400'0444    0x40  Data  Gb  peref.o [6]
exit                     0x801'9b47     0x4  Code  Gb  exit.o [10]
fmax                     0x801'83f5          Code  Gb  fmax.o [11]
fmaxl                    0x801'83f5          Code  Gb  fmax.o [11]
fmin                     0x801'83c9          Code  Gb  fmin.o [11]
fminl                    0x801'83c9          Code  Gb  fmin.o [11]
g_Comm                  0x2400'20d0   0x120  Data  Gb  comm.o [3]
g_Core                  0x2400'1778   0x540  Data  Gb  g_Core.o [4]
g_Peref                 0x2400'0e6c   0x8a4  Data  Gb  peref.o [6]
g_Ram                   0x2400'0594   0x8d8  Data  Gb  g_Ram.o [5]
g_Ram_Init               0x800'b3c5    0x30  Code  Gb  g_Ram.o [5]
g_Ram_Update             0x800'b3f5    0xf4  Code  Gb  g_Ram.o [5]
g_Stat                  0x2400'22cc    0xc0  Data  Gb  stat.o [7]
groups                   0x801'991c    0xa0  Data  Gb  core_Menu.o [4]
hadc1                   0x2400'286c    0x64  Data  Gb  main.o [2]
hadc3                   0x2400'28d0    0x64  Data  Gb  main.o [2]
hdma_adc1               0x2400'277c    0x78  Data  Gb  main.o [2]
hdma_adc3               0x2400'27f4    0x78  Data  Gb  main.o [2]
hfdcan2                 0x2400'238c    0xa0  Data  Gb  main.o [2]
hhrtim                  0x2400'21f0    0xdc  Data  Gb  main.o [2]
hrtc                    0x2400'2aa0    0x24  Data  Gb  main.o [2]
hspi1                   0x2400'266c    0x88  Data  Gb  main.o [2]
hspi6                   0x2400'26f4    0x88  Data  Gb  main.o [2]
htim1                   0x2400'2934    0x4c  Data  Gb  main.o [2]
htim2                   0x2400'2980    0x4c  Data  Gb  main.o [2]
huart3                  0x2400'25dc    0x90  Data  Gb  main.o [2]
huart4                  0x2400'242c    0x90  Data  Gb  main.o [2]
huart5                  0x2400'24bc    0x90  Data  Gb  main.o [2]
huart8                  0x2400'254c    0x90  Data  Gb  main.o [2]
ileg_fq_calc             0x800'f8f1    0xb6  Code  Gb  peref_SinObserver.o [6]
interp2D_calc            0x801'3575    0xc6  Code  Gb  g_Core.o [4]
ipark_calc               0x801'363d    0x6a  Code  Gb  g_Core.o [4]
labs                     0x801'0a1d     0x8  Code  Gb  labs.o [10]
main                     0x800'e03d   0x16e  Code  Gb  main.o [2]
max                     0x2400'04ac     0x4  Data  Gb  peref.o [6]
menu                    0x2400'1cb8   0x218  Data  Gb  core_Menu.o [4]
pADS1118_ConfRegData    0x2400'2bb4     0x2  Data  Gb  peref.o [6]
p_Controller             0x801'3805    0xc4  Code  Gb  g_Core.o [4]
params                   0x800'0298  0x4ee4  Data  Gb  core_Menu.o [4]
park_calc                0x801'36b1    0x7e  Code  Gb  g_Core.o [4]
peref_10HzCalc           0x800'c165   0x30c  Code  Gb  peref.o [6]
peref_18KHzCalc          0x800'bec1    0xde  Code  Gb  peref.o [6]
peref_200HzCalc          0x800'bfa1   0x100  Code  Gb  peref.o [6]
peref_2KHzCalc           0x800'bf9f     0x2  Code  Gb  peref.o [6]
peref_50HzCalc           0x800'c0a1    0xc4  Code  Gb  peref.o [6]
peref_74HC595D           0x800'c725    0x6c  Code  Gb  peref.o [6]
peref_ADCDACtoPRCObserverUpdate
                         0x800'c9b1   0x10a  Code  Gb  peref.o [6]
peref_ADCDACtoPRCObserverUpdate::i
                        0x2400'2ba0     0x4  Data  Lc  peref.o [6]
peref_ADCtoPRCObserverInit
                         0x800'be45    0x3e  Code  Gb  peref.o [6]
peref_ApFilter1Calc      0x800'f55f    0x22  Code  Gb  peref_ApFilter1.o [6]
peref_ApFilter1Init      0x800'f50d    0x52  Code  Gb  peref_ApFilter1.o [6]
peref_Init               0x800'b91b   0x52a  Code  Gb  peref.o [6]
peref_ProctoDACObserverInit
                         0x800'be83    0x3e  Code  Gb  peref.o [6]
pwm_calc                 0x801'3365    0xea  Code  Gb  g_Core.o [4]
rampgen_calc             0x801'344f    0xc6  Code  Gb  g_Core.o [4]
sinf                     0x801'83c5     0x4  Code  Gb  cos_sin32.o [11]
speedstart              0x2400'2b18     0x4  Data  Gb  g_Core.o [4]
sqrtf                    0x801'7b55          Code  Gb  sqrtf.o [11]
strchr                   0x800'b2d5          Code  Gb  strchr.o [12]
strcmp                   0x800'b285          Code  Gb  strcmp.o [12]
strcpy                   0x800'afd9          Code  Gb  strcpy.o [12]
strlen                   0x800'b24d          Code  Gb  strlen.o [12]
svgendq3ph_calc          0x801'317d   0x1c6  Code  Gb  g_Core.o [4]
tmpData                 0x2400'2b94     0x4  Data  Gb  peref.o [6]
tmpData2                0x2400'04a8     0x4  Data  Gb  peref.o [6]
tmpDelta                0x2400'2b88     0x4  Data  Gb  peref.o [6]
tmpDelta2               0x2400'2b8c     0x4  Data  Gb  peref.o [6]
tmpDelta3               0x2400'2b90     0x4  Data  Gb  peref.o [6]
tmpdata                 0x2400'2ad8     0x8  Data  Gb  g_Core.o [4]
tmpdata1                0x2400'2a54    0x28  Data  Gb  drv_modbus.o [3]
tmpdata2                0x2400'2ae0     0x8  Data  Gb  g_Core.o [4]
tskCnt10Hz              0x2400'2b60     0x4  Data  Gb  g_InterruptUpdate.o [5]
tskCnt200Hz             0x2400'2b58     0x4  Data  Gb  g_InterruptUpdate.o [5]
tskCnt2kHz              0x2400'2b54     0x4  Data  Gb  g_InterruptUpdate.o [5]
tskCnt50Hz              0x2400'2b5c     0x4  Data  Gb  g_InterruptUpdate.o [5]
tskMaxCnt10Hz           0x2400'0228     0x4  Data  Gb  g_InterruptUpdate.o [5]
tskMaxCnt18kHz          0x2400'0218     0x4  Data  Gb  g_InterruptUpdate.o [5]
tskMaxCnt200Hz          0x2400'0220     0x4  Data  Gb  g_InterruptUpdate.o [5]
tskMaxCnt2kHz           0x2400'021c     0x4  Data  Gb  g_InterruptUpdate.o [5]
tskMaxCnt50Hz           0x2400'0224     0x4  Data  Gb  g_InterruptUpdate.o [5]
txReadSdo                0x800'fb6b    0x8e  Code  Gb  CMS58M.o [6]
txWriteNmt               0x800'fa3b    0x60  Code  Gb  CMS58M.o [6]
txWriteSdo               0x800'fa9b    0xd0  Code  Gb  CMS58M.o [6]
uwTick                  0x2400'2bac     0x4  Data  Gb  stm32h7xx_hal.o [9]
uwTickFreq              0x2400'0592     0x1  Data  Gb  stm32h7xx_hal.o [9]
uwTickPrio              0x2400'0568     0x4  Data  Gb  stm32h7xx_hal.o [9]
values                   0x801'8678   0xe60  Data  Gb  core_Menu.o [4]


[1] = C:\work\ebu6\EBU6\EWARM\EBU6\Obj\Application\EWARM
[2] = C:\work\ebu6\EBU6\EWARM\EBU6\Obj\Application\User\Core
[3] = C:\work\ebu6\EBU6\EWARM\EBU6\Obj\Application\User\Core\Comm
[4] = C:\work\ebu6\EBU6\EWARM\EBU6\Obj\Application\User\Core\Core
[5] = C:\work\ebu6\EBU6\EWARM\EBU6\Obj\Application\User\Core\Global
[6] = C:\work\ebu6\EBU6\EWARM\EBU6\Obj\Application\User\Core\Peref
[7] = C:\work\ebu6\EBU6\EWARM\EBU6\Obj\Application\User\Core\Stat
[8] = C:\work\ebu6\EBU6\EWARM\EBU6\Obj\Drivers\CMSIS
[9] = C:\work\ebu6\EBU6\EWARM\EBU6\Obj\Drivers\STM32H7xx_HAL_Driver
[10] = dl7M_tln.a
[11] = m7M_tlv.a
[12] = rt7M_tl.a
[13] = shb_l.a

  81'736 bytes of readonly  code memory
  25'136 bytes of readonly  data memory
  27'581 bytes of readwrite data memory

Errors: none
Warnings: none
