###############################################################################
#
# IAR ELF Linker V9.10.2.313/W64 for ARM                  20/Aug/2022  17:19:57
# Copyright 2007-2021 IAR Systems AB.
#
#    Output file  =  C:\work\ebu6\EBU6\EBU6\EWARM\EBU6\Exe\EBU6.out
#    Map file     =  C:\work\ebu6\EBU6\EBU6\EWARM\EBU6\List\EBU6.map
#    Command line =
#        -f C:\work\ebu6\EBU6\EBU6\EWARM\EBU6\Exe\EBU6.out.rsp
#        (C:\work\ebu6\EBU6\EBU6\EWARM\EBU6\Obj\Application\User\Core\add_ValueConv.o
#        C:\work\ebu6\EBU6\EBU6\EWARM\EBU6\Obj\Application\User\Core\Peref\CMS58M.o
#        C:\work\ebu6\EBU6\EBU6\EWARM\EBU6\Obj\Application\User\Core\Comm\comm.o
#        C:\work\ebu6\EBU6\EBU6\EWARM\EBU6\Obj\Application\User\Core\Comm\comm_ModbusRtu.o
#        C:\work\ebu6\EBU6\EBU6\EWARM\EBU6\Obj\Application\User\Core\Comm\comm_SerialComm.o
#        C:\work\ebu6\EBU6\EBU6\EWARM\EBU6\Obj\Application\User\Core\Core\core_InverterControl.o
#        C:\work\ebu6\EBU6\EBU6\EWARM\EBU6\Obj\Application\User\Core\Core\core_Menu.o
#        C:\work\ebu6\EBU6\EBU6\EWARM\EBU6\Obj\Application\User\Core\Core\core_Protections.o
#        C:\work\ebu6\EBU6\EBU6\EWARM\EBU6\Obj\Application\User\Core\Core\core_VlvDrvCtrl.o
#        C:\work\ebu6\EBU6\EBU6\EWARM\EBU6\Obj\Application\User\Core\Core\g_Core.o
#        C:\work\ebu6\EBU6\EBU6\EWARM\EBU6\Obj\Application\User\Core\Global\g_InterruptUpdate.o
#        C:\work\ebu6\EBU6\EBU6\EWARM\EBU6\Obj\Application\User\Core\Global\g_Ram.o
#        C:\work\ebu6\EBU6\EBU6\EWARM\EBU6\Obj\Application\User\Core\main.o
#        C:\work\ebu6\EBU6\EBU6\EWARM\EBU6\Obj\Application\User\Core\Peref\peref.o
#        C:\work\ebu6\EBU6\EBU6\EWARM\EBU6\Obj\Application\User\Core\Peref\peref_ApFilter1.o
#        C:\work\ebu6\EBU6\EBU6\EWARM\EBU6\Obj\Application\User\Core\Peref\peref_ApFilter3.o
#        C:\work\ebu6\EBU6\EBU6\EWARM\EBU6\Obj\Application\User\Core\Peref\peref_Calibs.o
#        C:\work\ebu6\EBU6\EBU6\EWARM\EBU6\Obj\Application\User\Core\Peref\peref_Clock.o
#        C:\work\ebu6\EBU6\EBU6\EWARM\EBU6\Obj\Application\User\Core\Peref\peref_display.o
#        C:\work\ebu6\EBU6\EBU6\EWARM\EBU6\Obj\Application\User\Core\Peref\peref_SensObserver.o
#        C:\work\ebu6\EBU6\EBU6\EWARM\EBU6\Obj\Application\User\Core\Peref\peref_SinObserver.o
#        C:\work\ebu6\EBU6\EBU6\EWARM\EBU6\Obj\Application\EWARM\startup_stm32h743xx.o
#        C:\work\ebu6\EBU6\EBU6\EWARM\EBU6\Obj\Application\User\Core\Stat\stat.o
#        C:\work\ebu6\EBU6\EBU6\EWARM\EBU6\Obj\Application\User\Core\Stat\stat_fm25v10.o
#        C:\work\ebu6\EBU6\EBU6\EWARM\EBU6\Obj\Drivers\STM32H7xx_HAL_Driver\stm32h7xx_hal.o
#        C:\work\ebu6\EBU6\EBU6\EWARM\EBU6\Obj\Drivers\STM32H7xx_HAL_Driver\stm32h7xx_hal_adc.o
#        C:\work\ebu6\EBU6\EBU6\EWARM\EBU6\Obj\Drivers\STM32H7xx_HAL_Driver\stm32h7xx_hal_adc_ex.o
#        C:\work\ebu6\EBU6\EBU6\EWARM\EBU6\Obj\Drivers\STM32H7xx_HAL_Driver\stm32h7xx_hal_cortex.o
#        C:\work\ebu6\EBU6\EBU6\EWARM\EBU6\Obj\Drivers\STM32H7xx_HAL_Driver\stm32h7xx_hal_dma.o
#        C:\work\ebu6\EBU6\EBU6\EWARM\EBU6\Obj\Drivers\STM32H7xx_HAL_Driver\stm32h7xx_hal_dma_ex.o
#        C:\work\ebu6\EBU6\EBU6\EWARM\EBU6\Obj\Drivers\STM32H7xx_HAL_Driver\stm32h7xx_hal_exti.o
#        C:\work\ebu6\EBU6\EBU6\EWARM\EBU6\Obj\Drivers\STM32H7xx_HAL_Driver\stm32h7xx_hal_fdcan.o
#        C:\work\ebu6\EBU6\EBU6\EWARM\EBU6\Obj\Drivers\STM32H7xx_HAL_Driver\stm32h7xx_hal_flash.o
#        C:\work\ebu6\EBU6\EBU6\EWARM\EBU6\Obj\Drivers\STM32H7xx_HAL_Driver\stm32h7xx_hal_flash_ex.o
#        C:\work\ebu6\EBU6\EBU6\EWARM\EBU6\Obj\Drivers\STM32H7xx_HAL_Driver\stm32h7xx_hal_gpio.o
#        C:\work\ebu6\EBU6\EBU6\EWARM\EBU6\Obj\Drivers\STM32H7xx_HAL_Driver\stm32h7xx_hal_hrtim.o
#        C:\work\ebu6\EBU6\EBU6\EWARM\EBU6\Obj\Drivers\STM32H7xx_HAL_Driver\stm32h7xx_hal_hsem.o
#        C:\work\ebu6\EBU6\EBU6\EWARM\EBU6\Obj\Drivers\STM32H7xx_HAL_Driver\stm32h7xx_hal_i2c.o
#        C:\work\ebu6\EBU6\EBU6\EWARM\EBU6\Obj\Drivers\STM32H7xx_HAL_Driver\stm32h7xx_hal_i2c_ex.o
#        C:\work\ebu6\EBU6\EBU6\EWARM\EBU6\Obj\Drivers\STM32H7xx_HAL_Driver\stm32h7xx_hal_mdma.o
#        C:\work\ebu6\EBU6\EBU6\EWARM\EBU6\Obj\Application\User\Core\stm32h7xx_hal_msp.o
#        C:\work\ebu6\EBU6\EBU6\EWARM\EBU6\Obj\Drivers\STM32H7xx_HAL_Driver\stm32h7xx_hal_pwr.o
#        C:\work\ebu6\EBU6\EBU6\EWARM\EBU6\Obj\Drivers\STM32H7xx_HAL_Driver\stm32h7xx_hal_pwr_ex.o
#        C:\work\ebu6\EBU6\EBU6\EWARM\EBU6\Obj\Drivers\STM32H7xx_HAL_Driver\stm32h7xx_hal_rcc.o
#        C:\work\ebu6\EBU6\EBU6\EWARM\EBU6\Obj\Drivers\STM32H7xx_HAL_Driver\stm32h7xx_hal_rcc_ex.o
#        C:\work\ebu6\EBU6\EBU6\EWARM\EBU6\Obj\Drivers\STM32H7xx_HAL_Driver\stm32h7xx_hal_rtc.o
#        C:\work\ebu6\EBU6\EBU6\EWARM\EBU6\Obj\Drivers\STM32H7xx_HAL_Driver\stm32h7xx_hal_rtc_ex.o
#        C:\work\ebu6\EBU6\EBU6\EWARM\EBU6\Obj\Drivers\STM32H7xx_HAL_Driver\stm32h7xx_hal_spi.o
#        C:\work\ebu6\EBU6\EBU6\EWARM\EBU6\Obj\Drivers\STM32H7xx_HAL_Driver\stm32h7xx_hal_spi_ex.o
#        C:\work\ebu6\EBU6\EBU6\EWARM\EBU6\Obj\Drivers\STM32H7xx_HAL_Driver\stm32h7xx_hal_tim.o
#        C:\work\ebu6\EBU6\EBU6\EWARM\EBU6\Obj\Drivers\STM32H7xx_HAL_Driver\stm32h7xx_hal_tim_ex.o
#        C:\work\ebu6\EBU6\EBU6\EWARM\EBU6\Obj\Drivers\STM32H7xx_HAL_Driver\stm32h7xx_hal_uart.o
#        C:\work\ebu6\EBU6\EBU6\EWARM\EBU6\Obj\Drivers\STM32H7xx_HAL_Driver\stm32h7xx_hal_uart_ex.o
#        C:\work\ebu6\EBU6\EBU6\EWARM\EBU6\Obj\Application\User\Core\stm32h7xx_it.o
#        C:\work\ebu6\EBU6\EBU6\EWARM\EBU6\Obj\Drivers\CMSIS\system_stm32h7xx.o
#        --no_out_extension -o C:\work\ebu6\EBU6\EBU6\EWARM\EBU6\Exe\EBU6.out
#        --map C:\work\ebu6\EBU6\EBU6\EWARM\EBU6\List\EBU6.map --config
#        C:\work\ebu6\EBU6\EBU6\EWARM/../EWARM/stm32h743xx_flash.icf
#        --semihosting --entry __iar_program_start --vfe --text_out locale)
#
###############################################################################

*******************************************************************************
*** RUNTIME MODEL ATTRIBUTES
***

CppFlavor       = *
__SystemLibrary = DLib
__dlib_version  = 6


*******************************************************************************
*** HEAP SELECTION
***

The basic heap was selected because no calls to memory allocation
functions were found in the application outside of system library
functions, and there are calls to deallocation functions in the
application.


*******************************************************************************
*** PLACEMENT SUMMARY
***

"A0":  place at address 0x800'0000 { ro section .intvec };
"P1":  place in [from 0x800'0000 to 0x81f'ffff] { ro };
define block CSTACK with size = 16K, alignment = 8 { };
define block HEAP with size = 8K, alignment = 8 { };
"P2":  place in [from 0x2400'0000 to 0x2407'ffff] {
          rw, block CSTACK, block HEAP };
initialize by copy { rw };

  Section            Kind         Address      Size  Object
  -------            ----         -------      ----  ------
"A0":                                         0x298
  .intvec            ro code   0x800'0000     0x298  startup_stm32h743xx.o [1]
                             - 0x800'0298     0x298

"P1":                                      0x1'9963
  .rodata            const     0x800'0298    0x4ee4  core_Menu.o [4]
  .text              ro code   0x800'517c    0x22d4  stm32h7xx_hal_dma.o [9]
  .text              ro code   0x800'7450       0xc  stm32h7xx_hal.o [9]
  .text              ro code   0x800'745c    0x1b40  stm32h7xx_hal_rcc_ex.o [9]
  .text              ro code   0x800'8f9c     0x5f4  stm32h7xx_hal_rcc.o [9]
  .text              ro code   0x800'9590      0x58  stm32h7xx_hal.o [9]
  .text              ro code   0x800'95e8     0x158  stm32h7xx_hal_cortex.o [9]
  .text              ro code   0x800'9740    0x185c  core_Menu.o [4]
  .text              ro code   0x800'af9c      0x18  strcpy.o [12]
  .text              ro code   0x800'afb4      0x66  ABImemset.o [12]
  .text              ro code   0x800'b01c     0x1f2  add_ValueConv.o [2]
  .text              ro code   0x800'b210      0x36  strlen.o [12]
  .text              ro code   0x800'b248      0x12  strcmp.o [12]
  .text              ro code   0x800'b25a      0x3e  peref_Clock.o [6]
  .text              ro code   0x800'b298      0x16  strchr.o [12]
  .text              ro code   0x800'b2b0      0xa6  ABImemcpy.o [12]
  .text              ro code   0x800'b356      0x32  stat.o [7]
  .text              ro code   0x800'b388     0x168  g_Ram.o [5]
  .text              ro code   0x800'b4f0     0x2c4  stat_fm25v10.o [7]
  .text              ro code   0x800'b7b4    0x13f4  peref.o [6]
  .text              ro code   0x800'cba8     0x2b4  stm32h7xx_hal_gpio.o [9]
  .text              ro code   0x800'ce5c     0xf2e  stm32h7xx_hal_spi.o [9]
  .text              ro code   0x800'dd8c     0x3a0  peref_display.o [6]
  .text              ro code   0x800'e12c      0x74  peref_ApFilter1.o [6]
  .text              ro code   0x800'e1a0     0x2c8  peref_SensObserver.o [6]
  .text              ro code   0x800'e468     0x168  peref_SinObserver.o [6]
  .text              ro code   0x800'e5d0     0x264  CMS58M.o [6]
  .text              ro code   0x800'e834     0x4ac  peref_Calibs.o [6]
  .text              ro code   0x800'ece0     0x95c  stm32h7xx_hal_fdcan.o [9]
  .text              ro code   0x800'f63c       0x8  labs.o [10]
  .text              ro code   0x800'f644    0x1580  stm32h7xx_hal_uart.o [9]
  .text              ro code   0x801'0bc4       0x8  abs.o [10]
  .text              ro code   0x801'0bcc     0x39a  stm32h7xx_hal_rtc.o [9]
  .text              ro code   0x801'0f68     0x92c  stm32h7xx_hal_msp.o [2]
  .text              ro code   0x801'1894       0x2  stm32h7xx_hal_spi.o [9]
  .text              ro code   0x801'1896       0x2  stm32h7xx_hal_spi.o [9]
  .text              ro code   0x801'1898       0x2  stm32h7xx_hal_spi.o [9]
  .text              ro code   0x801'189a       0x2  stm32h7xx_hal_spi.o [9]
  .text              ro code   0x801'189c      0x1e  sqrtf.o [11]
  .text              ro code   0x801'18bc    0x1170  main.o [2]
  .text              ro code   0x801'2a2c       0x2  stm32h7xx_hal_uart.o [9]
  .text              ro code   0x801'2a2e       0x2  stm32h7xx_hal_uart.o [9]
  .text              ro code   0x801'2a30       0x2  stm32h7xx_hal_uart_ex.o [9]
  .text              ro code   0x801'2a32       0x2  stm32h7xx_hal_uart_ex.o [9]
  .text              ro code   0x801'2a34       0x2  stm32h7xx_hal_uart_ex.o [9]
  .text              ro code   0x801'2a38     0x230  I64DivMod.o [12]
  .text              ro code   0x801'2c68       0x2  stm32h7xx_hal_uart.o [9]
  .text              ro code   0x801'2c6a       0x2  stm32h7xx_hal_uart.o [9]
  .text              ro code   0x801'2c6c      0xa8  stm32h7xx_hal.o [9]
  .text              ro code   0x801'2d14    0x105c  stm32h7xx_hal_adc.o [9]
  .text              ro code   0x801'3d70    0x13f8  g_Core.o [4]
  .text              ro code   0x801'5168      0x1c  comm.o [3]
  .text              ro code   0x801'5184     0xd1e  stm32h7xx_hal_tim.o [9]
  .text              ro code   0x801'5ea4      0x64  stm32h7xx_hal_pwr_ex.o [9]
  .text              ro code   0x801'5f08      0x14  stm32h7xx_hal_pwr.o [9]
  .text              ro code   0x801'5f1c     0x73c  stm32h7xx_hal_rcc.o [9]
  .text              ro code   0x801'6658     0x174  stm32h7xx_hal_adc_ex.o [9]
  .text              ro code   0x801'67cc     0x8ba  stm32h7xx_hal_hrtim.o [9]
  .text              ro code   0x801'7088     0x2f4  stm32h7xx_hal_tim_ex.o [9]
  .text              ro code   0x801'737c     0x16c  stm32h7xx_hal_uart_ex.o [9]
  .text              ro code   0x801'74e8       0x2  I64DivZer.o [12]
  .text              ro code   0x801'74ea       0x2  stm32h7xx_hal_adc_ex.o [9]
  .text              ro code   0x801'74ec       0x2  stm32h7xx_hal_adc.o [9]
  .text              ro code   0x801'74ee       0x2  stm32h7xx_hal_adc_ex.o [9]
  .text              ro code   0x801'74f0       0x2  stm32h7xx_hal_adc.o [9]
  .text              ro code   0x801'74f2       0x2  stm32h7xx_hal_adc_ex.o [9]
  .text              ro code   0x801'74f4       0x2  stm32h7xx_hal_adc_ex.o [9]
  .text              ro code   0x801'74f6       0x2  stm32h7xx_hal_adc.o [9]
  .text              ro code   0x801'74f8       0x2  stm32h7xx_hal_adc_ex.o [9]
  .text              ro code   0x801'74fa       0x2  stm32h7xx_hal_adc.o [9]
  .text              ro code   0x801'74fc      0xc4  core_Protections.o [4]
  .text              ro code   0x801'75c0     0x5aa  core_VlvDrvCtrl.o [4]
  .text              ro code   0x801'7b6c     0x1d4  cos_sin32.o [11]
  .text              ro code   0x801'7d40      0x2a  fmin.o [11]
  .text              ro code   0x801'7d6c      0x2e  fmax.o [11]
  .text              ro code   0x801'7d9c      0xac  comm_SerialComm.o [3]
  .text              ro code   0x801'7e48       0x2  stm32h7xx_hal_tim.o [9]
  .text              ro code   0x801'7e4a       0x2  stm32h7xx_hal_tim.o [9]
  .text              ro code   0x801'7e4c       0x2  stm32h7xx_hal_tim.o [9]
  .text              ro code   0x801'7e4e       0x2  stm32h7xx_hal_tim.o [9]
  .text              ro code   0x801'7e50       0x2  stm32h7xx_hal_tim.o [9]
  .text              ro code   0x801'7e52       0x2  stm32h7xx_hal_tim_ex.o [9]
  .text              ro code   0x801'7e54       0x2  stm32h7xx_hal_tim_ex.o [9]
  .text              ro code   0x801'7e56       0x2  stm32h7xx_hal_tim.o [9]
  .text              ro code   0x801'7e58       0x2  stm32h7xx_hal_tim_ex.o [9]
  .text              ro code   0x801'7e5c     0x2c8  comm_ModbusRtu.o [3]
  .rodata            const     0x801'8124     0xe60  core_Menu.o [4]
  .text              ro code   0x801'8f84     0x1fc  g_InterruptUpdate.o [5]
  .text              ro code   0x801'9180     0x13c  system_stm32h7xx.o [8]
  .text              ro code   0x801'92bc      0xd0  stm32h7xx_it.o [2]
  .text              ro code   0x801'938c      0x18  stm32h7xx_hal.o [9]
  .rodata            const     0x801'93a4      0xa0  core_Menu.o [4]
  .text              ro code   0x801'9444      0x78  lz77_init_single.o [12]
  .rodata            const     0x801'94bc      0x4c  stm32h7xx_hal_fdcan.o [9]
  .text              ro code   0x801'9508      0x38  zero_init3.o [12]
  .text              ro code   0x801'9540      0x28  data_init.o [12]
  .text              ro code   0x801'9568      0x22  fpinit_M.o [11]
  .iar.init_table    const     0x801'958c      0x20  - Linker created -
  .text              ro code   0x801'95ac      0x1e  cmain.o [12]
  .text              ro code   0x801'95ca       0x4  low_level_init.o [10]
  .text              ro code   0x801'95ce       0x4  exit.o [10]
  .text              ro code   0x801'95d4       0xa  cexit.o [12]
  .text              ro code   0x801'95e0      0x14  exit.o [13]
  .text              ro code   0x801'95f4      0x1c  cstartup_M.o [12]
  .rodata            const     0x801'9610      0x18  stm32h7xx_hal_uart.o [9]
  .rodata            const     0x801'9628      0x10  stm32h7xx_hal_fdcan.o [9]
  .rodata            const     0x801'9638      0x10  system_stm32h7xx.o [8]
  .text              ro code   0x801'9648      0x10  startup_stm32h743xx.o [1]
  .rodata            const     0x801'9658       0x8  CMS58M.o [6]
  .rodata            const     0x801'9660       0x8  core_Menu.o [4]
  .rodata            const     0x801'9668       0x8  stm32h7xx_hal_dma.o [9]
  .rodata            const     0x801'9670       0x8  stm32h7xx_hal_uart_ex.o [9]
  .rodata            const     0x801'9678       0x8  stm32h7xx_hal_uart_ex.o [9]
  .rodata            const     0x801'9680       0x4  CMS58M.o [6]
  .text              ro code   0x801'9684       0x4  startup_stm32h743xx.o [1]
  .text              ro code   0x801'9688       0x4  startup_stm32h743xx.o [1]
  .text              ro code   0x801'968c       0x4  startup_stm32h743xx.o [1]
  .text              ro code   0x801'9690       0x4  startup_stm32h743xx.o [1]
  .text              ro code   0x801'9694       0x4  startup_stm32h743xx.o [1]
  .text              ro code   0x801'9698       0x4  startup_stm32h743xx.o [1]
  .text              ro code   0x801'969c       0x4  startup_stm32h743xx.o [1]
  .text              ro code   0x801'96a0       0x4  startup_stm32h743xx.o [1]
  .text              ro code   0x801'96a4       0x4  startup_stm32h743xx.o [1]
  .text              ro code   0x801'96a8       0x4  startup_stm32h743xx.o [1]
  .text              ro code   0x801'96ac       0x4  startup_stm32h743xx.o [1]
  .text              ro code   0x801'96b0       0x4  startup_stm32h743xx.o [1]
  .text              ro code   0x801'96b4       0x4  startup_stm32h743xx.o [1]
  .text              ro code   0x801'96b8       0x4  startup_stm32h743xx.o [1]
  .text              ro code   0x801'96bc       0x4  startup_stm32h743xx.o [1]
  .text              ro code   0x801'96c0       0x4  startup_stm32h743xx.o [1]
  .text              ro code   0x801'96c4       0x4  startup_stm32h743xx.o [1]
  .text              ro code   0x801'96c8       0x4  startup_stm32h743xx.o [1]
  .text              ro code   0x801'96cc       0x4  startup_stm32h743xx.o [1]
  .text              ro code   0x801'96d0       0x4  startup_stm32h743xx.o [1]
  .text              ro code   0x801'96d4       0x4  startup_stm32h743xx.o [1]
  .text              ro code   0x801'96d8       0x4  startup_stm32h743xx.o [1]
  .text              ro code   0x801'96dc       0x4  startup_stm32h743xx.o [1]
  .text              ro code   0x801'96e0       0x4  startup_stm32h743xx.o [1]
  .text              ro code   0x801'96e4       0x4  startup_stm32h743xx.o [1]
  .text              ro code   0x801'96e8       0x4  startup_stm32h743xx.o [1]
  .text              ro code   0x801'96ec       0x4  startup_stm32h743xx.o [1]
  .text              ro code   0x801'96f0       0x4  startup_stm32h743xx.o [1]
  .text              ro code   0x801'96f4       0x4  startup_stm32h743xx.o [1]
  .text              ro code   0x801'96f8       0x4  startup_stm32h743xx.o [1]
  .text              ro code   0x801'96fc       0x4  startup_stm32h743xx.o [1]
  .text              ro code   0x801'9700       0x4  startup_stm32h743xx.o [1]
  .text              ro code   0x801'9704       0x4  startup_stm32h743xx.o [1]
  .text              ro code   0x801'9708       0x4  startup_stm32h743xx.o [1]
  .text              ro code   0x801'970c       0x4  startup_stm32h743xx.o [1]
  .text              ro code   0x801'9710       0x4  startup_stm32h743xx.o [1]
  .text              ro code   0x801'9714       0x4  startup_stm32h743xx.o [1]
  .text              ro code   0x801'9718       0x4  startup_stm32h743xx.o [1]
  .text              ro code   0x801'971c       0x4  startup_stm32h743xx.o [1]
  .text              ro code   0x801'9720       0x4  startup_stm32h743xx.o [1]
  .text              ro code   0x801'9724       0x4  startup_stm32h743xx.o [1]
  .text              ro code   0x801'9728       0x4  startup_stm32h743xx.o [1]
  .text              ro code   0x801'972c       0x4  startup_stm32h743xx.o [1]
  .text              ro code   0x801'9730       0x4  startup_stm32h743xx.o [1]
  .text              ro code   0x801'9734       0x4  startup_stm32h743xx.o [1]
  .text              ro code   0x801'9738       0x4  startup_stm32h743xx.o [1]
  .text              ro code   0x801'973c       0x4  startup_stm32h743xx.o [1]
  .text              ro code   0x801'9740       0x4  startup_stm32h743xx.o [1]
  .text              ro code   0x801'9744       0x4  startup_stm32h743xx.o [1]
  .text              ro code   0x801'9748       0x4  startup_stm32h743xx.o [1]
  .text              ro code   0x801'974c       0x4  startup_stm32h743xx.o [1]
  .text              ro code   0x801'9750       0x4  startup_stm32h743xx.o [1]
  .text              ro code   0x801'9754       0x4  startup_stm32h743xx.o [1]
  .text              ro code   0x801'9758       0x4  startup_stm32h743xx.o [1]
  .text              ro code   0x801'975c       0x4  startup_stm32h743xx.o [1]
  .text              ro code   0x801'9760       0x4  startup_stm32h743xx.o [1]
  .text              ro code   0x801'9764       0x4  startup_stm32h743xx.o [1]
  .text              ro code   0x801'9768       0x4  startup_stm32h743xx.o [1]
  .text              ro code   0x801'976c       0x4  startup_stm32h743xx.o [1]
  .text              ro code   0x801'9770       0x4  startup_stm32h743xx.o [1]
  .text              ro code   0x801'9774       0x4  startup_stm32h743xx.o [1]
  .text              ro code   0x801'9778       0x4  startup_stm32h743xx.o [1]
  .text              ro code   0x801'977c       0x4  startup_stm32h743xx.o [1]
  .text              ro code   0x801'9780       0x4  startup_stm32h743xx.o [1]
  .text              ro code   0x801'9784       0x4  startup_stm32h743xx.o [1]
  .text              ro code   0x801'9788       0x4  startup_stm32h743xx.o [1]
  .text              ro code   0x801'978c       0x4  startup_stm32h743xx.o [1]
  .text              ro code   0x801'9790       0x4  startup_stm32h743xx.o [1]
  .text              ro code   0x801'9794       0x4  startup_stm32h743xx.o [1]
  .text              ro code   0x801'9798       0x4  startup_stm32h743xx.o [1]
  .text              ro code   0x801'979c       0x4  startup_stm32h743xx.o [1]
  .text              ro code   0x801'97a0       0x4  startup_stm32h743xx.o [1]
  .text              ro code   0x801'97a4       0x4  startup_stm32h743xx.o [1]
  .text              ro code   0x801'97a8       0x4  startup_stm32h743xx.o [1]
  .text              ro code   0x801'97ac       0x4  startup_stm32h743xx.o [1]
  .text              ro code   0x801'97b0       0x4  startup_stm32h743xx.o [1]
  .text              ro code   0x801'97b4       0x4  startup_stm32h743xx.o [1]
  .text              ro code   0x801'97b8       0x4  startup_stm32h743xx.o [1]
  .text              ro code   0x801'97bc       0x4  startup_stm32h743xx.o [1]
  .text              ro code   0x801'97c0       0x4  startup_stm32h743xx.o [1]
  .text              ro code   0x801'97c4       0x4  startup_stm32h743xx.o [1]
  .text              ro code   0x801'97c8       0x4  startup_stm32h743xx.o [1]
  .text              ro code   0x801'97cc       0x4  startup_stm32h743xx.o [1]
  .text              ro code   0x801'97d0       0x4  startup_stm32h743xx.o [1]
  .text              ro code   0x801'97d4       0x4  startup_stm32h743xx.o [1]
  .text              ro code   0x801'97d8       0x4  startup_stm32h743xx.o [1]
  .text              ro code   0x801'97dc       0x4  startup_stm32h743xx.o [1]
  .text              ro code   0x801'97e0       0x4  startup_stm32h743xx.o [1]
  .text              ro code   0x801'97e4       0x4  startup_stm32h743xx.o [1]
  .text              ro code   0x801'97e8       0x4  startup_stm32h743xx.o [1]
  .text              ro code   0x801'97ec       0x4  startup_stm32h743xx.o [1]
  .text              ro code   0x801'97f0       0x4  startup_stm32h743xx.o [1]
  .text              ro code   0x801'97f4       0x4  startup_stm32h743xx.o [1]
  .text              ro code   0x801'97f8       0x4  startup_stm32h743xx.o [1]
  .text              ro code   0x801'97fc       0x4  startup_stm32h743xx.o [1]
  .text              ro code   0x801'9800       0x4  startup_stm32h743xx.o [1]
  .text              ro code   0x801'9804       0x4  startup_stm32h743xx.o [1]
  .text              ro code   0x801'9808       0x4  startup_stm32h743xx.o [1]
  .text              ro code   0x801'980c       0x4  startup_stm32h743xx.o [1]
  .text              ro code   0x801'9810       0x4  startup_stm32h743xx.o [1]
  .text              ro code   0x801'9814       0x4  startup_stm32h743xx.o [1]
  .text              ro code   0x801'9818       0x4  startup_stm32h743xx.o [1]
  .text              ro code   0x801'981c       0x4  startup_stm32h743xx.o [1]
  .text              ro code   0x801'9820       0x4  startup_stm32h743xx.o [1]
  .text              ro code   0x801'9824       0x4  startup_stm32h743xx.o [1]
  .text              ro code   0x801'9828       0x4  startup_stm32h743xx.o [1]
  .text              ro code   0x801'982c       0x4  startup_stm32h743xx.o [1]
  .text              ro code   0x801'9830       0x4  startup_stm32h743xx.o [1]
  .text              ro code   0x801'9834       0x4  startup_stm32h743xx.o [1]
  .text              ro code   0x801'9838       0x4  startup_stm32h743xx.o [1]
  .text              ro code   0x801'983c       0x4  startup_stm32h743xx.o [1]
  .text              ro code   0x801'9840       0x4  startup_stm32h743xx.o [1]
  .text              ro code   0x801'9844       0x4  startup_stm32h743xx.o [1]
  .text              ro code   0x801'9848       0x4  startup_stm32h743xx.o [1]
  .text              ro code   0x801'984c       0x4  startup_stm32h743xx.o [1]
  .text              ro code   0x801'9850       0x4  startup_stm32h743xx.o [1]
  .text              ro code   0x801'9854       0x4  startup_stm32h743xx.o [1]
  .text              ro code   0x801'9858       0x4  startup_stm32h743xx.o [1]
  .text              ro code   0x801'985c       0x4  startup_stm32h743xx.o [1]
  .text              ro code   0x801'9860       0x4  startup_stm32h743xx.o [1]
  .text              ro code   0x801'9864       0x4  startup_stm32h743xx.o [1]
  .text              ro code   0x801'9868       0x4  startup_stm32h743xx.o [1]
  .text              ro code   0x801'986c       0x4  startup_stm32h743xx.o [1]
  .text              ro code   0x801'9870       0x4  startup_stm32h743xx.o [1]
  .text              ro code   0x801'9874       0x4  startup_stm32h743xx.o [1]
  .text              ro code   0x801'9878       0x4  startup_stm32h743xx.o [1]
  .text              ro code   0x801'987c       0x4  startup_stm32h743xx.o [1]
  .text              ro code   0x801'9880       0x4  startup_stm32h743xx.o [1]
  .text              ro code   0x801'9884       0x4  startup_stm32h743xx.o [1]
  .rodata            const     0x801'9888       0x0  zero_init3.o [12]
  .rodata            const     0x801'9888       0x0  lz77_init_single.o [12]
  Initializer bytes  const     0x801'9888     0x373  <for P2-1>
                             - 0x801'9bfb  0x1'9963

"P2", part 1 of 3:                            0x5b0
  P2-1                        0x2400'0000     0x5b0  <Init block>
    .data            inited   0x2400'0000      0x1c  comm_SerialComm.o [3]
    .data            inited   0x2400'001c      0x1c  comm_SerialComm.o [3]
    .data            inited   0x2400'0038       0x4  g_Core.o [4]
    .data            inited   0x2400'003c       0x4  g_Core.o [4]
    .data            inited   0x2400'0040       0x4  g_Core.o [4]
    .data            inited   0x2400'0044       0x4  g_Core.o [4]
    .data            inited   0x2400'0048      0x24  g_InterruptUpdate.o [5]
    .data            inited   0x2400'006c      0x24  g_InterruptUpdate.o [5]
    .data            inited   0x2400'0090      0x30  g_InterruptUpdate.o [5]
    .data            inited   0x2400'00c0      0xf0  g_InterruptUpdate.o [5]
    .data            inited   0x2400'01b0      0x84  g_InterruptUpdate.o [5]
    .data            inited   0x2400'0234       0x4  g_InterruptUpdate.o [5]
    .data            inited   0x2400'0238       0x4  g_InterruptUpdate.o [5]
    .data            inited   0x2400'023c       0x4  g_InterruptUpdate.o [5]
    .data            inited   0x2400'0240       0x4  g_InterruptUpdate.o [5]
    .data            inited   0x2400'0244       0x4  g_InterruptUpdate.o [5]
    .data            inited   0x2400'0248       0x4  peref.o [6]
    .data            inited   0x2400'024c       0x4  peref.o [6]
    .data            inited   0x2400'0250     0x108  peref.o [6]
    .data            inited   0x2400'0358     0x108  peref.o [6]
    .data            inited   0x2400'0460      0x40  peref.o [6]
    .data            inited   0x2400'04a0      0x24  peref.o [6]
    .data            inited   0x2400'04c4       0x4  peref.o [6]
    .data            inited   0x2400'04c8       0x4  peref.o [6]
    .data            inited   0x2400'04cc       0x4  peref_Calibs.o [6]
    .data            inited   0x2400'04d0      0x70  peref_display.o [6]
    .data            inited   0x2400'0540      0x44  peref_display.o [6]
    .data            inited   0x2400'0584       0x4  stm32h7xx_hal.o [9]
    .data            inited   0x2400'0588      0x18  stm32h7xx_hal_hrtim.o [9]
    .data            inited   0x2400'05a0       0x4  system_stm32h7xx.o [8]
    .data            inited   0x2400'05a4       0x4  system_stm32h7xx.o [8]
    .data            inited   0x2400'05a8       0x1  add_ValueConv.o [2]
    .data            inited   0x2400'05a9       0x1  add_ValueConv.o [2]
    .data            inited   0x2400'05aa       0x1  add_ValueConv.o [2]
    .data            inited   0x2400'05ab       0x1  add_ValueConv.o [2]
    .data            inited   0x2400'05ac       0x1  g_Core.o [4]
    .data            inited   0x2400'05ad       0x1  peref.o [6]
    .data            inited   0x2400'05ae       0x1  peref.o [6]
    .data            inited   0x2400'05af       0x1  stm32h7xx_hal.o [9]
                            - 0x2400'05b0     0x5b0

"P2", part 2 of 3:                           0x29cc
  .bss               zero     0x2400'05b0     0x8d4  g_Ram.o [5]
  .bss               zero     0x2400'0e84     0x854  peref.o [6]
  .bss               zero     0x2400'16d8     0x540  g_Core.o [4]
  .bss               zero     0x2400'1c18     0x400  comm_ModbusRtu.o [3]
  .bss               zero     0x2400'2018     0x398  comm.o [3]
  .bss               zero     0x2400'23b0     0x218  core_Menu.o [4]
  .bss               zero     0x2400'25c8      0xdc  main.o [2]
  .bss               zero     0x2400'26a4      0xc0  stat.o [7]
  .bss               zero     0x2400'2764      0xa0  main.o [2]
  .bss               zero     0x2400'2804      0x90  main.o [2]
  .bss               zero     0x2400'2894      0x90  main.o [2]
  .bss               zero     0x2400'2924      0x90  main.o [2]
  .bss               zero     0x2400'29b4      0x90  main.o [2]
  .bss               zero     0x2400'2a44      0x88  main.o [2]
  .bss               zero     0x2400'2acc      0x88  main.o [2]
  .bss               zero     0x2400'2b54      0x78  main.o [2]
  .bss               zero     0x2400'2bcc      0x78  main.o [2]
  .bss               zero     0x2400'2c44      0x64  main.o [2]
  .bss               zero     0x2400'2ca8      0x64  main.o [2]
  .bss               zero     0x2400'2d0c      0x4c  main.o [2]
  .bss               zero     0x2400'2d58      0x4c  main.o [2]
  .bss               zero     0x2400'2da4      0x34  g_Core.o [4]
  .bss               zero     0x2400'2dd8      0x2c  peref.o [6]
  .bss               zero     0x2400'2e04      0x28  CMS58M.o [6]
  .bss               zero     0x2400'2e2c      0x24  CMS58M.o [6]
  .bss               zero     0x2400'2e50      0x24  main.o [2]
  .bss               zero     0x2400'2e74      0x14  main.o [2]
  .bss               zero     0x2400'2e88      0x10  peref.o [6]
  .bss               zero     0x2400'2e98       0x8  g_Core.o [4]
  .bss               zero     0x2400'2ea0       0x8  g_Core.o [4]
  .bss               zero     0x2400'2ea8       0x4  comm_ModbusRtu.o [3]
  .bss               zero     0x2400'2eac       0x4  comm_ModbusRtu.o [3]
  .bss               zero     0x2400'2eb0       0x4  comm_ModbusRtu.o [3]
  .bss               zero     0x2400'2eb4       0x4  core_Menu.o [4]
  .bss               zero     0x2400'2eb8       0x4  core_Menu.o [4]
  .bss               zero     0x2400'2ebc       0x4  core_Menu.o [4]
  .bss               zero     0x2400'2ec0       0x4  core_Menu.o [4]
  .bss               zero     0x2400'2ec4       0x4  g_Core.o [4]
  .bss               zero     0x2400'2ec8       0x4  g_Core.o [4]
  .bss               zero     0x2400'2ecc       0x4  g_Core.o [4]
  .bss               zero     0x2400'2ed0       0x4  g_Core.o [4]
  .bss               zero     0x2400'2ed4       0x4  g_Core.o [4]
  .bss               zero     0x2400'2ed8       0x4  g_Core.o [4]
  .bss               zero     0x2400'2edc       0x4  g_Core.o [4]
  .bss               zero     0x2400'2ee0       0x4  g_Core.o [4]
  .bss               zero     0x2400'2ee4       0x4  g_Core.o [4]
  .bss               zero     0x2400'2ee8       0x4  g_Core.o [4]
  .bss               zero     0x2400'2eec       0x4  g_Core.o [4]
  .bss               zero     0x2400'2ef0       0x4  g_Core.o [4]
  .bss               zero     0x2400'2ef4       0x4  g_Core.o [4]
  .bss               zero     0x2400'2ef8       0x4  g_Core.o [4]
  .bss               zero     0x2400'2efc       0x4  g_Core.o [4]
  .bss               zero     0x2400'2f00       0x4  g_InterruptUpdate.o [5]
  .bss               zero     0x2400'2f04       0x4  g_InterruptUpdate.o [5]
  .bss               zero     0x2400'2f08       0x4  g_InterruptUpdate.o [5]
  .bss               zero     0x2400'2f0c       0x4  g_InterruptUpdate.o [5]
  .bss               zero     0x2400'2f10       0x4  g_InterruptUpdate.o [5]
  .bss               zero     0x2400'2f14       0x4  g_InterruptUpdate.o [5]
  .bss               zero     0x2400'2f18       0x4  g_InterruptUpdate.o [5]
  .bss               zero     0x2400'2f1c       0x4  g_InterruptUpdate.o [5]
  .bss               zero     0x2400'2f20       0x4  main.o [2]
  .bss               zero     0x2400'2f24       0x4  peref.o [6]
  .bss               zero     0x2400'2f28       0x4  peref.o [6]
  .bss               zero     0x2400'2f2c       0x4  peref.o [6]
  .bss               zero     0x2400'2f30       0x4  peref.o [6]
  .bss               zero     0x2400'2f34       0x4  peref.o [6]
  .bss               zero     0x2400'2f38       0x4  peref.o [6]
  .bss               zero     0x2400'2f3c       0x4  peref.o [6]
  .bss               zero     0x2400'2f40       0x4  peref.o [6]
  .bss               zero     0x2400'2f44       0x4  peref.o [6]
  .bss               zero     0x2400'2f48       0x4  peref.o [6]
  .bss               zero     0x2400'2f4c       0x4  peref.o [6]
  .bss               zero     0x2400'2f50       0x4  peref.o [6]
  .bss               zero     0x2400'2f54       0x4  peref.o [6]
  .bss               zero     0x2400'2f58       0x4  peref.o [6]
  .bss               zero     0x2400'2f5c       0x4  peref.o [6]
  .bss               zero     0x2400'2f60       0x4  peref.o [6]
  .bss               zero     0x2400'2f64       0x4  peref_Calibs.o [6]
  .bss               zero     0x2400'2f68       0x4  stm32h7xx_hal.o [9]
  .bss               zero     0x2400'2f6c       0x4  stm32h7xx_it.o [2]
  .bss               zero     0x2400'2f70       0x2  peref.o [6]
  .bss               zero     0x2400'2f72       0x2  peref.o [6]
  .bss               zero     0x2400'2f74       0x1  CMS58M.o [6]
  .bss               zero     0x2400'2f75       0x1  CMS58M.o [6]
  .bss               zero     0x2400'2f76       0x1  comm_ModbusRtu.o [3]
  .bss               zero     0x2400'2f77       0x1  core_Protections.o [4]
  .bss               zero     0x2400'2f78       0x1  core_VlvDrvCtrl.o [4]
  .bss               zero     0x2400'2f79       0x1  peref.o [6]
                            - 0x2400'2f7a    0x29ca

"P2", part 3 of 3:                           0x4000
  CSTACK                      0x2400'2f80    0x4000  <Block>
    CSTACK           uninit   0x2400'2f80    0x4000  <Block tail>
                            - 0x2400'6f80    0x4000

Unused ranges:

         From           To       Size
         ----           --       ----
   0x801'9bfb   0x81f'ffff  0x1e'6405
  0x2400'2f7c  0x2400'2f7f        0x4
  0x2400'6f80  0x2407'ffff   0x7'9080


*******************************************************************************
*** INIT TABLE
***

          Address      Size
          -------      ----
Zero (__iar_zero_init3)
    1 destination range, total size 0x29ca:
          0x2400'05b0  0x29ca

Copy/lz77 (__iar_lz77_init_single3)
    1 source range, total size 0x373 (60% of destination):
           0x801'9888   0x373
    1 destination range, total size 0x5b0:
          0x2400'0000   0x5b0



*******************************************************************************
*** MODULE SUMMARY
***

    Module                   ro code  ro data  rw data
    ------                   -------  -------  -------
command line/config:
    --------------------------------------------------
    Total:

C:\work\ebu6\EBU6\EBU6\EWARM\EBU6\Obj\Application\EWARM: [1]
    startup_stm32h743xx.o      1'196
    --------------------------------------------------
    Total:                     1'196

C:\work\ebu6\EBU6\EBU6\EWARM\EBU6\Obj\Application\User\Core: [2]
    add_ValueConv.o              498        2        4
    main.o                     4'464             1'880
    stm32h7xx_hal_msp.o        2'348
    stm32h7xx_it.o               208                 4
    --------------------------------------------------
    Total:                     7'518        2    1'888

C:\work\ebu6\EBU6\EBU6\EWARM\EBU6\Obj\Application\User\Core\Comm: [3]
    comm.o                        28               920
    comm_ModbusRtu.o             712             1'037
    comm_SerialComm.o            172       33       56
    --------------------------------------------------
    Total:                       912       33    2'013

C:\work\ebu6\EBU6\EBU6\EWARM\EBU6\Obj\Application\User\Core\Core: [4]
    core_Menu.o                6'236   24'044      552
    core_Protections.o           196                 1
    core_VlvDrvCtrl.o          1'450                 1
    g_Core.o                   5'112       11    1'489
    --------------------------------------------------
    Total:                    12'994   24'055    2'043

C:\work\ebu6\EBU6\EBU6\EWARM\EBU6\Obj\Application\User\Core\Global: [5]
    g_InterruptUpdate.o          508      311      544
    g_Ram.o                      360             2'260
    --------------------------------------------------
    Total:                       868      311    2'804

C:\work\ebu6\EBU6\EBU6\EWARM\EBU6\Obj\Application\User\Core\Peref: [6]
    CMS58M.o                     612       12       78
    peref.o                    5'108      391    2'907
    peref_ApFilter1.o            116
    peref_Calibs.o             1'196        3        8
    peref_Clock.o                 62
    peref_SensObserver.o         712
    peref_SinObserver.o          360
    peref_display.o              928      109      180
    --------------------------------------------------
    Total:                     9'094      515    3'173

C:\work\ebu6\EBU6\EBU6\EWARM\EBU6\Obj\Application\User\Core\Stat: [7]
    stat.o                        50               192
    stat_fm25v10.o               708
    --------------------------------------------------
    Total:                       758               192

C:\work\ebu6\EBU6\EBU6\EWARM\EBU6\Obj\Drivers\CMSIS: [8]
    system_stm32h7xx.o           316       21        8
    --------------------------------------------------
    Total:                       316       21        8

C:\work\ebu6\EBU6\EBU6\EWARM\EBU6\Obj\Drivers\STM32H7xx_HAL_Driver: [9]
    stm32h7xx_hal.o              292        2        9
    stm32h7xx_hal_adc.o        4'196
    stm32h7xx_hal_adc_ex.o       382
    stm32h7xx_hal_cortex.o       344
    stm32h7xx_hal_dma.o        8'916        8
    stm32h7xx_hal_fdcan.o      2'396       92
    stm32h7xx_hal_gpio.o         692
    stm32h7xx_hal_hrtim.o      2'234       15       24
    stm32h7xx_hal_pwr.o           20
    stm32h7xx_hal_pwr_ex.o       100
    stm32h7xx_hal_rcc.o        3'376
    stm32h7xx_hal_rcc_ex.o     6'976
    stm32h7xx_hal_rtc.o          922
    stm32h7xx_hal_spi.o        3'894
    stm32h7xx_hal_tim.o        3'370
    stm32h7xx_hal_tim_ex.o       762
    stm32h7xx_hal_uart.o       5'512       24
    stm32h7xx_hal_uart_ex.o      370       16
    --------------------------------------------------
    Total:                    44'754      157       33

dl7M_tln.a: [10]
    abs.o                          8
    exit.o                         4
    labs.o                         8
    low_level_init.o               4
    --------------------------------------------------
    Total:                        24

m7M_tlv.a: [11]
    cos_sin32.o                  468
    fmax.o                        46
    fmin.o                        42
    fpinit_M.o                    34
    sqrtf.o                       30
    --------------------------------------------------
    Total:                       620

rt7M_tl.a: [12]
    ABImemcpy.o                  166
    ABImemset.o                  102
    I64DivMod.o                  560
    I64DivZer.o                    2
    cexit.o                       10
    cmain.o                       30
    cstartup_M.o                  28
    data_init.o                   40
    lz77_init_single.o           120
    strchr.o                      22
    strcmp.o                      18
    strcpy.o                      24
    strlen.o                      54
    zero_init3.o                  56
    --------------------------------------------------
    Total:                     1'232

shb_l.a: [13]
    exit.o                        20
    --------------------------------------------------
    Total:                        20

    Gaps                          32        2
    Linker created                         33   16'384
------------------------------------------------------
    Grand Total:              80'338   25'129   28'538


*******************************************************************************
*** ENTRY LIST
***

Entry                       Address    Size  Type      Object
-----                       -------    ----  ----      ------
.iar.init_table$$Base    0x801'958c           --   Gb  - Linker created -
.iar.init_table$$Limit   0x801'95ac           --   Gb  - Linker created -
?main                    0x801'95ad          Code  Gb  cmain.o [12]
ADC3_IRQHandler          0x801'9353     0xa  Code  Gb  stm32h7xx_it.o [2]
ADC_ConfigureBoostMode   0x801'3bdd   0x158  Code  Gb  stm32h7xx_hal_adc.o [9]
ADC_DMAConvCplt          0x801'3b29    0x88  Code  Gb  stm32h7xx_hal_adc.o [9]
ADC_DMAError             0x801'3bbf    0x1e  Code  Gb  stm32h7xx_hal_adc.o [9]
ADC_DMAHalfConvCplt      0x801'3bb1     0xe  Code  Gb  stm32h7xx_hal_adc.o [9]
ADC_Enable               0x801'3a5d    0xbc  Code  Gb  stm32h7xx_hal_adc.o [9]
ADC_IRQHandler           0x801'92e9     0xa  Code  Gb  stm32h7xx_it.o [2]
ADS1118_init             0x800'c763    0xbe  Code  Gb  peref.o [6]
ADS1118_update           0x800'c835    0x60  Code  Gb  peref.o [6]
ADT7301_Update           0x800'c31d    0x6c  Code  Gb  peref.o [6]
AcknoledgeEvent          0x801'7f43    0xa2  Code  Gb  comm_ModbusRtu.o [3]
AsuMbSetTr               0x801'7d9d     0x2  Code  Gb  comm_SerialComm.o [3]
BaudRates               0x2400'0000    0x1c  Data  Lc  comm_SerialComm.o [3]
BreakFrameEvent          0x801'7e5d    0x16  Code  Gb  comm_ModbusRtu.o [3]
BrrValues               0x2400'001c    0x1c  Data  Lc  comm_SerialComm.o [3]
BtnLevel                0x2400'024c     0x4  Data  Gb  peref.o [6]
BtnTout                 0x2400'0248     0x4  Data  Gb  peref.o [6]
BusFault_Handler         0x801'92c3     0x2  Code  Gb  stm32h7xx_it.o [2]
ByteToStr                0x800'b11d    0x1e  Code  Gb  add_ValueConv.o [2]
CAN1RxMsg               0x2400'2f74     0x1  Data  Gb  CMS58M.o [6]
CAN1TxMsg               0x2400'2f75     0x1  Data  Gb  CMS58M.o [6]
CPU_led_timer           0x2400'2f6c     0x4  Data  Gb  stm32h7xx_it.o [2]
CSTACK$$Base            0x2400'2f80           --   Gb  - Linker created -
CSTACK$$Limit           0x2400'6f80           --   Gb  - Linker created -
CalcClbCycle             0x800'ebb7    0x70  Code  Gb  peref_Calibs.o [6]
CalcClbGearInv           0x800'e8bd    0x14  Code  Gb  peref_Calibs.o [6]
CalcClbGearRev           0x800'e8d1    0x18  Code  Gb  peref_Calibs.o [6]
ChangeCoordinate         0x800'a2d9   0x194  Code  Lc  core_Menu.o [4]
CheckRange               0x800'b01d    0x22  Code  Gb  add_ValueConv.o [2]
CheckStatus              0x800'eb9b    0x1c  Code  Lc  peref_Calibs.o [6]
Cms58mConfig             0x800'e5f5    0x2c  Code  Gb  CMS58M.o [6]
Cms58mInir               0x800'e5d1    0x24  Code  Gb  CMS58M.o [6]
Cms58mRxHandler          0x800'e62f    0x2c  Code  Gb  CMS58M.o [6]
Cms58mStart              0x800'e621     0xe  Code  Gb  CMS58M.o [6]
Comm_50HzCalc            0x801'5181     0x2  Code  Gb  comm.o [3]
Comm_CommandUpdate       0x801'5183     0x2  Code  Gb  comm.o [3]
Comm_Init                0x801'5169    0x12  Code  Gb  comm.o [3]
ConnTimeoutEvent         0x801'7f2f    0x14  Code  Gb  comm_ModbusRtu.o [3]
Core_CalibControl        0x801'3f99   0x148  Code  Gb  g_Core.o [4]
Core_CalibStop           0x801'3ef7    0x9a  Code  Gb  g_Core.o [4]
Core_ControlMode         0x801'4463    0x32  Code  Gb  g_Core.o [4]
Core_Init                0x801'3d71   0x186  Code  Gb  g_Core.o [4]
Core_MENU_Display        0x800'9ad9    0x88  Code  Gb  core_Menu.o [4]
Core_MenuInit            0x800'9741   0x336  Code  Gb  core_Menu.o [4]
Core_MenuReadDcr         0x800'ab71    0x6e  Code  Gb  core_Menu.o [4]
Core_MenuUpdate          0x800'9a8d    0x4c  Code  Gb  core_Menu.o [4]
Core_Protections18kHzUpdate
                         0x801'7553    0x60  Code  Gb  core_Protections.o [4]
Core_Protections50HZUpdate
                         0x801'7543    0x10  Code  Gb  core_Protections.o [4]
Core_ProtectionsClear    0x801'7531    0x12  Code  Gb  core_Protections.o [4]
Core_ProtectionsEnable   0x801'7503    0x2e  Code  Gb  core_Protections.o [4]
Core_ProtectionsEnable::State
                        0x2400'2f77     0x1  Data  Lc  core_Protections.o [4]
Core_ProtectionsInit     0x801'74fd     0x6  Code  Gb  core_Protections.o [4]
Core_SetDeff             0x800'ac9b    0xd4  Code  Gb  core_Menu.o [4]
Core_ValveDriveInit      0x801'75c1    0x96  Code  Gb  core_VlvDrvCtrl.o [4]
Core_ValveDriveMove      0x801'76bb    0x94  Code  Gb  core_VlvDrvCtrl.o [4]
Core_ValveDriveStop      0x801'7657    0x34  Code  Gb  core_VlvDrvCtrl.o [4]
Core_ValveDriveUpdate    0x801'768b    0x30  Code  Gb  core_VlvDrvCtrl.o [4]
CrcTable                0x2400'1c18   0x400  Data  Gb  comm_ModbusRtu.o [3]
CrcTableGenFlag         0x2400'2f76     0x1  Data  Lc  comm_ModbusRtu.o [3]
CyclicTimer              0x801'9658     0x8  Data  Gb  CMS58M.o [6]
D1CorePrescTable         0x801'9638    0x10  Data  Gb  system_stm32h7xx.o [8]
DAC_on_off              0x2400'05ad     0x1  Data  Gb  peref.o [6]
DAC_tmp                 0x2400'2f40     0x4  Data  Gb  peref.o [6]
DAC_tmp_16              0x2400'2f72     0x2  Data  Gb  peref.o [6]
DISPL_AddSymb            0x800'de35    0x36  Code  Gb  peref_display.o [6]
DISPL_Update             0x800'de07    0x2e  Code  Gb  peref_display.o [6]
DISPL_init               0x800'dd8d    0x3e  Code  Gb  peref_display.o [6]
DLCtoBytes               0x801'9628    0x10  Data  Lc  stm32h7xx_hal_fdcan.o [9]
DMA1_Stream1_IRQHandler
                         0x801'92d5     0xa  Code  Gb  stm32h7xx_it.o [2]
DMA1_Stream3_IRQHandler
                         0x801'92df     0xa  Code  Gb  stm32h7xx_it.o [2]
DMA_CalcBaseAndBitshift
                         0x800'710b    0xd2  Code  Lc  stm32h7xx_hal_dma.o [9]
DMA_CalcBaseAndBitshift{1}{2}::flagBitshiftOffset
                         0x801'9668     0x8  Data  Lc  stm32h7xx_hal_dma.o [9]
DMA_CalcDMAMUXChannelBaseAndMask
                         0x800'729b    0xac  Code  Lc  stm32h7xx_hal_dma.o [9]
DMA_CalcDMAMUXRequestGenBaseAndMask
                         0x800'7347    0x80  Code  Lc  stm32h7xx_hal_dma.o [9]
DMA_CheckFifoParam       0x800'7201    0x9a  Code  Lc  stm32h7xx_hal_dma.o [9]
DMA_SetConfig            0x800'6ea5   0x266  Code  Lc  stm32h7xx_hal_dma.o [9]
DateSeparator           0x2400'05ab     0x1  Data  Gb  add_ValueConv.o [2]
DateToStr                0x800'b163    0x3e  Code  Gb  add_ValueConv.o [2]
DebugMon_Handler         0x801'92c9     0x2  Code  Gb  stm32h7xx_it.o [2]
DecToStr                 0x800'b03f    0xde  Code  Gb  add_ValueConv.o [2]
DefineBit                0x800'a605    0x5c  Code  Gb  core_Menu.o [4]
DisplayOff               0x800'dea7    0x34  Code  Gb  peref_display.o [6]
DisplayOn                0x800'dedb    0xc4  Code  Gb  peref_display.o [6]
DisplayPutText           0x800'df9f    0x60  Code  Gb  peref_display.o [6]
DisplayRestart           0x800'de6b    0x3c  Code  Gb  peref_display.o [6]
DisplayStart             0x800'e0df    0x2c  Code  Gb  peref_display.o [6]
DriveClose               0x801'7a11    0x92  Code  Gb  core_VlvDrvCtrl.o [4]
DriveOpen                0x801'7aa3    0x98  Code  Gb  core_VlvDrvCtrl.o [4]
DriveStop                0x801'7a01    0x10  Code  Gb  core_VlvDrvCtrl.o [4]
DynBreakMode             0x801'4577    0x42  Code  Lc  g_Core.o [4]
EditBin                  0x800'a2bb    0x1e  Code  Gb  core_Menu.o [4]
EditDate                 0x800'a169   0x152  Code  Gb  core_Menu.o [4]
EditDec                  0x800'9e35   0x186  Code  Gb  core_Menu.o [4]
EditParam                0x800'9d37    0xfe  Code  Gb  core_Menu.o [4]
EditStr                  0x800'9fbb    0xe0  Code  Gb  core_Menu.o [4]
EditTime                 0x800'a09b    0xce  Code  Gb  core_Menu.o [4]
Eeprom1                 0x2400'2da4    0x34  Data  Gb  g_Core.o [4]
EnableEdit               0x800'ac67    0x34  Code  Gb  core_Menu.o [4]
EncodeData               0x800'e0c3    0x1c  Code  Gb  peref_display.o [6]
Error_Handler            0x801'2a29     0x4  Code  Gb  main.o [2]
FDCANStatus             0x2400'2dd8    0x2c  Data  Gb  peref.o [6]
FDCAN_CalcultateRamBlockAddresses
                         0x800'f38d   0x208  Code  Lc  stm32h7xx_hal_fdcan.o [9]
FDCAN_CopyMessageToRAM   0x800'f595    0x9a  Code  Lc  stm32h7xx_hal_fdcan.o [9]
FDCANerrCount           0x2400'2e88    0x10  Data  Gb  peref.o [6]
FM25V10_Init             0x800'b4f1    0x3e  Code  Gb  stat_fm25v10.o [7]
FM25V10_ReadByte         0x800'b699    0x58  Code  Gb  stat_fm25v10.o [7]
FM25V10_ReadSN           0x800'b76b    0x3e  Code  Gb  stat_fm25v10.o [7]
FM25V10_ReadStatus       0x800'b65d    0x3c  Code  Gb  stat_fm25v10.o [7]
FM25V10_Update           0x800'b52f   0x12e  Code  Gb  stat_fm25v10.o [7]
FM25V10_WriteByte        0x800'b6f1    0x4e  Code  Gb  stat_fm25v10.o [7]
FM25V10_WriteEnable      0x800'b73f    0x2c  Code  Gb  stat_fm25v10.o [7]
Flag                    0x2400'2f78     0x1  Data  Gb  core_VlvDrvCtrl.o [4]
FloatPositive           0x2400'05a9     0x1  Data  Gb  add_ValueConv.o [2]
FloatSeparator          0x2400'05a8     0x1  Data  Gb  add_ValueConv.o [2]
GenerateCrcTable         0x801'80bb    0x36  Code  Gb  comm_ModbusRtu.o [3]
GetActiveControls        0x801'774f    0xf6  Code  Gb  core_VlvDrvCtrl.o [4]
HAL_ADCEx_EndOfSamplingCallback
                         0x801'74eb     0x2  Code  Gb  stm32h7xx_hal_adc_ex.o [9]
HAL_ADCEx_InjectedConvCpltCallback
                         0x801'74ef     0x2  Code  Gb  stm32h7xx_hal_adc_ex.o [9]
HAL_ADCEx_InjectedQueueOverflowCallback
                         0x801'74f9     0x2  Code  Gb  stm32h7xx_hal_adc_ex.o [9]
HAL_ADCEx_LevelOutOfWindow2Callback
                         0x801'74f3     0x2  Code  Gb  stm32h7xx_hal_adc_ex.o [9]
HAL_ADCEx_LevelOutOfWindow3Callback
                         0x801'74f5     0x2  Code  Gb  stm32h7xx_hal_adc_ex.o [9]
HAL_ADCEx_MultiModeConfigChannel
                         0x801'666b   0x148  Code  Gb  stm32h7xx_hal_adc_ex.o [9]
HAL_ADC_ConfigChannel    0x801'3599   0x4a6  Code  Gb  stm32h7xx_hal_adc.o [9]
HAL_ADC_ConvCpltCallback
                         0x801'74ed     0x2  Code  Gb  stm32h7xx_hal_adc.o [9]
HAL_ADC_ConvHalfCpltCallback
                         0x801'74fb     0x2  Code  Gb  stm32h7xx_hal_adc.o [9]
HAL_ADC_ErrorCallback    0x801'74f7     0x2  Code  Gb  stm32h7xx_hal_adc.o [9]
HAL_ADC_IRQHandler       0x801'3279   0x31a  Code  Gb  stm32h7xx_hal_adc.o [9]
HAL_ADC_Init             0x801'2eb3   0x27e  Code  Gb  stm32h7xx_hal_adc.o [9]
HAL_ADC_LevelOutOfWindowCallback
                         0x801'74f1     0x2  Code  Gb  stm32h7xx_hal_adc.o [9]
HAL_ADC_MspInit          0x801'0fb3   0x268  Code  Gb  stm32h7xx_hal_msp.o [2]
HAL_ADC_Start_DMA        0x801'313d   0x112  Code  Gb  stm32h7xx_hal_adc.o [9]
HAL_DMA_Abort            0x800'5b09   0x47c  Code  Gb  stm32h7xx_hal_dma.o [9]
HAL_DMA_Abort_IT         0x800'5fe1   0x39e  Code  Gb  stm32h7xx_hal_dma.o [9]
HAL_DMA_IRQHandler       0x800'63e5   0xa7a  Code  Gb  stm32h7xx_hal_dma.o [9]
HAL_DMA_Init             0x800'517d   0x532  Code  Gb  stm32h7xx_hal_dma.o [9]
HAL_DMA_Start_IT         0x800'5719   0x3ea  Code  Gb  stm32h7xx_hal_dma.o [9]
HAL_FDCAN_AddMessageToTxBuffer
                         0x800'f07b    0x8e  Code  Gb  stm32h7xx_hal_fdcan.o [9]
HAL_FDCAN_AddMessageToTxFifoQ
                         0x800'eff3    0x88  Code  Gb  stm32h7xx_hal_fdcan.o [9]
HAL_FDCAN_EnableTxBufferRequest
                         0x800'f109    0x24  Code  Gb  stm32h7xx_hal_fdcan.o [9]
HAL_FDCAN_GetErrorCounters
                         0x800'f365    0x22  Code  Gb  stm32h7xx_hal_fdcan.o [9]
HAL_FDCAN_GetProtocolStatus
                         0x800'f319    0x4c  Code  Gb  stm32h7xx_hal_fdcan.o [9]
HAL_FDCAN_GetRxMessage   0x800'f12d   0x1e6  Code  Gb  stm32h7xx_hal_fdcan.o [9]
HAL_FDCAN_Init           0x800'ece1   0x2d8  Code  Gb  stm32h7xx_hal_fdcan.o [9]
HAL_FDCAN_MspInit        0x801'121b    0xa2  Code  Gb  stm32h7xx_hal_msp.o [2]
HAL_FDCAN_Start          0x800'efbd    0x36  Code  Gb  stm32h7xx_hal_fdcan.o [9]
HAL_GPIO_Init            0x800'cba9   0x232  Code  Gb  stm32h7xx_hal_gpio.o [9]
HAL_GPIO_ReadPin         0x800'cddb    0x16  Code  Gb  stm32h7xx_hal_gpio.o [9]
HAL_GPIO_TogglePin       0x800'ce0b    0x1a  Code  Gb  stm32h7xx_hal_gpio.o [9]
HAL_GPIO_WritePin        0x800'cdf1    0x1a  Code  Gb  stm32h7xx_hal_gpio.o [9]
HAL_GetREVID             0x801'2ccb     0xa  Code  Gb  stm32h7xx_hal.o [9]
HAL_GetTick              0x800'7451     0xc  Code  Gb  stm32h7xx_hal.o [9]
HAL_HRTIM_Init           0x801'67cd   0x126  Code  Gb  stm32h7xx_hal_hrtim.o [9]
HAL_HRTIM_MspInit        0x801'12bd    0x56  Code  Gb  stm32h7xx_hal_msp.o [2]
HAL_HRTIM_MspPostInit    0x801'1313    0x5e  Code  Gb  stm32h7xx_hal_msp.o [2]
HAL_HRTIM_SimplePWMStart
                         0x801'6939    0x4e  Code  Gb  stm32h7xx_hal_hrtim.o [9]
HAL_HRTIM_TimeBaseConfig
                         0x801'68f3    0x3c  Code  Gb  stm32h7xx_hal_hrtim.o [9]
HAL_HRTIM_WaveformCompareConfig
                         0x801'6a25   0x236  Code  Gb  stm32h7xx_hal_hrtim.o [9]
HAL_HRTIM_WaveformOutputConfig
                         0x801'6c5b    0x4a  Code  Gb  stm32h7xx_hal_hrtim.o [9]
HAL_HRTIM_WaveformTimerConfig
                         0x801'698d    0x98  Code  Gb  stm32h7xx_hal_hrtim.o [9]
HAL_IncTick              0x801'938d    0x18  Code  Gb  stm32h7xx_hal.o [9]
HAL_Init                 0x801'2c6d    0x5e  Code  Gb  stm32h7xx_hal.o [9]
HAL_InitTick             0x800'9591    0x58  Code  Gb  stm32h7xx_hal.o [9]
HAL_MspInit              0x801'0f69    0x4a  Code  Gb  stm32h7xx_hal_msp.o [2]
HAL_NVIC_EnableIRQ       0x800'9707     0xe  Code  Gb  stm32h7xx_hal_cortex.o [9]
HAL_NVIC_SetPriority     0x800'96e3    0x24  Code  Gb  stm32h7xx_hal_cortex.o [9]
HAL_NVIC_SetPriorityGrouping
                         0x800'96d7     0xc  Code  Gb  stm32h7xx_hal_cortex.o [9]
HAL_PWREx_ConfigSupply   0x801'5ea5    0x5c  Code  Gb  stm32h7xx_hal_pwr_ex.o [9]
HAL_PWR_EnableBkUpAccess
                         0x801'5f09     0xe  Code  Gb  stm32h7xx_hal_pwr.o [9]
HAL_RCCEx_GetD3PCLK1Freq
                         0x800'8615    0x1e  Code  Gb  stm32h7xx_hal_rcc_ex.o [9]
HAL_RCCEx_GetPLL1ClockFreq
                         0x800'8acd   0x22c  Code  Gb  stm32h7xx_hal_rcc_ex.o [9]
HAL_RCCEx_GetPLL2ClockFreq
                         0x800'8635   0x226  Code  Gb  stm32h7xx_hal_rcc_ex.o [9]
HAL_RCCEx_GetPLL3ClockFreq
                         0x800'887d   0x226  Code  Gb  stm32h7xx_hal_rcc_ex.o [9]
HAL_RCCEx_GetPeriphCLKFreq
                         0x800'7f8d   0x688  Code  Gb  stm32h7xx_hal_rcc_ex.o [9]
HAL_RCCEx_PeriphCLKConfig
                         0x800'745d   0xb0c  Code  Gb  stm32h7xx_hal_rcc_ex.o [9]
HAL_RCC_ClockConfig      0x800'8f9d   0x306  Code  Gb  stm32h7xx_hal_rcc.o [9]
HAL_RCC_GetHCLKFreq      0x800'94cb    0x3c  Code  Gb  stm32h7xx_hal_rcc.o [9]
HAL_RCC_GetPCLK1Freq     0x800'9507    0x1a  Code  Gb  stm32h7xx_hal_rcc.o [9]
HAL_RCC_GetPCLK2Freq     0x800'9521    0x1a  Code  Gb  stm32h7xx_hal_rcc.o [9]
HAL_RCC_GetSysClockFreq
                         0x800'92a5   0x226  Code  Gb  stm32h7xx_hal_rcc.o [9]
HAL_RCC_OscConfig        0x801'5f1d   0x73c  Code  Gb  stm32h7xx_hal_rcc.o [9]
HAL_RTC_GetDate          0x801'0df5    0x52  Code  Gb  stm32h7xx_hal_rtc.o [9]
HAL_RTC_GetTime          0x801'0cc3    0x66  Code  Gb  stm32h7xx_hal_rtc.o [9]
HAL_RTC_SetDate          0x801'0d29    0xcc  Code  Gb  stm32h7xx_hal_rtc.o [9]
HAL_RTC_SetTime          0x801'0bcd    0xf6  Code  Gb  stm32h7xx_hal_rtc.o [9]
HAL_RTC_WaitForSynchro   0x801'0e47    0x34  Code  Gb  stm32h7xx_hal_rtc.o [9]
HAL_SPI_ErrorCallback    0x801'1895     0x2  Code  Gb  stm32h7xx_hal_spi.o [9]
HAL_SPI_IRQHandler       0x800'd9ad   0x28c  Code  Gb  stm32h7xx_hal_spi.o [9]
HAL_SPI_Init             0x800'ce5d   0x182  Code  Gb  stm32h7xx_hal_spi.o [9]
HAL_SPI_MspInit          0x801'1371   0x17c  Code  Gb  stm32h7xx_hal_msp.o [2]
HAL_SPI_Receive          0x800'd29b   0x2c2  Code  Gb  stm32h7xx_hal_spi.o [9]
HAL_SPI_RxCpltCallback   0x801'1899     0x2  Code  Gb  stm32h7xx_hal_spi.o [9]
HAL_SPI_Transmit         0x800'cfdf   0x2bc  Code  Gb  stm32h7xx_hal_spi.o [9]
HAL_SPI_TransmitReceive
                         0x800'd55d   0x444  Code  Gb  stm32h7xx_hal_spi.o [9]
HAL_SPI_TxCpltCallback   0x801'189b     0x2  Code  Gb  stm32h7xx_hal_spi.o [9]
HAL_SPI_TxRxCpltCallback
                         0x801'1897     0x2  Code  Gb  stm32h7xx_hal_spi.o [9]
HAL_SYSCFG_DisableVREFBUF
                         0x801'2ce9    0x12  Code  Gb  stm32h7xx_hal.o [9]
HAL_SYSCFG_VREFBUF_HighImpedanceConfig
                         0x801'2cd5    0x14  Code  Gb  stm32h7xx_hal.o [9]
HAL_SYSTICK_Config       0x800'9715     0xc  Code  Gb  stm32h7xx_hal_cortex.o [9]
HAL_TIMEx_Break2Callback
                         0x801'7e55     0x2  Code  Gb  stm32h7xx_hal_tim_ex.o [9]
HAL_TIMEx_BreakCallback
                         0x801'7e53     0x2  Code  Gb  stm32h7xx_hal_tim_ex.o [9]
HAL_TIMEx_CommutCallback
                         0x801'7e59     0x2  Code  Gb  stm32h7xx_hal_tim_ex.o [9]
HAL_TIMEx_ConfigBreakDeadTime
                         0x801'72ad    0x94  Code  Gb  stm32h7xx_hal_tim_ex.o [9]
HAL_TIMEx_MasterConfigSynchronization
                         0x801'720f    0x9e  Code  Gb  stm32h7xx_hal_tim_ex.o [9]
HAL_TIMEx_PWMN_Start     0x801'7089    0xea  Code  Gb  stm32h7xx_hal_tim_ex.o [9]
HAL_TIMEx_PWMN_Stop      0x801'7181    0x8e  Code  Gb  stm32h7xx_hal_tim_ex.o [9]
HAL_TIM_Base_Init        0x801'5185    0x7a  Code  Gb  stm32h7xx_hal_tim.o [9]
HAL_TIM_Base_MspInit     0x801'14ed    0x66  Code  Gb  stm32h7xx_hal_msp.o [2]
HAL_TIM_Base_Start       0x801'51ff    0x8c  Code  Gb  stm32h7xx_hal_tim.o [9]
HAL_TIM_Base_Start_IT    0x801'528b    0x98  Code  Gb  stm32h7xx_hal_tim.o [9]
HAL_TIM_ConfigClockSource
                         0x801'5917   0x112  Code  Gb  stm32h7xx_hal_tim.o [9]
HAL_TIM_IC_CaptureCallback
                         0x801'7e4b     0x2  Code  Gb  stm32h7xx_hal_tim.o [9]
HAL_TIM_IRQHandler       0x801'5629   0x194  Code  Gb  stm32h7xx_hal_tim.o [9]
HAL_TIM_MspPostInit      0x801'1553    0x5e  Code  Gb  stm32h7xx_hal_msp.o [2]
HAL_TIM_OC_DelayElapsedCallback
                         0x801'7e4d     0x2  Code  Gb  stm32h7xx_hal_tim.o [9]
HAL_TIM_PWM_ConfigChannel
                         0x801'57bd   0x15a  Code  Gb  stm32h7xx_hal_tim.o [9]
HAL_TIM_PWM_Init         0x801'5341    0x7a  Code  Gb  stm32h7xx_hal_tim.o [9]
HAL_TIM_PWM_MspInit      0x801'7e49     0x2  Code  Gb  stm32h7xx_hal_tim.o [9]
HAL_TIM_PWM_PulseFinishedCallback
                         0x801'7e4f     0x2  Code  Gb  stm32h7xx_hal_tim.o [9]
HAL_TIM_PWM_Start        0x801'53bb   0x15e  Code  Gb  stm32h7xx_hal_tim.o [9]
HAL_TIM_PWM_Stop         0x801'5519    0xe8  Code  Gb  stm32h7xx_hal_tim.o [9]
HAL_TIM_PeriodElapsedCallback
                         0x801'7e51     0x2  Code  Gb  stm32h7xx_hal_tim.o [9]
HAL_TIM_TriggerCallback
                         0x801'7e57     0x2  Code  Gb  stm32h7xx_hal_tim.o [9]
HAL_UARTEx_DisableFifoMode
                         0x801'737d    0x46  Code  Gb  stm32h7xx_hal_uart_ex.o [9]
HAL_UARTEx_RxEventCallback
                         0x801'2a2f     0x2  Code  Gb  stm32h7xx_hal_uart.o [9]
HAL_UARTEx_RxFifoFullCallback
                         0x801'2a35     0x2  Code  Gb  stm32h7xx_hal_uart_ex.o [9]
HAL_UARTEx_SetRxFifoThreshold
                         0x801'7419    0x56  Code  Gb  stm32h7xx_hal_uart_ex.o [9]
HAL_UARTEx_SetTxFifoThreshold
                         0x801'73c3    0x56  Code  Gb  stm32h7xx_hal_uart_ex.o [9]
HAL_UARTEx_TxFifoEmptyCallback
                         0x801'2a33     0x2  Code  Gb  stm32h7xx_hal_uart_ex.o [9]
HAL_UARTEx_WakeupCallback
                         0x801'2a31     0x2  Code  Gb  stm32h7xx_hal_uart_ex.o [9]
HAL_UART_ErrorCallback   0x801'2a2d     0x2  Code  Gb  stm32h7xx_hal_uart.o [9]
HAL_UART_IRQHandler      0x800'f8c3   0x3c0  Code  Gb  stm32h7xx_hal_uart.o [9]
HAL_UART_Init            0x800'f645    0x7e  Code  Gb  stm32h7xx_hal_uart.o [9]
HAL_UART_MspInit         0x801'15b1   0x272  Code  Gb  stm32h7xx_hal_msp.o [2]
HAL_UART_Receive_IT      0x800'f85d    0x66  Code  Gb  stm32h7xx_hal_uart.o [9]
HAL_UART_RxCpltCallback
                         0x801'2c6b     0x2  Code  Gb  stm32h7xx_hal_uart.o [9]
HAL_UART_Transmit        0x800'f6c3    0xe2  Code  Gb  stm32h7xx_hal_uart.o [9]
HAL_UART_Transmit_IT     0x800'f7a5    0xb8  Code  Gb  stm32h7xx_hal_uart.o [9]
HAL_UART_TxCpltCallback
                         0x801'2c69     0x2  Code  Gb  stm32h7xx_hal_uart.o [9]
HRTIM_ForceRegistersUpdate
                         0x801'7005    0x82  Code  Lc  stm32h7xx_hal_hrtim.o [9]
HRTIM_MasterBase_Config
                         0x801'6ca5    0x2a  Code  Lc  stm32h7xx_hal_hrtim.o [9]
HRTIM_MasterWaveform_Config
                         0x801'6d21    0x5c  Code  Lc  stm32h7xx_hal_hrtim.o [9]
HRTIM_OutputConfig       0x801'6f15    0xf0  Code  Lc  stm32h7xx_hal_hrtim.o [9]
HRTIM_TimingUnitBase_Config
                         0x801'6ccf    0x52  Code  Lc  stm32h7xx_hal_hrtim.o [9]
HRTIM_TimingUnitWaveform_Config
                         0x801'6d7d   0x198  Code  Lc  stm32h7xx_hal_hrtim.o [9]
HardFault_Handler        0x801'92bf     0x2  Code  Gb  stm32h7xx_it.o [2]
IDC                     0x2400'2edc     0x4  Data  Gb  g_Core.o [4]
Icons                   0x2400'04a0    0x24  Data  Gb  peref.o [6]
InitChanelAsuModbus      0x801'7d9f    0x76  Code  Gb  comm_SerialComm.o [3]
InterruptUpdate          0x801'8f85   0x1fc  Code  Gb  g_InterruptUpdate.o [5]
InvCtrlTimer            0x2400'2ed4     0x4  Data  Gb  g_Core.o [4]
LL_ADC_DisableDeepPowerDown
                         0x801'2e47     0xc  Code  Lc  stm32h7xx_hal_adc.o [9]
LL_ADC_Enable            0x801'2e77    0x10  Code  Lc  stm32h7xx_hal_adc.o [9]
LL_ADC_EnableInternalRegulator
                         0x801'2e5d    0x10  Code  Lc  stm32h7xx_hal_adc.o [9]
LL_ADC_GetCommonPathInternalCh
                         0x801'2d2d     0x8  Code  Lc  stm32h7xx_hal_adc.o [9]
LL_ADC_GetMultiDMATransfer
                         0x801'2e3f     0x8  Code  Lc  stm32h7xx_hal_adc.o [9]
LL_ADC_GetMultimode      0x801'2e37     0x8  Code  Lc  stm32h7xx_hal_adc.o [9]
LL_ADC_INJ_IsConversionOngoing
                         0x801'2ea9     0xa  Code  Lc  stm32h7xx_hal_adc.o [9]
LL_ADC_INJ_IsTriggerSourceSWStart
                         0x801'2dcd    0x10  Code  Lc  stm32h7xx_hal_adc.o [9]
LL_ADC_IsDeepPowerDownEnabled
                         0x801'2e53     0xa  Code  Lc  stm32h7xx_hal_adc.o [9]
LL_ADC_IsEnabled         0x801'2e87     0x8  Code  Lc  stm32h7xx_hal_adc.o [9]
LL_ADC_IsEnabled         0x801'6659     0x8  Code  Lc  stm32h7xx_hal_adc_ex.o [9]
LL_ADC_IsInternalRegulatorEnabled
                         0x801'2e6d     0xa  Code  Lc  stm32h7xx_hal_adc.o [9]
LL_ADC_REG_IsConversionOngoing
                         0x801'2e9f     0xa  Code  Lc  stm32h7xx_hal_adc.o [9]
LL_ADC_REG_IsConversionOngoing
                         0x801'6661     0xa  Code  Lc  stm32h7xx_hal_adc_ex.o [9]
LL_ADC_REG_IsTriggerSourceSWStart
                         0x801'2d83    0x10  Code  Lc  stm32h7xx_hal_adc.o [9]
LL_ADC_REG_SetDataTransferMode
                         0x801'2dc1     0xc  Code  Lc  stm32h7xx_hal_adc.o [9]
LL_ADC_REG_SetSequencerRanks
                         0x801'2d93    0x2e  Code  Lc  stm32h7xx_hal_adc.o [9]
LL_ADC_REG_StartConversion
                         0x801'2e8f    0x10  Code  Lc  stm32h7xx_hal_adc.o [9]
LL_ADC_SetChannelSamplingTime
                         0x801'2ddd    0x34  Code  Lc  stm32h7xx_hal_adc.o [9]
LL_ADC_SetChannelSingleDiff
                         0x801'2e11    0x26  Code  Lc  stm32h7xx_hal_adc.o [9]
LL_ADC_SetCommonClock    0x801'2d15     0xc  Code  Lc  stm32h7xx_hal_adc.o [9]
LL_ADC_SetCommonPathInternalCh
                         0x801'2d21     0xc  Code  Lc  stm32h7xx_hal_adc.o [9]
LL_ADC_SetDataRightShift
                         0x801'2d53    0x18  Code  Lc  stm32h7xx_hal_adc.o [9]
LL_ADC_SetOffset         0x801'2d35    0x1e  Code  Lc  stm32h7xx_hal_adc.o [9]
LL_ADC_SetOffsetSignedSaturation
                         0x801'2d6b    0x18  Code  Lc  stm32h7xx_hal_adc.o [9]
LogInputCalc             0x800'c3a1   0x12c  Code  Gb  peref.o [6]
MCP23S17_init            0x800'c735    0x14  Code  Gb  peref.o [6]
MCP23S17_read            0x800'c6cd    0x50  Code  Gb  peref.o [6]
MCP23S17_update          0x800'c749    0x1a  Code  Gb  peref.o [6]
MCP23S17_write           0x800'c691    0x3c  Code  Gb  peref.o [6]
MX_ADC1_Init             0x801'1bb7   0x18a  Code  Lc  main.o [2]
MX_ADC3_Init             0x801'1d41   0x12a  Code  Lc  main.o [2]
MX_DMA_Init              0x801'26d1    0x3c  Code  Lc  main.o [2]
MX_FDCAN2_Init           0x801'1e6b    0xf6  Code  Lc  main.o [2]
MX_GPIO_Init             0x801'2745   0x250  Code  Lc  main.o [2]
MX_HRTIM_Init            0x801'1f61   0x14c  Code  Lc  main.o [2]
MX_SPI1_Init             0x801'20ad    0xce  Code  Lc  main.o [2]
MX_SPI6_Init             0x801'217b    0xd0  Code  Lc  main.o [2]
MX_TIM1_Init             0x801'224b   0x16e  Code  Lc  main.o [2]
MX_TIM2_Init             0x801'23b9    0x84  Code  Lc  main.o [2]
MX_UART4_Init            0x801'243d    0xa4  Code  Lc  main.o [2]
MX_UART5_Init            0x801'24e1    0x86  Code  Lc  main.o [2]
MX_UART8_Init            0x801'2571    0xa4  Code  Lc  main.o [2]
MX_USART3_UART_Init      0x801'262d    0x9e  Code  Lc  main.o [2]
MemManage_Handler        0x801'92c1     0x2  Code  Gb  stm32h7xx_it.o [2]
ModBusInit               0x801'7fe5    0x64  Code  Gb  comm_ModbusRtu.o [3]
ModBusSlaveReset         0x801'7e2d     0xc  Code  Gb  comm_SerialComm.o [3]
ModBusTimings            0x801'8049    0x72  Code  Gb  comm_ModbusRtu.o [3]
ModFault                0x2400'0044     0x4  Data  Gb  g_Core.o [4]
ModuleTemper            0x2400'2ed8     0x4  Data  Gb  g_Core.o [4]
MoveMode                 0x801'44b9    0xbe  Code  Lc  g_Core.o [4]
MpuControl               0x801'7889    0x78  Code  Gb  core_VlvDrvCtrl.o [4]
NMI_Handler              0x801'92bd     0x2  Code  Gb  stm32h7xx_it.o [2]
NVIC_EncodePriority      0x800'9665    0x42  Code  Lc  stm32h7xx_hal_cortex.o [9]
NewFrameEvent            0x801'7e73    0x2a  Code  Gb  comm_ModbusRtu.o [3]
OpenFlags               0x2400'2eb0     0x4  Data  Lc  comm_ModbusRtu.o [3]
OutVolt                 0x2400'2ed0     0x4  Data  Gb  g_Core.o [4]
PFUNC_blkRead            0x800'b1ed    0x1e  Code  Gb  add_ValueConv.o [2]
PFUNC_wordRead           0x800'b20b     0x4  Code  Gb  add_ValueConv.o [2]
PWMPreScale             0x2400'0038     0x4  Data  Gb  g_Core.o [4]
PWM_keys_disable         0x801'4b77    0x40  Code  Gb  g_Core.o [4]
PWM_keys_enable          0x801'4bb7    0x40  Code  Gb  g_Core.o [4]
PendSV_Handler           0x801'92cb     0x2  Code  Gb  stm32h7xx_it.o [2]
Peref_CalibInit          0x800'e835    0x88  Code  Gb  peref_Calibs.o [6]
Peref_CalibUpdate        0x800'e9e9   0x1b2  Code  Gb  peref_Calibs.o [6]
Peref_Calibration        0x800'e8e9   0x100  Code  Gb  peref_Calibs.o [6]
Peref_SensObserverInit   0x800'e1a1    0x48  Code  Gb  peref_SensObserver.o [6]
Peref_SensObserverUpdate
                         0x800'e1e9   0x232  Code  Gb  peref_SensObserver.o [6]
Peref_SinObserverInitFloat
                         0x800'e469    0x10  Code  Gb  peref_SinObserver.o [6]
Peref_SinObserverUpdateFloat
                         0x800'e479    0x98  Code  Gb  peref_SinObserver.o [6]
Peref_SpeedCalc          0x800'ec27    0x78  Code  Gb  peref_Calibs.o [6]
Peref_SpeedCalc::RevPrev
                        0x2400'04cc     0x4  Data  Lc  peref_Calibs.o [6]
Peref_SpeedCalc::Timer  0x2400'2f64     0x4  Data  Lc  peref_Calibs.o [6]
PeriphCommonClock_Config
                         0x801'1b69    0x4e  Code  Gb  main.o [2]
PostambleEvent           0x801'7ebf    0x70  Code  Gb  comm_ModbusRtu.o [3]
PreambleEvent            0x801'7e9d    0x22  Code  Gb  comm_ModbusRtu.o [3]
PutChar                  0x800'dde9    0x1e  Code  Gb  peref_display.o [6]
PutComm                  0x800'ddcb    0x1e  Code  Gb  peref_display.o [6]
PutData                  0x800'e079    0x4a  Code  Lc  peref_display.o [6]
PwmDeltat               0x2400'2ec8     0x4  Data  Gb  g_Core.o [4]
PwmFreq                 0x2400'2ec4     0x4  Data  Gb  g_Core.o [4]
RCCEx_PLL2_Config        0x800'8d09   0x130  Code  Lc  stm32h7xx_hal_rcc_ex.o [9]
RCCEx_PLL3_Config        0x800'8e41   0x130  Code  Lc  stm32h7xx_hal_rcc_ex.o [9]
RTC_Bcd2ToByte           0x801'0f51    0x16  Code  Gb  stm32h7xx_hal_rtc.o [9]
RTC_ByteToBcd2           0x801'0f35    0x1c  Code  Gb  stm32h7xx_hal_rtc.o [9]
RTC_DefMaxDay            0x800'b25b    0x3e  Code  Gb  peref_Clock.o [6]
RTC_EnterInitMode        0x801'0e7b    0x44  Code  Gb  stm32h7xx_hal_rtc.o [9]
RTC_ExitInitMode         0x801'0ebf    0x62  Code  Gb  stm32h7xx_hal_rtc.o [9]
ReWriteParams            0x800'b4ad     0x2  Code  Gb  g_Ram.o [5]
ReadDcrFull              0x800'ab33    0x3e  Code  Lc  core_Menu.o [4]
ReadWriteAllParams       0x800'ae85    0x9a  Code  Gb  core_Menu.o [4]
ReadWriteEeprom          0x800'b35b    0x2e  Code  Gb  stat.o [7]
RefreshParams            0x800'b4af    0x26  Code  Gb  g_Ram.o [5]
Region$$Table$$Base      0x801'958c           --   Gb  - Linker created -
Region$$Table$$Limit     0x801'95ac           --   Gb  - Linker created -
RtcControl               0x800'c4cd   0x154  Code  Gb  peref.o [6]
RtcControl::PrevDate    0x2400'2f58     0x4  Data  Lc  peref.o [6]
RtcControl::PrevTime    0x2400'2f54     0x4  Data  Lc  peref.o [6]
RtcStart                0x2400'2f79     0x1  Data  Gb  peref.o [6]
RtcUpdateFlag           0x2400'2f24     0x4  Data  Gb  peref.o [6]
RxHeader                0x2400'2e04    0x28  Data  Gb  CMS58M.o [6]
SPI1_IRQHandler          0x801'9321     0xa  Code  Gb  stm32h7xx_it.o [2]
SPI6_IRQHandler          0x801'9349     0xa  Code  Gb  stm32h7xx_it.o [2]
SPI_CloseTransfer        0x800'dc59    0xce  Code  Lc  stm32h7xx_hal_spi.o [9]
SPI_DMAAbortOnError      0x800'dc39    0x20  Code  Lc  stm32h7xx_hal_spi.o [9]
SPI_GetPacketSize        0x800'dd75    0x16  Code  Lc  stm32h7xx_hal_spi.o [9]
SPI_WaitOnFlagUntilTimeout
                         0x800'dd31    0x44  Code  Lc  stm32h7xx_hal_spi.o [9]
SVC_Handler              0x801'92c7     0x2  Code  Gb  stm32h7xx_it.o [2]
SelectGroup              0x800'9bf9    0xe0  Code  Gb  core_Menu.o [4]
SelectParam              0x800'9cd9    0x5e  Code  Gb  core_Menu.o [4]
SendData                 0x800'dfff    0x78  Code  Lc  peref_display.o [6]
SerialCommInit           0x801'7e15     0xc  Code  Gb  comm_SerialComm.o [3]
SerialCommTimings        0x801'7e21     0xc  Code  Gb  comm_SerialComm.o [3]
SetDefaultValues         0x800'ad6f   0x114  Code  Gb  core_Menu.o [4]
SetDefaultValues::DefAddr
                        0x2400'2ebc     0x4  Data  Lc  core_Menu.o [4]
SetModBusParams          0x800'af1f    0x52  Code  Gb  core_Menu.o [4]
ShowGroup                0x800'a4af   0x138  Code  Lc  core_Menu.o [4]
ShowParam                0x800'aa19    0x38  Code  Lc  core_Menu.o [4]
ShowStart                0x800'a46d    0x42  Code  Gb  core_Menu.o [4]
ShowValue                0x800'a661   0x3b8  Code  Lc  core_Menu.o [4]
SleepMode                0x800'9b61    0x5a  Code  Gb  core_Menu.o [4]
SpeedEnable             0x2400'2ee8     0x4  Data  Gb  g_Core.o [4]
SpeedMax                0x2400'2ee4     0x4  Data  Gb  g_Core.o [4]
SpeedRef                0x2400'2ecc     0x4  Data  Gb  g_Core.o [4]
StartDispl               0x800'aa51    0x44  Code  Gb  core_Menu.o [4]
StartMode                0x801'44ad     0xc  Code  Lc  g_Core.o [4]
StartPowerControl        0x801'4359   0x10a  Code  Gb  g_Core.o [4]
StartState               0x800'9bbb    0x3e  Code  Gb  core_Menu.o [4]
StartTimer              0x2400'0040     0x4  Data  Gb  g_Core.o [4]
Stat_Init                0x800'b357     0x4  Code  Gb  stat.o [7]
StopMode                 0x801'4495    0x18  Code  Lc  g_Core.o [4]
StopPowerControl         0x801'42af    0xa0  Code  Gb  g_Core.o [4]
StrToDec                 0x800'b1a1    0x3a  Code  Gb  add_ValueConv.o [2]
Symbols                 0x2400'04d0    0x70  Data  Lc  peref_display.o [6]
SysTick_Config           0x800'96a7    0x30  Code  Lc  stm32h7xx_hal_cortex.o [9]
SysTick_Handler          0x801'92cd     0x8  Code  Gb  stm32h7xx_it.o [2]
SystemClock_Config       0x801'1a59   0x110  Code  Gb  main.o [2]
SystemCoreClock         0x2400'05a0     0x4  Data  Gb  system_stm32h7xx.o [8]
SystemD2Clock           0x2400'05a4     0x4  Data  Gb  system_stm32h7xx.o [8]
SystemInit               0x801'9181    0xdc  Code  Gb  system_stm32h7xx.o [8]
TIM2_IRQHandler          0x801'92f3    0x2e  Code  Gb  stm32h7xx_it.o [2]
TIM_Base_SetConfig       0x801'5a2b    0xca  Code  Gb  stm32h7xx_hal_tim.o [9]
TIM_CCxChannelCmd        0x801'5e7f    0x24  Code  Gb  stm32h7xx_hal_tim.o [9]
TIM_CCxNChannelCmd       0x801'7359    0x24  Code  Lc  stm32h7xx_hal_tim_ex.o [9]
TIM_ETR_SetConfig        0x801'5e69    0x16  Code  Gb  stm32h7xx_hal_tim.o [9]
TIM_ITRx_SetConfig       0x801'5e1f    0x10  Code  Lc  stm32h7xx_hal_tim.o [9]
TIM_OC1_SetConfig        0x801'5af5    0xa0  Code  Lc  stm32h7xx_hal_tim.o [9]
TIM_OC2_SetConfig        0x801'5b95    0x92  Code  Gb  stm32h7xx_hal_tim.o [9]
TIM_OC3_SetConfig        0x801'5c29    0x8e  Code  Lc  stm32h7xx_hal_tim.o [9]
TIM_OC4_SetConfig        0x801'5cb7    0x68  Code  Lc  stm32h7xx_hal_tim.o [9]
TIM_OC5_SetConfig        0x801'5d1f    0x58  Code  Lc  stm32h7xx_hal_tim.o [9]
TIM_OC6_SetConfig        0x801'5d77    0x5a  Code  Lc  stm32h7xx_hal_tim.o [9]
TIM_TI1_ConfigInputStage
                         0x801'5dd5    0x24  Code  Lc  stm32h7xx_hal_tim.o [9]
TIM_TI2_ConfigInputStage
                         0x801'5df9    0x26  Code  Lc  stm32h7xx_hal_tim.o [9]
Task10Hz                0x2400'01b0    0x84  Data  Gb  g_InterruptUpdate.o [5]
Task18kHz               0x2400'0048    0x24  Data  Gb  g_InterruptUpdate.o [5]
Task200Hz               0x2400'0090    0x30  Data  Gb  g_InterruptUpdate.o [5]
Task2kHz                0x2400'006c    0x24  Data  Gb  g_InterruptUpdate.o [5]
Task50Hz                0x2400'00c0    0xf0  Data  Gb  g_InterruptUpdate.o [5]
TeleControl              0x801'7901    0xa8  Code  Gb  core_VlvDrvCtrl.o [4]
TempObserverInit         0x800'c9e5    0x2a  Code  Gb  peref.o [6]
TempObserverUpdate       0x800'ca25   0x102  Code  Gb  peref.o [6]
TempObserverUpdate::i   0x2400'2f60     0x4  Data  Lc  peref.o [6]
TestCount               0x2400'2eac     0x4  Data  Gb  comm_ModbusRtu.o [3]
TimeSeparator           0x2400'05aa     0x1  Data  Gb  add_ValueConv.o [2]
TimeSpeedStop           0x2400'2ef0     0x4  Data  Gb  g_Core.o [4]
TimeToStr                0x800'b13b    0x28  Code  Gb  add_ValueConv.o [2]
TimerIdxToTimerId       0x2400'0588    0x18  Data  Lc  stm32h7xx_hal_hrtim.o [9]
TimerInterp             0x2400'2eec     0x4  Data  Gb  g_Core.o [4]
TimerPending             0x801'8101    0x1c  Code  Gb  comm_ModbusRtu.o [3]
TxHeader                0x2400'2e2c    0x24  Data  Gb  CMS58M.o [6]
UART4_IRQHandler         0x801'932b     0xa  Code  Gb  stm32h7xx_it.o [2]
UART5_IRQHandler         0x801'9335     0xa  Code  Gb  stm32h7xx_it.o [2]
UART8_IRQHandler         0x801'933f     0xa  Code  Gb  stm32h7xx_it.o [2]
UARTEx_SetNbDataToProcess
                         0x801'746f    0x72  Code  Lc  stm32h7xx_hal_uart_ex.o [9]
UARTEx_SetNbDataToProcess::denominator
                         0x801'9678     0x8  Data  Lc  stm32h7xx_hal_uart_ex.o [9]
UARTEx_SetNbDataToProcess::numerator
                         0x801'9670     0x8  Data  Lc  stm32h7xx_hal_uart_ex.o [9]
UARTPrescTable           0x801'9610    0x18  Data  Gb  stm32h7xx_hal_uart.o [9]
UART_AdvFeatureConfig    0x801'0289    0xda  Code  Gb  stm32h7xx_hal_uart.o [9]
UART_CheckIdleState      0x801'0363    0x72  Code  Gb  stm32h7xx_hal_uart.o [9]
UART_DMAAbortOnError     0x801'0615    0x1a  Code  Lc  stm32h7xx_hal_uart.o [9]
UART_EndRxTransfer       0x801'059d    0x3c  Code  Lc  stm32h7xx_hal_uart.o [9]
UART_EndTransmit_IT      0x801'0787    0x22  Code  Lc  stm32h7xx_hal_uart.o [9]
UART_RxISR_16BIT         0x801'0839    0x92  Code  Lc  stm32h7xx_hal_uart.o [9]
UART_RxISR_16BIT_FIFOEN
                         0x801'0a45   0x172  Code  Lc  stm32h7xx_hal_uart.o [9]
UART_RxISR_8BIT          0x801'07a9    0x90  Code  Lc  stm32h7xx_hal_uart.o [9]
UART_RxISR_8BIT_FIFOEN   0x801'08cd   0x16e  Code  Lc  stm32h7xx_hal_uart.o [9]
UART_SetConfig           0x800'fca5   0x59e  Code  Gb  stm32h7xx_hal_uart.o [9]
UART_Start_Receive_IT    0x801'048f   0x10e  Code  Gb  stm32h7xx_hal_uart.o [9]
UART_TxISR_16BIT         0x801'0673    0x4a  Code  Lc  stm32h7xx_hal_uart.o [9]
UART_TxISR_16BIT_FIFOEN
                         0x801'071d    0x6a  Code  Lc  stm32h7xx_hal_uart.o [9]
UART_TxISR_8BIT          0x801'062f    0x44  Code  Lc  stm32h7xx_hal_uart.o [9]
UART_TxISR_8BIT_FIFOEN   0x801'06bd    0x60  Code  Lc  stm32h7xx_hal_uart.o [9]
UART_WaitOnFlagUntilTimeout
                         0x801'03d5    0xba  Code  Gb  stm32h7xx_hal_uart.o [9]
UnitControl              0x801'79a9    0x58  Code  Gb  core_VlvDrvCtrl.o [4]
UpdateCode               0x800'aa95    0x9e  Code  Gb  core_Menu.o [4]
UpdateComm               0x801'7b3b    0x30  Code  Gb  core_VlvDrvCtrl.o [4]
UsageFault_Handler       0x801'92c5     0x2  Code  Gb  stm32h7xx_it.o [2]
WINSTAR_RusTable        0x2400'0540    0x44  Data  Lc  peref_display.o [6]
WriteValue               0x800'abdf    0x88  Code  Gb  core_Menu.o [4]
__NVIC_EnableIRQ         0x800'9619    0x20  Code  Lc  stm32h7xx_hal_cortex.o [9]
__NVIC_GetPriorityGrouping
                         0x800'960b     0xc  Code  Lc  stm32h7xx_hal_cortex.o [9]
__NVIC_SetPriority       0x800'9639    0x2c  Code  Lc  stm32h7xx_hal_cortex.o [9]
__NVIC_SetPriorityGrouping
                         0x800'95e9    0x22  Code  Lc  stm32h7xx_hal_cortex.o [9]
__aeabi_ldiv0            0x801'74e9          Code  Gb  I64DivZer.o [12]
__aeabi_memcpy           0x800'b2b1          Code  Gb  ABImemcpy.o [12]
__aeabi_memcpy4          0x800'b2d1          Code  Gb  ABImemcpy.o [12]
__aeabi_memcpy8          0x800'b2d1          Code  Gb  ABImemcpy.o [12]
__aeabi_memset           0x800'afb5          Code  Gb  ABImemset.o [12]
__aeabi_uldivmod         0x801'2a39          Code  Gb  I64DivMod.o [12]
__cmain                  0x801'95ad          Code  Gb  cmain.o [12]
__exit                   0x801'95e1    0x14  Code  Gb  exit.o [13]
__iar_Memset             0x800'afb5          Code  Gb  ABImemset.o [12]
__iar_Memset_word        0x800'afbd          Code  Gb  ABImemset.o [12]
__iar_Sin32              0x801'7b6d   0x18c  Code  Lc  cos_sin32.o [11]
__iar_Strchr             0x800'b299          Code  Gb  strchr.o [12]
__iar_cos32              0x801'7d39     0x4  Code  Gb  cos_sin32.o [11]
__iar_cos_medium32       0x801'7d39     0x4  Code  Gb  cos_sin32.o [11]
__iar_cos_mediumf        0x801'7d39     0x4  Code  Gb  cos_sin32.o [11]
__iar_data_init3         0x801'9541    0x28  Code  Gb  data_init.o [12]
__iar_fmax64             0x801'7d6d          Code  Gb  fmax.o [11]
__iar_fmin64             0x801'7d41          Code  Gb  fmin.o [11]
__iar_init_vfp           0x801'9569          Code  Gb  fpinit_M.o [11]
__iar_lz77_init_single3
                         0x801'9445    0x78  Code  Gb  lz77_init_single.o [12]
__iar_program_start      0x801'95f5          Code  Gb  cstartup_M.o [12]
__iar_sin32              0x801'7d3d     0x4  Code  Gb  cos_sin32.o [11]
__iar_sin_medium32       0x801'7d3d     0x4  Code  Gb  cos_sin32.o [11]
__iar_sin_mediumf        0x801'7d3d     0x4  Code  Gb  cos_sin32.o [11]
__iar_sqrt32             0x801'189d          Code  Gb  sqrtf.o [11]
__iar_zero_init3         0x801'9509    0x38  Code  Gb  zero_init3.o [12]
__low_level_init         0x801'95cb     0x4  Code  Gb  low_level_init.o [10]
__vector_table           0x800'0000          Data  Gb  startup_stm32h743xx.o [1]
_call_main               0x801'95b9          Code  Gb  cmain.o [12]
_exit                    0x801'95d5          Code  Gb  cexit.o [12]
a                       0x2400'2eb8     0x4  Data  Gb  core_Menu.o [4]
abs                      0x801'0bc5     0x8  Code  Gb  abs.o [10]
addr1                   0x2400'2ef4     0x4  Data  Gb  g_Core.o [4]
addrtmp                 0x2400'2ec0     0x4  Data  Gb  core_Menu.o [4]
addrtmp2                0x2400'2eb4     0x4  Data  Gb  core_Menu.o [4]
btnClose                0x2400'2f2c     0x4  Data  Gb  peref.o [6]
btnOpen                 0x2400'2f28     0x4  Data  Gb  peref.o [6]
btnProg1                0x2400'2f38     0x4  Data  Gb  peref.o [6]
btnProg2                0x2400'2f3c     0x4  Data  Gb  peref.o [6]
btnStop1                0x2400'2f30     0x4  Data  Gb  peref.o [6]
btnStop2                0x2400'2f34     0x4  Data  Gb  peref.o [6]
core10HZupdate           0x801'4d11    0x2a  Code  Gb  g_Core.o [4]
core18kHZupdate          0x801'40e5   0x1ca  Code  Gb  g_Core.o [4]
core200HZupdate          0x801'4bf7     0x2  Code  Gb  g_Core.o [4]
core50HZupdate           0x801'4bf9    0x40  Code  Gb  g_Core.o [4]
coreTLocalControl        0x801'4f39   0x1ee  Code  Gb  g_Core.o [4]
coreTLocalControl::prevHalls
                        0x2400'2efc     0x4  Data  Lc  g_Core.o [4]
coreTLocalControl::readyForNewCmd
                        0x2400'05ac     0x1  Data  Lc  g_Core.o [4]
coreTS                   0x801'4de1   0x120  Code  Gb  g_Core.o [4]
coreTU                   0x801'4d51    0x6c  Code  Gb  g_Core.o [4]
corr                    0x2400'003c     0x4  Data  Gb  g_Core.o [4]
cosf                     0x801'7d39     0x4  Code  Gb  cos_sin32.o [11]
count1                  0x2400'2ef8     0x4  Data  Gb  g_Core.o [4]
count18kHz              0x2400'2f00     0x4  Data  Gb  g_InterruptUpdate.o [5]
count200Hz              0x2400'2f08     0x4  Data  Gb  g_InterruptUpdate.o [5]
count2kHz               0x2400'2f04     0x4  Data  Gb  g_InterruptUpdate.o [5]
count50Hz               0x2400'2f0c     0x4  Data  Gb  g_InterruptUpdate.o [5]
dotsADC                 0x2400'0250   0x108  Data  Gb  peref.o [6]
dotsDAC                 0x2400'0358   0x108  Data  Gb  peref.o [6]
dotsTemper              0x2400'0460    0x40  Data  Gb  peref.o [6]
exit                     0x801'95cf     0x4  Code  Gb  exit.o [10]
fdata                   0x2400'05ae     0x1  Data  Gb  peref.o [6]
fmax                     0x801'7d6d          Code  Gb  fmax.o [11]
fmaxl                    0x801'7d6d          Code  Gb  fmax.o [11]
fmin                     0x801'7d41          Code  Gb  fmin.o [11]
fminl                    0x801'7d41          Code  Gb  fmin.o [11]
g_Comm                  0x2400'2018   0x398  Data  Gb  comm.o [3]
g_Core                  0x2400'16d8   0x540  Data  Gb  g_Core.o [4]
g_Peref                 0x2400'0e84   0x854  Data  Gb  peref.o [6]
g_Ram                   0x2400'05b0   0x8d4  Data  Gb  g_Ram.o [5]
g_Ram_Init               0x800'b389    0x30  Code  Gb  g_Ram.o [5]
g_Ram_Update             0x800'b3b9    0xf4  Code  Gb  g_Ram.o [5]
g_Stat                  0x2400'26a4    0xc0  Data  Gb  stat.o [7]
groups                   0x801'93a4    0xa0  Data  Gb  core_Menu.o [4]
hadc1                   0x2400'2c44    0x64  Data  Gb  main.o [2]
hadc3                   0x2400'2ca8    0x64  Data  Gb  main.o [2]
hdma_adc1               0x2400'2b54    0x78  Data  Gb  main.o [2]
hdma_adc3               0x2400'2bcc    0x78  Data  Gb  main.o [2]
hfdcan2                 0x2400'2764    0xa0  Data  Gb  main.o [2]
hhrtim                  0x2400'25c8    0xdc  Data  Gb  main.o [2]
hrtc                    0x2400'2e50    0x24  Data  Gb  main.o [2]
hspi1                   0x2400'2a44    0x88  Data  Gb  main.o [2]
hspi6                   0x2400'2acc    0x88  Data  Gb  main.o [2]
htim1                   0x2400'2d0c    0x4c  Data  Gb  main.o [2]
htim2                   0x2400'2d58    0x4c  Data  Gb  main.o [2]
huart3                  0x2400'29b4    0x90  Data  Gb  main.o [2]
huart4                  0x2400'2804    0x90  Data  Gb  main.o [2]
huart5                  0x2400'2894    0x90  Data  Gb  main.o [2]
huart8                  0x2400'2924    0x90  Data  Gb  main.o [2]
ileg_fq_calc             0x800'e511    0xb6  Code  Gb  peref_SinObserver.o [6]
interp2D_calc            0x801'49a5    0xc6  Code  Gb  g_Core.o [4]
ipark_calc               0x801'4a6d    0x6a  Code  Gb  g_Core.o [4]
labs                     0x800'f63d     0x8  Code  Gb  labs.o [10]
main                     0x801'18bd   0x19c  Code  Gb  main.o [2]
max                     0x2400'04c8     0x4  Data  Gb  peref.o [6]
menu                    0x2400'23b0   0x218  Data  Gb  core_Menu.o [4]
pADS1118_ConfRegData    0x2400'2f70     0x2  Data  Gb  peref.o [6]
p_Controller             0x801'4c4d    0xc4  Code  Gb  g_Core.o [4]
params                   0x800'0298  0x4ee4  Data  Gb  core_Menu.o [4]
park_calc                0x801'4af9    0x7e  Code  Gb  g_Core.o [4]
peref_10HzCalc           0x800'bff9   0x324  Code  Gb  peref.o [6]
peref_18KHzCalc          0x800'bd53    0xde  Code  Gb  peref.o [6]
peref_200HzCalc          0x800'be33   0x100  Code  Gb  peref.o [6]
peref_2KHzCalc           0x800'be31     0x2  Code  Gb  peref.o [6]
peref_50HzCalc           0x800'bf33    0xc6  Code  Gb  peref.o [6]
peref_74HC595D           0x800'c629    0x62  Code  Gb  peref.o [6]
peref_ADCDACtoPRCObserverUpdate
                         0x800'c8b1   0x10c  Code  Gb  peref.o [6]
peref_ADCDACtoPRCObserverUpdate::i
                        0x2400'2f5c     0x4  Data  Lc  peref.o [6]
peref_ADCtoPRCObserverInit
                         0x800'bcd7    0x3e  Code  Gb  peref.o [6]
peref_ApFilter1Calc      0x800'e17f    0x22  Code  Gb  peref_ApFilter1.o [6]
peref_ApFilter1Init      0x800'e12d    0x52  Code  Gb  peref_ApFilter1.o [6]
peref_Init               0x800'b7b5   0x522  Code  Gb  peref.o [6]
peref_ProctoDACObserverInit
                         0x800'bd15    0x3e  Code  Gb  peref.o [6]
pwm_calc                 0x801'479d    0xea  Code  Gb  g_Core.o [4]
rampgen_calc             0x801'4887    0xc6  Code  Gb  g_Core.o [4]
sinf                     0x801'7d3d     0x4  Code  Gb  cos_sin32.o [11]
speedstart              0x2400'2ee0     0x4  Data  Gb  g_Core.o [4]
sqrtf                    0x801'189d          Code  Gb  sqrtf.o [11]
str                     0x2400'2e74    0x14  Data  Gb  main.o [2]
strchr                   0x800'b299          Code  Gb  strchr.o [12]
strcmp                   0x800'b249          Code  Gb  strcmp.o [12]
strcpy                   0x800'af9d          Code  Gb  strcpy.o [12]
strlen                   0x800'b211          Code  Gb  strlen.o [12]
svgendq3ph_calc          0x801'45c5   0x1c6  Code  Gb  g_Core.o [4]
testPreamble            0x2400'2ea8     0x4  Data  Gb  comm_ModbusRtu.o [3]
tmp1                    0x2400'2f20     0x4  Data  Gb  main.o [2]
tmpData                 0x2400'2f50     0x4  Data  Gb  peref.o [6]
tmpData2                0x2400'04c4     0x4  Data  Gb  peref.o [6]
tmpDelta                0x2400'2f44     0x4  Data  Gb  peref.o [6]
tmpDelta2               0x2400'2f48     0x4  Data  Gb  peref.o [6]
tmpDelta3               0x2400'2f4c     0x4  Data  Gb  peref.o [6]
tmpdata                 0x2400'2e98     0x8  Data  Gb  g_Core.o [4]
tmpdata2                0x2400'2ea0     0x8  Data  Gb  g_Core.o [4]
tskCnt10Hz              0x2400'2f1c     0x4  Data  Gb  g_InterruptUpdate.o [5]
tskCnt200Hz             0x2400'2f14     0x4  Data  Gb  g_InterruptUpdate.o [5]
tskCnt2kHz              0x2400'2f10     0x4  Data  Gb  g_InterruptUpdate.o [5]
tskCnt50Hz              0x2400'2f18     0x4  Data  Gb  g_InterruptUpdate.o [5]
tskMaxCnt10Hz           0x2400'0244     0x4  Data  Gb  g_InterruptUpdate.o [5]
tskMaxCnt18kHz          0x2400'0234     0x4  Data  Gb  g_InterruptUpdate.o [5]
tskMaxCnt200Hz          0x2400'023c     0x4  Data  Gb  g_InterruptUpdate.o [5]
tskMaxCnt2kHz           0x2400'0238     0x4  Data  Gb  g_InterruptUpdate.o [5]
tskMaxCnt50Hz           0x2400'0240     0x4  Data  Gb  g_InterruptUpdate.o [5]
txReadSdo                0x800'e78b    0x8e  Code  Gb  CMS58M.o [6]
txWriteNmt               0x800'e65b    0x60  Code  Gb  CMS58M.o [6]
txWriteSdo               0x800'e6bb    0xd0  Code  Gb  CMS58M.o [6]
uwTick                  0x2400'2f68     0x4  Data  Gb  stm32h7xx_hal.o [9]
uwTickFreq              0x2400'05af     0x1  Data  Gb  stm32h7xx_hal.o [9]
uwTickPrio              0x2400'0584     0x4  Data  Gb  stm32h7xx_hal.o [9]
values                   0x801'8124   0xe60  Data  Gb  core_Menu.o [4]


[1] = C:\work\ebu6\EBU6\EBU6\EWARM\EBU6\Obj\Application\EWARM
[2] = C:\work\ebu6\EBU6\EBU6\EWARM\EBU6\Obj\Application\User\Core
[3] = C:\work\ebu6\EBU6\EBU6\EWARM\EBU6\Obj\Application\User\Core\Comm
[4] = C:\work\ebu6\EBU6\EBU6\EWARM\EBU6\Obj\Application\User\Core\Core
[5] = C:\work\ebu6\EBU6\EBU6\EWARM\EBU6\Obj\Application\User\Core\Global
[6] = C:\work\ebu6\EBU6\EBU6\EWARM\EBU6\Obj\Application\User\Core\Peref
[7] = C:\work\ebu6\EBU6\EBU6\EWARM\EBU6\Obj\Application\User\Core\Stat
[8] = C:\work\ebu6\EBU6\EBU6\EWARM\EBU6\Obj\Drivers\CMSIS
[9] = C:\work\ebu6\EBU6\EBU6\EWARM\EBU6\Obj\Drivers\STM32H7xx_HAL_Driver
[10] = dl7M_tln.a
[11] = m7M_tlv.a
[12] = rt7M_tl.a
[13] = shb_l.a

  80'338 bytes of readonly  code memory
  25'129 bytes of readonly  data memory
  28'538 bytes of readwrite data memory

Errors: none
Warnings: none
