###############################################################################
#
# IAR ELF Linker V9.10.2.313/W64 for ARM                  08/Sep/2022  11:23:47
# Copyright 2007-2021 IAR Systems AB.
#
#    Output file  =  D:\WorkOther\EBU6\EWARM\EBU6\Exe\EBU6.out
#    Map file     =  D:\WorkOther\EBU6\EWARM\EBU6\List\EBU6.map
#    Command line =
#        -f D:\WorkOther\EBU6\EWARM\EBU6\Exe\EBU6.out.rsp
#        (D:\WorkOther\EBU6\EWARM\EBU6\Obj\Application\User\Core\add_ValueConv.o
#        D:\WorkOther\EBU6\EWARM\EBU6\Obj\Application\User\Core\Peref\CMS58M.o
#        D:\WorkOther\EBU6\EWARM\EBU6\Obj\Application\User\Core\Comm\comm.o
#        D:\WorkOther\EBU6\EWARM\EBU6\Obj\Application\User\Core\Core\core_InverterControl.o
#        D:\WorkOther\EBU6\EWARM\EBU6\Obj\Application\User\Core\Core\core_Menu.o
#        D:\WorkOther\EBU6\EWARM\EBU6\Obj\Application\User\Core\Core\core_Protections.o
#        D:\WorkOther\EBU6\EWARM\EBU6\Obj\Application\User\Core\Core\core_ProtectionsAlarm.o
#        D:\WorkOther\EBU6\EWARM\EBU6\Obj\Application\User\Core\Core\core_ProtectionSHC.o
#        D:\WorkOther\EBU6\EWARM\EBU6\Obj\Application\User\Core\Core\core_VlvDrvCtrl.o
#        D:\WorkOther\EBU6\EWARM\EBU6\Obj\Application\User\Core\Comm\drv_modbus.o
#        D:\WorkOther\EBU6\EWARM\EBU6\Obj\Application\User\Core\Core\g_Core.o
#        D:\WorkOther\EBU6\EWARM\EBU6\Obj\Application\User\Core\Global\g_InterruptUpdate.o
#        D:\WorkOther\EBU6\EWARM\EBU6\Obj\Application\User\Core\Global\g_Ram.o
#        D:\WorkOther\EBU6\EWARM\EBU6\Obj\Application\User\Core\main.o
#        D:\WorkOther\EBU6\EWARM\EBU6\Obj\Application\User\Core\Peref\peref.o
#        D:\WorkOther\EBU6\EWARM\EBU6\Obj\Application\User\Core\Peref\peref_ApFilter1.o
#        D:\WorkOther\EBU6\EWARM\EBU6\Obj\Application\User\Core\Peref\peref_ApFilter3.o
#        D:\WorkOther\EBU6\EWARM\EBU6\Obj\Application\User\Core\Peref\peref_Calibs.o
#        D:\WorkOther\EBU6\EWARM\EBU6\Obj\Application\User\Core\Peref\peref_Clock.o
#        D:\WorkOther\EBU6\EWARM\EBU6\Obj\Application\User\Core\Peref\peref_display.o
#        D:\WorkOther\EBU6\EWARM\EBU6\Obj\Application\User\Core\Peref\peref_SensObserver.o
#        D:\WorkOther\EBU6\EWARM\EBU6\Obj\Application\User\Core\Peref\peref_SinObserver.o
#        D:\WorkOther\EBU6\EWARM\EBU6\Obj\Application\EWARM\startup_stm32h743xx.o
#        D:\WorkOther\EBU6\EWARM\EBU6\Obj\Application\User\Core\Stat\stat.o
#        D:\WorkOther\EBU6\EWARM\EBU6\Obj\Application\User\Core\Stat\stat_fm25v10.o
#        D:\WorkOther\EBU6\EWARM\EBU6\Obj\Drivers\STM32H7xx_HAL_Driver\stm32h7xx_hal.o
#        D:\WorkOther\EBU6\EWARM\EBU6\Obj\Drivers\STM32H7xx_HAL_Driver\stm32h7xx_hal_adc.o
#        D:\WorkOther\EBU6\EWARM\EBU6\Obj\Drivers\STM32H7xx_HAL_Driver\stm32h7xx_hal_adc_ex.o
#        D:\WorkOther\EBU6\EWARM\EBU6\Obj\Drivers\STM32H7xx_HAL_Driver\stm32h7xx_hal_cortex.o
#        D:\WorkOther\EBU6\EWARM\EBU6\Obj\Drivers\STM32H7xx_HAL_Driver\stm32h7xx_hal_dma.o
#        D:\WorkOther\EBU6\EWARM\EBU6\Obj\Drivers\STM32H7xx_HAL_Driver\stm32h7xx_hal_dma_ex.o
#        D:\WorkOther\EBU6\EWARM\EBU6\Obj\Drivers\STM32H7xx_HAL_Driver\stm32h7xx_hal_exti.o
#        D:\WorkOther\EBU6\EWARM\EBU6\Obj\Drivers\STM32H7xx_HAL_Driver\stm32h7xx_hal_fdcan.o
#        D:\WorkOther\EBU6\EWARM\EBU6\Obj\Drivers\STM32H7xx_HAL_Driver\stm32h7xx_hal_flash.o
#        D:\WorkOther\EBU6\EWARM\EBU6\Obj\Drivers\STM32H7xx_HAL_Driver\stm32h7xx_hal_flash_ex.o
#        D:\WorkOther\EBU6\EWARM\EBU6\Obj\Drivers\STM32H7xx_HAL_Driver\stm32h7xx_hal_gpio.o
#        D:\WorkOther\EBU6\EWARM\EBU6\Obj\Drivers\STM32H7xx_HAL_Driver\stm32h7xx_hal_hrtim.o
#        D:\WorkOther\EBU6\EWARM\EBU6\Obj\Drivers\STM32H7xx_HAL_Driver\stm32h7xx_hal_hsem.o
#        D:\WorkOther\EBU6\EWARM\EBU6\Obj\Drivers\STM32H7xx_HAL_Driver\stm32h7xx_hal_i2c.o
#        D:\WorkOther\EBU6\EWARM\EBU6\Obj\Drivers\STM32H7xx_HAL_Driver\stm32h7xx_hal_i2c_ex.o
#        D:\WorkOther\EBU6\EWARM\EBU6\Obj\Drivers\STM32H7xx_HAL_Driver\stm32h7xx_hal_mdma.o
#        D:\WorkOther\EBU6\EWARM\EBU6\Obj\Application\User\Core\stm32h7xx_hal_msp.o
#        D:\WorkOther\EBU6\EWARM\EBU6\Obj\Drivers\STM32H7xx_HAL_Driver\stm32h7xx_hal_pwr.o
#        D:\WorkOther\EBU6\EWARM\EBU6\Obj\Drivers\STM32H7xx_HAL_Driver\stm32h7xx_hal_pwr_ex.o
#        D:\WorkOther\EBU6\EWARM\EBU6\Obj\Drivers\STM32H7xx_HAL_Driver\stm32h7xx_hal_rcc.o
#        D:\WorkOther\EBU6\EWARM\EBU6\Obj\Drivers\STM32H7xx_HAL_Driver\stm32h7xx_hal_rcc_ex.o
#        D:\WorkOther\EBU6\EWARM\EBU6\Obj\Drivers\STM32H7xx_HAL_Driver\stm32h7xx_hal_rtc.o
#        D:\WorkOther\EBU6\EWARM\EBU6\Obj\Drivers\STM32H7xx_HAL_Driver\stm32h7xx_hal_rtc_ex.o
#        D:\WorkOther\EBU6\EWARM\EBU6\Obj\Drivers\STM32H7xx_HAL_Driver\stm32h7xx_hal_spi.o
#        D:\WorkOther\EBU6\EWARM\EBU6\Obj\Drivers\STM32H7xx_HAL_Driver\stm32h7xx_hal_spi_ex.o
#        D:\WorkOther\EBU6\EWARM\EBU6\Obj\Drivers\STM32H7xx_HAL_Driver\stm32h7xx_hal_tim.o
#        D:\WorkOther\EBU6\EWARM\EBU6\Obj\Drivers\STM32H7xx_HAL_Driver\stm32h7xx_hal_tim_ex.o
#        D:\WorkOther\EBU6\EWARM\EBU6\Obj\Drivers\STM32H7xx_HAL_Driver\stm32h7xx_hal_uart.o
#        D:\WorkOther\EBU6\EWARM\EBU6\Obj\Drivers\STM32H7xx_HAL_Driver\stm32h7xx_hal_uart_ex.o
#        D:\WorkOther\EBU6\EWARM\EBU6\Obj\Application\User\Core\stm32h7xx_it.o
#        D:\WorkOther\EBU6\EWARM\EBU6\Obj\Drivers\CMSIS\system_stm32h7xx.o
#        --no_out_extension -o D:\WorkOther\EBU6\EWARM\EBU6\Exe\EBU6.out --map
#        D:\WorkOther\EBU6\EWARM\EBU6\List\EBU6.map --config "D:\Distr\IAR
#        Embedded Workbench for ARM v9.10.2 x64\arm\CONFIG\generic_cortex.icf"
#        --semihosting --entry __iar_program_start --vfe --text_out locale)
#
###############################################################################

*******************************************************************************
*** RUNTIME MODEL ATTRIBUTES
***

CppFlavor       = *
__SystemLibrary = DLib
__dlib_version  = 6


*******************************************************************************
*** HEAP SELECTION
***

The basic heap was selected because no calls to memory allocation
functions were found in the application outside of system library
functions, and there are calls to deallocation functions in the
application.


*******************************************************************************
*** PLACEMENT SUMMARY
***

"A0":  place at address 0x0 { ro section .intvec };
"P1":  place in [from 0x0 to 0x7'ffff] { ro };
define block CSTACK with size = 1K, alignment = 8 { };
define block PROC_STACK with size = 0, alignment = 8 { };
define block HEAP with size = 2K, alignment = 8 { };
"P2":  place in [from 0x2000'0000 to 0x2000'ffff] {
          rw, block CSTACK, block PROC_STACK, block HEAP };
initialize by copy { rw };

  Section            Kind         Address      Size  Object
  -------            ----         -------      ----  ------
"A0":                                         0x298
  .intvec            ro code          0x0     0x298  startup_stm32h743xx.o [1]
                                  - 0x298     0x298

"P1":                                      0x1'b5ea
  .rodata            const          0x298    0x4ee4  core_Menu.o [4]
  .text              ro code       0x517c    0x22d4  stm32h7xx_hal_dma.o [9]
  .text              ro code       0x7450       0xc  stm32h7xx_hal.o [9]
  .text              ro code       0x745c    0x1b4c  stm32h7xx_hal_rcc_ex.o [9]
  .text              ro code       0x8fa8     0x5f8  stm32h7xx_hal_rcc.o [9]
  .text              ro code       0x95a0      0x1a  U32ToFlt.o [11]
  .text              ro code       0x95bc     0x118  FltDiv.o [11]
  .text              ro code       0x96d4     0x16e  FltAddSub.o [11]
  .text              ro code       0x9844      0xd8  FltMul.o [11]
  .text              ro code       0x991c      0x18  FltToU32.o [11]
  .text              ro code       0x9934      0x58  stm32h7xx_hal.o [9]
  .text              ro code       0x998c     0x190  stm32h7xx_hal_cortex.o [9]
  .text              ro code       0x9b1c    0x1860  core_Menu.o [4]
  .text              ro code       0xb37c      0x18  strcpy.o [12]
  .text              ro code       0xb394      0x66  ABImemset.o [12]
  .text              ro code       0xb3fc     0x1f2  add_ValueConv.o [2]
  .text              ro code       0xb5f0      0x36  strlen.o [12]
  .text              ro code       0xb628      0x12  strcmp.o [12]
  .text              ro code       0xb63a      0x3e  peref_Clock.o [6]
  .text              ro code       0xb678      0x16  strchr.o [12]
  .text              ro code       0xb690      0xa6  ABImemcpy.o [12]
  .text              ro code       0xb736      0x32  stat.o [7]
  .text              ro code       0xb768     0x1f8  g_Ram.o [5]
  .text              ro code       0xb960     0x2c4  stat_fm25v10.o [7]
  .text              ro code       0xbc24    0x1598  peref.o [6]
  .text              ro code       0xd1bc     0x430  stm32h7xx_hal_gpio.o [9]
  .text              ro code       0xd5ec     0xf6a  stm32h7xx_hal_spi.o [9]
  .text              ro code       0xe558    0x1130  main.o [2]
  .text              ro code       0xf688     0x3a0  peref_display.o [6]
  .text              ro code       0xfa28      0x6e  peref_ApFilter1.o [6]
  .text              ro code       0xfa98     0x2ac  peref_SensObserver.o [6]
  .text              ro code       0xfd44     0x138  peref_SinObserver.o [6]
  .text              ro code       0xfe7c     0x28c  CMS58M.o [6]
  .text              ro code     0x1'0108     0x4ac  peref_Calibs.o [6]
  .text              ro code     0x1'05b4     0x95c  stm32h7xx_hal_fdcan.o [9]
  .text              ro code     0x1'0f10       0x8  labs.o [10]
  .text              ro code     0x1'0f18       0x8  abs.o [10]
  .text              ro code     0x1'0f20     0x398  stm32h7xx_hal_rtc.o [9]
  .text              ro code     0x1'12b8     0xa3c  stm32h7xx_hal_msp.o [2]
  .text              ro code     0x1'1cf4       0x2  stm32h7xx_hal_spi.o [9]
  .text              ro code     0x1'1cf6       0x2  stm32h7xx_hal_spi.o [9]
  .text              ro code     0x1'1cf8       0x2  stm32h7xx_hal_spi.o [9]
  .text              ro code     0x1'1cfa       0x2  stm32h7xx_hal_spi.o [9]
  .text              ro code     0x1'1cfc      0xa8  stm32h7xx_hal.o [9]
  .text              ro code     0x1'1da4    0x105c  stm32h7xx_hal_adc.o [9]
  .text              ro code     0x1'2e00    0x1790  g_Core.o [4]
  .text              ro code     0x1'4590      0x18  comm.o [3]
  .text              ro code     0x1'45a8     0x8c8  drv_modbus.o [3]
  .text              ro code     0x1'4e70     0xd1e  stm32h7xx_hal_tim.o [9]
  .text              ro code     0x1'5b90      0x64  stm32h7xx_hal_pwr_ex.o [9]
  .text              ro code     0x1'5bf4      0x14  stm32h7xx_hal_pwr.o [9]
  .text              ro code     0x1'5c08     0x73c  stm32h7xx_hal_rcc.o [9]
  .text              ro code     0x1'6344     0x174  stm32h7xx_hal_adc_ex.o [9]
  .text              ro code     0x1'64b8     0x8ba  stm32h7xx_hal_hrtim.o [9]
  .text              ro code     0x1'6d74     0x2f4  stm32h7xx_hal_tim_ex.o [9]
  .text              ro code     0x1'7068     0xf6c  stm32h7xx_hal_uart.o [9]
  .text              ro code     0x1'7fd4     0x16c  stm32h7xx_hal_uart_ex.o [9]
  .text              ro code     0x1'8140      0x48  FltToDbl.o [11]
  .text              ro code     0x1'8188     0x1aa  DblMul.o [11]
  .text              ro code     0x1'8334      0x1c  U32ToDbl.o [11]
  .text              ro code     0x1'8350      0x68  DblToFlt.o [11]
  .text              ro code     0x1'83b8      0x28  FltCmpGe.o [11]
  .text              ro code     0x1'83e0      0x74  sqrtf.o [11]
  .text              ro code     0x1'8454       0x2  stm32h7xx_hal_adc_ex.o [9]
  .text              ro code     0x1'8456       0x2  stm32h7xx_hal_adc.o [9]
  .text              ro code     0x1'8458       0x2  stm32h7xx_hal_adc_ex.o [9]
  .text              ro code     0x1'845a       0x2  stm32h7xx_hal_adc.o [9]
  .text              ro code     0x1'845c       0x2  stm32h7xx_hal_adc_ex.o [9]
  .text              ro code     0x1'845e       0x2  stm32h7xx_hal_adc_ex.o [9]
  .text              ro code     0x1'8460       0x2  stm32h7xx_hal_adc.o [9]
  .text              ro code     0x1'8462       0x2  stm32h7xx_hal_adc_ex.o [9]
  .text              ro code     0x1'8464       0x2  stm32h7xx_hal_adc.o [9]
  .text              ro code     0x1'8468     0x738  core_Protections.o [4]
  .text              ro code     0x1'8ba0     0x246  DblDiv.o [11]
  .text              ro code     0x1'8de8     0x5a0  core_VlvDrvCtrl.o [4]
  .text              ro code     0x1'9388      0x1c  FltCmpEq.o [11]
  .text              ro code     0x1'93a4      0x24  S32ToFlt.o [11]
  .text              ro code     0x1'93c8      0x22  S32ToDbl.o [11]
  .text              ro code     0x1'93ec      0x28  FltCmpLe.o [11]
  .text              ro code     0x1'9414     0x25e  DblAddSub.o [11]
  .text              ro code     0x1'9674     0x23c  cos_sin32.o [11]
  .text              ro code     0x1'98b0      0x2e  fmin.o [11]
  .text              ro code     0x1'98e0      0x2e  fmax.o [11]
  .text              ro code     0x1'9910      0x22  DblToU32.o [11]
  .text              ro code     0x1'9934      0x26  FltToS32.o [11]
  .text              ro code     0x1'995c      0x34  DblCmpLe.o [11]
  .text              ro code     0x1'9990       0x2  stm32h7xx_hal_tim.o [9]
  .text              ro code     0x1'9992       0x2  stm32h7xx_hal_tim.o [9]
  .text              ro code     0x1'9994       0x2  stm32h7xx_hal_tim.o [9]
  .text              ro code     0x1'9996       0x2  stm32h7xx_hal_tim.o [9]
  .text              ro code     0x1'9998       0x2  stm32h7xx_hal_tim.o [9]
  .text              ro code     0x1'999a       0x2  stm32h7xx_hal_tim_ex.o [9]
  .text              ro code     0x1'999c       0x2  stm32h7xx_hal_tim_ex.o [9]
  .text              ro code     0x1'999e       0x2  stm32h7xx_hal_tim.o [9]
  .text              ro code     0x1'99a0       0x2  stm32h7xx_hal_tim_ex.o [9]
  .text              ro code     0x1'99a2       0x2  stm32h7xx_hal_uart.o [9]
  .text              ro code     0x1'99a4       0x2  stm32h7xx_hal_uart.o [9]
  .text              ro code     0x1'99a6       0x2  stm32h7xx_hal_uart_ex.o [9]
  .text              ro code     0x1'99a8       0x2  stm32h7xx_hal_uart_ex.o [9]
  .text              ro code     0x1'99aa       0x2  stm32h7xx_hal_uart_ex.o [9]
  .text              ro code     0x1'99ac     0x230  I64DivMod.o [12]
  .text              ro code     0x1'9bdc       0x2  stm32h7xx_hal_uart.o [9]
  .text              ro code     0x1'9bde      0x3e  core_ProtectionSHC.o [4]
  .text              ro code     0x1'9c1c       0x2  I64DivZer.o [12]
  .rodata            const       0x1'9c20     0xe60  core_Menu.o [4]
  .text              ro code     0x1'aa80     0x1fc  g_InterruptUpdate.o [5]
  .text              ro code     0x1'ac7c     0x162  core_ProtectionsAlarm.o [4]
  .text              ro code     0x1'ade0     0x12c  system_stm32h7xx.o [8]
  .text              ro code     0x1'af0c      0xf4  stm32h7xx_it.o [2]
  .text              ro code     0x1'b000      0x18  stm32h7xx_hal.o [9]
  .rodata            const       0x1'b018      0xa0  core_Menu.o [4]
  .text              ro code     0x1'b0b8      0x78  lz77_init_single.o [12]
  .rodata            const       0x1'b130      0x4c  stm32h7xx_hal_fdcan.o [9]
  .text              ro code     0x1'b17c      0x38  zero_init3.o [12]
  .text              ro code     0x1'b1b4      0x28  data_init.o [12]
  .iar.init_table    const       0x1'b1dc      0x20  - Linker created -
  .text              ro code     0x1'b1fc      0x1e  cmain.o [12]
  .text              ro code     0x1'b21a       0x4  low_level_init.o [10]
  .text              ro code     0x1'b21e       0x4  exit.o [10]
  .text              ro code     0x1'b224       0xa  cexit.o [12]
  .text              ro code     0x1'b230      0x14  exit.o [13]
  .text              ro code     0x1'b244      0x1c  cstartup_M.o [12]
  .rodata            const       0x1'b260      0x18  stm32h7xx_hal_uart.o [9]
  .rodata            const       0x1'b278      0x10  stm32h7xx_hal_fdcan.o [9]
  .rodata            const       0x1'b288      0x10  system_stm32h7xx.o [8]
  .text              ro code     0x1'b298      0x10  startup_stm32h743xx.o [1]
  .rodata            const       0x1'b2a8       0x8  CMS58M.o [6]
  .rodata            const       0x1'b2b0       0x8  core_Menu.o [4]
  .rodata            const       0x1'b2b8       0x8  stm32h7xx_hal_dma.o [9]
  .rodata            const       0x1'b2c0       0x8  stm32h7xx_hal_uart_ex.o [9]
  .rodata            const       0x1'b2c8       0x8  stm32h7xx_hal_uart_ex.o [9]
  .rodata            const       0x1'b2d0       0x4  CMS58M.o [6]
  .text              ro code     0x1'b2d4       0x4  startup_stm32h743xx.o [1]
  .text              ro code     0x1'b2d8       0x4  startup_stm32h743xx.o [1]
  .text              ro code     0x1'b2dc       0x4  startup_stm32h743xx.o [1]
  .text              ro code     0x1'b2e0       0x4  startup_stm32h743xx.o [1]
  .text              ro code     0x1'b2e4       0x4  startup_stm32h743xx.o [1]
  .text              ro code     0x1'b2e8       0x4  startup_stm32h743xx.o [1]
  .text              ro code     0x1'b2ec       0x4  startup_stm32h743xx.o [1]
  .text              ro code     0x1'b2f0       0x4  startup_stm32h743xx.o [1]
  .text              ro code     0x1'b2f4       0x4  startup_stm32h743xx.o [1]
  .text              ro code     0x1'b2f8       0x4  startup_stm32h743xx.o [1]
  .text              ro code     0x1'b2fc       0x4  startup_stm32h743xx.o [1]
  .text              ro code     0x1'b300       0x4  startup_stm32h743xx.o [1]
  .text              ro code     0x1'b304       0x4  startup_stm32h743xx.o [1]
  .text              ro code     0x1'b308       0x4  startup_stm32h743xx.o [1]
  .text              ro code     0x1'b30c       0x4  startup_stm32h743xx.o [1]
  .text              ro code     0x1'b310       0x4  startup_stm32h743xx.o [1]
  .text              ro code     0x1'b314       0x4  startup_stm32h743xx.o [1]
  .text              ro code     0x1'b318       0x4  startup_stm32h743xx.o [1]
  .text              ro code     0x1'b31c       0x4  startup_stm32h743xx.o [1]
  .text              ro code     0x1'b320       0x4  startup_stm32h743xx.o [1]
  .text              ro code     0x1'b324       0x4  startup_stm32h743xx.o [1]
  .text              ro code     0x1'b328       0x4  startup_stm32h743xx.o [1]
  .text              ro code     0x1'b32c       0x4  startup_stm32h743xx.o [1]
  .text              ro code     0x1'b330       0x4  startup_stm32h743xx.o [1]
  .text              ro code     0x1'b334       0x4  startup_stm32h743xx.o [1]
  .text              ro code     0x1'b338       0x4  startup_stm32h743xx.o [1]
  .text              ro code     0x1'b33c       0x4  startup_stm32h743xx.o [1]
  .text              ro code     0x1'b340       0x4  startup_stm32h743xx.o [1]
  .text              ro code     0x1'b344       0x4  startup_stm32h743xx.o [1]
  .text              ro code     0x1'b348       0x4  startup_stm32h743xx.o [1]
  .text              ro code     0x1'b34c       0x4  startup_stm32h743xx.o [1]
  .text              ro code     0x1'b350       0x4  startup_stm32h743xx.o [1]
  .text              ro code     0x1'b354       0x4  startup_stm32h743xx.o [1]
  .text              ro code     0x1'b358       0x4  startup_stm32h743xx.o [1]
  .text              ro code     0x1'b35c       0x4  startup_stm32h743xx.o [1]
  .text              ro code     0x1'b360       0x4  startup_stm32h743xx.o [1]
  .text              ro code     0x1'b364       0x4  startup_stm32h743xx.o [1]
  .text              ro code     0x1'b368       0x4  startup_stm32h743xx.o [1]
  .text              ro code     0x1'b36c       0x4  startup_stm32h743xx.o [1]
  .text              ro code     0x1'b370       0x4  startup_stm32h743xx.o [1]
  .text              ro code     0x1'b374       0x4  startup_stm32h743xx.o [1]
  .text              ro code     0x1'b378       0x4  startup_stm32h743xx.o [1]
  .text              ro code     0x1'b37c       0x4  startup_stm32h743xx.o [1]
  .text              ro code     0x1'b380       0x4  startup_stm32h743xx.o [1]
  .text              ro code     0x1'b384       0x4  startup_stm32h743xx.o [1]
  .text              ro code     0x1'b388       0x4  startup_stm32h743xx.o [1]
  .text              ro code     0x1'b38c       0x4  startup_stm32h743xx.o [1]
  .text              ro code     0x1'b390       0x4  startup_stm32h743xx.o [1]
  .text              ro code     0x1'b394       0x4  startup_stm32h743xx.o [1]
  .text              ro code     0x1'b398       0x4  startup_stm32h743xx.o [1]
  .text              ro code     0x1'b39c       0x4  startup_stm32h743xx.o [1]
  .text              ro code     0x1'b3a0       0x4  startup_stm32h743xx.o [1]
  .text              ro code     0x1'b3a4       0x4  startup_stm32h743xx.o [1]
  .text              ro code     0x1'b3a8       0x4  startup_stm32h743xx.o [1]
  .text              ro code     0x1'b3ac       0x4  startup_stm32h743xx.o [1]
  .text              ro code     0x1'b3b0       0x4  startup_stm32h743xx.o [1]
  .text              ro code     0x1'b3b4       0x4  startup_stm32h743xx.o [1]
  .text              ro code     0x1'b3b8       0x4  startup_stm32h743xx.o [1]
  .text              ro code     0x1'b3bc       0x4  startup_stm32h743xx.o [1]
  .text              ro code     0x1'b3c0       0x4  startup_stm32h743xx.o [1]
  .text              ro code     0x1'b3c4       0x4  startup_stm32h743xx.o [1]
  .text              ro code     0x1'b3c8       0x4  startup_stm32h743xx.o [1]
  .text              ro code     0x1'b3cc       0x4  startup_stm32h743xx.o [1]
  .text              ro code     0x1'b3d0       0x4  startup_stm32h743xx.o [1]
  .text              ro code     0x1'b3d4       0x4  startup_stm32h743xx.o [1]
  .text              ro code     0x1'b3d8       0x4  startup_stm32h743xx.o [1]
  .text              ro code     0x1'b3dc       0x4  startup_stm32h743xx.o [1]
  .text              ro code     0x1'b3e0       0x4  startup_stm32h743xx.o [1]
  .text              ro code     0x1'b3e4       0x4  startup_stm32h743xx.o [1]
  .text              ro code     0x1'b3e8       0x4  startup_stm32h743xx.o [1]
  .text              ro code     0x1'b3ec       0x4  startup_stm32h743xx.o [1]
  .text              ro code     0x1'b3f0       0x4  startup_stm32h743xx.o [1]
  .text              ro code     0x1'b3f4       0x4  startup_stm32h743xx.o [1]
  .text              ro code     0x1'b3f8       0x4  startup_stm32h743xx.o [1]
  .text              ro code     0x1'b3fc       0x4  startup_stm32h743xx.o [1]
  .text              ro code     0x1'b400       0x4  startup_stm32h743xx.o [1]
  .text              ro code     0x1'b404       0x4  startup_stm32h743xx.o [1]
  .text              ro code     0x1'b408       0x4  startup_stm32h743xx.o [1]
  .text              ro code     0x1'b40c       0x4  startup_stm32h743xx.o [1]
  .text              ro code     0x1'b410       0x4  startup_stm32h743xx.o [1]
  .text              ro code     0x1'b414       0x4  startup_stm32h743xx.o [1]
  .text              ro code     0x1'b418       0x4  startup_stm32h743xx.o [1]
  .text              ro code     0x1'b41c       0x4  startup_stm32h743xx.o [1]
  .text              ro code     0x1'b420       0x4  startup_stm32h743xx.o [1]
  .text              ro code     0x1'b424       0x4  startup_stm32h743xx.o [1]
  .text              ro code     0x1'b428       0x4  startup_stm32h743xx.o [1]
  .text              ro code     0x1'b42c       0x4  startup_stm32h743xx.o [1]
  .text              ro code     0x1'b430       0x4  startup_stm32h743xx.o [1]
  .text              ro code     0x1'b434       0x4  startup_stm32h743xx.o [1]
  .text              ro code     0x1'b438       0x4  startup_stm32h743xx.o [1]
  .text              ro code     0x1'b43c       0x4  startup_stm32h743xx.o [1]
  .text              ro code     0x1'b440       0x4  startup_stm32h743xx.o [1]
  .text              ro code     0x1'b444       0x4  startup_stm32h743xx.o [1]
  .text              ro code     0x1'b448       0x4  startup_stm32h743xx.o [1]
  .text              ro code     0x1'b44c       0x4  startup_stm32h743xx.o [1]
  .text              ro code     0x1'b450       0x4  startup_stm32h743xx.o [1]
  .text              ro code     0x1'b454       0x4  startup_stm32h743xx.o [1]
  .text              ro code     0x1'b458       0x4  startup_stm32h743xx.o [1]
  .text              ro code     0x1'b45c       0x4  startup_stm32h743xx.o [1]
  .text              ro code     0x1'b460       0x4  startup_stm32h743xx.o [1]
  .text              ro code     0x1'b464       0x4  startup_stm32h743xx.o [1]
  .text              ro code     0x1'b468       0x4  startup_stm32h743xx.o [1]
  .text              ro code     0x1'b46c       0x4  startup_stm32h743xx.o [1]
  .text              ro code     0x1'b470       0x4  startup_stm32h743xx.o [1]
  .text              ro code     0x1'b474       0x4  startup_stm32h743xx.o [1]
  .text              ro code     0x1'b478       0x4  startup_stm32h743xx.o [1]
  .text              ro code     0x1'b47c       0x4  startup_stm32h743xx.o [1]
  .text              ro code     0x1'b480       0x4  startup_stm32h743xx.o [1]
  .text              ro code     0x1'b484       0x4  startup_stm32h743xx.o [1]
  .text              ro code     0x1'b488       0x4  startup_stm32h743xx.o [1]
  .text              ro code     0x1'b48c       0x4  startup_stm32h743xx.o [1]
  .text              ro code     0x1'b490       0x4  startup_stm32h743xx.o [1]
  .text              ro code     0x1'b494       0x4  startup_stm32h743xx.o [1]
  .text              ro code     0x1'b498       0x4  startup_stm32h743xx.o [1]
  .text              ro code     0x1'b49c       0x4  startup_stm32h743xx.o [1]
  .text              ro code     0x1'b4a0       0x4  startup_stm32h743xx.o [1]
  .text              ro code     0x1'b4a4       0x4  startup_stm32h743xx.o [1]
  .text              ro code     0x1'b4a8       0x4  startup_stm32h743xx.o [1]
  .text              ro code     0x1'b4ac       0x4  startup_stm32h743xx.o [1]
  .text              ro code     0x1'b4b0       0x4  startup_stm32h743xx.o [1]
  .text              ro code     0x1'b4b4       0x4  startup_stm32h743xx.o [1]
  .text              ro code     0x1'b4b8       0x4  startup_stm32h743xx.o [1]
  .text              ro code     0x1'b4bc       0x4  startup_stm32h743xx.o [1]
  .text              ro code     0x1'b4c0       0x4  startup_stm32h743xx.o [1]
  .text              ro code     0x1'b4c4       0x4  startup_stm32h743xx.o [1]
  .text              ro code     0x1'b4c8       0x4  startup_stm32h743xx.o [1]
  .text              ro code     0x1'b4cc       0x4  startup_stm32h743xx.o [1]
  .text              ro code     0x1'b4d0       0x4  startup_stm32h743xx.o [1]
  .text              ro code     0x1'b4d4       0x4  startup_stm32h743xx.o [1]
  .rodata            const       0x1'b4d8       0x0  zero_init3.o [12]
  .rodata            const       0x1'b4d8       0x0  lz77_init_single.o [12]
  Initializer bytes  const       0x1'b4d8     0x3aa  <for P2-1>
                               - 0x1'b882  0x1'b5ea

"P2", part 1 of 3:                            0x652
  P2-1                        0x2000'0000     0x652  <Init block>
    .data            inited   0x2000'0000      0x1c  drv_modbus.o [3]
    .data            inited   0x2000'001c       0x4  g_Core.o [4]
    .data            inited   0x2000'0020       0x4  g_Core.o [4]
    .data            inited   0x2000'0024       0x4  g_Core.o [4]
    .data            inited   0x2000'0028       0x4  g_Core.o [4]
    .data            inited   0x2000'002c      0x30  g_InterruptUpdate.o [5]
    .data            inited   0x2000'005c      0x18  g_InterruptUpdate.o [5]
    .data            inited   0x2000'0074      0x30  g_InterruptUpdate.o [5]
    .data            inited   0x2000'00a4     0x1b0  g_InterruptUpdate.o [5]
    .data            inited   0x2000'0254      0x84  g_InterruptUpdate.o [5]
    .data            inited   0x2000'02d8       0x4  g_InterruptUpdate.o [5]
    .data            inited   0x2000'02dc       0x4  g_InterruptUpdate.o [5]
    .data            inited   0x2000'02e0       0x4  g_InterruptUpdate.o [5]
    .data            inited   0x2000'02e4       0x4  g_InterruptUpdate.o [5]
    .data            inited   0x2000'02e8       0x4  g_InterruptUpdate.o [5]
    .data            inited   0x2000'02ec       0x4  peref.o [6]
    .data            inited   0x2000'02f0       0x4  peref.o [6]
    .data            inited   0x2000'02f4     0x108  peref.o [6]
    .data            inited   0x2000'03fc     0x108  peref.o [6]
    .data            inited   0x2000'0504      0x40  peref.o [6]
    .data            inited   0x2000'0544      0x24  peref.o [6]
    .data            inited   0x2000'0568       0x4  peref.o [6]
    .data            inited   0x2000'056c       0x4  peref.o [6]
    .data            inited   0x2000'0570       0x4  peref_Calibs.o [6]
    .data            inited   0x2000'0574      0x70  peref_display.o [6]
    .data            inited   0x2000'05e4      0x44  peref_display.o [6]
    .data            inited   0x2000'0628       0x4  stm32h7xx_hal.o [9]
    .data            inited   0x2000'062c      0x18  stm32h7xx_hal_hrtim.o [9]
    .data            inited   0x2000'0644       0x4  system_stm32h7xx.o [8]
    .data            inited   0x2000'0648       0x4  system_stm32h7xx.o [8]
    .data            inited   0x2000'064c       0x1  add_ValueConv.o [2]
    .data            inited   0x2000'064d       0x1  add_ValueConv.o [2]
    .data            inited   0x2000'064e       0x1  add_ValueConv.o [2]
    .data            inited   0x2000'064f       0x1  add_ValueConv.o [2]
    .data            inited   0x2000'0650       0x1  g_Core.o [4]
    .data            inited   0x2000'0651       0x1  stm32h7xx_hal.o [9]
                            - 0x2000'0652     0x652

"P2", part 2 of 3:                           0x2910
  .bss               zero     0x2000'0654     0x8d4  g_Ram.o [5]
  .bss               zero     0x2000'0f28     0x8a8  peref.o [6]
  .bss               zero     0x2000'17d0      0x64  drv_modbus.o [3]
  .bss               zero     0x2000'1838     0x820  g_Core.o [4]
  .bss               zero     0x2000'2058     0x218  core_Menu.o [4]
  .bss               zero     0x2000'2270     0x200  drv_modbus.o [3]
  .bss               zero     0x2000'2470     0x120  comm.o [3]
  .bss               zero     0x2000'2590      0xdc  main.o [2]
  .bss               zero     0x2000'266c      0xc0  stat.o [7]
  .bss               zero     0x2000'272c      0xa0  main.o [2]
  .bss               zero     0x2000'27cc      0x90  main.o [2]
  .bss               zero     0x2000'285c      0x90  main.o [2]
  .bss               zero     0x2000'28ec      0x90  main.o [2]
  .bss               zero     0x2000'297c      0x90  main.o [2]
  .bss               zero     0x2000'2a0c      0x88  main.o [2]
  .bss               zero     0x2000'2a94      0x88  main.o [2]
  .bss               zero     0x2000'2b1c      0x78  main.o [2]
  .bss               zero     0x2000'2b94      0x78  main.o [2]
  .bss               zero     0x2000'2c0c      0x64  main.o [2]
  .bss               zero     0x2000'2c70      0x64  main.o [2]
  .bss               zero     0x2000'2cd4      0x4c  main.o [2]
  .bss               zero     0x2000'2d20      0x4c  main.o [2]
  .bss               zero     0x2000'2d6c      0x34  g_Core.o [4]
  .bss               zero     0x2000'2da0      0x2c  peref.o [6]
  .bss               zero     0x2000'2dcc      0x28  CMS58M.o [6]
  .bss               zero     0x2000'2df4      0x28  drv_modbus.o [3]
  .bss               zero     0x2000'2e1c      0x24  CMS58M.o [6]
  .bss               zero     0x2000'2e40      0x24  main.o [2]
  .bss               zero     0x2000'2e64      0x10  peref.o [6]
  .bss               zero     0x2000'2e74       0x4  core_Menu.o [4]
  .bss               zero     0x2000'2e78       0x8  g_Core.o [4]
  .bss               zero     0x2000'2e80       0x8  g_Core.o [4]
  .bss               zero     0x2000'2e88       0x4  core_Menu.o [4]
  .bss               zero     0x2000'2e8c       0x4  core_Menu.o [4]
  .bss               zero     0x2000'2e90       0x4  core_Menu.o [4]
  .bss               zero     0x2000'2e94       0x4  drv_modbus.o [3]
  .bss               zero     0x2000'2e98       0x4  drv_modbus.o [3]
  .bss               zero     0x2000'2e9c       0x4  g_Core.o [4]
  .bss               zero     0x2000'2ea0       0x4  g_Core.o [4]
  .bss               zero     0x2000'2ea4       0x4  g_Core.o [4]
  .bss               zero     0x2000'2ea8       0x4  g_Core.o [4]
  .bss               zero     0x2000'2eac       0x4  g_Core.o [4]
  .bss               zero     0x2000'2eb0       0x4  g_Core.o [4]
  .bss               zero     0x2000'2eb4       0x4  g_Core.o [4]
  .bss               zero     0x2000'2eb8       0x4  g_Core.o [4]
  .bss               zero     0x2000'2ebc       0x4  g_Core.o [4]
  .bss               zero     0x2000'2ec0       0x4  g_Core.o [4]
  .bss               zero     0x2000'2ec4       0x4  g_Core.o [4]
  .bss               zero     0x2000'2ec8       0x4  g_Core.o [4]
  .bss               zero     0x2000'2ecc       0x4  g_Core.o [4]
  .bss               zero     0x2000'2ed0       0x4  g_Core.o [4]
  .bss               zero     0x2000'2ed4       0x4  g_Core.o [4]
  .bss               zero     0x2000'2ed8       0x4  g_Core.o [4]
  .bss               zero     0x2000'2edc       0x4  g_Core.o [4]
  .bss               zero     0x2000'2ee0       0x4  g_Core.o [4]
  .bss               zero     0x2000'2ee4       0x4  g_Core.o [4]
  .bss               zero     0x2000'2ee8       0x4  g_InterruptUpdate.o [5]
  .bss               zero     0x2000'2eec       0x4  g_InterruptUpdate.o [5]
  .bss               zero     0x2000'2ef0       0x4  g_InterruptUpdate.o [5]
  .bss               zero     0x2000'2ef4       0x4  g_InterruptUpdate.o [5]
  .bss               zero     0x2000'2ef8       0x4  g_InterruptUpdate.o [5]
  .bss               zero     0x2000'2efc       0x4  g_InterruptUpdate.o [5]
  .bss               zero     0x2000'2f00       0x4  g_InterruptUpdate.o [5]
  .bss               zero     0x2000'2f04       0x4  g_InterruptUpdate.o [5]
  .bss               zero     0x2000'2f08       0x4  main.o [2]
  .bss               zero     0x2000'2f0c       0x4  peref.o [6]
  .bss               zero     0x2000'2f10       0x4  peref.o [6]
  .bss               zero     0x2000'2f14       0x4  peref.o [6]
  .bss               zero     0x2000'2f18       0x4  peref.o [6]
  .bss               zero     0x2000'2f1c       0x4  peref.o [6]
  .bss               zero     0x2000'2f20       0x4  peref.o [6]
  .bss               zero     0x2000'2f24       0x4  peref.o [6]
  .bss               zero     0x2000'2f28       0x4  peref.o [6]
  .bss               zero     0x2000'2f2c       0x4  peref.o [6]
  .bss               zero     0x2000'2f30       0x4  peref.o [6]
  .bss               zero     0x2000'2f34       0x4  peref.o [6]
  .bss               zero     0x2000'2f38       0x4  peref.o [6]
  .bss               zero     0x2000'2f3c       0x4  peref.o [6]
  .bss               zero     0x2000'2f40       0x4  peref.o [6]
  .bss               zero     0x2000'2f44       0x4  peref.o [6]
  .bss               zero     0x2000'2f48       0x4  peref.o [6]
  .bss               zero     0x2000'2f4c       0x4  peref_Calibs.o [6]
  .bss               zero     0x2000'2f50       0x4  stm32h7xx_hal.o [9]
  .bss               zero     0x2000'2f54       0x4  stm32h7xx_it.o [2]
  .bss               zero     0x2000'2f58       0x2  peref.o [6]
  .bss               zero     0x2000'2f5a       0x2  peref.o [6]
  .bss               zero     0x2000'2f5c       0x1  CMS58M.o [6]
  .bss               zero     0x2000'2f5d       0x1  CMS58M.o [6]
  .bss               zero     0x2000'2f5e       0x1  core_Protections.o [4]
  .bss               zero     0x2000'2f5f       0x1  core_VlvDrvCtrl.o [4]
  .bss               zero     0x2000'2f60       0x1  drv_modbus.o [3]
  .bss               zero     0x2000'2f61       0x1  g_Core.o [4]
  .bss               zero     0x2000'2f62       0x1  peref.o [6]
                            - 0x2000'2f63    0x290f

"P2", part 3 of 3:                            0x400
  CSTACK                      0x2000'2f68     0x400  <Block>
    CSTACK           uninit   0x2000'2f68     0x400  <Block tail>
                            - 0x2000'3368     0x400

Unused ranges:

         From           To      Size
         ----           --      ----
     0x1'b882     0x7'ffff  0x6'477e
  0x2000'0652  0x2000'0653       0x2
  0x2000'2f64  0x2000'2f67       0x4
  0x2000'3368  0x2000'ffff    0xcc98


*******************************************************************************
*** INIT TABLE
***

          Address      Size
          -------      ----
Zero (__iar_zero_init3)
    1 destination range, total size 0x290f:
          0x2000'0654  0x290f

Copy/lz77 (__iar_lz77_init_single3)
    1 source range, total size 0x3aa (57% of destination):
             0x1'b4d8   0x3aa
    1 destination range, total size 0x652:
          0x2000'0000   0x652



*******************************************************************************
*** MODULE SUMMARY
***

    Module                   ro code  ro data  rw data
    ------                   -------  -------  -------
command line/config:
    --------------------------------------------------
    Total:

D:\WorkOther\EBU6\EWARM\EBU6\Obj\Application\EWARM: [1]
    startup_stm32h743xx.o      1'196
    --------------------------------------------------
    Total:                     1'196

D:\WorkOther\EBU6\EWARM\EBU6\Obj\Application\User\Core: [2]
    add_ValueConv.o              498        2        4
    main.o                     4'400             1'860
    stm32h7xx_hal_msp.o        2'620
    stm32h7xx_it.o               244                 4
    --------------------------------------------------
    Total:                     7'762        2    1'868

D:\WorkOther\EBU6\EWARM\EBU6\Obj\Application\User\Core\Comm: [3]
    comm.o                        24               288
    drv_modbus.o               2'248       16      689
    --------------------------------------------------
    Total:                     2'272       16      977

D:\WorkOther\EBU6\EWARM\EBU6\Obj\Application\User\Core\Core: [4]
    core_Menu.o                6'240   24'044      552
    core_ProtectionSHC.o          62
    core_Protections.o         1'848                 1
    core_ProtectionsAlarm.o      354
    core_VlvDrvCtrl.o          1'440                 1
    g_Core.o                   6'032       10    2'242
    --------------------------------------------------
    Total:                    15'976   24'054    2'796

D:\WorkOther\EBU6\EWARM\EBU6\Obj\Application\User\Core\Global: [5]
    g_InterruptUpdate.o          508      408      736
    g_Ram.o                      504             2'260
    --------------------------------------------------
    Total:                     1'012      408    2'996

D:\WorkOther\EBU6\EWARM\EBU6\Obj\Application\User\Core\Peref: [6]
    CMS58M.o                     652       12       78
    peref.o                    5'528      373    2'989
    peref_ApFilter1.o            110
    peref_Calibs.o             1'196        3        8
    peref_Clock.o                 62
    peref_SensObserver.o         684
    peref_SinObserver.o          312
    peref_display.o              928      104      180
    --------------------------------------------------
    Total:                     9'472      492    3'255

D:\WorkOther\EBU6\EWARM\EBU6\Obj\Application\User\Core\Stat: [7]
    stat.o                        50               192
    stat_fm25v10.o               708
    --------------------------------------------------
    Total:                       758               192

D:\WorkOther\EBU6\EWARM\EBU6\Obj\Drivers\CMSIS: [8]
    system_stm32h7xx.o           300       21        8
    --------------------------------------------------
    Total:                       300       21        8

D:\WorkOther\EBU6\EWARM\EBU6\Obj\Drivers\STM32H7xx_HAL_Driver: [9]
    stm32h7xx_hal.o              292        3        9
    stm32h7xx_hal_adc.o        4'196
    stm32h7xx_hal_adc_ex.o       382
    stm32h7xx_hal_cortex.o       400
    stm32h7xx_hal_dma.o        8'916        8
    stm32h7xx_hal_fdcan.o      2'396       92
    stm32h7xx_hal_gpio.o       1'072
    stm32h7xx_hal_hrtim.o      2'234       14       24
    stm32h7xx_hal_pwr.o           20
    stm32h7xx_hal_pwr_ex.o       100
    stm32h7xx_hal_rcc.o        3'380
    stm32h7xx_hal_rcc_ex.o     6'988
    stm32h7xx_hal_rtc.o          920
    stm32h7xx_hal_spi.o        3'954
    stm32h7xx_hal_tim.o        3'370
    stm32h7xx_hal_tim_ex.o       762
    stm32h7xx_hal_uart.o       3'954       24
    stm32h7xx_hal_uart_ex.o      370       16
    --------------------------------------------------
    Total:                    43'706      157       33

dl7M_tln.a: [10]
    abs.o                          8
    exit.o                         4
    labs.o                         8
    low_level_init.o               4
    --------------------------------------------------
    Total:                        24

m7M_tl.a: [11]
    DblAddSub.o                  606
    DblCmpLe.o                    52
    DblDiv.o                     582
    DblMul.o                     426
    DblToFlt.o                   104
    DblToU32.o                    34
    FltAddSub.o                  366
    FltCmpEq.o                    28
    FltCmpGe.o                    40
    FltCmpLe.o                    40
    FltDiv.o                     280
    FltMul.o                     216
    FltToDbl.o                    72
    FltToS32.o                    38
    FltToU32.o                    24
    S32ToDbl.o                    34
    S32ToFlt.o                    36
    U32ToDbl.o                    28
    U32ToFlt.o                    26
    cos_sin32.o                  572
    fmax.o                        46
    fmin.o                        46
    sqrtf.o                      116
    --------------------------------------------------
    Total:                     3'812

rt7M_tl.a: [12]
    ABImemcpy.o                  166
    ABImemset.o                  102
    I64DivMod.o                  560
    I64DivZer.o                    2
    cexit.o                       10
    cmain.o                       30
    cstartup_M.o                  28
    data_init.o                   40
    lz77_init_single.o           120
    strchr.o                      22
    strcmp.o                      18
    strcpy.o                      24
    strlen.o                      54
    zero_init3.o                  56
    --------------------------------------------------
    Total:                     1'232

shb_l.a: [13]
    exit.o                        20
    --------------------------------------------------
    Total:                        20

    Gaps                          44        2        4
    Linker created                         32    1'024
------------------------------------------------------
    Grand Total:              87'586   25'184   13'153


*******************************************************************************
*** ENTRY LIST
***

Entry                       Address    Size  Type      Object
-----                       -------    ----  ----      ------
.iar.init_table$$Base      0x1'b1dc           --   Gb  - Linker created -
.iar.init_table$$Limit     0x1'b1fc           --   Gb  - Linker created -
?main                      0x1'b1fd          Code  Gb  cmain.o [12]
ADC3_IRQHandler            0x1'afc3     0xa  Code  Gb  stm32h7xx_it.o [2]
ADC_ConfigureBoostMode     0x1'2c6d   0x158  Code  Gb  stm32h7xx_hal_adc.o [9]
ADC_DMAConvCplt            0x1'2bb9    0x88  Code  Gb  stm32h7xx_hal_adc.o [9]
ADC_DMAError               0x1'2c4f    0x1e  Code  Gb  stm32h7xx_hal_adc.o [9]
ADC_DMAHalfConvCplt        0x1'2c41     0xe  Code  Gb  stm32h7xx_hal_adc.o [9]
ADC_Enable                 0x1'2aed    0xbc  Code  Gb  stm32h7xx_hal_adc.o [9]
ADC_IRQHandler             0x1'af39     0xa  Code  Gb  stm32h7xx_it.o [2]
ADS1118_init                 0xcdaf    0xbc  Code  Gb  peref.o [6]
ADS1118_update               0xce71    0x60  Code  Gb  peref.o [6]
AngleInterp                0x1'432d   0x20a  Code  Gb  g_Core.o [4]
BaudRates               0x2000'0000    0x1c  Data  Lc  drv_modbus.o [3]
BtnLevel                0x2000'02f0     0x4  Data  Gb  peref.o [6]
BtnTout                 0x2000'02ec     0x4  Data  Gb  peref.o [6]
BusFault_Handler           0x1'af13     0x2  Code  Gb  stm32h7xx_it.o [2]
ByteToStr                    0xb4fd    0x1e  Code  Gb  add_ValueConv.o [2]
CAN1RxMsg               0x2000'2f5c     0x1  Data  Gb  CMS58M.o [6]
CAN1TxMsg               0x2000'2f5d     0x1  Data  Gb  CMS58M.o [6]
CPU_led_timer           0x2000'2f54     0x4  Data  Gb  stm32h7xx_it.o [2]
CSTACK$$Base            0x2000'2f68           --   Gb  - Linker created -
CSTACK$$Limit           0x2000'3368           --   Gb  - Linker created -
CalcBufCRC                 0x1'4db5    0x2a  Code  Gb  drv_modbus.o [3]
CalcCRC                    0x1'4d8f    0x26  Code  Gb  drv_modbus.o [3]
CalcClbCycle               0x1'048b    0x70  Code  Gb  peref_Calibs.o [6]
CalcClbGearInv             0x1'0191    0x14  Code  Gb  peref_Calibs.o [6]
CalcClbGearRev             0x1'01a5    0x18  Code  Gb  peref_Calibs.o [6]
CalcTout                   0x1'4ddf    0x1c  Code  Gb  drv_modbus.o [3]
ChangeCoordinate             0xa6b5   0x194  Code  Lc  core_Menu.o [4]
CheckRange                   0xb3fd    0x22  Code  Gb  add_ValueConv.o [2]
CheckStatus                0x1'046f    0x1c  Code  Lc  peref_Calibs.o [6]
Cms58mConfig                 0xfea1    0x50  Code  Gb  CMS58M.o [6]
Cms58mInir                   0xfe7d    0x24  Code  Gb  CMS58M.o [6]
Cms58mRxHandler              0xfeff    0x2c  Code  Gb  CMS58M.o [6]
Cms58mStart                  0xfef1     0xe  Code  Gb  CMS58M.o [6]
Comm_50HzCalc              0x1'45a5     0x2  Code  Gb  comm.o [3]
Comm_CommandUpdate         0x1'45a7     0x2  Code  Gb  comm.o [3]
Comm_Init                  0x1'4591     0x2  Code  Gb  comm.o [3]
Comm_Update                0x1'4593     0xc  Code  Gb  comm.o [3]
Core_CalibControl          0x1'3029   0x14a  Code  Gb  g_Core.o [4]
Core_CalibStop             0x1'2f87    0xa2  Code  Gb  g_Core.o [4]
Core_ControlMode           0x1'350f    0x32  Code  Gb  g_Core.o [4]
Core_Init                  0x1'2e01   0x186  Code  Gb  g_Core.o [4]
Core_MENU_Display            0x9eb5    0x88  Code  Gb  core_Menu.o [4]
Core_MenuInit                0x9b1d   0x336  Code  Gb  core_Menu.o [4]
Core_MenuReadDcr             0xaf4d    0x6e  Code  Gb  core_Menu.o [4]
Core_MenuUpdate              0x9e69    0x4c  Code  Gb  core_Menu.o [4]
Core_ProtecionSHC_Update
                           0x1'9bdf    0x3e  Code  Gb  core_ProtectionSHC.o [4]
Core_Protections18kHzUpdate
                           0x1'8a93    0x84  Code  Gb  core_Protections.o [4]
Core_Protections50HZUpdate
                           0x1'8a6b    0x28  Code  Gb  core_Protections.o [4]
Core_ProtectionsAlarmUpdate
                           0x1'ac7d   0x162  Code  Gb  core_ProtectionsAlarm.o [4]
Core_ProtectionsClear      0x1'8a51    0x1a  Code  Gb  core_Protections.o [4]
Core_ProtectionsEnable     0x1'8845   0x20c  Code  Gb  core_Protections.o [4]
Core_ProtectionsEnable::State
                        0x2000'2f5e     0x1  Data  Lc  core_Protections.o [4]
Core_ProtectionsInit       0x1'8469   0x3dc  Code  Gb  core_Protections.o [4]
Core_SetDeff                 0xb077    0xd8  Code  Gb  core_Menu.o [4]
Core_ValveDriveInit        0x1'8de9    0x96  Code  Gb  core_VlvDrvCtrl.o [4]
Core_ValveDriveMove        0x1'8ee3    0x94  Code  Gb  core_VlvDrvCtrl.o [4]
Core_ValveDriveStop        0x1'8e7f    0x34  Code  Gb  core_VlvDrvCtrl.o [4]
Core_ValveDriveUpdate      0x1'8eb3    0x30  Code  Gb  core_VlvDrvCtrl.o [4]
CrcTable                0x2000'2270   0x200  Data  Gb  drv_modbus.o [3]
CyclicTimer                0x1'b2a8     0x8  Data  Gb  CMS58M.o [6]
D1CorePrescTable           0x1'b288    0x10  Data  Gb  system_stm32h7xx.o [8]
DAC_tmp                 0x2000'2f28     0x4  Data  Gb  peref.o [6]
DAC_tmp_16              0x2000'2f5a     0x2  Data  Gb  peref.o [6]
DISPL_AddSymb                0xf731    0x36  Code  Gb  peref_display.o [6]
DISPL_Update                 0xf703    0x2e  Code  Gb  peref_display.o [6]
DISPL_init                   0xf689    0x3e  Code  Gb  peref_display.o [6]
DLCtoBytes                 0x1'b278    0x10  Data  Lc  stm32h7xx_hal_fdcan.o [9]
DMA1_Stream1_IRQHandler
                           0x1'af25     0xa  Code  Gb  stm32h7xx_it.o [2]
DMA1_Stream3_IRQHandler
                           0x1'af2f     0xa  Code  Gb  stm32h7xx_it.o [2]
DMA_CalcBaseAndBitshift
                             0x710b    0xd2  Code  Lc  stm32h7xx_hal_dma.o [9]
DMA_CalcBaseAndBitshift{1}{2}::flagBitshiftOffset
                           0x1'b2b8     0x8  Data  Lc  stm32h7xx_hal_dma.o [9]
DMA_CalcDMAMUXChannelBaseAndMask
                             0x729b    0xac  Code  Lc  stm32h7xx_hal_dma.o [9]
DMA_CalcDMAMUXRequestGenBaseAndMask
                             0x7347    0x80  Code  Lc  stm32h7xx_hal_dma.o [9]
DMA_CheckFifoParam           0x7201    0x9a  Code  Lc  stm32h7xx_hal_dma.o [9]
DMA_SetConfig                0x6ea5   0x266  Code  Lc  stm32h7xx_hal_dma.o [9]
DateSeparator           0x2000'064f     0x1  Data  Gb  add_ValueConv.o [2]
DateToStr                    0xb543    0x3e  Code  Gb  add_ValueConv.o [2]
DebugMon_Handler           0x1'af19     0x2  Code  Gb  stm32h7xx_it.o [2]
DecToStr                     0xb41f    0xde  Code  Gb  add_ValueConv.o [2]
DefineBit                    0xa9e1    0x5c  Code  Gb  core_Menu.o [4]
DisplayOff                   0xf7a3    0x34  Code  Gb  peref_display.o [6]
DisplayOn                    0xf7d7    0xc4  Code  Gb  peref_display.o [6]
DisplayPutText               0xf89b    0x60  Code  Gb  peref_display.o [6]
DisplayRestart               0xf767    0x3c  Code  Gb  peref_display.o [6]
DisplayStart                 0xf9db    0x2c  Code  Gb  peref_display.o [6]
DriveClose                 0x1'922f    0x92  Code  Gb  core_VlvDrvCtrl.o [4]
DriveOpen                  0x1'92c1    0x98  Code  Gb  core_VlvDrvCtrl.o [4]
DriveStop                  0x1'921f    0x10  Code  Gb  core_VlvDrvCtrl.o [4]
DynBreakMode               0x1'361f    0x6c  Code  Lc  g_Core.o [4]
EditBin                      0xa697    0x1e  Code  Gb  core_Menu.o [4]
EditDate                     0xa545   0x152  Code  Gb  core_Menu.o [4]
EditDec                      0xa211   0x186  Code  Gb  core_Menu.o [4]
EditParam                    0xa113    0xfe  Code  Gb  core_Menu.o [4]
EditStr                      0xa397    0xe0  Code  Gb  core_Menu.o [4]
EditTime                     0xa477    0xce  Code  Gb  core_Menu.o [4]
Eeprom1                 0x2000'2d6c    0x34  Data  Gb  g_Core.o [4]
EnableEdit                   0xb043    0x34  Code  Gb  core_Menu.o [4]
EncodeData                   0xf9bf    0x1c  Code  Gb  peref_display.o [6]
Error_Handler                0xf685     0x4  Code  Gb  main.o [2]
FDCANStatus             0x2000'2da0    0x2c  Data  Gb  peref.o [6]
FDCAN_CalcultateRamBlockAddresses
                           0x1'0c61   0x208  Code  Lc  stm32h7xx_hal_fdcan.o [9]
FDCAN_CopyMessageToRAM     0x1'0e69    0x9a  Code  Lc  stm32h7xx_hal_fdcan.o [9]
FDCANerrCount           0x2000'2e64    0x10  Data  Gb  peref.o [6]
FM25V10_Init                 0xb961    0x3e  Code  Gb  stat_fm25v10.o [7]
FM25V10_ReadByte             0xbb09    0x58  Code  Gb  stat_fm25v10.o [7]
FM25V10_ReadSN               0xbbdb    0x3e  Code  Gb  stat_fm25v10.o [7]
FM25V10_ReadStatus           0xbacd    0x3c  Code  Gb  stat_fm25v10.o [7]
FM25V10_Update               0xb99f   0x12e  Code  Gb  stat_fm25v10.o [7]
FM25V10_WriteByte            0xbb61    0x4e  Code  Gb  stat_fm25v10.o [7]
FM25V10_WriteEnable          0xbbaf    0x2c  Code  Gb  stat_fm25v10.o [7]
Flag                    0x2000'2f5f     0x1  Data  Gb  core_VlvDrvCtrl.o [4]
FloatPositive           0x2000'064d     0x1  Data  Gb  add_ValueConv.o [2]
FloatSeparator          0x2000'064c     0x1  Data  Gb  add_ValueConv.o [2]
GenCrcTable                0x1'4d47    0x48  Code  Gb  drv_modbus.o [3]
GetActiveControls          0x1'8f77    0xf6  Code  Gb  core_VlvDrvCtrl.o [4]
GoToLocalFLag           0x2000'2eb8     0x4  Data  Gb  g_Core.o [4]
HAL_ADCEx_EndOfSamplingCallback
                           0x1'8455     0x2  Code  Gb  stm32h7xx_hal_adc_ex.o [9]
HAL_ADCEx_InjectedConvCpltCallback
                           0x1'8459     0x2  Code  Gb  stm32h7xx_hal_adc_ex.o [9]
HAL_ADCEx_InjectedQueueOverflowCallback
                           0x1'8463     0x2  Code  Gb  stm32h7xx_hal_adc_ex.o [9]
HAL_ADCEx_LevelOutOfWindow2Callback
                           0x1'845d     0x2  Code  Gb  stm32h7xx_hal_adc_ex.o [9]
HAL_ADCEx_LevelOutOfWindow3Callback
                           0x1'845f     0x2  Code  Gb  stm32h7xx_hal_adc_ex.o [9]
HAL_ADCEx_MultiModeConfigChannel
                           0x1'6357   0x148  Code  Gb  stm32h7xx_hal_adc_ex.o [9]
HAL_ADC_ConfigChannel      0x1'2629   0x4a6  Code  Gb  stm32h7xx_hal_adc.o [9]
HAL_ADC_ConvCpltCallback
                           0x1'8457     0x2  Code  Gb  stm32h7xx_hal_adc.o [9]
HAL_ADC_ConvHalfCpltCallback
                           0x1'8465     0x2  Code  Gb  stm32h7xx_hal_adc.o [9]
HAL_ADC_ErrorCallback      0x1'8461     0x2  Code  Gb  stm32h7xx_hal_adc.o [9]
HAL_ADC_IRQHandler         0x1'2309   0x31a  Code  Gb  stm32h7xx_hal_adc.o [9]
HAL_ADC_Init               0x1'1f43   0x27e  Code  Gb  stm32h7xx_hal_adc.o [9]
HAL_ADC_LevelOutOfWindowCallback
                           0x1'845b     0x2  Code  Gb  stm32h7xx_hal_adc.o [9]
HAL_ADC_MspInit            0x1'1303   0x268  Code  Gb  stm32h7xx_hal_msp.o [2]
HAL_ADC_Start_DMA          0x1'21cd   0x112  Code  Gb  stm32h7xx_hal_adc.o [9]
HAL_DMA_Abort                0x5b09   0x47c  Code  Gb  stm32h7xx_hal_dma.o [9]
HAL_DMA_Abort_IT             0x5fe1   0x39e  Code  Gb  stm32h7xx_hal_dma.o [9]
HAL_DMA_IRQHandler           0x63e5   0xa7a  Code  Gb  stm32h7xx_hal_dma.o [9]
HAL_DMA_Init                 0x517d   0x532  Code  Gb  stm32h7xx_hal_dma.o [9]
HAL_DMA_Start_IT             0x5719   0x3ea  Code  Gb  stm32h7xx_hal_dma.o [9]
HAL_FDCAN_AddMessageToTxBuffer
                           0x1'094f    0x8e  Code  Gb  stm32h7xx_hal_fdcan.o [9]
HAL_FDCAN_AddMessageToTxFifoQ
                           0x1'08c7    0x88  Code  Gb  stm32h7xx_hal_fdcan.o [9]
HAL_FDCAN_EnableTxBufferRequest
                           0x1'09dd    0x24  Code  Gb  stm32h7xx_hal_fdcan.o [9]
HAL_FDCAN_GetErrorCounters
                           0x1'0c39    0x22  Code  Gb  stm32h7xx_hal_fdcan.o [9]
HAL_FDCAN_GetProtocolStatus
                           0x1'0bed    0x4c  Code  Gb  stm32h7xx_hal_fdcan.o [9]
HAL_FDCAN_GetRxMessage     0x1'0a01   0x1e6  Code  Gb  stm32h7xx_hal_fdcan.o [9]
HAL_FDCAN_Init             0x1'05b5   0x2d8  Code  Gb  stm32h7xx_hal_fdcan.o [9]
HAL_FDCAN_MspInit          0x1'156b    0xa2  Code  Gb  stm32h7xx_hal_msp.o [2]
HAL_FDCAN_Start            0x1'0891    0x36  Code  Gb  stm32h7xx_hal_fdcan.o [9]
HAL_GPIO_DeInit              0xd3ef   0x17c  Code  Gb  stm32h7xx_hal_gpio.o [9]
HAL_GPIO_Init                0xd1bd   0x232  Code  Gb  stm32h7xx_hal_gpio.o [9]
HAL_GPIO_ReadPin             0xd56b    0x16  Code  Gb  stm32h7xx_hal_gpio.o [9]
HAL_GPIO_TogglePin           0xd59b    0x1a  Code  Gb  stm32h7xx_hal_gpio.o [9]
HAL_GPIO_WritePin            0xd581    0x1a  Code  Gb  stm32h7xx_hal_gpio.o [9]
HAL_GetREVID               0x1'1d5b     0xa  Code  Gb  stm32h7xx_hal.o [9]
HAL_GetTick                  0x7451     0xc  Code  Gb  stm32h7xx_hal.o [9]
HAL_HRTIM_Init             0x1'64b9   0x126  Code  Gb  stm32h7xx_hal_hrtim.o [9]
HAL_HRTIM_MspInit          0x1'160d    0x56  Code  Gb  stm32h7xx_hal_msp.o [2]
HAL_HRTIM_MspPostInit      0x1'1663    0x5e  Code  Gb  stm32h7xx_hal_msp.o [2]
HAL_HRTIM_SimplePWMStart
                           0x1'6625    0x4e  Code  Gb  stm32h7xx_hal_hrtim.o [9]
HAL_HRTIM_TimeBaseConfig
                           0x1'65df    0x3c  Code  Gb  stm32h7xx_hal_hrtim.o [9]
HAL_HRTIM_WaveformCompareConfig
                           0x1'6711   0x236  Code  Gb  stm32h7xx_hal_hrtim.o [9]
HAL_HRTIM_WaveformOutputConfig
                           0x1'6947    0x4a  Code  Gb  stm32h7xx_hal_hrtim.o [9]
HAL_HRTIM_WaveformTimerConfig
                           0x1'6679    0x98  Code  Gb  stm32h7xx_hal_hrtim.o [9]
HAL_IncTick                0x1'b001    0x18  Code  Gb  stm32h7xx_hal.o [9]
HAL_Init                   0x1'1cfd    0x5e  Code  Gb  stm32h7xx_hal.o [9]
HAL_InitTick                 0x9935    0x58  Code  Gb  stm32h7xx_hal.o [9]
HAL_MspInit                0x1'12b9    0x4a  Code  Gb  stm32h7xx_hal_msp.o [2]
HAL_NVIC_DisableIRQ          0x9adf     0xe  Code  Gb  stm32h7xx_hal_cortex.o [9]
HAL_NVIC_EnableIRQ           0x9ad1     0xe  Code  Gb  stm32h7xx_hal_cortex.o [9]
HAL_NVIC_SetPriority         0x9aad    0x24  Code  Gb  stm32h7xx_hal_cortex.o [9]
HAL_NVIC_SetPriorityGrouping
                             0x9aa1     0xc  Code  Gb  stm32h7xx_hal_cortex.o [9]
HAL_PWREx_ConfigSupply     0x1'5b91    0x5c  Code  Gb  stm32h7xx_hal_pwr_ex.o [9]
HAL_PWR_EnableBkUpAccess
                           0x1'5bf5     0xe  Code  Gb  stm32h7xx_hal_pwr.o [9]
HAL_RCCEx_GetD3PCLK1Freq
                             0x8615    0x1e  Code  Gb  stm32h7xx_hal_rcc_ex.o [9]
HAL_RCCEx_GetPLL1ClockFreq
                             0x8acd   0x23e  Code  Gb  stm32h7xx_hal_rcc_ex.o [9]
HAL_RCCEx_GetPLL2ClockFreq
                             0x8633   0x236  Code  Gb  stm32h7xx_hal_rcc_ex.o [9]
HAL_RCCEx_GetPLL3ClockFreq
                             0x887d   0x236  Code  Gb  stm32h7xx_hal_rcc_ex.o [9]
HAL_RCCEx_GetPeriphCLKFreq
                             0x7f8d   0x688  Code  Gb  stm32h7xx_hal_rcc_ex.o [9]
HAL_RCCEx_PeriphCLKConfig
                             0x745d   0xb0c  Code  Gb  stm32h7xx_hal_rcc_ex.o [9]
HAL_RCC_ClockConfig          0x8fa9   0x306  Code  Gb  stm32h7xx_hal_rcc.o [9]
HAL_RCC_GetHCLKFreq          0x94df    0x3c  Code  Gb  stm32h7xx_hal_rcc.o [9]
HAL_RCC_GetPCLK1Freq         0x951b    0x1a  Code  Gb  stm32h7xx_hal_rcc.o [9]
HAL_RCC_GetPCLK2Freq         0x9535    0x1a  Code  Gb  stm32h7xx_hal_rcc.o [9]
HAL_RCC_GetSysClockFreq
                             0x92af   0x230  Code  Gb  stm32h7xx_hal_rcc.o [9]
HAL_RCC_OscConfig          0x1'5c09   0x73c  Code  Gb  stm32h7xx_hal_rcc.o [9]
HAL_RTC_GetDate            0x1'1149    0x52  Code  Gb  stm32h7xx_hal_rtc.o [9]
HAL_RTC_GetTime            0x1'1017    0x66  Code  Gb  stm32h7xx_hal_rtc.o [9]
HAL_RTC_SetDate            0x1'107d    0xcc  Code  Gb  stm32h7xx_hal_rtc.o [9]
HAL_RTC_SetTime            0x1'0f21    0xf6  Code  Gb  stm32h7xx_hal_rtc.o [9]
HAL_RTC_WaitForSynchro     0x1'119b    0x34  Code  Gb  stm32h7xx_hal_rtc.o [9]
HAL_SPI_DeInit               0xd76f    0x3a  Code  Gb  stm32h7xx_hal_spi.o [9]
HAL_SPI_ErrorCallback      0x1'1cf5     0x2  Code  Gb  stm32h7xx_hal_spi.o [9]
HAL_SPI_IRQHandler           0xe179   0x28c  Code  Gb  stm32h7xx_hal_spi.o [9]
HAL_SPI_Init                 0xd5ed   0x182  Code  Gb  stm32h7xx_hal_spi.o [9]
HAL_SPI_MspDeInit          0x1'183d    0x6a  Code  Gb  stm32h7xx_hal_msp.o [2]
HAL_SPI_MspInit            0x1'16c1   0x17c  Code  Gb  stm32h7xx_hal_msp.o [2]
HAL_SPI_Receive              0xda65   0x2c2  Code  Gb  stm32h7xx_hal_spi.o [9]
HAL_SPI_RxCpltCallback     0x1'1cf9     0x2  Code  Gb  stm32h7xx_hal_spi.o [9]
HAL_SPI_Transmit             0xd7a9   0x2bc  Code  Gb  stm32h7xx_hal_spi.o [9]
HAL_SPI_TransmitReceive
                             0xdd27   0x444  Code  Gb  stm32h7xx_hal_spi.o [9]
HAL_SPI_TxCpltCallback     0x1'1cfb     0x2  Code  Gb  stm32h7xx_hal_spi.o [9]
HAL_SPI_TxRxCpltCallback
                           0x1'1cf7     0x2  Code  Gb  stm32h7xx_hal_spi.o [9]
HAL_SYSCFG_DisableVREFBUF
                           0x1'1d79    0x12  Code  Gb  stm32h7xx_hal.o [9]
HAL_SYSCFG_VREFBUF_HighImpedanceConfig
                           0x1'1d65    0x14  Code  Gb  stm32h7xx_hal.o [9]
HAL_SYSTICK_Config           0x9aed     0xc  Code  Gb  stm32h7xx_hal_cortex.o [9]
HAL_TIMEx_Break2Callback
                           0x1'999d     0x2  Code  Gb  stm32h7xx_hal_tim_ex.o [9]
HAL_TIMEx_BreakCallback
                           0x1'999b     0x2  Code  Gb  stm32h7xx_hal_tim_ex.o [9]
HAL_TIMEx_CommutCallback
                           0x1'99a1     0x2  Code  Gb  stm32h7xx_hal_tim_ex.o [9]
HAL_TIMEx_ConfigBreakDeadTime
                           0x1'6f99    0x94  Code  Gb  stm32h7xx_hal_tim_ex.o [9]
HAL_TIMEx_MasterConfigSynchronization
                           0x1'6efb    0x9e  Code  Gb  stm32h7xx_hal_tim_ex.o [9]
HAL_TIMEx_PWMN_Start       0x1'6d75    0xea  Code  Gb  stm32h7xx_hal_tim_ex.o [9]
HAL_TIMEx_PWMN_Stop        0x1'6e6d    0x8e  Code  Gb  stm32h7xx_hal_tim_ex.o [9]
HAL_TIM_Base_Init          0x1'4e71    0x7a  Code  Gb  stm32h7xx_hal_tim.o [9]
HAL_TIM_Base_MspInit       0x1'18a7    0x66  Code  Gb  stm32h7xx_hal_msp.o [2]
HAL_TIM_Base_Start         0x1'4eeb    0x8c  Code  Gb  stm32h7xx_hal_tim.o [9]
HAL_TIM_Base_Start_IT      0x1'4f77    0x98  Code  Gb  stm32h7xx_hal_tim.o [9]
HAL_TIM_ConfigClockSource
                           0x1'5603   0x112  Code  Gb  stm32h7xx_hal_tim.o [9]
HAL_TIM_IC_CaptureCallback
                           0x1'9993     0x2  Code  Gb  stm32h7xx_hal_tim.o [9]
HAL_TIM_IRQHandler         0x1'5315   0x194  Code  Gb  stm32h7xx_hal_tim.o [9]
HAL_TIM_MspPostInit        0x1'190d    0x5e  Code  Gb  stm32h7xx_hal_msp.o [2]
HAL_TIM_OC_DelayElapsedCallback
                           0x1'9995     0x2  Code  Gb  stm32h7xx_hal_tim.o [9]
HAL_TIM_PWM_ConfigChannel
                           0x1'54a9   0x15a  Code  Gb  stm32h7xx_hal_tim.o [9]
HAL_TIM_PWM_Init           0x1'502d    0x7a  Code  Gb  stm32h7xx_hal_tim.o [9]
HAL_TIM_PWM_MspInit        0x1'9991     0x2  Code  Gb  stm32h7xx_hal_tim.o [9]
HAL_TIM_PWM_PulseFinishedCallback
                           0x1'9997     0x2  Code  Gb  stm32h7xx_hal_tim.o [9]
HAL_TIM_PWM_Start          0x1'50a7   0x15e  Code  Gb  stm32h7xx_hal_tim.o [9]
HAL_TIM_PWM_Stop           0x1'5205    0xe8  Code  Gb  stm32h7xx_hal_tim.o [9]
HAL_TIM_PeriodElapsedCallback
                           0x1'9999     0x2  Code  Gb  stm32h7xx_hal_tim.o [9]
HAL_TIM_TriggerCallback
                           0x1'999f     0x2  Code  Gb  stm32h7xx_hal_tim.o [9]
HAL_UARTEx_DisableFifoMode
                           0x1'7fd5    0x46  Code  Gb  stm32h7xx_hal_uart_ex.o [9]
HAL_UARTEx_RxEventCallback
                           0x1'99a5     0x2  Code  Gb  stm32h7xx_hal_uart.o [9]
HAL_UARTEx_RxFifoFullCallback
                           0x1'99ab     0x2  Code  Gb  stm32h7xx_hal_uart_ex.o [9]
HAL_UARTEx_SetRxFifoThreshold
                           0x1'8071    0x56  Code  Gb  stm32h7xx_hal_uart_ex.o [9]
HAL_UARTEx_SetTxFifoThreshold
                           0x1'801b    0x56  Code  Gb  stm32h7xx_hal_uart_ex.o [9]
HAL_UARTEx_TxFifoEmptyCallback
                           0x1'99a9     0x2  Code  Gb  stm32h7xx_hal_uart_ex.o [9]
HAL_UARTEx_WakeupCallback
                           0x1'99a7     0x2  Code  Gb  stm32h7xx_hal_uart_ex.o [9]
HAL_UART_DeInit            0x1'70e7    0x56  Code  Gb  stm32h7xx_hal_uart.o [9]
HAL_UART_ErrorCallback     0x1'99a3     0x2  Code  Gb  stm32h7xx_hal_uart.o [9]
HAL_UART_IRQHandler        0x1'71f5   0x3c0  Code  Gb  stm32h7xx_hal_uart.o [9]
HAL_UART_Init              0x1'7069    0x7e  Code  Gb  stm32h7xx_hal_uart.o [9]
HAL_UART_MspDeInit         0x1'1bdd    0xa6  Code  Gb  stm32h7xx_hal_msp.o [2]
HAL_UART_MspInit           0x1'196b   0x272  Code  Gb  stm32h7xx_hal_msp.o [2]
HAL_UART_Transmit_IT       0x1'713d    0xb8  Code  Gb  stm32h7xx_hal_uart.o [9]
HAL_UART_TxCpltCallback
                           0x1'9bdd     0x2  Code  Gb  stm32h7xx_hal_uart.o [9]
HRTIM_ForceRegistersUpdate
                           0x1'6cf1    0x82  Code  Lc  stm32h7xx_hal_hrtim.o [9]
HRTIM_MasterBase_Config
                           0x1'6991    0x2a  Code  Lc  stm32h7xx_hal_hrtim.o [9]
HRTIM_MasterWaveform_Config
                           0x1'6a0d    0x5c  Code  Lc  stm32h7xx_hal_hrtim.o [9]
HRTIM_OutputConfig         0x1'6c01    0xf0  Code  Lc  stm32h7xx_hal_hrtim.o [9]
HRTIM_TimingUnitBase_Config
                           0x1'69bb    0x52  Code  Lc  stm32h7xx_hal_hrtim.o [9]
HRTIM_TimingUnitWaveform_Config
                           0x1'6a69   0x198  Code  Lc  stm32h7xx_hal_hrtim.o [9]
HardFault_Handler          0x1'af0f     0x2  Code  Gb  stm32h7xx_it.o [2]
IDC                     0x2000'2eb4     0x4  Data  Gb  g_Core.o [4]
Icons                   0x2000'0544    0x24  Data  Gb  peref.o [6]
InterruptUpdate            0x1'aa81   0x1fc  Code  Gb  g_InterruptUpdate.o [5]
InvCtrlTimer            0x2000'2eac     0x4  Data  Gb  g_Core.o [4]
LL_ADC_DisableDeepPowerDown
                           0x1'1ed7     0xc  Code  Lc  stm32h7xx_hal_adc.o [9]
LL_ADC_Enable              0x1'1f07    0x10  Code  Lc  stm32h7xx_hal_adc.o [9]
LL_ADC_EnableInternalRegulator
                           0x1'1eed    0x10  Code  Lc  stm32h7xx_hal_adc.o [9]
LL_ADC_GetCommonPathInternalCh
                           0x1'1dbd     0x8  Code  Lc  stm32h7xx_hal_adc.o [9]
LL_ADC_GetMultiDMATransfer
                           0x1'1ecf     0x8  Code  Lc  stm32h7xx_hal_adc.o [9]
LL_ADC_GetMultimode        0x1'1ec7     0x8  Code  Lc  stm32h7xx_hal_adc.o [9]
LL_ADC_INJ_IsConversionOngoing
                           0x1'1f39     0xa  Code  Lc  stm32h7xx_hal_adc.o [9]
LL_ADC_INJ_IsTriggerSourceSWStart
                           0x1'1e5d    0x10  Code  Lc  stm32h7xx_hal_adc.o [9]
LL_ADC_IsDeepPowerDownEnabled
                           0x1'1ee3     0xa  Code  Lc  stm32h7xx_hal_adc.o [9]
LL_ADC_IsEnabled           0x1'1f17     0x8  Code  Lc  stm32h7xx_hal_adc.o [9]
LL_ADC_IsEnabled           0x1'6345     0x8  Code  Lc  stm32h7xx_hal_adc_ex.o [9]
LL_ADC_IsInternalRegulatorEnabled
                           0x1'1efd     0xa  Code  Lc  stm32h7xx_hal_adc.o [9]
LL_ADC_REG_IsConversionOngoing
                           0x1'1f2f     0xa  Code  Lc  stm32h7xx_hal_adc.o [9]
LL_ADC_REG_IsConversionOngoing
                           0x1'634d     0xa  Code  Lc  stm32h7xx_hal_adc_ex.o [9]
LL_ADC_REG_IsTriggerSourceSWStart
                           0x1'1e13    0x10  Code  Lc  stm32h7xx_hal_adc.o [9]
LL_ADC_REG_SetDataTransferMode
                           0x1'1e51     0xc  Code  Lc  stm32h7xx_hal_adc.o [9]
LL_ADC_REG_SetSequencerRanks
                           0x1'1e23    0x2e  Code  Lc  stm32h7xx_hal_adc.o [9]
LL_ADC_REG_StartConversion
                           0x1'1f1f    0x10  Code  Lc  stm32h7xx_hal_adc.o [9]
LL_ADC_SetChannelSamplingTime
                           0x1'1e6d    0x34  Code  Lc  stm32h7xx_hal_adc.o [9]
LL_ADC_SetChannelSingleDiff
                           0x1'1ea1    0x26  Code  Lc  stm32h7xx_hal_adc.o [9]
LL_ADC_SetCommonClock      0x1'1da5     0xc  Code  Lc  stm32h7xx_hal_adc.o [9]
LL_ADC_SetCommonPathInternalCh
                           0x1'1db1     0xc  Code  Lc  stm32h7xx_hal_adc.o [9]
LL_ADC_SetDataRightShift
                           0x1'1de3    0x18  Code  Lc  stm32h7xx_hal_adc.o [9]
LL_ADC_SetOffset           0x1'1dc5    0x1e  Code  Lc  stm32h7xx_hal_adc.o [9]
LL_ADC_SetOffsetSignedSaturation
                           0x1'1dfb    0x18  Code  Lc  stm32h7xx_hal_adc.o [9]
LogInputCalc                 0xc9b9   0x12c  Code  Gb  peref.o [6]
MCP23S17_init                0xcd79    0x14  Code  Gb  peref.o [6]
MCP23S17_read                0xccf9    0x50  Code  Gb  peref.o [6]
MCP23S17_update              0xcd8d    0x22  Code  Gb  peref.o [6]
MCP23S17_write               0xccb1    0x3c  Code  Gb  peref.o [6]
MX_ADC1_Init                 0xe825   0x18a  Code  Lc  main.o [2]
MX_ADC3_Init                 0xe9af   0x12a  Code  Lc  main.o [2]
MX_DMA_Init                  0xf335    0x3c  Code  Lc  main.o [2]
MX_FDCAN2_Init               0xead9    0xf6  Code  Lc  main.o [2]
MX_GPIO_Init                 0xf3a1   0x250  Code  Lc  main.o [2]
MX_HRTIM_Init                0xebcf   0x14c  Code  Lc  main.o [2]
MX_SPI1_Init                 0xed1b    0xce  Code  Lc  main.o [2]
MX_SPI6_Init                 0xede9    0xd0  Code  Lc  main.o [2]
MX_TIM1_Init                 0xeeb9   0x16e  Code  Lc  main.o [2]
MX_TIM2_Init                 0xf027    0x84  Code  Lc  main.o [2]
MX_UART4_Init                0xf0ab    0xa4  Code  Lc  main.o [2]
MX_UART5_Init                0xf14f    0x86  Code  Lc  main.o [2]
MX_UART8_Init                0xf1d5    0xa4  Code  Lc  main.o [2]
MX_USART3_UART_Init          0xf289    0x9e  Code  Lc  main.o [2]
MbConnect               0x2000'2f60     0x1  Data  Gb  drv_modbus.o [3]
MbTmpData               0x2000'17d0    0x64  Data  Gb  drv_modbus.o [3]
MbTxCtrl                   0x1'4e19    0x12  Code  Gb  drv_modbus.o [3]
MemManage_Handler          0x1'af11     0x2  Code  Gb  stm32h7xx_it.o [2]
ModBusRecieve              0x1'4965   0x1dc  Code  Gb  drv_modbus.o [3]
ModBusReset                0x1'4789   0x196  Code  Lc  drv_modbus.o [3]
ModBusSetup                0x1'4723    0x66  Code  Gb  drv_modbus.o [3]
ModFault                0x2000'0028     0x4  Data  Gb  g_Core.o [4]
ModuleTemper            0x2000'2eb0     0x4  Data  Gb  g_Core.o [4]
MoveMode                   0x1'3565    0xba  Code  Lc  g_Core.o [4]
MpuControl                 0x1'90b1    0x70  Code  Gb  core_VlvDrvCtrl.o [4]
NMI_Handler                0x1'af0d     0x2  Code  Gb  stm32h7xx_it.o [2]
NVIC_EncodePriority          0x9a2f    0x42  Code  Lc  stm32h7xx_hal_cortex.o [9]
OutVolt                 0x2000'2ea8     0x4  Data  Gb  g_Core.o [4]
OutputQ15               0x2000'2edc     0x4  Data  Gb  g_Core.o [4]
PFUNC_blkRead                0xb5cd    0x1e  Code  Gb  add_ValueConv.o [2]
PFUNC_wordRead               0xb5eb     0x4  Code  Gb  add_ValueConv.o [2]
PWMPreScale             0x2000'001c     0x4  Data  Gb  g_Core.o [4]
PWM_keys_disable           0x1'3beb    0x40  Code  Gb  g_Core.o [4]
PWM_keys_enable            0x1'3c2b    0x40  Code  Gb  g_Core.o [4]
PauseModbus             0x2000'2f08     0x4  Data  Gb  main.o [2]
PendSV_Handler             0x1'af1b     0x2  Code  Gb  stm32h7xx_it.o [2]
Peref_CalibInit            0x1'0109    0x88  Code  Gb  peref_Calibs.o [6]
Peref_CalibUpdate          0x1'02bd   0x1b2  Code  Gb  peref_Calibs.o [6]
Peref_Calibration          0x1'01bd   0x100  Code  Gb  peref_Calibs.o [6]
Peref_SensObserverInit       0xfa99    0x48  Code  Gb  peref_SensObserver.o [6]
Peref_SensObserverUpdate
                             0xfae1   0x218  Code  Gb  peref_SensObserver.o [6]
Peref_SinObserverInitFloat
                             0xfd45    0x10  Code  Gb  peref_SinObserver.o [6]
Peref_SinObserverUpdateFloat
                             0xfd55    0x8a  Code  Gb  peref_SinObserver.o [6]
Peref_SpeedCalc            0x1'04fb    0x78  Code  Gb  peref_Calibs.o [6]
Peref_SpeedCalc::RevPrev
                        0x2000'0570     0x4  Data  Lc  peref_Calibs.o [6]
Peref_SpeedCalc::Timer  0x2000'2f4c     0x4  Data  Lc  peref_Calibs.o [6]
PeriphCommonClock_Config
                             0xe7d7    0x4e  Code  Gb  main.o [2]
PutChar                      0xf6e5    0x1e  Code  Gb  peref_display.o [6]
PutComm                      0xf6c7    0x1e  Code  Gb  peref_display.o [6]
PutData                      0xf975    0x4a  Code  Lc  peref_display.o [6]
PwmDeltat               0x2000'2ea0     0x4  Data  Gb  g_Core.o [4]
PwmFreq                 0x2000'2e9c     0x4  Data  Gb  g_Core.o [4]
RCCEx_PLL2_Config            0x8d0b   0x130  Code  Lc  stm32h7xx_hal_rcc_ex.o [9]
RCCEx_PLL3_Config            0x8e41   0x130  Code  Lc  stm32h7xx_hal_rcc_ex.o [9]
RTC_Bcd2ToByte             0x1'12a5    0x14  Code  Gb  stm32h7xx_hal_rtc.o [9]
RTC_ByteToBcd2             0x1'1289    0x1c  Code  Gb  stm32h7xx_hal_rtc.o [9]
RTC_DefMaxDay                0xb63b    0x3e  Code  Gb  peref_Clock.o [6]
RTC_EnterInitMode          0x1'11cf    0x44  Code  Gb  stm32h7xx_hal_rtc.o [9]
RTC_ExitInitMode           0x1'1213    0x62  Code  Gb  stm32h7xx_hal_rtc.o [9]
ReStartReadLine            0x1'491f    0x46  Code  Gb  drv_modbus.o [3]
ReWriteParams                0xb905     0x2  Code  Gb  g_Ram.o [5]
ReadDcrFull                  0xaf0f    0x3e  Code  Lc  core_Menu.o [4]
ReadRegs                   0x1'4b41    0x4a  Code  Lc  drv_modbus.o [3]
ReadWriteAllParams           0xb265    0x9a  Code  Gb  core_Menu.o [4]
ReadWriteEeprom              0xb73b    0x2e  Code  Gb  stat.o [7]
RefreshParams                0xb907    0x3e  Code  Gb  g_Ram.o [5]
Region$$Table$$Base        0x1'b1dc           --   Gb  - Linker created -
Region$$Table$$Limit       0x1'b1fc           --   Gb  - Linker created -
RtcControl                   0xcae5   0x156  Code  Gb  peref.o [6]
RtcControl::PrevDate    0x2000'2f40     0x4  Data  Lc  peref.o [6]
RtcControl::PrevTime    0x2000'2f3c     0x4  Data  Lc  peref.o [6]
RtcStart                0x2000'2f62     0x1  Data  Gb  peref.o [6]
RtcUpdateFlag           0x2000'2f0c     0x4  Data  Gb  peref.o [6]
RxHeader                0x2000'2dcc    0x28  Data  Gb  CMS58M.o [6]
SPI1_IRQHandler            0x1'af71     0xa  Code  Gb  stm32h7xx_it.o [2]
SPI6_IRQHandler            0x1'afb9     0xa  Code  Gb  stm32h7xx_it.o [2]
SPIReinit                    0xbc25   0x12a  Code  Gb  peref.o [6]
SPI_CloseTransfer            0xe425    0xce  Code  Lc  stm32h7xx_hal_spi.o [9]
SPI_DMAAbortOnError          0xe405    0x20  Code  Lc  stm32h7xx_hal_spi.o [9]
SPI_GetPacketSize            0xe541    0x16  Code  Lc  stm32h7xx_hal_spi.o [9]
SPI_WaitOnFlagUntilTimeout
                             0xe4fd    0x44  Code  Lc  stm32h7xx_hal_spi.o [9]
SVC_Handler                0x1'af17     0x2  Code  Gb  stm32h7xx_it.o [2]
SelectGroup                  0x9fd5    0xe0  Code  Gb  core_Menu.o [4]
SelectParam                  0xa0b5    0x5e  Code  Gb  core_Menu.o [4]
SendData                     0xf8fb    0x78  Code  Lc  peref_display.o [6]
SerialCommInit             0x1'45a9    0x16  Code  Gb  drv_modbus.o [3]
SerialCommRefresh          0x1'4717     0xc  Code  Gb  drv_modbus.o [3]
SerialCommRxHandler        0x1'45e7    0x56  Code  Gb  drv_modbus.o [3]
SerialCommTimings          0x1'4677    0xa0  Code  Gb  drv_modbus.o [3]
SerialCommTxHandler        0x1'463d    0x3a  Code  Gb  drv_modbus.o [3]
SerialCommUpdate           0x1'45bf    0x28  Code  Gb  drv_modbus.o [3]
SetDefaultValues             0xb14f   0x114  Code  Gb  core_Menu.o [4]
SetDefaultValues::DefAddr
                        0x2000'2e8c     0x4  Data  Lc  core_Menu.o [4]
SetModBusParams              0xb2ff    0x52  Code  Gb  core_Menu.o [4]
ShowGroup                    0xa88b   0x138  Code  Lc  core_Menu.o [4]
ShowParam                    0xadf5    0x38  Code  Lc  core_Menu.o [4]
ShowStart                    0xa849    0x42  Code  Gb  core_Menu.o [4]
ShowValue                    0xaa3d   0x3b8  Code  Lc  core_Menu.o [4]
SleepMode                    0x9f3d    0x5a  Code  Gb  core_Menu.o [4]
SpeedEnable             0x2000'2ec4     0x4  Data  Gb  g_Core.o [4]
SpeedMax                0x2000'2ec0     0x4  Data  Gb  g_Core.o [4]
SpeedRef                0x2000'2ea4     0x4  Data  Gb  g_Core.o [4]
StartDispl                   0xae2d    0x44  Code  Gb  core_Menu.o [4]
StartMode                  0x1'3559     0xc  Code  Lc  g_Core.o [4]
StartPowerControl          0x1'3401   0x10e  Code  Gb  g_Core.o [4]
StartState                   0x9f97    0x3e  Code  Gb  core_Menu.o [4]
StartTimer              0x2000'0024     0x4  Data  Gb  g_Core.o [4]
Stat_Init                    0xb737     0x4  Code  Gb  stat.o [7]
StopMode                   0x1'3541    0x18  Code  Lc  g_Core.o [4]
StopPowerControl           0x1'333b    0xc6  Code  Gb  g_Core.o [4]
StrToDec                     0xb581    0x3a  Code  Gb  add_ValueConv.o [2]
Symbols                 0x2000'0574    0x70  Data  Lc  peref_display.o [6]
SysTick_Config               0x9a71    0x30  Code  Lc  stm32h7xx_hal_cortex.o [9]
SysTick_Handler            0x1'af1d     0x8  Code  Gb  stm32h7xx_it.o [2]
SystemClock_Config           0xe6c7   0x110  Code  Gb  main.o [2]
SystemCoreClock         0x2000'0644     0x4  Data  Gb  system_stm32h7xx.o [8]
SystemD2Clock           0x2000'0648     0x4  Data  Gb  system_stm32h7xx.o [8]
SystemInit                 0x1'ade1    0xd0  Code  Gb  system_stm32h7xx.o [8]
TIM2_IRQHandler            0x1'af43    0x2e  Code  Gb  stm32h7xx_it.o [2]
TIM_Base_SetConfig         0x1'5717    0xca  Code  Gb  stm32h7xx_hal_tim.o [9]
TIM_CCxChannelCmd          0x1'5b6b    0x24  Code  Gb  stm32h7xx_hal_tim.o [9]
TIM_CCxNChannelCmd         0x1'7045    0x24  Code  Lc  stm32h7xx_hal_tim_ex.o [9]
TIM_ETR_SetConfig          0x1'5b55    0x16  Code  Gb  stm32h7xx_hal_tim.o [9]
TIM_ITRx_SetConfig         0x1'5b0b    0x10  Code  Lc  stm32h7xx_hal_tim.o [9]
TIM_OC1_SetConfig          0x1'57e1    0xa0  Code  Lc  stm32h7xx_hal_tim.o [9]
TIM_OC2_SetConfig          0x1'5881    0x92  Code  Gb  stm32h7xx_hal_tim.o [9]
TIM_OC3_SetConfig          0x1'5915    0x8e  Code  Lc  stm32h7xx_hal_tim.o [9]
TIM_OC4_SetConfig          0x1'59a3    0x68  Code  Lc  stm32h7xx_hal_tim.o [9]
TIM_OC5_SetConfig          0x1'5a0b    0x58  Code  Lc  stm32h7xx_hal_tim.o [9]
TIM_OC6_SetConfig          0x1'5a63    0x5a  Code  Lc  stm32h7xx_hal_tim.o [9]
TIM_TI1_ConfigInputStage
                           0x1'5ac1    0x24  Code  Lc  stm32h7xx_hal_tim.o [9]
TIM_TI2_ConfigInputStage
                           0x1'5ae5    0x26  Code  Lc  stm32h7xx_hal_tim.o [9]
Task10Hz                0x2000'0254    0x84  Data  Gb  g_InterruptUpdate.o [5]
Task18kHz               0x2000'002c    0x30  Data  Gb  g_InterruptUpdate.o [5]
Task200Hz               0x2000'0074    0x30  Data  Gb  g_InterruptUpdate.o [5]
Task2kHz                0x2000'005c    0x18  Data  Gb  g_InterruptUpdate.o [5]
Task50Hz                0x2000'00a4   0x1b0  Data  Gb  g_InterruptUpdate.o [5]
TeleControl                0x1'9121    0xa6  Code  Gb  core_VlvDrvCtrl.o [4]
TempMbFlag              0x2000'2e94     0x4  Data  Gb  drv_modbus.o [3]
TempObserverInit             0xd005    0x2a  Code  Gb  peref.o [6]
TempObserverUpdate           0xd041   0x102  Code  Gb  peref.o [6]
TempObserverUpdate::i   0x2000'2f48     0x4  Data  Lc  peref.o [6]
TimeSeparator           0x2000'064e     0x1  Data  Gb  add_ValueConv.o [2]
TimeSpeedStop           0x2000'2ecc     0x4  Data  Gb  g_Core.o [4]
TimeToStr                    0xb51b    0x28  Code  Gb  add_ValueConv.o [2]
TimerIdxToTimerId       0x2000'062c    0x18  Data  Lc  stm32h7xx_hal_hrtim.o [9]
TimerInterp             0x2000'2ec8     0x4  Data  Gb  g_Core.o [4]
TimerPending               0x1'4dfb    0x1c  Code  Gb  drv_modbus.o [3]
TxHeader                0x2000'2e1c    0x24  Data  Gb  CMS58M.o [6]
UART4_IRQHandler           0x1'af7b     0xa  Code  Gb  stm32h7xx_it.o [2]
UART5_IRQHandler           0x1'af85    0x2a  Code  Gb  stm32h7xx_it.o [2]
UART8_IRQHandler           0x1'afaf     0xa  Code  Gb  stm32h7xx_it.o [2]
UARTEx_SetNbDataToProcess
                           0x1'80c7    0x72  Code  Lc  stm32h7xx_hal_uart_ex.o [9]
UARTEx_SetNbDataToProcess::denominator
                           0x1'b2c8     0x8  Data  Lc  stm32h7xx_hal_uart_ex.o [9]
UARTEx_SetNbDataToProcess::numerator
                           0x1'b2c0     0x8  Data  Lc  stm32h7xx_hal_uart_ex.o [9]
UARTPrescTable             0x1'b260    0x18  Data  Gb  stm32h7xx_hal_uart.o [9]
UART_AdvFeatureConfig      0x1'7bb5    0xda  Code  Gb  stm32h7xx_hal_uart.o [9]
UART_CheckIdleState        0x1'7c8f    0x72  Code  Gb  stm32h7xx_hal_uart.o [9]
UART_DMAAbortOnError       0x1'7e35    0x1a  Code  Lc  stm32h7xx_hal_uart.o [9]
UART_EndRxTransfer         0x1'7dbb    0x3c  Code  Lc  stm32h7xx_hal_uart.o [9]
UART_EndTransmit_IT        0x1'7fa7    0x22  Code  Lc  stm32h7xx_hal_uart.o [9]
UART_SetConfig             0x1'75d1   0x59e  Code  Gb  stm32h7xx_hal_uart.o [9]
UART_TxISR_16BIT           0x1'7e93    0x4a  Code  Lc  stm32h7xx_hal_uart.o [9]
UART_TxISR_16BIT_FIFOEN
                           0x1'7f3d    0x6a  Code  Lc  stm32h7xx_hal_uart.o [9]
UART_TxISR_8BIT            0x1'7e4f    0x44  Code  Lc  stm32h7xx_hal_uart.o [9]
UART_TxISR_8BIT_FIFOEN     0x1'7edd    0x60  Code  Lc  stm32h7xx_hal_uart.o [9]
UART_WaitOnFlagUntilTimeout
                           0x1'7d01    0xba  Code  Gb  stm32h7xx_hal_uart.o [9]
UnitControl                0x1'91c7    0x58  Code  Gb  core_VlvDrvCtrl.o [4]
UpdateCode                   0xae71    0x9e  Code  Gb  core_Menu.o [4]
UpdateComm                 0x1'9359    0x30  Code  Gb  core_VlvDrvCtrl.o [4]
UsageFault_Handler         0x1'af15     0x2  Code  Gb  stm32h7xx_it.o [2]
WINSTAR_RusTable        0x2000'05e4    0x44  Data  Lc  peref_display.o [6]
WriteRegs                  0x1'4b8b   0x1bc  Code  Lc  drv_modbus.o [3]
WriteValue                   0xafbb    0x88  Code  Gb  core_Menu.o [4]
__NVIC_DisableIRQ            0x99dd    0x26  Code  Lc  stm32h7xx_hal_cortex.o [9]
__NVIC_EnableIRQ             0x99bd    0x20  Code  Lc  stm32h7xx_hal_cortex.o [9]
__NVIC_GetPriorityGrouping
                             0x99af     0xc  Code  Lc  stm32h7xx_hal_cortex.o [9]
__NVIC_SetPriority           0x9a03    0x2c  Code  Lc  stm32h7xx_hal_cortex.o [9]
__NVIC_SetPriorityGrouping
                             0x998d    0x22  Code  Lc  stm32h7xx_hal_cortex.o [9]
__aeabi_cdcmple            0x1'995d          Code  Gb  DblCmpLe.o [11]
__aeabi_cfcmpeq            0x1'9389          Code  Gb  FltCmpEq.o [11]
__aeabi_cfcmple            0x1'93ed          Code  Gb  FltCmpLe.o [11]
__aeabi_cfrcmple           0x1'83b9          Code  Gb  FltCmpGe.o [11]
__aeabi_d2f                0x1'8351          Code  Gb  DblToFlt.o [11]
__aeabi_d2uiz              0x1'9911          Code  Gb  DblToU32.o [11]
__aeabi_dadd               0x1'9415          Code  Gb  DblAddSub.o [11]
__aeabi_ddiv               0x1'8ba1          Code  Gb  DblDiv.o [11]
__aeabi_dmul               0x1'8189          Code  Gb  DblMul.o [11]
__aeabi_dsub               0x1'9591          Code  Gb  DblAddSub.o [11]
__aeabi_f2d                0x1'8141          Code  Gb  FltToDbl.o [11]
__aeabi_f2iz               0x1'9935          Code  Gb  FltToS32.o [11]
__aeabi_f2uiz                0x991d          Code  Gb  FltToU32.o [11]
__aeabi_fadd                 0x96d5          Code  Gb  FltAddSub.o [11]
__aeabi_fdiv                 0x95bd          Code  Gb  FltDiv.o [11]
__aeabi_fmul                 0x9845          Code  Gb  FltMul.o [11]
__aeabi_fsub                 0x97b5          Code  Gb  FltAddSub.o [11]
__aeabi_i2d                0x1'93c9          Code  Gb  S32ToDbl.o [11]
__aeabi_i2f                0x1'93a5          Code  Gb  S32ToFlt.o [11]
__aeabi_ldiv0              0x1'9c1d          Code  Gb  I64DivZer.o [12]
__aeabi_memcpy               0xb691          Code  Gb  ABImemcpy.o [12]
__aeabi_memcpy4              0xb6b1          Code  Gb  ABImemcpy.o [12]
__aeabi_memcpy8              0xb6b1          Code  Gb  ABImemcpy.o [12]
__aeabi_memset               0xb395          Code  Gb  ABImemset.o [12]
__aeabi_ui2d               0x1'8335          Code  Gb  U32ToDbl.o [11]
__aeabi_ui2f                 0x95a1          Code  Gb  U32ToFlt.o [11]
__aeabi_uldivmod           0x1'99ad          Code  Gb  I64DivMod.o [12]
__cmain                    0x1'b1fd          Code  Gb  cmain.o [12]
__exit                     0x1'b231    0x14  Code  Gb  exit.o [13]
__iar_Memset                 0xb395          Code  Gb  ABImemset.o [12]
__iar_Memset_word            0xb39d          Code  Gb  ABImemset.o [12]
__iar_Sin32                0x1'9675   0x204  Code  Lc  cos_sin32.o [11]
__iar_Strchr                 0xb679          Code  Gb  strchr.o [12]
__iar_cos32                0x1'98a9     0x4  Code  Gb  cos_sin32.o [11]
__iar_cos_medium32         0x1'98a9     0x4  Code  Gb  cos_sin32.o [11]
__iar_cos_mediumf          0x1'98a9     0x4  Code  Gb  cos_sin32.o [11]
__iar_data_init3           0x1'b1b5    0x28  Code  Gb  data_init.o [12]
__iar_fmax64               0x1'98e1          Code  Gb  fmax.o [11]
__iar_fmin64               0x1'98b1          Code  Gb  fmin.o [11]
__iar_lz77_init_single3
                           0x1'b0b9    0x78  Code  Gb  lz77_init_single.o [12]
__iar_program_start        0x1'b245          Code  Gb  cstartup_M.o [12]
__iar_sin32                0x1'98ad     0x4  Code  Gb  cos_sin32.o [11]
__iar_sin_medium32         0x1'98ad     0x4  Code  Gb  cos_sin32.o [11]
__iar_sin_mediumf          0x1'98ad     0x4  Code  Gb  cos_sin32.o [11]
__iar_sqrt32               0x1'83e1          Code  Gb  sqrtf.o [11]
__iar_zero_init3           0x1'b17d    0x38  Code  Gb  zero_init3.o [12]
__low_level_init           0x1'b21b     0x4  Code  Gb  low_level_init.o [10]
__vector_table                  0x0          Data  Gb  startup_stm32h743xx.o [1]
_call_main                 0x1'b209          Code  Gb  cmain.o [12]
_exit                      0x1'b225          Code  Gb  cexit.o [12]
a                       0x2000'2e88     0x4  Data  Gb  core_Menu.o [4]
abs                        0x1'0f19     0x8  Code  Gb  abs.o [10]
addr1                   0x2000'2ed0     0x4  Data  Gb  g_Core.o [4]
addrtmp                 0x2000'2e90     0x4  Data  Gb  core_Menu.o [4]
addrtmp2                0x2000'2e74     0x4  Data  Gb  core_Menu.o [4]
btnClose                0x2000'2f14     0x4  Data  Gb  peref.o [6]
btnOpen                 0x2000'2f10     0x4  Data  Gb  peref.o [6]
btnProg1                0x2000'2f20     0x4  Data  Gb  peref.o [6]
btnProg2                0x2000'2f24     0x4  Data  Gb  peref.o [6]
btnStop1                0x2000'2f18     0x4  Data  Gb  peref.o [6]
btnStop2                0x2000'2f1c     0x4  Data  Gb  peref.o [6]
cntfordata              0x2000'2e98     0x4  Data  Gb  drv_modbus.o [3]
core10HZupdate             0x1'3db9    0xca  Code  Gb  g_Core.o [4]
core18kHZupdate            0x1'3173   0x1c8  Code  Gb  g_Core.o [4]
core200HZupdate            0x1'3c6b     0x2  Code  Gb  g_Core.o [4]
core50HZupdate             0x1'3c6d    0x42  Code  Gb  g_Core.o [4]
coreTLocalControl          0x1'4105   0x1fc  Code  Gb  g_Core.o [4]
coreTLocalControl::prevHalls
                        0x2000'2ed8     0x4  Data  Lc  g_Core.o [4]
coreTLocalControl::readyForNewCmd
                        0x2000'0650     0x1  Data  Lc  g_Core.o [4]
coreTS                     0x1'3fd9   0x120  Code  Gb  g_Core.o [4]
coreTU                     0x1'3ead   0x11a  Code  Gb  g_Core.o [4]
coreTU::clrReset        0x2000'2f61     0x1  Data  Lc  g_Core.o [4]
corr                    0x2000'0020     0x4  Data  Gb  g_Core.o [4]
cosf                       0x1'98a9     0x4  Code  Gb  cos_sin32.o [11]
count1                  0x2000'2ed4     0x4  Data  Gb  g_Core.o [4]
count18kHz              0x2000'2ee8     0x4  Data  Gb  g_InterruptUpdate.o [5]
count200Hz              0x2000'2ef0     0x4  Data  Gb  g_InterruptUpdate.o [5]
count2kHz               0x2000'2eec     0x4  Data  Gb  g_InterruptUpdate.o [5]
count50Hz               0x2000'2ef4     0x4  Data  Gb  g_InterruptUpdate.o [5]
data1                   0x2000'2ee0     0x4  Data  Gb  g_Core.o [4]
data2                   0x2000'2ee4     0x4  Data  Gb  g_Core.o [4]
dotsADC                 0x2000'02f4   0x108  Data  Gb  peref.o [6]
dotsDAC                 0x2000'03fc   0x108  Data  Gb  peref.o [6]
dotsTemper              0x2000'0504    0x40  Data  Gb  peref.o [6]
exit                       0x1'b21f     0x4  Code  Gb  exit.o [10]
fmax                       0x1'98e1          Code  Gb  fmax.o [11]
fmaxl                      0x1'98e1          Code  Gb  fmax.o [11]
fmin                       0x1'98b1          Code  Gb  fmin.o [11]
fminl                      0x1'98b1          Code  Gb  fmin.o [11]
g_Comm                  0x2000'2470   0x120  Data  Gb  comm.o [3]
g_Core                  0x2000'1838   0x820  Data  Gb  g_Core.o [4]
g_Peref                 0x2000'0f28   0x8a8  Data  Gb  peref.o [6]
g_Ram                   0x2000'0654   0x8d4  Data  Gb  g_Ram.o [5]
g_Ram_Init                   0xb769    0x30  Code  Gb  g_Ram.o [5]
g_Ram_Update                 0xb799   0x16c  Code  Gb  g_Ram.o [5]
g_Stat                  0x2000'266c    0xc0  Data  Gb  stat.o [7]
groups                     0x1'b018    0xa0  Data  Gb  core_Menu.o [4]
hadc1                   0x2000'2c0c    0x64  Data  Gb  main.o [2]
hadc3                   0x2000'2c70    0x64  Data  Gb  main.o [2]
hdma_adc1               0x2000'2b1c    0x78  Data  Gb  main.o [2]
hdma_adc3               0x2000'2b94    0x78  Data  Gb  main.o [2]
hfdcan2                 0x2000'272c    0xa0  Data  Gb  main.o [2]
hhrtim                  0x2000'2590    0xdc  Data  Gb  main.o [2]
hrtc                    0x2000'2e40    0x24  Data  Gb  main.o [2]
hspi1                   0x2000'2a0c    0x88  Data  Gb  main.o [2]
hspi6                   0x2000'2a94    0x88  Data  Gb  main.o [2]
htim1                   0x2000'2cd4    0x4c  Data  Gb  main.o [2]
htim2                   0x2000'2d20    0x4c  Data  Gb  main.o [2]
huart3                  0x2000'297c    0x90  Data  Gb  main.o [2]
huart4                  0x2000'27cc    0x90  Data  Gb  main.o [2]
huart5                  0x2000'285c    0x90  Data  Gb  main.o [2]
huart8                  0x2000'28ec    0x90  Data  Gb  main.o [2]
ileg_fq_calc                 0xfddf    0x94  Code  Gb  peref_SinObserver.o [6]
interp2D_calc              0x1'3a41    0xaa  Code  Gb  g_Core.o [4]
ipark_calc                 0x1'3aeb    0x74  Code  Gb  g_Core.o [4]
labs                       0x1'0f11     0x8  Code  Gb  labs.o [10]
main                         0xe559   0x16e  Code  Gb  main.o [2]
max                     0x2000'056c     0x4  Data  Gb  peref.o [6]
menu                    0x2000'2058   0x218  Data  Gb  core_Menu.o [4]
pADS1118_ConfRegData    0x2000'2f58     0x2  Data  Gb  peref.o [6]
p_Controller               0x1'3cd5    0xc6  Code  Gb  g_Core.o [4]
params                        0x298  0x4ee4  Data  Gb  core_Menu.o [4]
park_calc                  0x1'3b5f    0x8c  Code  Gb  g_Core.o [4]
peref_10HzCalc               0xc671   0x320  Code  Gb  peref.o [6]
peref_18KHzCalc              0xc395    0xde  Code  Gb  peref.o [6]
peref_200HzCalc              0xc475   0x102  Code  Gb  peref.o [6]
peref_2KHzCalc               0xc473     0x2  Code  Gb  peref.o [6]
peref_50HzCalc               0xc577    0xf2  Code  Gb  peref.o [6]
peref_74HC595D               0xcc3b    0x6c  Code  Gb  peref.o [6]
peref_ADCDACtoPRCObserverUpdate
                             0xced5   0x10a  Code  Gb  peref.o [6]
peref_ADCDACtoPRCObserverUpdate::i
                        0x2000'2f44     0x4  Data  Lc  peref.o [6]
peref_ADCtoPRCObserverInit
                             0xc295    0x82  Code  Gb  peref.o [6]
peref_ApFilter1Calc          0xfa73    0x24  Code  Gb  peref_ApFilter1.o [6]
peref_ApFilter1Init          0xfa29    0x4a  Code  Gb  peref_ApFilter1.o [6]
peref_Init                   0xbd4f   0x546  Code  Gb  peref.o [6]
peref_ProctoDACObserverInit
                             0xc317    0x7e  Code  Gb  peref.o [6]
pwm_calc                   0x1'385d   0x108  Code  Gb  g_Core.o [4]
rampgen_calc               0x1'3981    0x92  Code  Gb  g_Core.o [4]
sinf                       0x1'98ad     0x4  Code  Gb  cos_sin32.o [11]
speedstart              0x2000'2ebc     0x4  Data  Gb  g_Core.o [4]
sqrtf                      0x1'83e1          Code  Gb  sqrtf.o [11]
strchr                       0xb679          Code  Gb  strchr.o [12]
strcmp                       0xb629          Code  Gb  strcmp.o [12]
strcpy                       0xb37d          Code  Gb  strcpy.o [12]
strlen                       0xb5f1          Code  Gb  strlen.o [12]
svgendq3ph_calc            0x1'368b   0x1c8  Code  Gb  g_Core.o [4]
tmpData                 0x2000'2f38     0x4  Data  Gb  peref.o [6]
tmpData2                0x2000'0568     0x4  Data  Gb  peref.o [6]
tmpDelta                0x2000'2f2c     0x4  Data  Gb  peref.o [6]
tmpDelta2               0x2000'2f30     0x4  Data  Gb  peref.o [6]
tmpDelta3               0x2000'2f34     0x4  Data  Gb  peref.o [6]
tmpdata                 0x2000'2e78     0x8  Data  Gb  g_Core.o [4]
tmpdata1                0x2000'2df4    0x28  Data  Gb  drv_modbus.o [3]
tmpdata2                0x2000'2e80     0x8  Data  Gb  g_Core.o [4]
tskCnt10Hz              0x2000'2f04     0x4  Data  Gb  g_InterruptUpdate.o [5]
tskCnt200Hz             0x2000'2efc     0x4  Data  Gb  g_InterruptUpdate.o [5]
tskCnt2kHz              0x2000'2ef8     0x4  Data  Gb  g_InterruptUpdate.o [5]
tskCnt50Hz              0x2000'2f00     0x4  Data  Gb  g_InterruptUpdate.o [5]
tskMaxCnt10Hz           0x2000'02e8     0x4  Data  Gb  g_InterruptUpdate.o [5]
tskMaxCnt18kHz          0x2000'02d8     0x4  Data  Gb  g_InterruptUpdate.o [5]
tskMaxCnt200Hz          0x2000'02e0     0x4  Data  Gb  g_InterruptUpdate.o [5]
tskMaxCnt2kHz           0x2000'02dc     0x4  Data  Gb  g_InterruptUpdate.o [5]
tskMaxCnt50Hz           0x2000'02e4     0x4  Data  Gb  g_InterruptUpdate.o [5]
txReadSdo                  0x1'005b    0x8e  Code  Gb  CMS58M.o [6]
txWriteNmt                   0xff2b    0x60  Code  Gb  CMS58M.o [6]
txWriteSdo                   0xff8b    0xd0  Code  Gb  CMS58M.o [6]
uwTick                  0x2000'2f50     0x4  Data  Gb  stm32h7xx_hal.o [9]
uwTickFreq              0x2000'0651     0x1  Data  Gb  stm32h7xx_hal.o [9]
uwTickPrio              0x2000'0628     0x4  Data  Gb  stm32h7xx_hal.o [9]
values                     0x1'9c20   0xe60  Data  Gb  core_Menu.o [4]


[1] = D:\WorkOther\EBU6\EWARM\EBU6\Obj\Application\EWARM
[2] = D:\WorkOther\EBU6\EWARM\EBU6\Obj\Application\User\Core
[3] = D:\WorkOther\EBU6\EWARM\EBU6\Obj\Application\User\Core\Comm
[4] = D:\WorkOther\EBU6\EWARM\EBU6\Obj\Application\User\Core\Core
[5] = D:\WorkOther\EBU6\EWARM\EBU6\Obj\Application\User\Core\Global
[6] = D:\WorkOther\EBU6\EWARM\EBU6\Obj\Application\User\Core\Peref
[7] = D:\WorkOther\EBU6\EWARM\EBU6\Obj\Application\User\Core\Stat
[8] = D:\WorkOther\EBU6\EWARM\EBU6\Obj\Drivers\CMSIS
[9] = D:\WorkOther\EBU6\EWARM\EBU6\Obj\Drivers\STM32H7xx_HAL_Driver
[10] = dl7M_tln.a
[11] = m7M_tl.a
[12] = rt7M_tl.a
[13] = shb_l.a

  87'586 bytes of readonly  code memory
  25'184 bytes of readonly  data memory
  13'153 bytes of readwrite data memory

Errors: none
Warnings: none
