###############################################################################
#
# IAR ELF Linker V9.20.1.318/W64 for ARM                  16/Jan/2022  14:44:34
# Copyright 2007-2021 IAR Systems AB.
#
#    Output file  =  C:\Projects\EBU-6\EBU6\EWARM\EBU6\Exe\EBU6.out
#    Map file     =  C:\Projects\EBU-6\EBU6\EWARM\EBU6\List\EBU6.map
#    Command line =
#        -f C:\Projects\EBU-6\EBU6\EWARM\EBU6\Exe\EBU6.out.rsp
#        (C:\Projects\EBU-6\EBU6\EWARM\EBU6\Obj\Application\User\Core\add_ValueConv.o
#        C:\Projects\EBU-6\EBU6\EWARM\EBU6\Obj\Application\User\Core\Core\core_Menu.o
#        C:\Projects\EBU-6\EBU6\EWARM\EBU6\Obj\Application\User\Core\Core\core_VlvDrvCtrl.o
#        C:\Projects\EBU-6\EBU6\EWARM\EBU6\Obj\Application\User\Core\Core\g_Core.o
#        C:\Projects\EBU-6\EBU6\EWARM\EBU6\Obj\Application\User\Core\Global\g_InterruptUpdate.o
#        C:\Projects\EBU-6\EBU6\EWARM\EBU6\Obj\Application\User\Core\Global\g_Ram.o
#        C:\Projects\EBU-6\EBU6\EWARM\EBU6\Obj\Application\User\Core\main.o
#        C:\Projects\EBU-6\EBU6\EWARM\EBU6\Obj\Application\User\Core\Peref\peref.o
#        C:\Projects\EBU-6\EBU6\EWARM\EBU6\Obj\Application\User\Core\Peref\peref_Clock.o
#        C:\Projects\EBU-6\EBU6\EWARM\EBU6\Obj\Application\User\Core\Peref\peref_display.o
#        C:\Projects\EBU-6\EBU6\EWARM\EBU6\Obj\Application\EWARM\startup_stm32h743xx.o
#        C:\Projects\EBU-6\EBU6\EWARM\EBU6\Obj\Application\User\Core\Stat\stat.o
#        C:\Projects\EBU-6\EBU6\EWARM\EBU6\Obj\Application\User\Core\Stat\stat_fm25v10.o
#        C:\Projects\EBU-6\EBU6\EWARM\EBU6\Obj\Drivers\STM32H7xx_HAL_Driver\stm32h7xx_hal.o
#        C:\Projects\EBU-6\EBU6\EWARM\EBU6\Obj\Drivers\STM32H7xx_HAL_Driver\stm32h7xx_hal_adc.o
#        C:\Projects\EBU-6\EBU6\EWARM\EBU6\Obj\Drivers\STM32H7xx_HAL_Driver\stm32h7xx_hal_adc_ex.o
#        C:\Projects\EBU-6\EBU6\EWARM\EBU6\Obj\Drivers\STM32H7xx_HAL_Driver\stm32h7xx_hal_cortex.o
#        C:\Projects\EBU-6\EBU6\EWARM\EBU6\Obj\Drivers\STM32H7xx_HAL_Driver\stm32h7xx_hal_dma.o
#        C:\Projects\EBU-6\EBU6\EWARM\EBU6\Obj\Drivers\STM32H7xx_HAL_Driver\stm32h7xx_hal_dma_ex.o
#        C:\Projects\EBU-6\EBU6\EWARM\EBU6\Obj\Drivers\STM32H7xx_HAL_Driver\stm32h7xx_hal_exti.o
#        C:\Projects\EBU-6\EBU6\EWARM\EBU6\Obj\Drivers\STM32H7xx_HAL_Driver\stm32h7xx_hal_flash.o
#        C:\Projects\EBU-6\EBU6\EWARM\EBU6\Obj\Drivers\STM32H7xx_HAL_Driver\stm32h7xx_hal_flash_ex.o
#        C:\Projects\EBU-6\EBU6\EWARM\EBU6\Obj\Drivers\STM32H7xx_HAL_Driver\stm32h7xx_hal_gpio.o
#        C:\Projects\EBU-6\EBU6\EWARM\EBU6\Obj\Drivers\STM32H7xx_HAL_Driver\stm32h7xx_hal_hrtim.o
#        C:\Projects\EBU-6\EBU6\EWARM\EBU6\Obj\Drivers\STM32H7xx_HAL_Driver\stm32h7xx_hal_hsem.o
#        C:\Projects\EBU-6\EBU6\EWARM\EBU6\Obj\Drivers\STM32H7xx_HAL_Driver\stm32h7xx_hal_i2c.o
#        C:\Projects\EBU-6\EBU6\EWARM\EBU6\Obj\Drivers\STM32H7xx_HAL_Driver\stm32h7xx_hal_i2c_ex.o
#        C:\Projects\EBU-6\EBU6\EWARM\EBU6\Obj\Drivers\STM32H7xx_HAL_Driver\stm32h7xx_hal_mdma.o
#        C:\Projects\EBU-6\EBU6\EWARM\EBU6\Obj\Application\User\Core\stm32h7xx_hal_msp.o
#        C:\Projects\EBU-6\EBU6\EWARM\EBU6\Obj\Drivers\STM32H7xx_HAL_Driver\stm32h7xx_hal_pwr.o
#        C:\Projects\EBU-6\EBU6\EWARM\EBU6\Obj\Drivers\STM32H7xx_HAL_Driver\stm32h7xx_hal_pwr_ex.o
#        C:\Projects\EBU-6\EBU6\EWARM\EBU6\Obj\Drivers\STM32H7xx_HAL_Driver\stm32h7xx_hal_rcc.o
#        C:\Projects\EBU-6\EBU6\EWARM\EBU6\Obj\Drivers\STM32H7xx_HAL_Driver\stm32h7xx_hal_rcc_ex.o
#        C:\Projects\EBU-6\EBU6\EWARM\EBU6\Obj\Drivers\STM32H7xx_HAL_Driver\stm32h7xx_hal_rtc.o
#        C:\Projects\EBU-6\EBU6\EWARM\EBU6\Obj\Drivers\STM32H7xx_HAL_Driver\stm32h7xx_hal_rtc_ex.o
#        C:\Projects\EBU-6\EBU6\EWARM\EBU6\Obj\Drivers\STM32H7xx_HAL_Driver\stm32h7xx_hal_spi.o
#        C:\Projects\EBU-6\EBU6\EWARM\EBU6\Obj\Drivers\STM32H7xx_HAL_Driver\stm32h7xx_hal_spi_ex.o
#        C:\Projects\EBU-6\EBU6\EWARM\EBU6\Obj\Drivers\STM32H7xx_HAL_Driver\stm32h7xx_hal_tim.o
#        C:\Projects\EBU-6\EBU6\EWARM\EBU6\Obj\Drivers\STM32H7xx_HAL_Driver\stm32h7xx_hal_tim_ex.o
#        C:\Projects\EBU-6\EBU6\EWARM\EBU6\Obj\Drivers\STM32H7xx_HAL_Driver\stm32h7xx_hal_uart.o
#        C:\Projects\EBU-6\EBU6\EWARM\EBU6\Obj\Drivers\STM32H7xx_HAL_Driver\stm32h7xx_hal_uart_ex.o
#        C:\Projects\EBU-6\EBU6\EWARM\EBU6\Obj\Application\User\Core\stm32h7xx_it.o
#        C:\Projects\EBU-6\EBU6\EWARM\EBU6\Obj\Drivers\CMSIS\system_stm32h7xx.o
#        --no_out_extension -o C:\Projects\EBU-6\EBU6\EWARM\EBU6\Exe\EBU6.out
#        --redirect _Printf=_PrintfFullNoMb --redirect _Scanf=_ScanfFullNoMb
#        --map C:\Projects\EBU-6\EBU6\EWARM\EBU6\List\EBU6.map --config
#        C:\Projects\EBU-6\EBU6\EWARM/stm32h743xx_flash.icf --semihosting
#        --entry __iar_program_start --vfe --text_out locale)
#
###############################################################################

*******************************************************************************
*** RUNTIME MODEL ATTRIBUTES
***

CppFlavor       = *
__CPP_Runtime   = 1
__SystemLibrary = DLib
__dlib_version  = 6


*******************************************************************************
*** HEAP SELECTION
***

The basic heap was selected because no calls to memory allocation
functions were found in the application outside of system library
functions, and there are calls to deallocation functions in the
application.


*******************************************************************************
*** PLACEMENT SUMMARY
***

"A0":  place at address 0x800'0000 { ro section .intvec };
"P1":  place in [from 0x800'0000 to 0x81f'ffff] { ro };
define block CSTACK with size = 16K, alignment = 8 { };
define block HEAP with size = 8K, alignment = 8 { };
"P2":  place in [from 0x2400'0000 to 0x2407'ffff] {
          rw, block CSTACK, block HEAP };
initialize by copy { rw };

  Section            Kind         Address    Size  Object
  -------            ----         -------    ----  ------
"A0":                                       0x298
  .intvec            ro code   0x800'0000   0x298  startup_stm32h743xx.o [1]
                             - 0x800'0298   0x298

"P1":                                      0xdcfc
  .rodata            const     0x800'0298  0x44e4  core_Menu.o [3]
  .text              ro code   0x800'477c  0x1298  stm32h7xx_hal_dma.o [8]
  .text              ro code   0x800'5a14     0xc  stm32h7xx_hal.o [8]
  .text              ro code   0x800'5a20  0x10f8  core_Menu.o [3]
  .text              ro code   0x800'6b18    0x18  ABImemcpy_small.o [11]
  .text              ro code   0x800'6b30   0x16e  add_ValueConv.o [2]
  .text              ro code   0x800'6ca0    0x12  ABImemset_small.o [11]
  .text              ro code   0x800'6cb4    0x14  strlen_small.o [11]
  .text              ro code   0x800'6cc8    0x12  strcmp.o [11]
  .text              ro code   0x800'6cda    0x34  peref_Clock.o [5]
  .text              ro code   0x800'6d10    0x16  strchr.o [11]
  .text              ro code   0x800'6d26    0x28  stat.o [6]
  .text              ro code   0x800'6d50    0x82  g_Ram.o [4]
  .text              ro code   0x800'6dd4   0x22c  stat_fm25v10.o [6]
  .text              ro code   0x800'7000   0xbcc  main.o [2]
  .text              ro code   0x800'7bcc   0x918  stm32h7xx_hal_spi.o [8]
  .text              ro code   0x800'84e4   0x23c  stm32h7xx_hal_gpio.o [8]
  .text              ro code   0x800'8720    0x88  stm32h7xx_hal.o [8]
  .text              ro code   0x800'87a8     0x6  ABImemclr4.o [11]
  .text              ro code   0x800'87b0   0xbd8  stm32h7xx_hal_adc.o [8]
  .text              ro code   0x800'9388    0xf8  stm32h7xx_hal_adc_ex.o [8]
  .text              ro code   0x800'9480   0x4b6  stm32h7xx_hal_hrtim.o [8]
  .text              ro code   0x800'9938   0x65c  stm32h7xx_hal_msp.o [2]
  .text              ro code   0x800'9f94   0x37e  stm32h7xx_hal_rtc.o [8]
  .text              ro code   0x800'a314   0x828  stm32h7xx_hal_tim.o [8]
  .text              ro code   0x800'ab3c   0x11c  stm32h7xx_hal_tim_ex.o [8]
  .text              ro code   0x800'ac58   0x644  stm32h7xx_hal_uart.o [8]
  .text              ro code   0x800'b29c    0xf4  stm32h7xx_hal_uart_ex.o [8]
  .text              ro code   0x800'b390    0xc8  stm32h7xx_hal_cortex.o [8]
  .text              ro code   0x800'b458   0x1b0  g_Core.o [3]
  .text              ro code   0x800'b608   0x65c  peref.o [5]
  .text              ro code   0x800'bc64    0x48  stm32h7xx_hal_pwr_ex.o [8]
  .text              ro code   0x800'bcac    0x10  stm32h7xx_hal_pwr.o [8]
  .text              ro code   0x800'bcbc   0x4c0  stm32h7xx_hal_rcc.o [8]
  .text              ro code   0x800'c17c   0x3a4  stm32h7xx_hal_rcc.o [8]
  .text              ro code   0x800'c520   0xe18  stm32h7xx_hal_rcc_ex.o [8]
  .text              ro code   0x800'd338    0x44  stm32h7xx_hal.o [8]
  .text              ro code   0x800'd37c    0x32  ABImemset48.o [11]
  .text              ro code   0x800'd3ae     0x2  stm32h7xx_hal_adc_ex.o [8]
  .text              ro code   0x800'd3b0     0x2  stm32h7xx_hal_adc.o [8]
  .text              ro code   0x800'd3b2     0x2  stm32h7xx_hal_adc_ex.o [8]
  .text              ro code   0x800'd3b4     0x2  stm32h7xx_hal_adc.o [8]
  .text              ro code   0x800'd3b6     0x2  stm32h7xx_hal_adc_ex.o [8]
  .text              ro code   0x800'd3b8     0x2  stm32h7xx_hal_adc_ex.o [8]
  .text              ro code   0x800'd3ba     0x2  stm32h7xx_hal_adc.o [8]
  .text              ro code   0x800'd3bc     0x2  stm32h7xx_hal_adc_ex.o [8]
  .text              ro code   0x800'd3be     0x2  stm32h7xx_hal_adc.o [8]
  .text              ro code   0x800'd3c0     0x2  stm32h7xx_hal_tim.o [8]
  .text              ro code   0x800'd3c2     0x2  stm32h7xx_hal_tim.o [8]
  .text              ro code   0x800'd3c4     0x2  stm32h7xx_hal_tim.o [8]
  .text              ro code   0x800'd3c6     0x2  stm32h7xx_hal_tim_ex.o [8]
  .text              ro code   0x800'd3c8     0x2  stm32h7xx_hal_tim_ex.o [8]
  .text              ro code   0x800'd3ca     0x2  stm32h7xx_hal_tim.o [8]
  .text              ro code   0x800'd3cc     0x2  stm32h7xx_hal_tim_ex.o [8]
  .text              ro code   0x800'd3ce     0x2  stm32h7xx_hal_tim.o [8]
  .text              ro code   0x800'd3d0   0x106  I64DivMod_small.o [11]
  .text              ro code   0x800'd4d8   0x2e8  peref_display.o [5]
  .text              ro code   0x800'd7c0     0x2  I64DivZer.o [11]
  .text              ro code   0x800'd7c4   0x11a  g_InterruptUpdate.o [4]
  .text              ro code   0x800'd8e0    0xe0  system_stm32h7xx.o [7]
  .text              ro code   0x800'd9c0    0x78  lz77_init_single.o [11]
  .text              ro code   0x800'da38    0x74  stm32h7xx_it.o [2]
  .text              ro code   0x800'daac    0x10  stm32h7xx_hal.o [8]
  .text              ro code   0x800'dabc    0x38  zero_init3.o [11]
  .text              ro code   0x800'daf4    0x28  data_init.o [11]
  .text              ro code   0x800'db1c    0x22  fpinit_M.o [10]
  .iar.init_table    const     0x800'db40    0x20  - Linker created -
  .text              ro code   0x800'db60    0x1e  cmain.o [11]
  .text              ro code   0x800'db7e     0x4  low_level_init.o [9]
  .text              ro code   0x800'db82     0x4  exit.o [9]
  .text              ro code   0x800'db88     0xa  cexit.o [11]
  .text              ro code   0x800'db94    0x14  exit.o [12]
  .text              ro code   0x800'dba8    0x1c  cstartup_M.o [11]
  .text              ro code   0x800'dbc4    0x10  startup_stm32h743xx.o [1]
  .text              ro code   0x800'dbd4     0x4  startup_stm32h743xx.o [1]
  .text              ro code   0x800'dbd8     0x4  startup_stm32h743xx.o [1]
  .text              ro code   0x800'dbdc     0x4  startup_stm32h743xx.o [1]
  .text              ro code   0x800'dbe0     0x4  startup_stm32h743xx.o [1]
  .text              ro code   0x800'dbe4     0x4  startup_stm32h743xx.o [1]
  .text              ro code   0x800'dbe8     0x4  startup_stm32h743xx.o [1]
  .text              ro code   0x800'dbec     0x4  startup_stm32h743xx.o [1]
  .text              ro code   0x800'dbf0     0x4  startup_stm32h743xx.o [1]
  .text              ro code   0x800'dbf4     0x4  startup_stm32h743xx.o [1]
  .text              ro code   0x800'dbf8     0x4  startup_stm32h743xx.o [1]
  .text              ro code   0x800'dbfc     0x4  startup_stm32h743xx.o [1]
  .text              ro code   0x800'dc00     0x4  startup_stm32h743xx.o [1]
  .text              ro code   0x800'dc04     0x4  startup_stm32h743xx.o [1]
  .text              ro code   0x800'dc08     0x4  startup_stm32h743xx.o [1]
  .text              ro code   0x800'dc0c     0x4  startup_stm32h743xx.o [1]
  .text              ro code   0x800'dc10     0x4  startup_stm32h743xx.o [1]
  .text              ro code   0x800'dc14     0x4  startup_stm32h743xx.o [1]
  .text              ro code   0x800'dc18     0x4  startup_stm32h743xx.o [1]
  .text              ro code   0x800'dc1c     0x4  startup_stm32h743xx.o [1]
  .text              ro code   0x800'dc20     0x4  startup_stm32h743xx.o [1]
  .text              ro code   0x800'dc24     0x4  startup_stm32h743xx.o [1]
  .text              ro code   0x800'dc28     0x4  startup_stm32h743xx.o [1]
  .text              ro code   0x800'dc2c     0x4  startup_stm32h743xx.o [1]
  .text              ro code   0x800'dc30     0x4  startup_stm32h743xx.o [1]
  .text              ro code   0x800'dc34     0x4  startup_stm32h743xx.o [1]
  .text              ro code   0x800'dc38     0x4  startup_stm32h743xx.o [1]
  .text              ro code   0x800'dc3c     0x4  startup_stm32h743xx.o [1]
  .text              ro code   0x800'dc40     0x4  startup_stm32h743xx.o [1]
  .text              ro code   0x800'dc44     0x4  startup_stm32h743xx.o [1]
  .text              ro code   0x800'dc48     0x4  startup_stm32h743xx.o [1]
  .text              ro code   0x800'dc4c     0x4  startup_stm32h743xx.o [1]
  .text              ro code   0x800'dc50     0x4  startup_stm32h743xx.o [1]
  .text              ro code   0x800'dc54     0x4  startup_stm32h743xx.o [1]
  .text              ro code   0x800'dc58     0x4  startup_stm32h743xx.o [1]
  .text              ro code   0x800'dc5c     0x4  startup_stm32h743xx.o [1]
  .text              ro code   0x800'dc60     0x4  startup_stm32h743xx.o [1]
  .text              ro code   0x800'dc64     0x4  startup_stm32h743xx.o [1]
  .text              ro code   0x800'dc68     0x4  startup_stm32h743xx.o [1]
  .text              ro code   0x800'dc6c     0x4  startup_stm32h743xx.o [1]
  .text              ro code   0x800'dc70     0x4  startup_stm32h743xx.o [1]
  .text              ro code   0x800'dc74     0x4  startup_stm32h743xx.o [1]
  .text              ro code   0x800'dc78     0x4  startup_stm32h743xx.o [1]
  .text              ro code   0x800'dc7c     0x4  startup_stm32h743xx.o [1]
  .text              ro code   0x800'dc80     0x4  startup_stm32h743xx.o [1]
  .text              ro code   0x800'dc84     0x4  startup_stm32h743xx.o [1]
  .text              ro code   0x800'dc88     0x4  startup_stm32h743xx.o [1]
  .text              ro code   0x800'dc8c     0x4  startup_stm32h743xx.o [1]
  .text              ro code   0x800'dc90     0x4  startup_stm32h743xx.o [1]
  .text              ro code   0x800'dc94     0x4  startup_stm32h743xx.o [1]
  .text              ro code   0x800'dc98     0x4  startup_stm32h743xx.o [1]
  .text              ro code   0x800'dc9c     0x4  startup_stm32h743xx.o [1]
  .text              ro code   0x800'dca0     0x4  startup_stm32h743xx.o [1]
  .text              ro code   0x800'dca4     0x4  startup_stm32h743xx.o [1]
  .text              ro code   0x800'dca8     0x4  startup_stm32h743xx.o [1]
  .text              ro code   0x800'dcac     0x4  startup_stm32h743xx.o [1]
  .text              ro code   0x800'dcb0     0x4  startup_stm32h743xx.o [1]
  .text              ro code   0x800'dcb4     0x4  startup_stm32h743xx.o [1]
  .text              ro code   0x800'dcb8     0x4  startup_stm32h743xx.o [1]
  .text              ro code   0x800'dcbc     0x4  startup_stm32h743xx.o [1]
  .text              ro code   0x800'dcc0     0x4  startup_stm32h743xx.o [1]
  .text              ro code   0x800'dcc4     0x4  startup_stm32h743xx.o [1]
  .text              ro code   0x800'dcc8     0x4  startup_stm32h743xx.o [1]
  .text              ro code   0x800'dccc     0x4  startup_stm32h743xx.o [1]
  .text              ro code   0x800'dcd0     0x4  startup_stm32h743xx.o [1]
  .text              ro code   0x800'dcd4     0x4  startup_stm32h743xx.o [1]
  .text              ro code   0x800'dcd8     0x4  startup_stm32h743xx.o [1]
  .text              ro code   0x800'dcdc     0x4  startup_stm32h743xx.o [1]
  .text              ro code   0x800'dce0     0x4  startup_stm32h743xx.o [1]
  .text              ro code   0x800'dce4     0x4  startup_stm32h743xx.o [1]
  .text              ro code   0x800'dce8     0x4  startup_stm32h743xx.o [1]
  .text              ro code   0x800'dcec     0x4  startup_stm32h743xx.o [1]
  .text              ro code   0x800'dcf0     0x4  startup_stm32h743xx.o [1]
  .text              ro code   0x800'dcf4     0x4  startup_stm32h743xx.o [1]
  .text              ro code   0x800'dcf8     0x4  startup_stm32h743xx.o [1]
  .text              ro code   0x800'dcfc     0x4  startup_stm32h743xx.o [1]
  .text              ro code   0x800'dd00     0x4  startup_stm32h743xx.o [1]
  .text              ro code   0x800'dd04     0x4  startup_stm32h743xx.o [1]
  .text              ro code   0x800'dd08     0x4  startup_stm32h743xx.o [1]
  .text              ro code   0x800'dd0c     0x4  startup_stm32h743xx.o [1]
  .text              ro code   0x800'dd10     0x4  startup_stm32h743xx.o [1]
  .text              ro code   0x800'dd14     0x4  startup_stm32h743xx.o [1]
  .text              ro code   0x800'dd18     0x4  startup_stm32h743xx.o [1]
  .text              ro code   0x800'dd1c     0x4  startup_stm32h743xx.o [1]
  .text              ro code   0x800'dd20     0x4  startup_stm32h743xx.o [1]
  .text              ro code   0x800'dd24     0x4  startup_stm32h743xx.o [1]
  .text              ro code   0x800'dd28     0x4  startup_stm32h743xx.o [1]
  .text              ro code   0x800'dd2c     0x4  startup_stm32h743xx.o [1]
  .text              ro code   0x800'dd30     0x4  startup_stm32h743xx.o [1]
  .text              ro code   0x800'dd34     0x4  startup_stm32h743xx.o [1]
  .text              ro code   0x800'dd38     0x4  startup_stm32h743xx.o [1]
  .text              ro code   0x800'dd3c     0x4  startup_stm32h743xx.o [1]
  .text              ro code   0x800'dd40     0x4  startup_stm32h743xx.o [1]
  .text              ro code   0x800'dd44     0x4  startup_stm32h743xx.o [1]
  .text              ro code   0x800'dd48     0x4  startup_stm32h743xx.o [1]
  .text              ro code   0x800'dd4c     0x4  startup_stm32h743xx.o [1]
  .text              ro code   0x800'dd50     0x4  startup_stm32h743xx.o [1]
  .text              ro code   0x800'dd54     0x4  startup_stm32h743xx.o [1]
  .text              ro code   0x800'dd58     0x4  startup_stm32h743xx.o [1]
  .text              ro code   0x800'dd5c     0x4  startup_stm32h743xx.o [1]
  .text              ro code   0x800'dd60     0x4  startup_stm32h743xx.o [1]
  .text              ro code   0x800'dd64     0x4  startup_stm32h743xx.o [1]
  .text              ro code   0x800'dd68     0x4  startup_stm32h743xx.o [1]
  .text              ro code   0x800'dd6c     0x4  startup_stm32h743xx.o [1]
  .text              ro code   0x800'dd70     0x4  startup_stm32h743xx.o [1]
  .text              ro code   0x800'dd74     0x4  startup_stm32h743xx.o [1]
  .text              ro code   0x800'dd78     0x4  startup_stm32h743xx.o [1]
  .text              ro code   0x800'dd7c     0x4  startup_stm32h743xx.o [1]
  .text              ro code   0x800'dd80     0x4  startup_stm32h743xx.o [1]
  .text              ro code   0x800'dd84     0x4  startup_stm32h743xx.o [1]
  .text              ro code   0x800'dd88     0x4  startup_stm32h743xx.o [1]
  .text              ro code   0x800'dd8c     0x4  startup_stm32h743xx.o [1]
  .text              ro code   0x800'dd90     0x4  startup_stm32h743xx.o [1]
  .text              ro code   0x800'dd94     0x4  startup_stm32h743xx.o [1]
  .text              ro code   0x800'dd98     0x4  startup_stm32h743xx.o [1]
  .text              ro code   0x800'dd9c     0x4  startup_stm32h743xx.o [1]
  .text              ro code   0x800'dda0     0x4  startup_stm32h743xx.o [1]
  .text              ro code   0x800'dda4     0x4  startup_stm32h743xx.o [1]
  .text              ro code   0x800'dda8     0x4  startup_stm32h743xx.o [1]
  .text              ro code   0x800'ddac     0x4  startup_stm32h743xx.o [1]
  .text              ro code   0x800'ddb0     0x4  startup_stm32h743xx.o [1]
  .text              ro code   0x800'ddb4     0x4  startup_stm32h743xx.o [1]
  .text              ro code   0x800'ddb8     0x4  startup_stm32h743xx.o [1]
  .text              ro code   0x800'ddbc     0x4  startup_stm32h743xx.o [1]
  .text              ro code   0x800'ddc0     0x4  startup_stm32h743xx.o [1]
  .text              ro code   0x800'ddc4     0x4  startup_stm32h743xx.o [1]
  .text              ro code   0x800'ddc8     0x4  startup_stm32h743xx.o [1]
  .text              ro code   0x800'ddcc     0x4  startup_stm32h743xx.o [1]
  .text              ro code   0x800'ddd0     0x4  startup_stm32h743xx.o [1]
  .text              ro code   0x800'ddd4     0x4  startup_stm32h743xx.o [1]
  .text              ro code   0x800'ddd8     0x4  startup_stm32h743xx.o [1]
  .text              ro code   0x800'dddc     0x4  startup_stm32h743xx.o [1]
  .text              ro code   0x800'dde0     0x4  startup_stm32h743xx.o [1]
  .text              ro code   0x800'dde4     0x4  startup_stm32h743xx.o [1]
  .text              ro code   0x800'dde8     0x4  startup_stm32h743xx.o [1]
  .rodata            const     0x800'ddec     0x0  zero_init3.o [11]
  .rodata            const     0x800'ddec     0x0  lz77_init_single.o [11]
  Initializer bytes  const     0x800'ddec   0x1a8  <for P2-1>
                             - 0x800'df94  0xdcfc

"P2", part 1 of 3:                          0x7e4
  P2-1                        0x2400'0000   0x7e4  <Init block>
    .data            inited   0x2400'0000   0x3b8  g_Core.o [3]
    .data            inited   0x2400'03b8   0x148  g_InterruptUpdate.o [4]
    .data            inited   0x2400'0500   0x1b0  peref.o [5]
    .data            inited   0x2400'06b0     0xc  peref.o [5]
    .data            inited   0x2400'06bc    0x70  peref_display.o [5]
    .data            inited   0x2400'072c    0x88  peref_display.o [5]
    .data            inited   0x2400'07b4     0xc  stm32h7xx_hal.o [8]
    .data            inited   0x2400'07c0    0x18  stm32h7xx_hal_hrtim.o [8]
    .data            inited   0x2400'07d8     0x8  system_stm32h7xx.o [7]
    .data            inited   0x2400'07e0     0x2  add_ValueConv.o [2]
    .data            inited   0x2400'07e2     0x1  add_ValueConv.o [2]
    .data            inited   0x2400'07e3     0x1  add_ValueConv.o [2]
                            - 0x2400'07e4   0x7e4

"P2", part 2 of 3:                          0xfdc
  .bss               zero     0x2400'07e4   0x5d8  g_Ram.o [4]
  .bss               zero     0x2400'0dbc   0x5b0  main.o [2]
  .bss               zero     0x2400'136c   0x218  core_Menu.o [3]
  .bss               zero     0x2400'1584    0xc0  stat.o [6]
  .bss               zero     0x2400'1644    0x78  main.o [2]
  .bss               zero     0x2400'16bc    0x78  main.o [2]
  .bss               zero     0x2400'1734    0x30  g_Core.o [3]
  .bss               zero     0x2400'1764    0x18  peref.o [5]
  .bss               zero     0x2400'177c    0x14  peref.o [5]
  .bss               zero     0x2400'1790    0x10  peref.o [5]
  .bss               zero     0x2400'17a0     0xc  main.o [2]
  .bss               zero     0x2400'17ac     0x8  core_Menu.o [3]
  .bss               zero     0x2400'17b4     0x4  core_Menu.o [3]
  .bss               zero     0x2400'17b8     0x4  core_Menu.o [3]
  .bss               zero     0x2400'17bc     0x4  stm32h7xx_it.o [2]
                            - 0x2400'17c0   0xfdc

"P2", part 3 of 3:                         0x4000
  CSTACK                      0x2400'17c0  0x4000  <Block>
    CSTACK           uninit   0x2400'17c0  0x4000  <Block tail>
                            - 0x2400'57c0  0x4000

Unused ranges:

         From           To       Size
         ----           --       ----
   0x800'df94   0x81f'ffff  0x1f'206c
  0x2400'57c0  0x2407'ffff   0x7'a840


*******************************************************************************
*** INIT TABLE
***

          Address      Size
          -------      ----
Zero (__iar_zero_init3)
    1 destination range, total size 0xfdc:
          0x2400'07e4  0xfdc

Copy/lz77 (__iar_lz77_init_single3)
    1 source range, total size 0x1a8 (20% of destination):
           0x800'ddec  0x1a8
    1 destination range, total size 0x7e4:
          0x2400'0000  0x7e4



*******************************************************************************
*** MODULE SUMMARY
***

    Module                   ro code  ro data  rw data
    ------                   -------  -------  -------
command line/config:
    --------------------------------------------------
    Total:

C:\Projects\EBU-6\EBU6\EWARM\EBU6\Obj\Application\EWARM: [1]
    startup_stm32h743xx.o      1'216
    --------------------------------------------------
    Total:                     1'216

C:\Projects\EBU-6\EBU6\EWARM\EBU6\Obj\Application\User\Core: [2]
    add_ValueConv.o              366        1        4
    main.o                     3'020             1'708
    stm32h7xx_hal_msp.o        1'628
    stm32h7xx_it.o               116                 4
    --------------------------------------------------
    Total:                     5'130        1    1'716

C:\Projects\EBU-6\EBU6\EWARM\EBU6\Obj\Application\User\Core\Core: [3]
    core_Menu.o                4'344   17'636      552
    g_Core.o                     432      199    1'000
    --------------------------------------------------
    Total:                     4'776   17'835    1'552

C:\Projects\EBU-6\EBU6\EWARM\EBU6\Obj\Application\User\Core\Global: [4]
    g_InterruptUpdate.o          282       69      328
    g_Ram.o                      130             1'496
    --------------------------------------------------
    Total:                       412       69    1'824

C:\Projects\EBU-6\EBU6\EWARM\EBU6\Obj\Application\User\Core\Peref: [5]
    peref.o                    1'628       93      504
    peref_Clock.o                 52
    peref_display.o              744       52      248
    --------------------------------------------------
    Total:                     2'424      145      752

C:\Projects\EBU-6\EBU6\EWARM\EBU6\Obj\Application\User\Core\Stat: [6]
    stat.o                        40               192
    stat_fm25v10.o               556
    --------------------------------------------------
    Total:                       596               192

C:\Projects\EBU-6\EBU6\EWARM\EBU6\Obj\Drivers\CMSIS: [7]
    system_stm32h7xx.o           224        2        8
    --------------------------------------------------
    Total:                       224        2        8

C:\Projects\EBU-6\EBU6\EWARM\EBU6\Obj\Drivers\STM32H7xx_HAL_Driver: [8]
    stm32h7xx_hal.o              232        3       12
    stm32h7xx_hal_adc.o        3'040
    stm32h7xx_hal_adc_ex.o       258
    stm32h7xx_hal_cortex.o       200
    stm32h7xx_hal_dma.o        4'760
    stm32h7xx_hal_gpio.o         572
    stm32h7xx_hal_hrtim.o      1'206        5       24
    stm32h7xx_hal_pwr.o           16
    stm32h7xx_hal_pwr_ex.o        72
    stm32h7xx_hal_rcc.o        2'148
    stm32h7xx_hal_rcc_ex.o     3'608
    stm32h7xx_hal_rtc.o          894
    stm32h7xx_hal_spi.o        2'328
    stm32h7xx_hal_tim.o        2'098
    stm32h7xx_hal_tim_ex.o       290
    stm32h7xx_hal_uart.o       1'604
    stm32h7xx_hal_uart_ex.o      244
    --------------------------------------------------
    Total:                    23'570        8       36

dl7M_tlf.a: [9]
    exit.o                         4
    low_level_init.o               4
    --------------------------------------------------
    Total:                         8

m7M_tlv.a: [10]
    fpinit_M.o                    34
    --------------------------------------------------
    Total:                        34

rt7M_tl.a: [11]
    ABImemclr4.o                   6
    ABImemcpy_small.o             24
    ABImemset48.o                 50
    ABImemset_small.o             18
    I64DivMod_small.o            262
    I64DivZer.o                    2
    cexit.o                       10
    cmain.o                       30
    cstartup_M.o                  28
    data_init.o                   40
    lz77_init_single.o           120
    strchr.o                      22
    strcmp.o                      18
    strlen_small.o                20
    zero_init3.o                  56
    --------------------------------------------------
    Total:                       706

shb_l.a: [12]
    exit.o                        20
    --------------------------------------------------
    Total:                        20

    Gaps                          26        2
    Linker created                         32   16'384
------------------------------------------------------
    Grand Total:              39'142   18'094   22'464


*******************************************************************************
*** ENTRY LIST
***

Entry                       Address    Size  Type      Object
-----                       -------    ----  ----      ------
.iar.init_table$$Base    0x800'db40           --   Gb  - Linker created -
.iar.init_table$$Limit   0x800'db60           --   Gb  - Linker created -
?main                    0x800'db61          Code  Gb  cmain.o [11]
ADC3_IRQHandler          0x800'da8b     0x6  Code  Gb  stm32h7xx_it.o [2]
ADC_ConfigureBoostMode   0x800'9221   0x114  Code  Gb  stm32h7xx_hal_adc.o [8]
ADC_DMAConvCplt          0x800'9189    0x7c  Code  Gb  stm32h7xx_hal_adc.o [8]
ADC_DMAError             0x800'920b    0x16  Code  Gb  stm32h7xx_hal_adc.o [8]
ADC_DMAHalfConvCplt      0x800'9205     0x6  Code  Gb  stm32h7xx_hal_adc.o [8]
ADC_Enable               0x800'90d9    0x9e  Code  Gb  stm32h7xx_hal_adc.o [8]
ADC_IRQHandler           0x800'da59     0x6  Code  Gb  stm32h7xx_it.o [2]
ADT7301_Update           0x800'b94b    0x4e  Code  Gb  peref.o [5]
BtnLevel                0x2400'0688     0x4  Data  Gb  peref.o [5]
BtnTout                 0x2400'0684     0x4  Data  Gb  peref.o [5]
BusFault_Handler         0x800'da3f     0x2  Code  Gb  stm32h7xx_it.o [2]
ByteToStr                0x800'6bcd    0x1c  Code  Gb  add_ValueConv.o [2]
CPU_led_timer           0x2400'17bc     0x4  Data  Gb  stm32h7xx_it.o [2]
CSTACK$$Base            0x2400'17c0           --   Gb  - Linker created -
CSTACK$$Limit           0x2400'57c0           --   Gb  - Linker created -
ChangeCoordinate         0x800'6295   0x142  Code  Lc  core_Menu.o [3]
CheckRange               0x800'6b31    0x1c  Code  Gb  add_ValueConv.o [2]
Core_Init                0x800'b459    0x20  Code  Gb  g_Core.o [3]
Core_MENU_Display        0x800'5c19   0x13a  Code  Gb  core_Menu.o [3]
Core_MenuInit            0x800'5a21   0x19c  Code  Gb  core_Menu.o [3]
Core_MenuReadDcr         0x800'681f    0x5a  Code  Gb  core_Menu.o [3]
Core_MenuUpdate          0x800'5bd5    0x42  Code  Gb  core_Menu.o [3]
Core_SetDeff             0x800'6905    0x80  Code  Gb  core_Menu.o [3]
D1CorePrescTable         0x800'd9b0    0x10  Data  Gb  system_stm32h7xx.o [7]
DELAY_US                 0x800'7b03     0xa  Code  Gb  main.o [2]
DISPL_AddSymb            0x800'd547    0x16  Code  Gb  peref_display.o [5]
DISPL_Update             0x800'd51f    0x28  Code  Gb  peref_display.o [5]
DISPL_init               0x800'd4d9    0x26  Code  Gb  peref_display.o [5]
DMA1_Stream1_IRQHandler
                         0x800'da4d     0x6  Code  Gb  stm32h7xx_it.o [2]
DMA1_Stream3_IRQHandler
                         0x800'da53     0x6  Code  Gb  stm32h7xx_it.o [2]
DMA_CalcBaseAndBitshift
                         0x800'57f9    0x92  Code  Lc  stm32h7xx_hal_dma.o [8]
DMA_CalcBaseAndBitshift{1}{2}::flagBitshiftOffset
                         0x800'5a0c     0x8  Data  Lc  stm32h7xx_hal_dma.o [8]
DMA_CalcDMAMUXChannelBaseAndMask
                         0x800'58a9    0x80  Code  Lc  stm32h7xx_hal_dma.o [8]
DMA_CalcDMAMUXRequestGenBaseAndMask
                         0x800'5945    0x60  Code  Lc  stm32h7xx_hal_dma.o [8]
DMA_SetConfig            0x800'5655   0x192  Code  Lc  stm32h7xx_hal_dma.o [8]
Data                    0x2400'06b8     0x4  Data  Gb  peref.o [5]
DateSeparator           0x2400'07e3     0x1  Data  Gb  add_ValueConv.o [2]
DateToStr                0x800'6c11    0x34  Code  Gb  add_ValueConv.o [2]
DebugMon_Handler         0x800'da45     0x2  Code  Gb  stm32h7xx_it.o [2]
DecToStr                 0x800'6b4d    0x80  Code  Gb  add_ValueConv.o [2]
DefineBit                0x800'6411    0x48  Code  Gb  core_Menu.o [3]
DisplayOff               0x800'd58d    0x2e  Code  Gb  peref_display.o [5]
DisplayOn                0x800'd5c5    0x86  Code  Gb  peref_display.o [5]
DisplayPutText           0x800'd64b    0x5e  Code  Gb  peref_display.o [5]
DisplayRestart           0x800'd55d    0x30  Code  Gb  peref_display.o [5]
DisplayStart             0x800'd76d    0x2e  Code  Gb  peref_display.o [5]
EditBin                  0x800'627d    0x18  Code  Gb  core_Menu.o [3]
EditDate                 0x800'61b3    0xca  Code  Gb  core_Menu.o [3]
EditDec                  0x800'5fab    0xdc  Code  Gb  core_Menu.o [3]
EditParam                0x800'5eed    0xbe  Code  Gb  core_Menu.o [3]
EditStr                  0x800'6087    0xb6  Code  Gb  core_Menu.o [3]
EditTime                 0x800'613d    0x76  Code  Gb  core_Menu.o [3]
Eeprom1                 0x2400'1734    0x30  Data  Gb  g_Core.o [3]
EnableEdit               0x800'68dd    0x1e  Code  Gb  core_Menu.o [3]
EncodeData               0x800'd75d    0x10  Code  Gb  peref_display.o [5]
Error_Handler            0x800'7bc9     0x4  Code  Gb  main.o [2]
FM25V10_Init             0x800'6dd5    0x2e  Code  Gb  stat_fm25v10.o [6]
FM25V10_ReadByte         0x800'6f25    0x40  Code  Gb  stat_fm25v10.o [6]
FM25V10_ReadSN           0x800'6fb5    0x28  Code  Gb  stat_fm25v10.o [6]
FM25V10_ReadStatus       0x800'6ee5    0x26  Code  Gb  stat_fm25v10.o [6]
FM25V10_Update           0x800'6e03    0xe2  Code  Gb  stat_fm25v10.o [6]
FM25V10_WriteByte        0x800'6f65    0x2e  Code  Gb  stat_fm25v10.o [6]
FM25V10_WriteEnable      0x800'6f93     0x6  Code  Gb  stat_fm25v10.o [6]
FUTABA_RusTable         0x2400'0770    0x44  Data  Lc  peref_display.o [5]
FloatPositive           0x2400'07e1     0x1  Data  Gb  add_ValueConv.o [2]
FloatSeparator          0x2400'07e0     0x1  Data  Gb  add_ValueConv.o [2]
HAL_ADCEx_EndOfSamplingCallback
                         0x800'd3af     0x2  Code  Wk  stm32h7xx_hal_adc_ex.o [8]
HAL_ADCEx_InjectedConvCpltCallback
                         0x800'd3b3     0x2  Code  Wk  stm32h7xx_hal_adc_ex.o [8]
HAL_ADCEx_InjectedQueueOverflowCallback
                         0x800'd3bd     0x2  Code  Wk  stm32h7xx_hal_adc_ex.o [8]
HAL_ADCEx_LevelOutOfWindow2Callback
                         0x800'd3b7     0x2  Code  Wk  stm32h7xx_hal_adc_ex.o [8]
HAL_ADCEx_LevelOutOfWindow3Callback
                         0x800'd3b9     0x2  Code  Wk  stm32h7xx_hal_adc_ex.o [8]
HAL_ADCEx_MultiModeConfigChannel
                         0x800'9389    0xdc  Code  Gb  stm32h7xx_hal_adc_ex.o [8]
HAL_ADC_ConfigChannel    0x800'8d63   0x338  Code  Gb  stm32h7xx_hal_adc.o [8]
HAL_ADC_IRQHandler       0x800'8ae1   0x246  Code  Gb  stm32h7xx_hal_adc.o [8]
HAL_ADC_Init             0x800'87e3   0x1f6  Code  Gb  stm32h7xx_hal_adc.o [8]
HAL_ADC_MspInit          0x800'9971   0x162  Code  Gb  stm32h7xx_hal_msp.o [2]
HAL_ADC_Start_DMA        0x800'89e5    0xe8  Code  Gb  stm32h7xx_hal_adc.o [8]
HAL_DMA_IRQHandler       0x800'4ec9   0x744  Code  Gb  stm32h7xx_hal_dma.o [8]
HAL_DMA_Init             0x800'477d   0x3a6  Code  Gb  stm32h7xx_hal_dma.o [8]
HAL_DMA_Start_IT         0x800'4b51   0x282  Code  Gb  stm32h7xx_hal_dma.o [8]
HAL_GPIO_Init            0x800'84e5   0x1e2  Code  Gb  stm32h7xx_hal_gpio.o [8]
HAL_GPIO_ReadPin         0x800'86c7     0xc  Code  Gb  stm32h7xx_hal_gpio.o [8]
HAL_GPIO_TogglePin       0x800'86db    0x10  Code  Gb  stm32h7xx_hal_gpio.o [8]
HAL_GPIO_WritePin        0x800'86d3     0x8  Code  Gb  stm32h7xx_hal_gpio.o [8]
HAL_GetREVID             0x800'876b     0x8  Code  Gb  stm32h7xx_hal.o [8]
HAL_GetTick              0x800'5a15     0xc  Code  Wk  stm32h7xx_hal.o [8]
HAL_HRTIM_Init           0x800'9481    0xaa  Code  Gb  stm32h7xx_hal_hrtim.o [8]
HAL_HRTIM_MspInit        0x800'9af9    0x42  Code  Gb  stm32h7xx_hal_msp.o [2]
HAL_HRTIM_MspPostInit    0x800'9b3b    0x7c  Code  Gb  stm32h7xx_hal_msp.o [2]
HAL_HRTIM_SimpleBaseStart
                         0x800'95a7    0x26  Code  Gb  stm32h7xx_hal_hrtim.o [8]
HAL_HRTIM_SimplePWMStart
                         0x800'95dd     0xc  Code  Gb  stm32h7xx_hal_hrtim.o [8]
HAL_HRTIM_TimeBaseConfig
                         0x800'952b    0x6e  Code  Gb  stm32h7xx_hal_hrtim.o [8]
HAL_HRTIM_WaveformOutputConfig
                         0x800'986f    0x2a  Code  Gb  stm32h7xx_hal_hrtim.o [8]
HAL_HRTIM_WaveformTimerConfig
                         0x800'9631   0x22a  Code  Gb  stm32h7xx_hal_hrtim.o [8]
HAL_IncTick              0x800'daad    0x10  Code  Wk  stm32h7xx_hal.o [8]
HAL_Init                 0x800'8721    0x4a  Code  Gb  stm32h7xx_hal.o [8]
HAL_InitTick             0x800'd339    0x44  Code  Wk  stm32h7xx_hal.o [8]
HAL_MspInit              0x800'9939    0x38  Code  Gb  stm32h7xx_hal_msp.o [2]
HAL_NVIC_EnableIRQ       0x800'b401    0x16  Code  Gb  stm32h7xx_hal_cortex.o [8]
HAL_NVIC_SetPriority     0x800'b3c5    0x3a  Code  Gb  stm32h7xx_hal_cortex.o [8]
HAL_NVIC_SetPriorityGrouping
                         0x800'b3ab    0x1a  Code  Gb  stm32h7xx_hal_cortex.o [8]
HAL_PWREx_ConfigSupply   0x800'bc65    0x44  Code  Gb  stm32h7xx_hal_pwr_ex.o [8]
HAL_PWR_EnableBkUpAccess
                         0x800'bcad     0xc  Code  Gb  stm32h7xx_hal_pwr.o [8]
HAL_RCCEx_GetD3PCLK1Freq
                         0x800'cf03     0xa  Code  Gb  stm32h7xx_hal_rcc_ex.o [8]
HAL_RCCEx_GetPLL1ClockFreq
                         0x800'd0e5    0x66  Code  Gb  stm32h7xx_hal_rcc_ex.o [8]
HAL_RCCEx_GetPLL2ClockFreq
                         0x800'cf21    0x58  Code  Gb  stm32h7xx_hal_rcc_ex.o [8]
HAL_RCCEx_GetPLL3ClockFreq
                         0x800'cf79    0x58  Code  Gb  stm32h7xx_hal_rcc_ex.o [8]
HAL_RCCEx_GetPeriphCLKFreq
                         0x800'cc7d   0x27a  Code  Gb  stm32h7xx_hal_rcc_ex.o [8]
HAL_RCCEx_PeriphCLKConfig
                         0x800'c521   0x726  Code  Gb  stm32h7xx_hal_rcc_ex.o [8]
HAL_RCC_ClockConfig      0x800'c17d   0x1ac  Code  Gb  stm32h7xx_hal_rcc.o [8]
HAL_RCC_GetHCLKFreq      0x800'c483    0x30  Code  Gb  stm32h7xx_hal_rcc.o [8]
HAL_RCC_GetPCLK1Freq     0x800'c4b3    0x10  Code  Gb  stm32h7xx_hal_rcc.o [8]
HAL_RCC_GetPCLK2Freq     0x800'c4c3     0xe  Code  Gb  stm32h7xx_hal_rcc.o [8]
HAL_RCC_GetSysClockFreq
                         0x800'c385    0xf0  Code  Gb  stm32h7xx_hal_rcc.o [8]
HAL_RCC_OscConfig        0x800'bcbd   0x4c0  Code  Wk  stm32h7xx_hal_rcc.o [8]
HAL_RTC_GetDate          0x800'a1cd    0x34  Code  Gb  stm32h7xx_hal_rtc.o [8]
HAL_RTC_GetTime          0x800'a0f3    0x3c  Code  Gb  stm32h7xx_hal_rtc.o [8]
HAL_RTC_Init             0x800'9f95    0x96  Code  Gb  stm32h7xx_hal_rtc.o [8]
HAL_RTC_MspInit          0x800'9bb7    0x3a  Code  Gb  stm32h7xx_hal_msp.o [2]
HAL_RTC_SetDate          0x800'a12f    0x9e  Code  Gb  stm32h7xx_hal_rtc.o [8]
HAL_RTC_SetTime          0x800'a02b    0xc2  Code  Gb  stm32h7xx_hal_rtc.o [8]
HAL_RTC_WaitForSynchro   0x800'a22d    0x32  Code  Gb  stm32h7xx_hal_rtc.o [8]
HAL_SPI_Init             0x800'7bcd   0x11c  Code  Gb  stm32h7xx_hal_spi.o [8]
HAL_SPI_MspInit          0x800'9bfb    0xdc  Code  Gb  stm32h7xx_hal_msp.o [2]
HAL_SPI_Receive          0x800'7ef3   0x1d6  Code  Gb  stm32h7xx_hal_spi.o [8]
HAL_SPI_Transmit         0x800'7cf5   0x1de  Code  Gb  stm32h7xx_hal_spi.o [8]
HAL_SPI_TransmitReceive
                         0x800'80e1   0x2a2  Code  Gb  stm32h7xx_hal_spi.o [8]
HAL_SYSCFG_DisableVREFBUF
                         0x800'8777     0x4  Code  Gb  stm32h7xx_hal.o [8]
HAL_SYSCFG_VREFBUF_HighImpedanceConfig
                         0x800'8773     0x4  Code  Gb  stm32h7xx_hal.o [8]
HAL_SYSTICK_Config       0x800'b417    0x28  Code  Gb  stm32h7xx_hal_cortex.o [8]
HAL_TIMEx_Break2Callback
                         0x800'd3c9     0x2  Code  Wk  stm32h7xx_hal_tim_ex.o [8]
HAL_TIMEx_BreakCallback
                         0x800'd3c7     0x2  Code  Wk  stm32h7xx_hal_tim_ex.o [8]
HAL_TIMEx_CommutCallback
                         0x800'd3cd     0x2  Code  Wk  stm32h7xx_hal_tim_ex.o [8]
HAL_TIMEx_ConfigBreakDeadTime
                         0x800'abb9    0x84  Code  Gb  stm32h7xx_hal_tim_ex.o [8]
HAL_TIMEx_MasterConfigSynchronization
                         0x800'ab3d    0x7c  Code  Gb  stm32h7xx_hal_tim_ex.o [8]
HAL_TIM_Base_Init        0x800'a315    0x1a  Code  Gb  stm32h7xx_hal_tim.o [8]
HAL_TIM_Base_MspInit     0x800'9d13    0x34  Code  Gb  stm32h7xx_hal_msp.o [2]
HAL_TIM_Base_Start_IT    0x800'a32f    0x74  Code  Gb  stm32h7xx_hal_tim.o [8]
HAL_TIM_ConfigClockSource
                         0x800'a6ad    0xb6  Code  Gb  stm32h7xx_hal_tim.o [8]
HAL_TIM_IRQHandler       0x800'a431   0x15c  Code  Gb  stm32h7xx_hal_tim.o [8]
HAL_TIM_MspPostInit      0x800'9d47    0x4a  Code  Gb  stm32h7xx_hal_msp.o [2]
HAL_TIM_PWM_ConfigChannel
                         0x800'a593   0x10e  Code  Gb  stm32h7xx_hal_tim.o [8]
HAL_TIM_PWM_Init         0x800'a3eb    0x1a  Code  Gb  stm32h7xx_hal_tim.o [8]
HAL_TIM_PWM_MspInit      0x800'9cf1    0x22  Code  Gb  stm32h7xx_hal_msp.o [2]
HAL_UARTEx_DisableFifoMode
                         0x800'b29d    0x3a  Code  Gb  stm32h7xx_hal_uart_ex.o [8]
HAL_UARTEx_SetRxFifoThreshold
                         0x800'b2ed    0x14  Code  Gb  stm32h7xx_hal_uart_ex.o [8]
HAL_UARTEx_SetTxFifoThreshold
                         0x800'b2d7    0x16  Code  Gb  stm32h7xx_hal_uart_ex.o [8]
HAL_UART_Init            0x800'ac59    0x3c  Code  Gb  stm32h7xx_hal_uart.o [8]
HAL_UART_MspInit         0x800'9d91   0x14c  Code  Gb  stm32h7xx_hal_msp.o [2]
HRTIM_OutputConfig       0x800'98a9    0x8c  Code  Lc  stm32h7xx_hal_hrtim.o [8]
HardFault_Handler        0x800'da3b     0x2  Code  Gb  stm32h7xx_it.o [2]
Icons                   0x2400'068c    0x24  Data  Gb  peref.o [5]
InterruptUpdate          0x800'd7c5    0xfa  Code  Gb  g_InterruptUpdate.o [4]
LL_ADC_REG_IsTriggerSourceSWStart
                         0x800'87b1     0xe  Code  Lc  stm32h7xx_hal_adc.o [8]
LL_ADC_SetChannelSamplingTime
                         0x800'87bf    0x24  Code  Lc  stm32h7xx_hal_adc.o [8]
LogInputCalc             0x800'b999    0xd4  Code  Gb  peref.o [5]
MCP23S17_init            0x800'bc39    0x14  Code  Gb  peref.o [5]
MCP23S17_read            0x800'bbb9    0x44  Code  Gb  peref.o [5]
MCP23S17_update          0x800'bc4d    0x18  Code  Gb  peref.o [5]
MCP23S17_write           0x800'bb85    0x2a  Code  Gb  peref.o [5]
MemManage_Handler        0x800'da3d     0x2  Code  Gb  stm32h7xx_it.o [2]
NMI_Handler              0x800'da39     0x2  Code  Gb  stm32h7xx_it.o [2]
PFUNC_blkRead            0x800'6c91     0xa  Code  Gb  add_ValueConv.o [2]
PFUNC_wordRead           0x800'6c9b     0x4  Code  Gb  add_ValueConv.o [2]
PendSV_Handler           0x800'da47     0x2  Code  Gb  stm32h7xx_it.o [2]
PeriphCommonClock_Config
                         0x800'7ac1    0x42  Code  Gb  main.o [2]
PutChar                  0x800'd509     0x8  Code  Gb  peref_display.o [5]
PutComm                  0x800'd4ff     0xa  Code  Gb  peref_display.o [5]
PutData                  0x800'd6ad    0x9a  Code  Lc  peref_display.o [5]
RCCEx_PLL2_Config        0x800'd169    0xac  Code  Lc  stm32h7xx_hal_rcc_ex.o [8]
RCCEx_PLL3_Config        0x800'd215    0xac  Code  Lc  stm32h7xx_hal_rcc_ex.o [8]
RTC_ByteToBcd2           0x800'a2fd    0x16  Code  Gb  stm32h7xx_hal_rtc.o [8]
RTC_DefMaxDay            0x800'6cdb    0x34  Code  Gb  peref_Clock.o [5]
RTC_EnterInitMode        0x800'a25f    0x3e  Code  Gb  stm32h7xx_hal_rtc.o [8]
RTC_ExitInitMode         0x800'a29d    0x4c  Code  Gb  stm32h7xx_hal_rtc.o [8]
ReadDcrFull              0x800'67e9    0x36  Code  Lc  core_Menu.o [3]
ReadWriteAllParams       0x800'6a39    0x94  Code  Gb  core_Menu.o [3]
ReadWriteEeprom          0x800'6d29    0x26  Code  Gb  stat.o [6]
RefreshParams            0x800'6dd1     0x2  Code  Gb  g_Ram.o [4]
Region$$Table$$Base      0x800'db40           --   Gb  - Linker created -
Region$$Table$$Limit     0x800'db60           --   Gb  - Linker created -
RtcControl               0x800'ba81    0xd0  Code  Gb  peref.o [5]
RtcControl::PrevDate    0x2400'179c     0x4  Data  Lc  peref.o [5]
RtcControl::PrevTime    0x2400'1798     0x4  Data  Lc  peref.o [5]
RtcStart                0x2400'1790     0x1  Data  Gb  peref.o [5]
RtcUpdateFlag           0x2400'1794     0x4  Data  Gb  peref.o [5]
SPI_CloseTransfer        0x800'83e7    0xb8  Code  Lc  stm32h7xx_hal_spi.o [8]
SPI_WaitOnFlagUntilTimeout
                         0x800'84a5    0x40  Code  Lc  stm32h7xx_hal_spi.o [8]
SVC_Handler              0x800'da43     0x2  Code  Gb  stm32h7xx_it.o [2]
SelectGroup              0x800'5df1    0xaa  Code  Gb  core_Menu.o [3]
SelectParam              0x800'5e9b    0x50  Code  Gb  core_Menu.o [3]
SetDefaultValues         0x800'6985    0xb4  Code  Gb  core_Menu.o [3]
SetDefaultValues::DefAddr
                        0x2400'17b0     0x4  Data  Lc  core_Menu.o [3]
SetModBusParams          0x800'6acd    0x24  Code  Gb  core_Menu.o [3]
ShowParam                0x800'6723    0x32  Code  Lc  core_Menu.o [3]
ShowStart                0x800'63d7    0x3a  Code  Gb  core_Menu.o [3]
ShowValue                0x800'6459   0x2ca  Code  Lc  core_Menu.o [3]
SleepMode                0x800'5d77    0x42  Code  Gb  core_Menu.o [3]
StartDispl               0x800'6755    0x32  Code  Gb  core_Menu.o [3]
StartState               0x800'5db9    0x38  Code  Gb  core_Menu.o [3]
Stat_Init                0x800'6d27     0x2  Code  Gb  stat.o [6]
StrToDec                 0x800'6c4d    0x36  Code  Gb  add_ValueConv.o [2]
Symbols                 0x2400'06bc    0x70  Data  Lc  peref_display.o [5]
SysTick_Handler          0x800'da49     0x4  Code  Gb  stm32h7xx_it.o [2]
SystemClock_Config       0x800'79ef    0xd2  Code  Gb  main.o [2]
SystemCoreClock         0x2400'07d8     0x4  Data  Gb  system_stm32h7xx.o [7]
SystemD2Clock           0x2400'07dc     0x4  Data  Gb  system_stm32h7xx.o [7]
SystemInit               0x800'd8e1    0xa2  Code  Gb  system_stm32h7xx.o [7]
TIM2_IRQHandler          0x800'da5f    0x2c  Code  Gb  stm32h7xx_it.o [2]
TIM_Base_SetConfig       0x800'a783    0xb2  Code  Gb  stm32h7xx_hal_tim.o [8]
TIM_ETR_SetConfig        0x800'ab29    0x14  Code  Gb  stm32h7xx_hal_tim.o [8]
TIM_ITRx_SetConfig       0x800'aae7    0x10  Code  Lc  stm32h7xx_hal_tim.o [8]
TIM_OC1_SetConfig        0x800'a835    0x84  Code  Lc  stm32h7xx_hal_tim.o [8]
TIM_OC2_SetConfig        0x800'a8b9    0x76  Code  Gb  stm32h7xx_hal_tim.o [8]
TIM_OC3_SetConfig        0x800'a92f    0x70  Code  Lc  stm32h7xx_hal_tim.o [8]
TIM_OC4_SetConfig        0x800'a99f    0x56  Code  Lc  stm32h7xx_hal_tim.o [8]
TIM_OC5_SetConfig        0x800'a9f5    0x54  Code  Lc  stm32h7xx_hal_tim.o [8]
TIM_OC6_SetConfig        0x800'aa49    0x56  Code  Lc  stm32h7xx_hal_tim.o [8]
TIM_TI1_ConfigInputStage
                         0x800'aaa1    0x22  Code  Lc  stm32h7xx_hal_tim.o [8]
TIM_TI2_ConfigInputStage
                         0x800'aac3    0x24  Code  Lc  stm32h7xx_hal_tim.o [8]
Task10Hz                0x2400'0478    0x54  Data  Gb  g_InterruptUpdate.o [4]
Task18kHz               0x2400'03b8     0xc  Data  Gb  g_InterruptUpdate.o [4]
Task200Hz               0x2400'03dc    0x18  Data  Gb  g_InterruptUpdate.o [4]
Task2kHz                0x2400'03c4    0x18  Data  Gb  g_InterruptUpdate.o [4]
Task50Hz                0x2400'03f4    0x84  Data  Gb  g_InterruptUpdate.o [4]
TimeSeparator           0x2400'07e2     0x1  Data  Gb  add_ValueConv.o [2]
TimeToStr                0x800'6be9    0x1c  Code  Gb  add_ValueConv.o [2]
TimerIdxToTimerId       0x2400'07c0    0x18  Data  Lc  stm32h7xx_hal_hrtim.o [8]
UARTEx_SetNbDataToProcess
                         0x800'b341    0x3e  Code  Lc  stm32h7xx_hal_uart_ex.o [8]
UARTEx_SetNbDataToProcess::denominator
                         0x800'b388     0x8  Data  Lc  stm32h7xx_hal_uart_ex.o [8]
UARTEx_SetNbDataToProcess::numerator
                         0x800'b380     0x8  Data  Lc  stm32h7xx_hal_uart_ex.o [8]
UARTPrescTable           0x800'b248    0x18  Data  Gb  stm32h7xx_hal_uart.o [8]
UART_AdvFeatureConfig    0x800'b095    0xc8  Code  Gb  stm32h7xx_hal_uart.o [8]
UART_CheckIdleState      0x800'b15d    0x60  Code  Gb  stm32h7xx_hal_uart.o [8]
UART_SetConfig           0x800'acd5   0x3a6  Code  Gb  stm32h7xx_hal_uart.o [8]
UART_WaitOnFlagUntilTimeout
                         0x800'b1bd    0x6c  Code  Gb  stm32h7xx_hal_uart.o [8]
UpdateCode               0x800'6795    0x4a  Code  Gb  core_Menu.o [3]
UsageFault_Handler       0x800'da41     0x2  Code  Gb  stm32h7xx_it.o [2]
WINSTAR_RusTable        0x2400'072c    0x44  Data  Lc  peref_display.o [5]
WriteValue               0x800'6879    0x64  Code  Gb  core_Menu.o [3]
__NVIC_SetPriority       0x800'b391    0x1a  Code  Lc  stm32h7xx_hal_cortex.o [8]
__aeabi_ldiv0            0x800'd7c1          Code  Gb  I64DivZer.o [11]
__aeabi_memclr4          0x800'87a9          Code  Gb  ABImemclr4.o [11]
__cmain                  0x800'db61          Code  Gb  cmain.o [11]
__exit                   0x800'db95    0x14  Code  Gb  exit.o [12]
__iar_Memset4_word       0x800'd37d          Code  Gb  ABImemset48.o [11]
__iar_Memset8_word       0x800'd37d          Code  Gb  ABImemset48.o [11]
__iar_Strchr             0x800'6d11          Code  Gb  strchr.o [11]
__iar_data_init3         0x800'daf5    0x28  Code  Gb  data_init.o [11]
__iar_init_vfp           0x800'db1d          Code  Gb  fpinit_M.o [10]
__iar_lz77_init_single3
                         0x800'd9c1    0x78  Code  Gb  lz77_init_single.o [11]
__iar_program_start      0x800'dba9          Code  Gb  cstartup_M.o [11]
__iar_small_Memcpy       0x800'6b1d          Code  Gb  ABImemcpy_small.o [11]
__iar_small_Memset       0x800'6ca1          Code  Gb  ABImemset_small.o [11]
__iar_small_Memset_word
                         0x800'6ca1          Code  Gb  ABImemset_small.o [11]
__iar_small_memcpy       0x800'6b19          Code  Gb  ABImemcpy_small.o [11]
__iar_small_memcpy4      0x800'6b19          Code  Gb  ABImemcpy_small.o [11]
__iar_small_memcpy8      0x800'6b19          Code  Gb  ABImemcpy_small.o [11]
__iar_small_memset       0x800'6ca1          Code  Gb  ABImemset_small.o [11]
__iar_small_strlen       0x800'6cb5          Code  Gb  strlen_small.o [11]
__iar_small_uldivmod     0x800'd3d1          Code  Gb  I64DivMod_small.o [11]
__iar_zero_init3         0x800'dabd    0x38  Code  Gb  zero_init3.o [11]
__low_level_init         0x800'db7f     0x4  Code  Gb  low_level_init.o [9]
__vector_table           0x800'0000          Data  Gb  startup_stm32h743xx.o [1]
_call_main               0x800'db6d          Code  Gb  cmain.o [11]
_exit                    0x800'db89          Code  Gb  cexit.o [11]
a                       0x2400'17ac     0x4  Data  Gb  core_Menu.o [3]
adc                     0x2400'17a0     0xc  Data  Gb  main.o [2]
addr                    0x2400'06b2     0x2  Data  Gb  peref.o [5]
addrtmp                 0x2400'17b8     0x4  Data  Gb  core_Menu.o [3]
addrtmp2                0x2400'17b4     0x4  Data  Gb  core_Menu.o [3]
btnClose                0x2400'1768     0x4  Data  Gb  peref.o [5]
btnOpen                 0x2400'1764     0x4  Data  Gb  peref.o [5]
btnProg1                0x2400'1774     0x4  Data  Gb  peref.o [5]
btnProg2                0x2400'1778     0x4  Data  Gb  peref.o [5]
btnStop1                0x2400'176c     0x4  Data  Gb  peref.o [5]
btnStop2                0x2400'1770     0x4  Data  Gb  peref.o [5]
coreTLocalControl        0x800'b51f    0xd0  Code  Gb  g_Core.o [3]
coreTLocalControl::prevHalls
                        0x2400'03b4     0x4  Data  Lc  g_Core.o [3]
coreTLocalControl::readyForNewCmd
                        0x2400'0000     0x1  Data  Lc  g_Core.o [3]
coreTS                   0x800'b493    0x78  Code  Gb  g_Core.o [3]
coreTU                   0x800'b479    0x1a  Code  Gb  g_Core.o [3]
count                   0x2400'06b4     0x2  Data  Gb  peref.o [5]
count18kHz              0x2400'04cc     0x4  Data  Gb  g_InterruptUpdate.o [4]
count200Hz              0x2400'04d4     0x4  Data  Gb  g_InterruptUpdate.o [4]
count2kHz               0x2400'04d0     0x4  Data  Gb  g_InterruptUpdate.o [4]
count50Hz               0x2400'04d8     0x4  Data  Gb  g_InterruptUpdate.o [4]
exit                     0x800'db83     0x4  Code  Gb  exit.o [9]
g_Core                  0x2400'0004   0x3b0  Data  Gb  g_Core.o [3]
g_Peref                 0x2400'0500   0x184  Data  Gb  peref.o [5]
g_Ram                   0x2400'07e4   0x5d8  Data  Gb  g_Ram.o [4]
g_Ram_Init               0x800'6d51    0x30  Code  Gb  g_Ram.o [4]
g_Ram_Update             0x800'6d81    0x40  Code  Gb  g_Ram.o [4]
g_Stat                  0x2400'1584    0xc0  Data  Gb  stat.o [6]
gavno                   0x2400'1784     0x4  Data  Gb  peref.o [5]
groups                   0x800'0298    0xa0  Data  Gb  core_Menu.o [3]
hadc1                   0x2400'0dbc    0x64  Data  Gb  main.o [2]
hadc3                   0x2400'0e20    0x64  Data  Gb  main.o [2]
hdma_adc1               0x2400'1644    0x78  Data  Gb  main.o [2]
hdma_adc3               0x2400'16bc    0x78  Data  Gb  main.o [2]
hhrtim                  0x2400'1290    0xdc  Data  Gb  main.o [2]
hrtc                    0x2400'11d4    0x24  Data  Gb  main.o [2]
hspi1                   0x2400'0e84    0x88  Data  Gb  main.o [2]
hspi6                   0x2400'0f0c    0x88  Data  Gb  main.o [2]
htim1                   0x2400'11f8    0x4c  Data  Gb  main.o [2]
htim2                   0x2400'1244    0x4c  Data  Gb  main.o [2]
huart3                  0x2400'1144    0x90  Data  Gb  main.o [2]
huart4                  0x2400'0f94    0x90  Data  Gb  main.o [2]
huart5                  0x2400'1024    0x90  Data  Gb  main.o [2]
huart8                  0x2400'10b4    0x90  Data  Gb  main.o [2]
hui                     0x2400'177c     0x4  Data  Gb  peref.o [5]
main                     0x800'7001   0x932  Code  Gb  main.o [2]
memtemp                 0x2400'06b0     0x2  Data  Gb  peref.o [5]
menu                    0x2400'136c   0x218  Data  Gb  core_Menu.o [3]
murovei                 0x2400'1780     0x4  Data  Gb  peref.o [5]
params                   0x800'0338  0x3474  Data  Gb  core_Menu.o [3]
peref_10HzCalc           0x800'b80d   0x138  Code  Gb  peref.o [5]
peref_18KHzCalc          0x800'b701    0x5c  Code  Gb  peref.o [5]
peref_200HzCalc          0x800'b75f    0x52  Code  Gb  peref.o [5]
peref_2KHzCalc           0x800'b75d     0x2  Code  Gb  peref.o [5]
peref_50HzCalc           0x800'b7b1    0x54  Code  Gb  peref.o [5]
peref_74HC595D           0x800'bb51    0x34  Code  Gb  peref.o [5]
peref_Init               0x800'b609    0xe0  Code  Gb  peref.o [5]
strchr                   0x800'6d11          Code  Gb  strchr.o [11]
strcmp                   0x800'6cc9          Code  Gb  strcmp.o [11]
temp666                 0x2400'1788     0x4  Data  Gb  peref.o [5]
temp777                 0x2400'178c     0x4  Data  Gb  peref.o [5]
tskCnt10Hz              0x2400'04e8     0x4  Data  Gb  g_InterruptUpdate.o [4]
tskCnt200Hz             0x2400'04e0     0x4  Data  Gb  g_InterruptUpdate.o [4]
tskCnt2kHz              0x2400'04dc     0x4  Data  Gb  g_InterruptUpdate.o [4]
tskCnt50Hz              0x2400'04e4     0x4  Data  Gb  g_InterruptUpdate.o [4]
tskMaxCnt10Hz           0x2400'04fc     0x4  Data  Gb  g_InterruptUpdate.o [4]
tskMaxCnt18kHz          0x2400'04ec     0x4  Data  Gb  g_InterruptUpdate.o [4]
tskMaxCnt200Hz          0x2400'04f4     0x4  Data  Gb  g_InterruptUpdate.o [4]
tskMaxCnt2kHz           0x2400'04f0     0x4  Data  Gb  g_InterruptUpdate.o [4]
tskMaxCnt50Hz           0x2400'04f8     0x4  Data  Gb  g_InterruptUpdate.o [4]
uwTick                  0x2400'07b8     0x4  Data  Gb  stm32h7xx_hal.o [8]
uwTickFreq              0x2400'07b4     0x1  Data  Gb  stm32h7xx_hal.o [8]
uwTickPrio              0x2400'07bc     0x4  Data  Gb  stm32h7xx_hal.o [8]
values                   0x800'37ac   0xfd0  Data  Gb  core_Menu.o [3]


[1] = C:\Projects\EBU-6\EBU6\EWARM\EBU6\Obj\Application\EWARM
[2] = C:\Projects\EBU-6\EBU6\EWARM\EBU6\Obj\Application\User\Core
[3] = C:\Projects\EBU-6\EBU6\EWARM\EBU6\Obj\Application\User\Core\Core
[4] = C:\Projects\EBU-6\EBU6\EWARM\EBU6\Obj\Application\User\Core\Global
[5] = C:\Projects\EBU-6\EBU6\EWARM\EBU6\Obj\Application\User\Core\Peref
[6] = C:\Projects\EBU-6\EBU6\EWARM\EBU6\Obj\Application\User\Core\Stat
[7] = C:\Projects\EBU-6\EBU6\EWARM\EBU6\Obj\Drivers\CMSIS
[8] = C:\Projects\EBU-6\EBU6\EWARM\EBU6\Obj\Drivers\STM32H7xx_HAL_Driver
[9] = dl7M_tlf.a
[10] = m7M_tlv.a
[11] = rt7M_tl.a
[12] = shb_l.a

  39'142 bytes of readonly  code memory
  18'094 bytes of readonly  data memory
  22'464 bytes of readwrite data memory

Errors: none
Warnings: none
