###############################################################################
#
# IAR ELF Linker V9.20.1.318/W64 for ARM                  16/Jan/2022  18:33:34
# Copyright 2007-2021 IAR Systems AB.
#
#    Output file  =  C:\Projects\EBU-6\EBU6\EWARM\EBU6\Exe\EBU6.out
#    Map file     =  C:\Projects\EBU-6\EBU6\EWARM\EBU6\List\EBU6.map
#    Command line =
#        -f C:\Projects\EBU-6\EBU6\EWARM\EBU6\Exe\EBU6.out.rsp
#        (C:\Projects\EBU-6\EBU6\EWARM\EBU6\Obj\Application\User\Core\add_ValueConv.o
#        C:\Projects\EBU-6\EBU6\EWARM\EBU6\Obj\Application\User\Core\Core\core_Menu.o
#        C:\Projects\EBU-6\EBU6\EWARM\EBU6\Obj\Application\User\Core\Core\core_VlvDrvCtrl.o
#        C:\Projects\EBU-6\EBU6\EWARM\EBU6\Obj\Application\User\Core\Core\g_Core.o
#        C:\Projects\EBU-6\EBU6\EWARM\EBU6\Obj\Application\User\Core\Global\g_InterruptUpdate.o
#        C:\Projects\EBU-6\EBU6\EWARM\EBU6\Obj\Application\User\Core\Global\g_Ram.o
#        C:\Projects\EBU-6\EBU6\EWARM\EBU6\Obj\Application\User\Core\main.o
#        C:\Projects\EBU-6\EBU6\EWARM\EBU6\Obj\Application\User\Core\Peref\peref.o
#        C:\Projects\EBU-6\EBU6\EWARM\EBU6\Obj\Application\User\Core\Peref\peref_ApFilter1.o
#        C:\Projects\EBU-6\EBU6\EWARM\EBU6\Obj\Application\User\Core\Peref\peref_ApFilter3.o
#        C:\Projects\EBU-6\EBU6\EWARM\EBU6\Obj\Application\User\Core\Peref\peref_Clock.o
#        C:\Projects\EBU-6\EBU6\EWARM\EBU6\Obj\Application\User\Core\Peref\peref_display.o
#        C:\Projects\EBU-6\EBU6\EWARM\EBU6\Obj\Application\User\Core\Peref\peref_SensObserver.o
#        C:\Projects\EBU-6\EBU6\EWARM\EBU6\Obj\Application\User\Core\Peref\peref_SinObserver.o
#        C:\Projects\EBU-6\EBU6\EWARM\EBU6\Obj\Application\EWARM\startup_stm32h743xx.o
#        C:\Projects\EBU-6\EBU6\EWARM\EBU6\Obj\Application\User\Core\Stat\stat.o
#        C:\Projects\EBU-6\EBU6\EWARM\EBU6\Obj\Application\User\Core\Stat\stat_fm25v10.o
#        C:\Projects\EBU-6\EBU6\EWARM\EBU6\Obj\Drivers\STM32H7xx_HAL_Driver\stm32h7xx_hal.o
#        C:\Projects\EBU-6\EBU6\EWARM\EBU6\Obj\Drivers\STM32H7xx_HAL_Driver\stm32h7xx_hal_adc.o
#        C:\Projects\EBU-6\EBU6\EWARM\EBU6\Obj\Drivers\STM32H7xx_HAL_Driver\stm32h7xx_hal_adc_ex.o
#        C:\Projects\EBU-6\EBU6\EWARM\EBU6\Obj\Drivers\STM32H7xx_HAL_Driver\stm32h7xx_hal_cortex.o
#        C:\Projects\EBU-6\EBU6\EWARM\EBU6\Obj\Drivers\STM32H7xx_HAL_Driver\stm32h7xx_hal_dma.o
#        C:\Projects\EBU-6\EBU6\EWARM\EBU6\Obj\Drivers\STM32H7xx_HAL_Driver\stm32h7xx_hal_dma_ex.o
#        C:\Projects\EBU-6\EBU6\EWARM\EBU6\Obj\Drivers\STM32H7xx_HAL_Driver\stm32h7xx_hal_exti.o
#        C:\Projects\EBU-6\EBU6\EWARM\EBU6\Obj\Drivers\STM32H7xx_HAL_Driver\stm32h7xx_hal_flash.o
#        C:\Projects\EBU-6\EBU6\EWARM\EBU6\Obj\Drivers\STM32H7xx_HAL_Driver\stm32h7xx_hal_flash_ex.o
#        C:\Projects\EBU-6\EBU6\EWARM\EBU6\Obj\Drivers\STM32H7xx_HAL_Driver\stm32h7xx_hal_gpio.o
#        C:\Projects\EBU-6\EBU6\EWARM\EBU6\Obj\Drivers\STM32H7xx_HAL_Driver\stm32h7xx_hal_hrtim.o
#        C:\Projects\EBU-6\EBU6\EWARM\EBU6\Obj\Drivers\STM32H7xx_HAL_Driver\stm32h7xx_hal_hsem.o
#        C:\Projects\EBU-6\EBU6\EWARM\EBU6\Obj\Drivers\STM32H7xx_HAL_Driver\stm32h7xx_hal_i2c.o
#        C:\Projects\EBU-6\EBU6\EWARM\EBU6\Obj\Drivers\STM32H7xx_HAL_Driver\stm32h7xx_hal_i2c_ex.o
#        C:\Projects\EBU-6\EBU6\EWARM\EBU6\Obj\Drivers\STM32H7xx_HAL_Driver\stm32h7xx_hal_mdma.o
#        C:\Projects\EBU-6\EBU6\EWARM\EBU6\Obj\Application\User\Core\stm32h7xx_hal_msp.o
#        C:\Projects\EBU-6\EBU6\EWARM\EBU6\Obj\Drivers\STM32H7xx_HAL_Driver\stm32h7xx_hal_pwr.o
#        C:\Projects\EBU-6\EBU6\EWARM\EBU6\Obj\Drivers\STM32H7xx_HAL_Driver\stm32h7xx_hal_pwr_ex.o
#        C:\Projects\EBU-6\EBU6\EWARM\EBU6\Obj\Drivers\STM32H7xx_HAL_Driver\stm32h7xx_hal_rcc.o
#        C:\Projects\EBU-6\EBU6\EWARM\EBU6\Obj\Drivers\STM32H7xx_HAL_Driver\stm32h7xx_hal_rcc_ex.o
#        C:\Projects\EBU-6\EBU6\EWARM\EBU6\Obj\Drivers\STM32H7xx_HAL_Driver\stm32h7xx_hal_rtc.o
#        C:\Projects\EBU-6\EBU6\EWARM\EBU6\Obj\Drivers\STM32H7xx_HAL_Driver\stm32h7xx_hal_rtc_ex.o
#        C:\Projects\EBU-6\EBU6\EWARM\EBU6\Obj\Drivers\STM32H7xx_HAL_Driver\stm32h7xx_hal_spi.o
#        C:\Projects\EBU-6\EBU6\EWARM\EBU6\Obj\Drivers\STM32H7xx_HAL_Driver\stm32h7xx_hal_spi_ex.o
#        C:\Projects\EBU-6\EBU6\EWARM\EBU6\Obj\Drivers\STM32H7xx_HAL_Driver\stm32h7xx_hal_tim.o
#        C:\Projects\EBU-6\EBU6\EWARM\EBU6\Obj\Drivers\STM32H7xx_HAL_Driver\stm32h7xx_hal_tim_ex.o
#        C:\Projects\EBU-6\EBU6\EWARM\EBU6\Obj\Drivers\STM32H7xx_HAL_Driver\stm32h7xx_hal_uart.o
#        C:\Projects\EBU-6\EBU6\EWARM\EBU6\Obj\Drivers\STM32H7xx_HAL_Driver\stm32h7xx_hal_uart_ex.o
#        C:\Projects\EBU-6\EBU6\EWARM\EBU6\Obj\Application\User\Core\stm32h7xx_it.o
#        C:\Projects\EBU-6\EBU6\EWARM\EBU6\Obj\Drivers\CMSIS\system_stm32h7xx.o
#        --no_out_extension -o C:\Projects\EBU-6\EBU6\EWARM\EBU6\Exe\EBU6.out
#        --redirect _Printf=_PrintfFullNoMb --redirect _Scanf=_ScanfFullNoMb
#        --map C:\Projects\EBU-6\EBU6\EWARM\EBU6\List\EBU6.map --config
#        C:\Projects\EBU-6\EBU6\EWARM/stm32h743xx_flash.icf --semihosting
#        --entry __iar_program_start --vfe --text_out locale)
#
###############################################################################

*******************************************************************************
*** RUNTIME MODEL ATTRIBUTES
***

CppFlavor       = *
__CPP_Runtime   = 1
__SystemLibrary = DLib
__dlib_version  = 6


*******************************************************************************
*** HEAP SELECTION
***

The basic heap was selected because no calls to memory allocation
functions were found in the application outside of system library
functions, and there are calls to deallocation functions in the
application.


*******************************************************************************
*** PLACEMENT SUMMARY
***

"A0":  place at address 0x800'0000 { ro section .intvec };
"P1":  place in [from 0x800'0000 to 0x81f'ffff] { ro };
define block CSTACK with size = 16K, alignment = 8 { };
define block HEAP with size = 8K, alignment = 8 { };
"P2":  place in [from 0x2400'0000 to 0x2407'ffff] {
          rw, block CSTACK, block HEAP };
initialize by copy { rw };

  Section            Kind         Address      Size  Object
  -------            ----         -------      ----  ------
"A0":                                         0x298
  .intvec            ro code   0x800'0000     0x298  startup_stm32h743xx.o [1]
                             - 0x800'0298     0x298

"P1":                                      0x1'2099
  .rodata            const     0x800'0298    0x36fc  core_Menu.o [3]
  .text              ro code   0x800'3994    0x1a2c  stm32h7xx_hal_dma.o [8]
  .text              ro code   0x800'53c0       0xc  stm32h7xx_hal.o [8]
  .text              ro code   0x800'53cc    0x19f0  stm32h7xx_hal_rcc_ex.o [8]
  .text              ro code   0x800'6dbc     0x568  stm32h7xx_hal_rcc.o [8]
  .text              ro code   0x800'7324      0x58  stm32h7xx_hal.o [8]
  .text              ro code   0x800'737c     0x154  stm32h7xx_hal_cortex.o [8]
  .text              ro code   0x800'74d0    0x17f0  core_Menu.o [3]
  .text              ro code   0x800'8cc0      0x18  strcpy.o [11]
  .text              ro code   0x800'8cd8      0x66  ABImemset.o [11]
  .text              ro code   0x800'8d40     0x1be  add_ValueConv.o [2]
  .text              ro code   0x800'8f00      0x36  strlen.o [11]
  .text              ro code   0x800'8f38      0x12  strcmp.o [11]
  .text              ro code   0x800'8f4a      0x3e  peref_Clock.o [5]
  .text              ro code   0x800'8f88      0x16  strchr.o [11]
  .text              ro code   0x800'8fa0      0xa6  ABImemcpy.o [11]
  .text              ro code   0x800'9046      0x32  stat.o [6]
  .text              ro code   0x800'9078      0xa4  g_Ram.o [4]
  .text              ro code   0x800'911c     0x2cc  stat_fm25v10.o [6]
  .text              ro code   0x800'93e8     0xe40  main.o [2]
  .text              ro code   0x800'a228     0x2a4  stm32h7xx_hal_gpio.o [8]
  .text              ro code   0x800'a4cc     0xc62  stm32h7xx_hal_spi.o [8]
  .text              ro code   0x800'b130      0x98  stm32h7xx_hal.o [8]
  .text              ro code   0x800'b1c8     0xfd0  stm32h7xx_hal_adc.o [8]
  .text              ro code   0x800'c198     0x290  g_Core.o [3]
  .text              ro code   0x800'c428     0xa2e  peref.o [5]
  .text              ro code   0x800'ce58     0xb96  stm32h7xx_hal_tim.o [8]
  .text              ro code   0x800'd9f0      0x58  stm32h7xx_hal_pwr_ex.o [8]
  .text              ro code   0x800'da48      0x10  stm32h7xx_hal_pwr.o [8]
  .text              ro code   0x800'da58     0x688  stm32h7xx_hal_rcc.o [8]
  .text              ro code   0x800'e0e0     0x170  stm32h7xx_hal_adc_ex.o [8]
  .text              ro code   0x800'e250     0x60c  stm32h7xx_hal_hrtim.o [8]
  .text              ro code   0x800'e85c     0x774  stm32h7xx_hal_msp.o [2]
  .text              ro code   0x800'efd0     0x446  stm32h7xx_hal_rtc.o [8]
  .text              ro code   0x800'f418     0x14c  stm32h7xx_hal_tim_ex.o [8]
  .text              ro code   0x800'f564     0x84c  stm32h7xx_hal_uart.o [8]
  .text              ro code   0x800'fdb0     0x170  stm32h7xx_hal_uart_ex.o [8]
  .text              ro code   0x800'ff20       0x2  stm32h7xx_hal_adc_ex.o [8]
  .text              ro code   0x800'ff22       0x2  stm32h7xx_hal_adc.o [8]
  .text              ro code   0x800'ff24       0x2  stm32h7xx_hal_adc_ex.o [8]
  .text              ro code   0x800'ff26       0x2  stm32h7xx_hal_adc.o [8]
  .text              ro code   0x800'ff28       0x2  stm32h7xx_hal_adc_ex.o [8]
  .text              ro code   0x800'ff2a       0x2  stm32h7xx_hal_adc_ex.o [8]
  .text              ro code   0x800'ff2c       0x2  stm32h7xx_hal_adc.o [8]
  .text              ro code   0x800'ff2e       0x2  stm32h7xx_hal_adc_ex.o [8]
  .text              ro code   0x800'ff30       0x2  stm32h7xx_hal_adc.o [8]
  .text              ro code   0x800'ff34     0x3e0  peref_display.o [5]
  .text              ro code   0x801'0314      0x74  peref_ApFilter1.o [5]
  .text              ro code   0x801'0388     0x284  peref_SensObserver.o [5]
  .text              ro code   0x801'060c     0x114  peref_SinObserver.o [5]
  .text              ro code   0x801'0720       0x8  abs.o [9]
  .text              ro code   0x801'0728       0x2  stm32h7xx_hal_tim.o [8]
  .text              ro code   0x801'072a       0x2  stm32h7xx_hal_tim.o [8]
  .text              ro code   0x801'072c       0x2  stm32h7xx_hal_tim.o [8]
  .text              ro code   0x801'072e       0x2  stm32h7xx_hal_tim.o [8]
  .text              ro code   0x801'0730       0x2  stm32h7xx_hal_tim.o [8]
  .text              ro code   0x801'0732       0x2  stm32h7xx_hal_tim_ex.o [8]
  .text              ro code   0x801'0734       0x2  stm32h7xx_hal_tim_ex.o [8]
  .text              ro code   0x801'0736       0x2  stm32h7xx_hal_tim.o [8]
  .text              ro code   0x801'0738       0x2  stm32h7xx_hal_tim_ex.o [8]
  .text              ro code   0x801'073c     0x230  I64DivMod.o [11]
  .text              ro code   0x801'096c      0x1e  sqrt.o [10]
  .text              ro code   0x801'098c       0x2  I64DivZer.o [11]
  .rodata            const     0x801'0990     0xfd0  core_Menu.o [3]
  .text              ro code   0x801'1960     0x21c  g_InterruptUpdate.o [4]
  .text              ro code   0x801'1b7c     0x120  system_stm32h7xx.o [7]
  .rodata            const     0x801'1c9c      0xa0  core_Menu.o [3]
  .text              ro code   0x801'1d3c      0x88  stm32h7xx_it.o [2]
  .text              ro code   0x801'1dc4      0x18  stm32h7xx_hal.o [8]
  .text              ro code   0x801'1ddc      0x78  lz77_init_single.o [11]
  .text              ro code   0x801'1e54      0x38  zero_init3.o [11]
  .text              ro code   0x801'1e8c      0x28  data_init.o [11]
  .text              ro code   0x801'1eb4      0x22  fpinit_M.o [10]
  .iar.init_table    const     0x801'1ed8      0x20  - Linker created -
  .text              ro code   0x801'1ef8      0x1e  cmain.o [11]
  .text              ro code   0x801'1f16       0x4  low_level_init.o [9]
  .text              ro code   0x801'1f1a       0x4  exit.o [9]
  .text              ro code   0x801'1f20       0xa  cexit.o [11]
  .text              ro code   0x801'1f2c      0x14  exit.o [12]
  .text              ro code   0x801'1f40      0x1c  cstartup_M.o [11]
  .rodata            const     0x801'1f5c      0x18  stm32h7xx_hal_uart.o [8]
  .rodata            const     0x801'1f74      0x10  system_stm32h7xx.o [7]
  .text              ro code   0x801'1f84      0x10  startup_stm32h743xx.o [1]
  .rodata            const     0x801'1f94       0x8  core_Menu.o [3]
  .rodata            const     0x801'1f9c       0x8  stm32h7xx_hal_dma.o [8]
  .rodata            const     0x801'1fa4       0x8  stm32h7xx_hal_uart_ex.o [8]
  .rodata            const     0x801'1fac       0x8  stm32h7xx_hal_uart_ex.o [8]
  .text              ro code   0x801'1fb4       0x4  startup_stm32h743xx.o [1]
  .text              ro code   0x801'1fb8       0x4  startup_stm32h743xx.o [1]
  .text              ro code   0x801'1fbc       0x4  startup_stm32h743xx.o [1]
  .text              ro code   0x801'1fc0       0x4  startup_stm32h743xx.o [1]
  .text              ro code   0x801'1fc4       0x4  startup_stm32h743xx.o [1]
  .text              ro code   0x801'1fc8       0x4  startup_stm32h743xx.o [1]
  .text              ro code   0x801'1fcc       0x4  startup_stm32h743xx.o [1]
  .text              ro code   0x801'1fd0       0x4  startup_stm32h743xx.o [1]
  .text              ro code   0x801'1fd4       0x4  startup_stm32h743xx.o [1]
  .text              ro code   0x801'1fd8       0x4  startup_stm32h743xx.o [1]
  .text              ro code   0x801'1fdc       0x4  startup_stm32h743xx.o [1]
  .text              ro code   0x801'1fe0       0x4  startup_stm32h743xx.o [1]
  .text              ro code   0x801'1fe4       0x4  startup_stm32h743xx.o [1]
  .text              ro code   0x801'1fe8       0x4  startup_stm32h743xx.o [1]
  .text              ro code   0x801'1fec       0x4  startup_stm32h743xx.o [1]
  .text              ro code   0x801'1ff0       0x4  startup_stm32h743xx.o [1]
  .text              ro code   0x801'1ff4       0x4  startup_stm32h743xx.o [1]
  .text              ro code   0x801'1ff8       0x4  startup_stm32h743xx.o [1]
  .text              ro code   0x801'1ffc       0x4  startup_stm32h743xx.o [1]
  .text              ro code   0x801'2000       0x4  startup_stm32h743xx.o [1]
  .text              ro code   0x801'2004       0x4  startup_stm32h743xx.o [1]
  .text              ro code   0x801'2008       0x4  startup_stm32h743xx.o [1]
  .text              ro code   0x801'200c       0x4  startup_stm32h743xx.o [1]
  .text              ro code   0x801'2010       0x4  startup_stm32h743xx.o [1]
  .text              ro code   0x801'2014       0x4  startup_stm32h743xx.o [1]
  .text              ro code   0x801'2018       0x4  startup_stm32h743xx.o [1]
  .text              ro code   0x801'201c       0x4  startup_stm32h743xx.o [1]
  .text              ro code   0x801'2020       0x4  startup_stm32h743xx.o [1]
  .text              ro code   0x801'2024       0x4  startup_stm32h743xx.o [1]
  .text              ro code   0x801'2028       0x4  startup_stm32h743xx.o [1]
  .text              ro code   0x801'202c       0x4  startup_stm32h743xx.o [1]
  .text              ro code   0x801'2030       0x4  startup_stm32h743xx.o [1]
  .text              ro code   0x801'2034       0x4  startup_stm32h743xx.o [1]
  .text              ro code   0x801'2038       0x4  startup_stm32h743xx.o [1]
  .text              ro code   0x801'203c       0x4  startup_stm32h743xx.o [1]
  .text              ro code   0x801'2040       0x4  startup_stm32h743xx.o [1]
  .text              ro code   0x801'2044       0x4  startup_stm32h743xx.o [1]
  .text              ro code   0x801'2048       0x4  startup_stm32h743xx.o [1]
  .text              ro code   0x801'204c       0x4  startup_stm32h743xx.o [1]
  .text              ro code   0x801'2050       0x4  startup_stm32h743xx.o [1]
  .text              ro code   0x801'2054       0x4  startup_stm32h743xx.o [1]
  .text              ro code   0x801'2058       0x4  startup_stm32h743xx.o [1]
  .text              ro code   0x801'205c       0x4  startup_stm32h743xx.o [1]
  .text              ro code   0x801'2060       0x4  startup_stm32h743xx.o [1]
  .text              ro code   0x801'2064       0x4  startup_stm32h743xx.o [1]
  .text              ro code   0x801'2068       0x4  startup_stm32h743xx.o [1]
  .text              ro code   0x801'206c       0x4  startup_stm32h743xx.o [1]
  .text              ro code   0x801'2070       0x4  startup_stm32h743xx.o [1]
  .text              ro code   0x801'2074       0x4  startup_stm32h743xx.o [1]
  .text              ro code   0x801'2078       0x4  startup_stm32h743xx.o [1]
  .text              ro code   0x801'207c       0x4  startup_stm32h743xx.o [1]
  .text              ro code   0x801'2080       0x4  startup_stm32h743xx.o [1]
  .text              ro code   0x801'2084       0x4  startup_stm32h743xx.o [1]
  .text              ro code   0x801'2088       0x4  startup_stm32h743xx.o [1]
  .text              ro code   0x801'208c       0x4  startup_stm32h743xx.o [1]
  .text              ro code   0x801'2090       0x4  startup_stm32h743xx.o [1]
  .text              ro code   0x801'2094       0x4  startup_stm32h743xx.o [1]
  .text              ro code   0x801'2098       0x4  startup_stm32h743xx.o [1]
  .text              ro code   0x801'209c       0x4  startup_stm32h743xx.o [1]
  .text              ro code   0x801'20a0       0x4  startup_stm32h743xx.o [1]
  .text              ro code   0x801'20a4       0x4  startup_stm32h743xx.o [1]
  .text              ro code   0x801'20a8       0x4  startup_stm32h743xx.o [1]
  .text              ro code   0x801'20ac       0x4  startup_stm32h743xx.o [1]
  .text              ro code   0x801'20b0       0x4  startup_stm32h743xx.o [1]
  .text              ro code   0x801'20b4       0x4  startup_stm32h743xx.o [1]
  .text              ro code   0x801'20b8       0x4  startup_stm32h743xx.o [1]
  .text              ro code   0x801'20bc       0x4  startup_stm32h743xx.o [1]
  .text              ro code   0x801'20c0       0x4  startup_stm32h743xx.o [1]
  .text              ro code   0x801'20c4       0x4  startup_stm32h743xx.o [1]
  .text              ro code   0x801'20c8       0x4  startup_stm32h743xx.o [1]
  .text              ro code   0x801'20cc       0x4  startup_stm32h743xx.o [1]
  .text              ro code   0x801'20d0       0x4  startup_stm32h743xx.o [1]
  .text              ro code   0x801'20d4       0x4  startup_stm32h743xx.o [1]
  .text              ro code   0x801'20d8       0x4  startup_stm32h743xx.o [1]
  .text              ro code   0x801'20dc       0x4  startup_stm32h743xx.o [1]
  .text              ro code   0x801'20e0       0x4  startup_stm32h743xx.o [1]
  .text              ro code   0x801'20e4       0x4  startup_stm32h743xx.o [1]
  .text              ro code   0x801'20e8       0x4  startup_stm32h743xx.o [1]
  .text              ro code   0x801'20ec       0x4  startup_stm32h743xx.o [1]
  .text              ro code   0x801'20f0       0x4  startup_stm32h743xx.o [1]
  .text              ro code   0x801'20f4       0x4  startup_stm32h743xx.o [1]
  .text              ro code   0x801'20f8       0x4  startup_stm32h743xx.o [1]
  .text              ro code   0x801'20fc       0x4  startup_stm32h743xx.o [1]
  .text              ro code   0x801'2100       0x4  startup_stm32h743xx.o [1]
  .text              ro code   0x801'2104       0x4  startup_stm32h743xx.o [1]
  .text              ro code   0x801'2108       0x4  startup_stm32h743xx.o [1]
  .text              ro code   0x801'210c       0x4  startup_stm32h743xx.o [1]
  .text              ro code   0x801'2110       0x4  startup_stm32h743xx.o [1]
  .text              ro code   0x801'2114       0x4  startup_stm32h743xx.o [1]
  .text              ro code   0x801'2118       0x4  startup_stm32h743xx.o [1]
  .text              ro code   0x801'211c       0x4  startup_stm32h743xx.o [1]
  .text              ro code   0x801'2120       0x4  startup_stm32h743xx.o [1]
  .text              ro code   0x801'2124       0x4  startup_stm32h743xx.o [1]
  .text              ro code   0x801'2128       0x4  startup_stm32h743xx.o [1]
  .text              ro code   0x801'212c       0x4  startup_stm32h743xx.o [1]
  .text              ro code   0x801'2130       0x4  startup_stm32h743xx.o [1]
  .text              ro code   0x801'2134       0x4  startup_stm32h743xx.o [1]
  .text              ro code   0x801'2138       0x4  startup_stm32h743xx.o [1]
  .text              ro code   0x801'213c       0x4  startup_stm32h743xx.o [1]
  .text              ro code   0x801'2140       0x4  startup_stm32h743xx.o [1]
  .text              ro code   0x801'2144       0x4  startup_stm32h743xx.o [1]
  .text              ro code   0x801'2148       0x4  startup_stm32h743xx.o [1]
  .text              ro code   0x801'214c       0x4  startup_stm32h743xx.o [1]
  .text              ro code   0x801'2150       0x4  startup_stm32h743xx.o [1]
  .text              ro code   0x801'2154       0x4  startup_stm32h743xx.o [1]
  .text              ro code   0x801'2158       0x4  startup_stm32h743xx.o [1]
  .text              ro code   0x801'215c       0x4  startup_stm32h743xx.o [1]
  .text              ro code   0x801'2160       0x4  startup_stm32h743xx.o [1]
  .text              ro code   0x801'2164       0x4  startup_stm32h743xx.o [1]
  .text              ro code   0x801'2168       0x4  startup_stm32h743xx.o [1]
  .text              ro code   0x801'216c       0x4  startup_stm32h743xx.o [1]
  .text              ro code   0x801'2170       0x4  startup_stm32h743xx.o [1]
  .text              ro code   0x801'2174       0x4  startup_stm32h743xx.o [1]
  .text              ro code   0x801'2178       0x4  startup_stm32h743xx.o [1]
  .text              ro code   0x801'217c       0x4  startup_stm32h743xx.o [1]
  .text              ro code   0x801'2180       0x4  startup_stm32h743xx.o [1]
  .text              ro code   0x801'2184       0x4  startup_stm32h743xx.o [1]
  .text              ro code   0x801'2188       0x4  startup_stm32h743xx.o [1]
  .text              ro code   0x801'218c       0x4  startup_stm32h743xx.o [1]
  .text              ro code   0x801'2190       0x4  startup_stm32h743xx.o [1]
  .text              ro code   0x801'2194       0x4  startup_stm32h743xx.o [1]
  .text              ro code   0x801'2198       0x4  startup_stm32h743xx.o [1]
  .text              ro code   0x801'219c       0x4  startup_stm32h743xx.o [1]
  .text              ro code   0x801'21a0       0x4  startup_stm32h743xx.o [1]
  .text              ro code   0x801'21a4       0x4  startup_stm32h743xx.o [1]
  .text              ro code   0x801'21a8       0x4  startup_stm32h743xx.o [1]
  .text              ro code   0x801'21ac       0x4  startup_stm32h743xx.o [1]
  .text              ro code   0x801'21b0       0x4  startup_stm32h743xx.o [1]
  .text              ro code   0x801'21b4       0x4  startup_stm32h743xx.o [1]
  .text              ro code   0x801'21b8       0x4  startup_stm32h743xx.o [1]
  .text              ro code   0x801'21bc       0x4  startup_stm32h743xx.o [1]
  .text              ro code   0x801'21c0       0x4  startup_stm32h743xx.o [1]
  .text              ro code   0x801'21c4       0x4  startup_stm32h743xx.o [1]
  .text              ro code   0x801'21c8       0x4  startup_stm32h743xx.o [1]
  .rodata            const     0x801'21cc       0x0  zero_init3.o [11]
  .rodata            const     0x801'21cc       0x0  lz77_init_single.o [11]
  Initializer bytes  const     0x801'21cc     0x165  <for P2-1>
                             - 0x801'2331  0x1'2099

"P2", part 1 of 3:                            0x222
  P2-1                        0x2400'0000     0x222  <Init block>
    .data            inited   0x2400'0000       0xc  g_InterruptUpdate.o [4]
    .data            inited   0x2400'000c      0x18  g_InterruptUpdate.o [4]
    .data            inited   0x2400'0024      0x18  g_InterruptUpdate.o [4]
    .data            inited   0x2400'003c      0x84  g_InterruptUpdate.o [4]
    .data            inited   0x2400'00c0      0x54  g_InterruptUpdate.o [4]
    .data            inited   0x2400'0114       0x4  g_InterruptUpdate.o [4]
    .data            inited   0x2400'0118       0x4  g_InterruptUpdate.o [4]
    .data            inited   0x2400'011c       0x4  g_InterruptUpdate.o [4]
    .data            inited   0x2400'0120       0x4  g_InterruptUpdate.o [4]
    .data            inited   0x2400'0124       0x4  g_InterruptUpdate.o [4]
    .data            inited   0x2400'0128       0x4  peref.o [5]
    .data            inited   0x2400'012c       0x4  peref.o [5]
    .data            inited   0x2400'0130       0x4  peref.o [5]
    .data            inited   0x2400'0134      0x24  peref.o [5]
    .data            inited   0x2400'0158       0x4  peref.o [5]
    .data            inited   0x2400'015c      0x70  peref_display.o [5]
    .data            inited   0x2400'01cc      0x44  peref_display.o [5]
    .data            inited   0x2400'0210       0x4  stm32h7xx_hal.o [8]
    .data            inited   0x2400'0214       0x4  system_stm32h7xx.o [7]
    .data            inited   0x2400'0218       0x4  system_stm32h7xx.o [7]
    .data            inited   0x2400'021c       0x1  add_ValueConv.o [2]
    .data            inited   0x2400'021d       0x1  add_ValueConv.o [2]
    .data            inited   0x2400'021e       0x1  add_ValueConv.o [2]
    .data            inited   0x2400'021f       0x1  add_ValueConv.o [2]
    .data            inited   0x2400'0220       0x1  g_Core.o [3]
    .data            inited   0x2400'0221       0x1  stm32h7xx_hal.o [8]
                            - 0x2400'0222     0x222

"P2", part 2 of 3:                           0x191c
  .bss               zero     0x2400'0224     0x620  g_Ram.o [4]
  .bss               zero     0x2400'0844     0x538  peref.o [5]
  .bss               zero     0x2400'0d7c     0x3b0  g_Core.o [3]
  .bss               zero     0x2400'112c     0x218  core_Menu.o [3]
  .bss               zero     0x2400'1344      0xdc  main.o [2]
  .bss               zero     0x2400'1420      0xc0  stat.o [6]
  .bss               zero     0x2400'14e0      0x90  main.o [2]
  .bss               zero     0x2400'1570      0x90  main.o [2]
  .bss               zero     0x2400'1600      0x90  main.o [2]
  .bss               zero     0x2400'1690      0x90  main.o [2]
  .bss               zero     0x2400'1720      0x88  main.o [2]
  .bss               zero     0x2400'17a8      0x88  main.o [2]
  .bss               zero     0x2400'1830      0x78  main.o [2]
  .bss               zero     0x2400'18a8      0x78  main.o [2]
  .bss               zero     0x2400'1920      0x64  main.o [2]
  .bss               zero     0x2400'1984      0x64  main.o [2]
  .bss               zero     0x2400'19e8      0x4c  main.o [2]
  .bss               zero     0x2400'1a34      0x4c  main.o [2]
  .bss               zero     0x2400'1a80      0x34  g_Core.o [3]
  .bss               zero     0x2400'1ab4      0x24  main.o [2]
  .bss               zero     0x2400'1ad8       0x4  core_Menu.o [3]
  .bss               zero     0x2400'1adc       0x4  core_Menu.o [3]
  .bss               zero     0x2400'1ae0       0x4  core_Menu.o [3]
  .bss               zero     0x2400'1ae4       0x4  core_Menu.o [3]
  .bss               zero     0x2400'1ae8       0x4  g_Core.o [3]
  .bss               zero     0x2400'1aec       0x4  g_InterruptUpdate.o [4]
  .bss               zero     0x2400'1af0       0x4  g_InterruptUpdate.o [4]
  .bss               zero     0x2400'1af4       0x4  g_InterruptUpdate.o [4]
  .bss               zero     0x2400'1af8       0x4  g_InterruptUpdate.o [4]
  .bss               zero     0x2400'1afc       0x4  g_InterruptUpdate.o [4]
  .bss               zero     0x2400'1b00       0x4  g_InterruptUpdate.o [4]
  .bss               zero     0x2400'1b04       0x4  g_InterruptUpdate.o [4]
  .bss               zero     0x2400'1b08       0x4  g_InterruptUpdate.o [4]
  .bss               zero     0x2400'1b0c       0x4  peref.o [5]
  .bss               zero     0x2400'1b10       0x4  peref.o [5]
  .bss               zero     0x2400'1b14       0x4  peref.o [5]
  .bss               zero     0x2400'1b18       0x4  peref.o [5]
  .bss               zero     0x2400'1b1c       0x4  peref.o [5]
  .bss               zero     0x2400'1b20       0x4  peref.o [5]
  .bss               zero     0x2400'1b24       0x4  peref.o [5]
  .bss               zero     0x2400'1b28       0x4  peref.o [5]
  .bss               zero     0x2400'1b2c       0x4  peref.o [5]
  .bss               zero     0x2400'1b30       0x4  stm32h7xx_hal.o [8]
  .bss               zero     0x2400'1b34       0x4  stm32h7xx_it.o [2]
  .bss               zero     0x2400'1b38       0x2  peref.o [5]
  .bss               zero     0x2400'1b3a       0x2  peref.o [5]
  .bss               zero     0x2400'1b3c       0x2  peref.o [5]
  .bss               zero     0x2400'1b3e       0x1  peref.o [5]
                            - 0x2400'1b3f    0x191b

"P2", part 3 of 3:                           0x4000
  CSTACK                      0x2400'1b40    0x4000  <Block>
    CSTACK           uninit   0x2400'1b40    0x4000  <Block tail>
                            - 0x2400'5b40    0x4000

Unused ranges:

         From           To       Size
         ----           --       ----
   0x801'2331   0x81f'ffff  0x1e'dccf
  0x2400'0222  0x2400'0223        0x2
  0x2400'5b40  0x2407'ffff   0x7'a4c0


*******************************************************************************
*** INIT TABLE
***

          Address      Size
          -------      ----
Zero (__iar_zero_init3)
    1 destination range, total size 0x191b:
          0x2400'0224  0x191b

Copy/lz77 (__iar_lz77_init_single3)
    1 source range, total size 0x165 (65% of destination):
           0x801'21cc   0x165
    1 destination range, total size 0x222:
          0x2400'0000   0x222



*******************************************************************************
*** MODULE SUMMARY
***

    Module                   ro code  ro data  rw data
    ------                   -------  -------  -------
command line/config:
    --------------------------------------------------
    Total:

C:\Projects\EBU-6\EBU6\EWARM\EBU6\Obj\Application\EWARM: [1]
    startup_stm32h743xx.o      1'216
    --------------------------------------------------
    Total:                     1'216

C:\Projects\EBU-6\EBU6\EWARM\EBU6\Obj\Application\User\Core: [2]
    add_ValueConv.o              446        2        4
    main.o                     3'648             1'696
    stm32h7xx_hal_msp.o        1'908
    stm32h7xx_it.o               136                 4
    --------------------------------------------------
    Total:                     6'138        2    1'704

C:\Projects\EBU-6\EBU6\EWARM\EBU6\Obj\Application\User\Core\Core: [3]
    core_Menu.o                6'128   18'292      552
    g_Core.o                     656        1    1'001
    --------------------------------------------------
    Total:                     6'784   18'293    1'553

C:\Projects\EBU-6\EBU6\EWARM\EBU6\Obj\Application\User\Core\Global: [4]
    g_InterruptUpdate.o          540      193      328
    g_Ram.o                      164             1'568
    --------------------------------------------------
    Total:                       704      193    1'896

C:\Projects\EBU-6\EBU6\EWARM\EBU6\Obj\Application\User\Core\Peref: [5]
    peref.o                    2'606       34    1'431
    peref_ApFilter1.o            116
    peref_Clock.o                 62
    peref_SensObserver.o         644
    peref_SinObserver.o          276
    peref_display.o              992      118      180
    --------------------------------------------------
    Total:                     4'696      152    1'611

C:\Projects\EBU-6\EBU6\EWARM\EBU6\Obj\Application\User\Core\Stat: [6]
    stat.o                        50               192
    stat_fm25v10.o               716
    --------------------------------------------------
    Total:                       766               192

C:\Projects\EBU-6\EBU6\EWARM\EBU6\Obj\Drivers\CMSIS: [7]
    system_stm32h7xx.o           288       22        8
    --------------------------------------------------
    Total:                       288       22        8

C:\Projects\EBU-6\EBU6\EWARM\EBU6\Obj\Drivers\STM32H7xx_HAL_Driver: [8]
    stm32h7xx_hal.o              276        3        9
    stm32h7xx_hal_adc.o        4'056
    stm32h7xx_hal_adc_ex.o       378
    stm32h7xx_hal_cortex.o       340
    stm32h7xx_hal_dma.o        6'700        8
    stm32h7xx_hal_gpio.o         676
    stm32h7xx_hal_hrtim.o      1'548
    stm32h7xx_hal_pwr.o           16
    stm32h7xx_hal_pwr_ex.o        88
    stm32h7xx_hal_rcc.o        3'056
    stm32h7xx_hal_rcc_ex.o     6'640
    stm32h7xx_hal_rtc.o        1'094
    stm32h7xx_hal_spi.o        3'170
    stm32h7xx_hal_tim.o        2'978
    stm32h7xx_hal_tim_ex.o       338
    stm32h7xx_hal_uart.o       2'124       24
    stm32h7xx_hal_uart_ex.o      368       16
    --------------------------------------------------
    Total:                    33'846       51        9

dl7M_tlf.a: [9]
    abs.o                          8
    exit.o                         4
    low_level_init.o               4
    --------------------------------------------------
    Total:                        16

m7M_tlv.a: [10]
    fpinit_M.o                    34
    sqrt.o                        30
    --------------------------------------------------
    Total:                        64

rt7M_tl.a: [11]
    ABImemcpy.o                  166
    ABImemset.o                  102
    I64DivMod.o                  560
    I64DivZer.o                    2
    cexit.o                       10
    cmain.o                       30
    cstartup_M.o                  28
    data_init.o                   40
    lz77_init_single.o           120
    strchr.o                      22
    strcmp.o                      18
    strcpy.o                      24
    strlen.o                      54
    zero_init3.o                  56
    --------------------------------------------------
    Total:                     1'232

shb_l.a: [12]
    exit.o                        20
    --------------------------------------------------
    Total:                        20

    Gaps                          26        4
    Linker created                         32   16'384
------------------------------------------------------
    Grand Total:              55'796   18'749   23'357


*******************************************************************************
*** ENTRY LIST
***

Entry                       Address    Size  Type      Object
-----                       -------    ----  ----      ------
.iar.init_table$$Base    0x801'1ed8           --   Gb  - Linker created -
.iar.init_table$$Limit   0x801'1ef8           --   Gb  - Linker created -
?main                    0x801'1ef9          Code  Gb  cmain.o [11]
ADC3_IRQHandler          0x801'1d9d     0xa  Code  Gb  stm32h7xx_it.o [2]
ADC_ConfigureBoostMode   0x800'c009   0x154  Code  Gb  stm32h7xx_hal_adc.o [8]
ADC_DMAConvCplt          0x800'bf55    0x88  Code  Gb  stm32h7xx_hal_adc.o [8]
ADC_DMAError             0x800'bfeb    0x1e  Code  Gb  stm32h7xx_hal_adc.o [8]
ADC_DMAHalfConvCplt      0x800'bfdd     0xe  Code  Gb  stm32h7xx_hal_adc.o [8]
ADC_Enable               0x800'be91    0xb6  Code  Gb  stm32h7xx_hal_adc.o [8]
ADC_IRQHandler           0x801'1d69     0xa  Code  Gb  stm32h7xx_it.o [2]
ADT7301_Update           0x800'ca53    0x5c  Code  Gb  peref.o [5]
BtnLevel                0x2400'0130     0x4  Data  Gb  peref.o [5]
BtnTout                 0x2400'012c     0x4  Data  Gb  peref.o [5]
BusFault_Handler         0x801'1d43     0x2  Code  Gb  stm32h7xx_it.o [2]
ByteToStr                0x800'8e11    0x1e  Code  Gb  add_ValueConv.o [2]
CPU_led_timer           0x2400'1b34     0x4  Data  Gb  stm32h7xx_it.o [2]
CSTACK$$Base            0x2400'1b40           --   Gb  - Linker created -
CSTACK$$Limit           0x2400'5b40           --   Gb  - Linker created -
ChangeCoordinate         0x800'805d   0x194  Code  Lc  core_Menu.o [3]
CheckRange               0x800'8d41    0x22  Code  Gb  add_ValueConv.o [2]
Core_Init                0x800'c199    0x22  Code  Gb  g_Core.o [3]
Core_MENU_Display        0x800'785d    0x88  Code  Gb  core_Menu.o [3]
Core_MenuInit            0x800'74d1   0x336  Code  Gb  core_Menu.o [3]
Core_MenuReadDcr         0x800'88e9    0x6e  Code  Gb  core_Menu.o [3]
Core_MenuUpdate          0x800'7811    0x4c  Code  Gb  core_Menu.o [3]
Core_SetDeff             0x800'8a0f    0x9c  Code  Gb  core_Menu.o [3]
D1CorePrescTable         0x801'1f74    0x10  Data  Gb  system_stm32h7xx.o [7]
DELAY_US                 0x800'a141    0x22  Code  Gb  main.o [2]
DISPL_AddSymb            0x800'ffdd    0x36  Code  Gb  peref_display.o [5]
DISPL_Update             0x800'ffaf    0x2e  Code  Gb  peref_display.o [5]
DISPL_init               0x800'ff35    0x3e  Code  Gb  peref_display.o [5]
DMA1_Stream1_IRQHandler
                         0x801'1d55     0xa  Code  Gb  stm32h7xx_it.o [2]
DMA1_Stream3_IRQHandler
                         0x801'1d5f     0xa  Code  Gb  stm32h7xx_it.o [2]
DMA_CalcBaseAndBitshift
                         0x800'507d    0xd2  Code  Lc  stm32h7xx_hal_dma.o [8]
DMA_CalcBaseAndBitshift{1}{2}::flagBitshiftOffset
                         0x801'1f9c     0x8  Data  Lc  stm32h7xx_hal_dma.o [8]
DMA_CalcDMAMUXChannelBaseAndMask
                         0x800'520b    0xac  Code  Lc  stm32h7xx_hal_dma.o [8]
DMA_CalcDMAMUXRequestGenBaseAndMask
                         0x800'52b7    0x80  Code  Lc  stm32h7xx_hal_dma.o [8]
DMA_CheckFifoParam       0x800'5171    0x9a  Code  Lc  stm32h7xx_hal_dma.o [8]
DMA_SetConfig            0x800'4e05   0x278  Code  Lc  stm32h7xx_hal_dma.o [8]
Data                    0x2400'0128     0x4  Data  Gb  peref.o [5]
DateSeparator           0x2400'021f     0x1  Data  Gb  add_ValueConv.o [2]
DateToStr                0x800'8e57    0x3c  Code  Gb  add_ValueConv.o [2]
DebugMon_Handler         0x801'1d49     0x2  Code  Gb  stm32h7xx_it.o [2]
DecToStr                 0x800'8d63    0xae  Code  Gb  add_ValueConv.o [2]
DefineBit                0x800'8389    0x5c  Code  Gb  core_Menu.o [3]
DisplayOff               0x801'004f    0x34  Code  Gb  peref_display.o [5]
DisplayOn                0x801'0083    0xc4  Code  Gb  peref_display.o [5]
DisplayPutText           0x801'0147    0x60  Code  Gb  peref_display.o [5]
DisplayRestart           0x801'0013    0x3c  Code  Gb  peref_display.o [5]
DisplayStart             0x801'029d    0x54  Code  Gb  peref_display.o [5]
EditBin                  0x800'803f    0x1e  Code  Gb  core_Menu.o [3]
EditDate                 0x800'7eed   0x152  Code  Gb  core_Menu.o [3]
EditDec                  0x800'7bb9   0x186  Code  Gb  core_Menu.o [3]
EditParam                0x800'7abb    0xfe  Code  Gb  core_Menu.o [3]
EditStr                  0x800'7d3f    0xe0  Code  Gb  core_Menu.o [3]
EditTime                 0x800'7e1f    0xce  Code  Gb  core_Menu.o [3]
Eeprom1                 0x2400'1a80    0x34  Data  Gb  g_Core.o [3]
EnableEdit               0x800'89db    0x34  Code  Gb  core_Menu.o [3]
EncodeData               0x801'0281    0x1c  Code  Gb  peref_display.o [5]
Error_Handler            0x800'a225     0x4  Code  Gb  main.o [2]
FM25V10_Init             0x800'911d    0x3e  Code  Gb  stat_fm25v10.o [6]
FM25V10_ReadByte         0x800'92c9    0x56  Code  Gb  stat_fm25v10.o [6]
FM25V10_ReadSN           0x800'939b    0x42  Code  Gb  stat_fm25v10.o [6]
FM25V10_ReadStatus       0x800'9289    0x40  Code  Gb  stat_fm25v10.o [6]
FM25V10_Update           0x800'915b   0x12e  Code  Gb  stat_fm25v10.o [6]
FM25V10_WriteByte        0x800'931f    0x4e  Code  Gb  stat_fm25v10.o [6]
FM25V10_WriteEnable      0x800'936d    0x2e  Code  Gb  stat_fm25v10.o [6]
FloatPositive           0x2400'021d     0x1  Data  Gb  add_ValueConv.o [2]
FloatSeparator          0x2400'021c     0x1  Data  Gb  add_ValueConv.o [2]
HAL_ADCEx_EndOfSamplingCallback
                         0x800'ff21     0x2  Code  Wk  stm32h7xx_hal_adc_ex.o [8]
HAL_ADCEx_InjectedConvCpltCallback
                         0x800'ff25     0x2  Code  Wk  stm32h7xx_hal_adc_ex.o [8]
HAL_ADCEx_InjectedQueueOverflowCallback
                         0x800'ff2f     0x2  Code  Wk  stm32h7xx_hal_adc_ex.o [8]
HAL_ADCEx_LevelOutOfWindow2Callback
                         0x800'ff29     0x2  Code  Wk  stm32h7xx_hal_adc_ex.o [8]
HAL_ADCEx_LevelOutOfWindow3Callback
                         0x800'ff2b     0x2  Code  Wk  stm32h7xx_hal_adc_ex.o [8]
HAL_ADCEx_MultiModeConfigChannel
                         0x800'e0f3   0x142  Code  Gb  stm32h7xx_hal_adc_ex.o [8]
HAL_ADC_ConfigChannel    0x800'ba2d   0x448  Code  Gb  stm32h7xx_hal_adc.o [8]
HAL_ADC_IRQHandler       0x800'b725   0x304  Code  Gb  stm32h7xx_hal_adc.o [8]
HAL_ADC_Init             0x800'b367   0x274  Code  Gb  stm32h7xx_hal_adc.o [8]
HAL_ADC_MspInit          0x800'e893   0x1c4  Code  Gb  stm32h7xx_hal_msp.o [2]
HAL_ADC_Start_DMA        0x800'b5e9   0x112  Code  Gb  stm32h7xx_hal_adc.o [8]
HAL_DMA_IRQHandler       0x800'4365   0xa5c  Code  Gb  stm32h7xx_hal_dma.o [8]
HAL_DMA_Init             0x800'3995   0x526  Code  Gb  stm32h7xx_hal_dma.o [8]
HAL_DMA_Start_IT         0x800'3f25   0x3de  Code  Gb  stm32h7xx_hal_dma.o [8]
HAL_GPIO_Init            0x800'a229   0x220  Code  Gb  stm32h7xx_hal_gpio.o [8]
HAL_GPIO_ReadPin         0x800'a449    0x16  Code  Gb  stm32h7xx_hal_gpio.o [8]
HAL_GPIO_TogglePin       0x800'a479    0x1a  Code  Gb  stm32h7xx_hal_gpio.o [8]
HAL_GPIO_WritePin        0x800'a45f    0x1a  Code  Gb  stm32h7xx_hal_gpio.o [8]
HAL_GetREVID             0x800'b187     0xa  Code  Gb  stm32h7xx_hal.o [8]
HAL_GetTick              0x800'53c1     0xc  Code  Wk  stm32h7xx_hal.o [8]
HAL_HRTIM_Init           0x800'e251   0x10a  Code  Gb  stm32h7xx_hal_hrtim.o [8]
HAL_HRTIM_MspInit        0x800'ea57    0x4e  Code  Gb  stm32h7xx_hal_msp.o [2]
HAL_HRTIM_MspPostInit    0x800'eaa5    0x88  Code  Gb  stm32h7xx_hal_msp.o [2]
HAL_HRTIM_TimeBaseConfig
                         0x800'e35b    0x3c  Code  Gb  stm32h7xx_hal_hrtim.o [8]
HAL_HRTIM_WaveformOutputConfig
                         0x800'e431    0x4a  Code  Gb  stm32h7xx_hal_hrtim.o [8]
HAL_HRTIM_WaveformTimerConfig
                         0x800'e3a1    0x90  Code  Gb  stm32h7xx_hal_hrtim.o [8]
HAL_IncTick              0x801'1dc5    0x18  Code  Wk  stm32h7xx_hal.o [8]
HAL_Init                 0x800'b131    0x56  Code  Gb  stm32h7xx_hal.o [8]
HAL_InitTick             0x800'7325    0x58  Code  Wk  stm32h7xx_hal.o [8]
HAL_MspInit              0x800'e85d    0x36  Code  Gb  stm32h7xx_hal_msp.o [2]
HAL_NVIC_EnableIRQ       0x800'7497     0xe  Code  Gb  stm32h7xx_hal_cortex.o [8]
HAL_NVIC_SetPriority     0x800'7473    0x24  Code  Gb  stm32h7xx_hal_cortex.o [8]
HAL_NVIC_SetPriorityGrouping
                         0x800'7467     0xc  Code  Gb  stm32h7xx_hal_cortex.o [8]
HAL_PWREx_ConfigSupply   0x800'd9f1    0x50  Code  Gb  stm32h7xx_hal_pwr_ex.o [8]
HAL_PWR_EnableBkUpAccess
                         0x800'da49     0xc  Code  Gb  stm32h7xx_hal_pwr.o [8]
HAL_RCCEx_GetD3PCLK1Freq
                         0x800'6495    0x1e  Code  Gb  stm32h7xx_hal_rcc_ex.o [8]
HAL_RCCEx_GetPLL1ClockFreq
                         0x800'6925   0x21c  Code  Gb  stm32h7xx_hal_rcc_ex.o [8]
HAL_RCCEx_GetPLL2ClockFreq
                         0x800'64b5   0x218  Code  Gb  stm32h7xx_hal_rcc_ex.o [8]
HAL_RCCEx_GetPLL3ClockFreq
                         0x800'66e9   0x218  Code  Gb  stm32h7xx_hal_rcc_ex.o [8]
HAL_RCCEx_GetPeriphCLKFreq
                         0x800'5e59   0x63c  Code  Gb  stm32h7xx_hal_rcc_ex.o [8]
HAL_RCCEx_PeriphCLKConfig
                         0x800'53cd   0xa66  Code  Gb  stm32h7xx_hal_rcc_ex.o [8]
HAL_RCC_ClockConfig      0x800'6dbd   0x290  Code  Gb  stm32h7xx_hal_rcc.o [8]
HAL_RCC_GetHCLKFreq      0x800'7265    0x36  Code  Gb  stm32h7xx_hal_rcc.o [8]
HAL_RCC_GetPCLK1Freq     0x800'729b    0x1a  Code  Gb  stm32h7xx_hal_rcc.o [8]
HAL_RCC_GetPCLK2Freq     0x800'72b5    0x1a  Code  Gb  stm32h7xx_hal_rcc.o [8]
HAL_RCC_GetSysClockFreq
                         0x800'704d   0x218  Code  Gb  stm32h7xx_hal_rcc.o [8]
HAL_RCC_OscConfig        0x800'da59   0x688  Code  Wk  stm32h7xx_hal_rcc.o [8]
HAL_RTC_GetDate          0x800'f2ad    0x52  Code  Gb  stm32h7xx_hal_rtc.o [8]
HAL_RTC_GetTime          0x800'f17b    0x66  Code  Gb  stm32h7xx_hal_rtc.o [8]
HAL_RTC_Init             0x800'efd1    0xb4  Code  Gb  stm32h7xx_hal_rtc.o [8]
HAL_RTC_MspInit          0x800'eb2d    0x46  Code  Gb  stm32h7xx_hal_msp.o [2]
HAL_RTC_SetDate          0x800'f1e1    0xcc  Code  Gb  stm32h7xx_hal_rtc.o [8]
HAL_RTC_SetTime          0x800'f085    0xf6  Code  Gb  stm32h7xx_hal_rtc.o [8]
HAL_RTC_WaitForSynchro   0x800'f2ff    0x34  Code  Gb  stm32h7xx_hal_rtc.o [8]
HAL_SPI_Init             0x800'a4cd   0x176  Code  Gb  stm32h7xx_hal_spi.o [8]
HAL_SPI_MspInit          0x800'eb73   0x130  Code  Gb  stm32h7xx_hal_msp.o [2]
HAL_SPI_Receive          0x800'a8f9   0x2bc  Code  Gb  stm32h7xx_hal_spi.o [8]
HAL_SPI_Transmit         0x800'a643   0x2b6  Code  Gb  stm32h7xx_hal_spi.o [8]
HAL_SPI_TransmitReceive
                         0x800'abb5   0x43e  Code  Gb  stm32h7xx_hal_spi.o [8]
HAL_SYSCFG_DisableVREFBUF
                         0x800'b1a1     0xe  Code  Gb  stm32h7xx_hal.o [8]
HAL_SYSCFG_VREFBUF_HighImpedanceConfig
                         0x800'b191    0x10  Code  Gb  stm32h7xx_hal.o [8]
HAL_SYSTICK_Config       0x800'74a5     0xc  Code  Gb  stm32h7xx_hal_cortex.o [8]
HAL_TIMEx_Break2Callback
                         0x801'0735     0x2  Code  Wk  stm32h7xx_hal_tim_ex.o [8]
HAL_TIMEx_BreakCallback
                         0x801'0733     0x2  Code  Wk  stm32h7xx_hal_tim_ex.o [8]
HAL_TIMEx_CommutCallback
                         0x801'0739     0x2  Code  Wk  stm32h7xx_hal_tim_ex.o [8]
HAL_TIMEx_ConfigBreakDeadTime
                         0x800'f4b5    0x94  Code  Gb  stm32h7xx_hal_tim_ex.o [8]
HAL_TIMEx_MasterConfigSynchronization
                         0x800'f419    0x9c  Code  Gb  stm32h7xx_hal_tim_ex.o [8]
HAL_TIM_Base_Init        0x800'ce59    0x7a  Code  Gb  stm32h7xx_hal_tim.o [8]
HAL_TIM_Base_MspInit     0x800'eca3    0x56  Code  Gb  stm32h7xx_hal_msp.o [2]
HAL_TIM_Base_Start_IT    0x800'ced3    0x98  Code  Gb  stm32h7xx_hal_tim.o [8]
HAL_TIM_ConfigClockSource
                         0x800'd473   0x112  Code  Gb  stm32h7xx_hal_tim.o [8]
HAL_TIM_IRQHandler       0x800'd185   0x194  Code  Gb  stm32h7xx_hal_tim.o [8]
HAL_TIM_MspPostInit      0x800'ecf9    0x52  Code  Gb  stm32h7xx_hal_msp.o [2]
HAL_TIM_PWM_ConfigChannel
                         0x800'd319   0x15a  Code  Gb  stm32h7xx_hal_tim.o [8]
HAL_TIM_PWM_Init         0x800'cf89    0x7a  Code  Gb  stm32h7xx_hal_tim.o [8]
HAL_TIM_PWM_Start        0x800'd003   0x15a  Code  Gb  stm32h7xx_hal_tim.o [8]
HAL_UARTEx_DisableFifoMode
                         0x800'fdb1    0x46  Code  Gb  stm32h7xx_hal_uart_ex.o [8]
HAL_UARTEx_SetRxFifoThreshold
                         0x800'fe4d    0x56  Code  Gb  stm32h7xx_hal_uart_ex.o [8]
HAL_UARTEx_SetTxFifoThreshold
                         0x800'fdf7    0x56  Code  Gb  stm32h7xx_hal_uart_ex.o [8]
HAL_UART_Init            0x800'f565    0x7e  Code  Gb  stm32h7xx_hal_uart.o [8]
HAL_UART_MspInit         0x800'ed4b   0x214  Code  Gb  stm32h7xx_hal_msp.o [2]
HRTIM_ForceRegistersUpdate
                         0x800'e7db    0x82  Code  Lc  stm32h7xx_hal_hrtim.o [8]
HRTIM_MasterBase_Config
                         0x800'e47b    0x2a  Code  Lc  stm32h7xx_hal_hrtim.o [8]
HRTIM_MasterWaveform_Config
                         0x800'e4f7    0x5c  Code  Lc  stm32h7xx_hal_hrtim.o [8]
HRTIM_OutputConfig       0x800'e6eb    0xf0  Code  Lc  stm32h7xx_hal_hrtim.o [8]
HRTIM_TimingUnitBase_Config
                         0x800'e4a5    0x52  Code  Lc  stm32h7xx_hal_hrtim.o [8]
HRTIM_TimingUnitWaveform_Config
                         0x800'e553   0x198  Code  Lc  stm32h7xx_hal_hrtim.o [8]
HardFault_Handler        0x801'1d3f     0x2  Code  Gb  stm32h7xx_it.o [2]
Icons                   0x2400'0134    0x24  Data  Gb  peref.o [5]
InterruptUpdate          0x801'1961   0x21c  Code  Gb  g_InterruptUpdate.o [4]
LL_ADC_DisableDeepPowerDown
                         0x800'b2fb     0xc  Code  Lc  stm32h7xx_hal_adc.o [8]
LL_ADC_Enable            0x800'b32b    0x10  Code  Lc  stm32h7xx_hal_adc.o [8]
LL_ADC_EnableInternalRegulator
                         0x800'b311    0x10  Code  Lc  stm32h7xx_hal_adc.o [8]
LL_ADC_GetCommonPathInternalCh
                         0x800'b1e1     0x8  Code  Lc  stm32h7xx_hal_adc.o [8]
LL_ADC_GetMultiDMATransfer
                         0x800'b2f3     0x8  Code  Lc  stm32h7xx_hal_adc.o [8]
LL_ADC_GetMultimode      0x800'b2eb     0x8  Code  Lc  stm32h7xx_hal_adc.o [8]
LL_ADC_INJ_IsConversionOngoing
                         0x800'b35d     0xa  Code  Lc  stm32h7xx_hal_adc.o [8]
LL_ADC_INJ_IsTriggerSourceSWStart
                         0x800'b281    0x10  Code  Lc  stm32h7xx_hal_adc.o [8]
LL_ADC_IsDeepPowerDownEnabled
                         0x800'b307     0xa  Code  Lc  stm32h7xx_hal_adc.o [8]
LL_ADC_IsEnabled         0x800'b33b     0x8  Code  Lc  stm32h7xx_hal_adc.o [8]
LL_ADC_IsEnabled         0x800'e0e1     0x8  Code  Lc  stm32h7xx_hal_adc_ex.o [8]
LL_ADC_IsInternalRegulatorEnabled
                         0x800'b321     0xa  Code  Lc  stm32h7xx_hal_adc.o [8]
LL_ADC_REG_IsConversionOngoing
                         0x800'b353     0xa  Code  Lc  stm32h7xx_hal_adc.o [8]
LL_ADC_REG_IsConversionOngoing
                         0x800'e0e9     0xa  Code  Lc  stm32h7xx_hal_adc_ex.o [8]
LL_ADC_REG_IsTriggerSourceSWStart
                         0x800'b237    0x10  Code  Lc  stm32h7xx_hal_adc.o [8]
LL_ADC_REG_SetDataTransferMode
                         0x800'b275     0xc  Code  Lc  stm32h7xx_hal_adc.o [8]
LL_ADC_REG_SetSequencerRanks
                         0x800'b247    0x2e  Code  Lc  stm32h7xx_hal_adc.o [8]
LL_ADC_REG_StartConversion
                         0x800'b343    0x10  Code  Lc  stm32h7xx_hal_adc.o [8]
LL_ADC_SetChannelSamplingTime
                         0x800'b291    0x34  Code  Lc  stm32h7xx_hal_adc.o [8]
LL_ADC_SetChannelSingleDiff
                         0x800'b2c5    0x26  Code  Lc  stm32h7xx_hal_adc.o [8]
LL_ADC_SetCommonClock    0x800'b1c9     0xc  Code  Lc  stm32h7xx_hal_adc.o [8]
LL_ADC_SetCommonPathInternalCh
                         0x800'b1d5     0xc  Code  Lc  stm32h7xx_hal_adc.o [8]
LL_ADC_SetDataRightShift
                         0x800'b207    0x18  Code  Lc  stm32h7xx_hal_adc.o [8]
LL_ADC_SetOffset         0x800'b1e9    0x1e  Code  Lc  stm32h7xx_hal_adc.o [8]
LL_ADC_SetOffsetSignedSaturation
                         0x800'b21f    0x18  Code  Lc  stm32h7xx_hal_adc.o [8]
LogInputCalc             0x800'caaf   0x12c  Code  Gb  peref.o [5]
MCP23S17_init            0x800'ce29    0x14  Code  Gb  peref.o [5]
MCP23S17_read            0x800'cd67    0x4c  Code  Gb  peref.o [5]
MCP23S17_update          0x800'ce3d    0x1a  Code  Gb  peref.o [5]
MCP23S17_write           0x800'cd2f    0x38  Code  Gb  peref.o [5]
MX_ADC1_Init             0x800'9645   0x142  Code  Lc  main.o [2]
MX_ADC3_Init             0x800'9787    0xe8  Code  Lc  main.o [2]
MX_DMA_Init              0x800'9ee3    0x38  Code  Lc  main.o [2]
MX_GPIO_Init             0x800'9f25   0x212  Code  Lc  main.o [2]
MX_HRTIM_Init            0x800'986f   0x1f2  Code  Lc  main.o [2]
MX_RTC_Init              0x800'9a61    0x36  Code  Lc  main.o [2]
MX_SPI1_Init             0x800'9a97    0x76  Code  Lc  main.o [2]
MX_SPI6_Init             0x800'9b0d    0x76  Code  Lc  main.o [2]
MX_TIM1_Init             0x800'9b83   0x118  Code  Lc  main.o [2]
MX_TIM2_Init             0x800'9c9b    0x7c  Code  Lc  main.o [2]
MX_UART4_Init            0x800'9d17    0x74  Code  Lc  main.o [2]
MX_UART5_Init            0x800'9d8b    0x74  Code  Lc  main.o [2]
MX_UART8_Init            0x800'9dff    0x74  Code  Lc  main.o [2]
MX_USART3_UART_Init      0x800'9e73    0x70  Code  Lc  main.o [2]
MemManage_Handler        0x801'1d41     0x2  Code  Gb  stm32h7xx_it.o [2]
NMI_Handler              0x801'1d3d     0x2  Code  Gb  stm32h7xx_it.o [2]
NVIC_EncodePriority      0x800'73f7    0x40  Code  Lc  stm32h7xx_hal_cortex.o [8]
PFUNC_blkRead            0x800'8edd    0x1e  Code  Gb  add_ValueConv.o [2]
PFUNC_wordRead           0x800'8efb     0x4  Code  Gb  add_ValueConv.o [2]
PendSV_Handler           0x801'1d4b     0x2  Code  Gb  stm32h7xx_it.o [2]
Peref_PhaseOrderUpdate   0x801'06c1    0x60  Code  Gb  peref_SinObserver.o [5]
Peref_SensObserverInit   0x801'0389    0x6a  Code  Gb  peref_SensObserver.o [5]
Peref_SensObserverUpdate
                         0x801'03f5   0x208  Code  Gb  peref_SensObserver.o [5]
Peref_SinObserverInitFloat
                         0x801'060d    0x10  Code  Gb  peref_SinObserver.o [5]
Peref_SinObserverUpdateFloat
                         0x801'061d    0xa0  Code  Gb  peref_SinObserver.o [5]
PeriphCommonClock_Config
                         0x800'95f7    0x4e  Code  Gb  main.o [2]
PutChar                  0x800'ff91    0x1e  Code  Gb  peref_display.o [5]
PutComm                  0x800'ff73    0x1e  Code  Gb  peref_display.o [5]
PutData                  0x801'0223    0x5e  Code  Lc  peref_display.o [5]
RCCEx_PLL2_Config        0x800'6b55   0x11c  Code  Lc  stm32h7xx_hal_rcc_ex.o [8]
RCCEx_PLL3_Config        0x800'6c71   0x11c  Code  Lc  stm32h7xx_hal_rcc_ex.o [8]
RTC_Bcd2ToByte           0x800'f401    0x16  Code  Gb  stm32h7xx_hal_rtc.o [8]
RTC_ByteToBcd2           0x800'f3e5    0x1c  Code  Gb  stm32h7xx_hal_rtc.o [8]
RTC_DefMaxDay            0x800'8f4b    0x3e  Code  Gb  peref_Clock.o [5]
RTC_EnterInitMode        0x800'f333    0x44  Code  Gb  stm32h7xx_hal_rtc.o [8]
RTC_ExitInitMode         0x800'f377    0x58  Code  Gb  stm32h7xx_hal_rtc.o [8]
ReWriteParams            0x800'9119     0x2  Code  Gb  g_Ram.o [4]
ReadDcrFull              0x800'88ab    0x3e  Code  Lc  core_Menu.o [3]
ReadWriteAllParams       0x800'8bb3    0x98  Code  Gb  core_Menu.o [3]
ReadWriteEeprom          0x800'904b    0x2e  Code  Gb  stat.o [6]
RefreshParams            0x800'911b     0x2  Code  Gb  g_Ram.o [4]
Region$$Table$$Base      0x801'1ed8           --   Gb  - Linker created -
Region$$Table$$Limit     0x801'1ef8           --   Gb  - Linker created -
RtcControl               0x800'cbdb   0x11e  Code  Gb  peref.o [5]
RtcControl::PrevDate    0x2400'1b2c     0x4  Data  Lc  peref.o [5]
RtcControl::PrevTime    0x2400'1b28     0x4  Data  Lc  peref.o [5]
RtcStart                0x2400'1b3e     0x1  Data  Gb  peref.o [5]
RtcUpdateFlag           0x2400'1b0c     0x4  Data  Gb  peref.o [5]
SPI_CloseTransfer        0x800'b001    0xce  Code  Lc  stm32h7xx_hal_spi.o [8]
SPI_GetPacketSize        0x800'b119    0x16  Code  Lc  stm32h7xx_hal_spi.o [8]
SPI_WaitOnFlagUntilTimeout
                         0x800'b0d5    0x44  Code  Lc  stm32h7xx_hal_spi.o [8]
SVC_Handler              0x801'1d47     0x2  Code  Gb  stm32h7xx_it.o [2]
SelectGroup              0x800'797d    0xe0  Code  Gb  core_Menu.o [3]
SelectParam              0x800'7a5d    0x5e  Code  Gb  core_Menu.o [3]
SendData                 0x801'01a7    0x7c  Code  Lc  peref_display.o [5]
SetDefaultValues         0x800'8aab   0x108  Code  Gb  core_Menu.o [3]
SetDefaultValues::DefAddr
                        0x2400'1ae0     0x4  Data  Lc  core_Menu.o [3]
SetModBusParams          0x800'8c4b    0x4c  Code  Gb  core_Menu.o [3]
ShowGroup                0x800'8233   0x138  Code  Lc  core_Menu.o [3]
ShowParam                0x800'879d    0x38  Code  Lc  core_Menu.o [3]
ShowStart                0x800'81f1    0x42  Code  Gb  core_Menu.o [3]
ShowValue                0x800'83e5   0x3b8  Code  Lc  core_Menu.o [3]
SleepMode                0x800'78e5    0x5a  Code  Gb  core_Menu.o [3]
StartDispl               0x800'87d5    0x3c  Code  Gb  core_Menu.o [3]
StartState               0x800'793f    0x3e  Code  Gb  core_Menu.o [3]
Stat_Init                0x800'9047     0x4  Code  Gb  stat.o [6]
StrToDec                 0x800'8e93    0x3a  Code  Gb  add_ValueConv.o [2]
Symbols                 0x2400'015c    0x70  Data  Lc  peref_display.o [5]
SysTick_Config           0x800'7437    0x30  Code  Lc  stm32h7xx_hal_cortex.o [8]
SysTick_Handler          0x801'1d4d     0x8  Code  Gb  stm32h7xx_it.o [2]
SystemClock_Config       0x800'9505    0xf2  Code  Gb  main.o [2]
SystemCoreClock         0x2400'0214     0x4  Data  Gb  system_stm32h7xx.o [7]
SystemD2Clock           0x2400'0218     0x4  Data  Gb  system_stm32h7xx.o [7]
SystemInit               0x801'1b7d    0xbe  Code  Gb  system_stm32h7xx.o [7]
TIM2_IRQHandler          0x801'1d73    0x2a  Code  Gb  stm32h7xx_it.o [2]
TIM_Base_SetConfig       0x800'd587    0xc6  Code  Gb  stm32h7xx_hal_tim.o [8]
TIM_CCxChannelCmd        0x800'd9cb    0x24  Code  Gb  stm32h7xx_hal_tim.o [8]
TIM_ETR_SetConfig        0x800'd9b5    0x16  Code  Gb  stm32h7xx_hal_tim.o [8]
TIM_ITRx_SetConfig       0x800'd96b    0x10  Code  Lc  stm32h7xx_hal_tim.o [8]
TIM_OC1_SetConfig        0x800'd64d    0x9c  Code  Lc  stm32h7xx_hal_tim.o [8]
TIM_OC2_SetConfig        0x800'd6e9    0x8e  Code  Gb  stm32h7xx_hal_tim.o [8]
TIM_OC3_SetConfig        0x800'd779    0x8a  Code  Lc  stm32h7xx_hal_tim.o [8]
TIM_OC4_SetConfig        0x800'd803    0x68  Code  Lc  stm32h7xx_hal_tim.o [8]
TIM_OC5_SetConfig        0x800'd86b    0x58  Code  Lc  stm32h7xx_hal_tim.o [8]
TIM_OC6_SetConfig        0x800'd8c3    0x5a  Code  Lc  stm32h7xx_hal_tim.o [8]
TIM_TI1_ConfigInputStage
                         0x800'd921    0x24  Code  Lc  stm32h7xx_hal_tim.o [8]
TIM_TI2_ConfigInputStage
                         0x800'd945    0x26  Code  Lc  stm32h7xx_hal_tim.o [8]
Task10Hz                0x2400'00c0    0x54  Data  Gb  g_InterruptUpdate.o [4]
Task18kHz               0x2400'0000     0xc  Data  Gb  g_InterruptUpdate.o [4]
Task200Hz               0x2400'0024    0x18  Data  Gb  g_InterruptUpdate.o [4]
Task2kHz                0x2400'000c    0x18  Data  Gb  g_InterruptUpdate.o [4]
Task50Hz                0x2400'003c    0x84  Data  Gb  g_InterruptUpdate.o [4]
TimeSeparator           0x2400'021e     0x1  Data  Gb  add_ValueConv.o [2]
TimeToStr                0x800'8e2f    0x28  Code  Gb  add_ValueConv.o [2]
TirTimer                0x2400'0158     0x4  Data  Gb  peref.o [5]
UARTEx_SetNbDataToProcess
                         0x800'fea3    0x76  Code  Lc  stm32h7xx_hal_uart_ex.o [8]
UARTEx_SetNbDataToProcess::denominator
                         0x801'1fac     0x8  Data  Lc  stm32h7xx_hal_uart_ex.o [8]
UARTEx_SetNbDataToProcess::numerator
                         0x801'1fa4     0x8  Data  Lc  stm32h7xx_hal_uart_ex.o [8]
UARTPrescTable           0x801'1f5c    0x18  Data  Gb  stm32h7xx_hal_uart.o [8]
UART_AdvFeatureConfig    0x800'fb67    0xda  Code  Gb  stm32h7xx_hal_uart.o [8]
UART_CheckIdleState      0x800'fc41    0x72  Code  Gb  stm32h7xx_hal_uart.o [8]
UART_SetConfig           0x800'f5e3   0x582  Code  Gb  stm32h7xx_hal_uart.o [8]
UART_WaitOnFlagUntilTimeout
                         0x800'fcb3    0xba  Code  Gb  stm32h7xx_hal_uart.o [8]
UpdateCode               0x800'8811    0x9a  Code  Gb  core_Menu.o [3]
UsageFault_Handler       0x801'1d45     0x2  Code  Gb  stm32h7xx_it.o [2]
WINSTAR_RusTable        0x2400'01cc    0x44  Data  Lc  peref_display.o [5]
WriteValue               0x800'8957    0x84  Code  Gb  core_Menu.o [3]
__NVIC_EnableIRQ         0x800'73ad    0x1e  Code  Lc  stm32h7xx_hal_cortex.o [8]
__NVIC_GetPriorityGrouping
                         0x800'739f     0xc  Code  Lc  stm32h7xx_hal_cortex.o [8]
__NVIC_SetPriority       0x800'73cb    0x2c  Code  Lc  stm32h7xx_hal_cortex.o [8]
__NVIC_SetPriorityGrouping
                         0x800'737d    0x22  Code  Lc  stm32h7xx_hal_cortex.o [8]
__aeabi_ldiv0            0x801'098d          Code  Gb  I64DivZer.o [11]
__aeabi_memcpy           0x800'8fa1          Code  Gb  ABImemcpy.o [11]
__aeabi_memcpy4          0x800'8fc1          Code  Gb  ABImemcpy.o [11]
__aeabi_memcpy8          0x800'8fc1          Code  Gb  ABImemcpy.o [11]
__aeabi_memset           0x800'8cd9          Code  Gb  ABImemset.o [11]
__aeabi_uldivmod         0x801'073d          Code  Gb  I64DivMod.o [11]
__cmain                  0x801'1ef9          Code  Gb  cmain.o [11]
__exit                   0x801'1f2d    0x14  Code  Gb  exit.o [12]
__iar_Memset             0x800'8cd9          Code  Gb  ABImemset.o [11]
__iar_Memset_word        0x800'8ce1          Code  Gb  ABImemset.o [11]
__iar_Strchr             0x800'8f89          Code  Gb  strchr.o [11]
__iar_data_init3         0x801'1e8d    0x28  Code  Gb  data_init.o [11]
__iar_init_vfp           0x801'1eb5          Code  Gb  fpinit_M.o [10]
__iar_lz77_init_single3
                         0x801'1ddd    0x78  Code  Gb  lz77_init_single.o [11]
__iar_program_start      0x801'1f41          Code  Gb  cstartup_M.o [11]
__iar_sqrt64             0x801'096d          Code  Gb  sqrt.o [10]
__iar_zero_init3         0x801'1e55    0x38  Code  Gb  zero_init3.o [11]
__low_level_init         0x801'1f17     0x4  Code  Gb  low_level_init.o [9]
__vector_table           0x800'0000          Data  Gb  startup_stm32h743xx.o [1]
_call_main               0x801'1f05          Code  Gb  cmain.o [11]
_exit                    0x801'1f21          Code  Gb  cexit.o [11]
a                       0x2400'1adc     0x4  Data  Gb  core_Menu.o [3]
abs                      0x801'0721     0x8  Code  Wk  abs.o [9]
addr                    0x2400'1b3a     0x2  Data  Gb  peref.o [5]
addrtmp                 0x2400'1ae4     0x4  Data  Gb  core_Menu.o [3]
addrtmp2                0x2400'1ad8     0x4  Data  Gb  core_Menu.o [3]
btnClose                0x2400'1b14     0x4  Data  Gb  peref.o [5]
btnOpen                 0x2400'1b10     0x4  Data  Gb  peref.o [5]
btnProg1                0x2400'1b20     0x4  Data  Gb  peref.o [5]
btnProg2                0x2400'1b24     0x4  Data  Gb  peref.o [5]
btnStop1                0x2400'1b18     0x4  Data  Gb  peref.o [5]
btnStop2                0x2400'1b1c     0x4  Data  Gb  peref.o [5]
coreTLocalControl        0x800'c2a3   0x168  Code  Gb  g_Core.o [3]
coreTLocalControl::prevHalls
                        0x2400'1ae8     0x4  Data  Lc  g_Core.o [3]
coreTLocalControl::readyForNewCmd
                        0x2400'0220     0x1  Data  Lc  g_Core.o [3]
coreTS                   0x800'c1e1    0xc2  Code  Gb  g_Core.o [3]
coreTU                   0x800'c1bb    0x26  Code  Gb  g_Core.o [3]
count                   0x2400'1b3c     0x2  Data  Gb  peref.o [5]
count18kHz              0x2400'1aec     0x4  Data  Gb  g_InterruptUpdate.o [4]
count200Hz              0x2400'1af4     0x4  Data  Gb  g_InterruptUpdate.o [4]
count2kHz               0x2400'1af0     0x4  Data  Gb  g_InterruptUpdate.o [4]
count50Hz               0x2400'1af8     0x4  Data  Gb  g_InterruptUpdate.o [4]
exit                     0x801'1f1b     0x4  Code  Gb  exit.o [9]
g_Core                  0x2400'0d7c   0x3b0  Data  Gb  g_Core.o [3]
g_Peref                 0x2400'0844   0x538  Data  Gb  peref.o [5]
g_Ram                   0x2400'0224   0x620  Data  Gb  g_Ram.o [4]
g_Ram_Init               0x800'9079    0x30  Code  Gb  g_Ram.o [4]
g_Ram_Update             0x800'90a9    0x5e  Code  Gb  g_Ram.o [4]
g_Stat                  0x2400'1420    0xc0  Data  Gb  stat.o [6]
groups                   0x801'1c9c    0xa0  Data  Gb  core_Menu.o [3]
hadc1                   0x2400'1920    0x64  Data  Gb  main.o [2]
hadc3                   0x2400'1984    0x64  Data  Gb  main.o [2]
hdma_adc1               0x2400'1830    0x78  Data  Gb  main.o [2]
hdma_adc3               0x2400'18a8    0x78  Data  Gb  main.o [2]
hhrtim                  0x2400'1344    0xdc  Data  Gb  main.o [2]
hrtc                    0x2400'1ab4    0x24  Data  Gb  main.o [2]
hspi1                   0x2400'1720    0x88  Data  Gb  main.o [2]
hspi6                   0x2400'17a8    0x88  Data  Gb  main.o [2]
htim1                   0x2400'19e8    0x4c  Data  Gb  main.o [2]
htim2                   0x2400'1a34    0x4c  Data  Gb  main.o [2]
huart3                  0x2400'1690    0x90  Data  Gb  main.o [2]
huart4                  0x2400'14e0    0x90  Data  Gb  main.o [2]
huart5                  0x2400'1570    0x90  Data  Gb  main.o [2]
huart8                  0x2400'1600    0x90  Data  Gb  main.o [2]
main                     0x800'93e9   0x11c  Code  Gb  main.o [2]
memtemp                 0x2400'1b38     0x2  Data  Gb  peref.o [5]
menu                    0x2400'112c   0x218  Data  Gb  core_Menu.o [3]
params                   0x800'0298  0x36fc  Data  Gb  core_Menu.o [3]
peref_10HzCalc           0x800'c8bd   0x196  Code  Gb  peref.o [5]
peref_18KHzCalc          0x800'c683    0xfe  Code  Gb  peref.o [5]
peref_200HzCalc          0x800'c783    0x7c  Code  Gb  peref.o [5]
peref_2KHzCalc           0x800'c781     0x2  Code  Gb  peref.o [5]
peref_50HzCalc           0x800'c7ff    0xbe  Code  Gb  peref.o [5]
peref_74HC595D           0x800'ccf9    0x36  Code  Gb  peref.o [5]
peref_ApFilter1Calc      0x801'0367    0x22  Code  Gb  peref_ApFilter1.o [5]
peref_ApFilter1Init      0x801'0315    0x52  Code  Gb  peref_ApFilter1.o [5]
peref_Init               0x800'c429   0x25a  Code  Gb  peref.o [5]
sqrt                     0x801'096d          Code  Gb  sqrt.o [10]
sqrtl                    0x801'096d          Code  Gb  sqrt.o [10]
strchr                   0x800'8f89          Code  Gb  strchr.o [11]
strcmp                   0x800'8f39          Code  Gb  strcmp.o [11]
strcpy                   0x800'8cc1          Code  Gb  strcpy.o [11]
strlen                   0x800'8f01          Code  Gb  strlen.o [11]
tskCnt10Hz              0x2400'1b08     0x4  Data  Gb  g_InterruptUpdate.o [4]
tskCnt200Hz             0x2400'1b00     0x4  Data  Gb  g_InterruptUpdate.o [4]
tskCnt2kHz              0x2400'1afc     0x4  Data  Gb  g_InterruptUpdate.o [4]
tskCnt50Hz              0x2400'1b04     0x4  Data  Gb  g_InterruptUpdate.o [4]
tskMaxCnt10Hz           0x2400'0124     0x4  Data  Gb  g_InterruptUpdate.o [4]
tskMaxCnt18kHz          0x2400'0114     0x4  Data  Gb  g_InterruptUpdate.o [4]
tskMaxCnt200Hz          0x2400'011c     0x4  Data  Gb  g_InterruptUpdate.o [4]
tskMaxCnt2kHz           0x2400'0118     0x4  Data  Gb  g_InterruptUpdate.o [4]
tskMaxCnt50Hz           0x2400'0120     0x4  Data  Gb  g_InterruptUpdate.o [4]
uwTick                  0x2400'1b30     0x4  Data  Gb  stm32h7xx_hal.o [8]
uwTickFreq              0x2400'0221     0x1  Data  Gb  stm32h7xx_hal.o [8]
uwTickPrio              0x2400'0210     0x4  Data  Gb  stm32h7xx_hal.o [8]
values                   0x801'0990   0xfd0  Data  Gb  core_Menu.o [3]


[1] = C:\Projects\EBU-6\EBU6\EWARM\EBU6\Obj\Application\EWARM
[2] = C:\Projects\EBU-6\EBU6\EWARM\EBU6\Obj\Application\User\Core
[3] = C:\Projects\EBU-6\EBU6\EWARM\EBU6\Obj\Application\User\Core\Core
[4] = C:\Projects\EBU-6\EBU6\EWARM\EBU6\Obj\Application\User\Core\Global
[5] = C:\Projects\EBU-6\EBU6\EWARM\EBU6\Obj\Application\User\Core\Peref
[6] = C:\Projects\EBU-6\EBU6\EWARM\EBU6\Obj\Application\User\Core\Stat
[7] = C:\Projects\EBU-6\EBU6\EWARM\EBU6\Obj\Drivers\CMSIS
[8] = C:\Projects\EBU-6\EBU6\EWARM\EBU6\Obj\Drivers\STM32H7xx_HAL_Driver
[9] = dl7M_tlf.a
[10] = m7M_tlv.a
[11] = rt7M_tl.a
[12] = shb_l.a

  55'796 bytes of readonly  code memory
  18'749 bytes of readonly  data memory
  23'357 bytes of readwrite data memory

Errors: none
Warnings: none
