###############################################################################
#
# IAR ELF Linker V9.10.2.313/W64 for ARM                  05/Aug/2022  15:45:52
# Copyright 2007-2021 IAR Systems AB.
#
#    Output file  =  D:\WorkOther\EBU6\EWARM\EBU6\Exe\EBU6.out
#    Map file     =  D:\WorkOther\EBU6\EWARM\EBU6\List\EBU6.map
#    Command line =
#        -f D:\WorkOther\EBU6\EWARM\EBU6\List\EBU6.map.rsp
#        (D:\WorkOther\EBU6\EWARM\EBU6\Obj\Application\User\Core\add_ValueConv.o
#        D:\WorkOther\EBU6\EWARM\EBU6\Obj\Application\User\Core\Peref\CMS58M.o
#        D:\WorkOther\EBU6\EWARM\EBU6\Obj\Application\User\Core\Comm\comm.o
#        D:\WorkOther\EBU6\EWARM\EBU6\Obj\Application\User\Core\Comm\comm_ModbusRtu.o
#        D:\WorkOther\EBU6\EWARM\EBU6\Obj\Application\User\Core\Comm\comm_SerialComm.o
#        D:\WorkOther\EBU6\EWARM\EBU6\Obj\Application\User\Core\Core\core_InverterControl.o
#        D:\WorkOther\EBU6\EWARM\EBU6\Obj\Application\User\Core\Core\core_Menu.o
#        D:\WorkOther\EBU6\EWARM\EBU6\Obj\Application\User\Core\Core\core_Protections.o
#        D:\WorkOther\EBU6\EWARM\EBU6\Obj\Application\User\Core\Core\core_VlvDrvCtrl.o
#        D:\WorkOther\EBU6\EWARM\EBU6\Obj\Application\User\Core\Core\g_Core.o
#        D:\WorkOther\EBU6\EWARM\EBU6\Obj\Application\User\Core\Global\g_InterruptUpdate.o
#        D:\WorkOther\EBU6\EWARM\EBU6\Obj\Application\User\Core\Global\g_Ram.o
#        D:\WorkOther\EBU6\EWARM\EBU6\Obj\Application\User\Core\main.o
#        D:\WorkOther\EBU6\EWARM\EBU6\Obj\Application\User\Core\Peref\peref.o
#        D:\WorkOther\EBU6\EWARM\EBU6\Obj\Application\User\Core\Peref\peref_ApFilter1.o
#        D:\WorkOther\EBU6\EWARM\EBU6\Obj\Application\User\Core\Peref\peref_ApFilter3.o
#        D:\WorkOther\EBU6\EWARM\EBU6\Obj\Application\User\Core\Peref\peref_Calibs.o
#        D:\WorkOther\EBU6\EWARM\EBU6\Obj\Application\User\Core\Peref\peref_Clock.o
#        D:\WorkOther\EBU6\EWARM\EBU6\Obj\Application\User\Core\Peref\peref_display.o
#        D:\WorkOther\EBU6\EWARM\EBU6\Obj\Application\User\Core\Peref\peref_SensObserver.o
#        D:\WorkOther\EBU6\EWARM\EBU6\Obj\Application\User\Core\Peref\peref_SinObserver.o
#        D:\WorkOther\EBU6\EWARM\EBU6\Obj\Application\EWARM\startup_stm32h743xx.o
#        D:\WorkOther\EBU6\EWARM\EBU6\Obj\Application\User\Core\Stat\stat.o
#        D:\WorkOther\EBU6\EWARM\EBU6\Obj\Application\User\Core\Stat\stat_fm25v10.o
#        D:\WorkOther\EBU6\EWARM\EBU6\Obj\Drivers\STM32H7xx_HAL_Driver\stm32h7xx_hal.o
#        D:\WorkOther\EBU6\EWARM\EBU6\Obj\Drivers\STM32H7xx_HAL_Driver\stm32h7xx_hal_adc.o
#        D:\WorkOther\EBU6\EWARM\EBU6\Obj\Drivers\STM32H7xx_HAL_Driver\stm32h7xx_hal_adc_ex.o
#        D:\WorkOther\EBU6\EWARM\EBU6\Obj\Drivers\STM32H7xx_HAL_Driver\stm32h7xx_hal_cortex.o
#        D:\WorkOther\EBU6\EWARM\EBU6\Obj\Drivers\STM32H7xx_HAL_Driver\stm32h7xx_hal_dma.o
#        D:\WorkOther\EBU6\EWARM\EBU6\Obj\Drivers\STM32H7xx_HAL_Driver\stm32h7xx_hal_dma_ex.o
#        D:\WorkOther\EBU6\EWARM\EBU6\Obj\Drivers\STM32H7xx_HAL_Driver\stm32h7xx_hal_exti.o
#        D:\WorkOther\EBU6\EWARM\EBU6\Obj\Drivers\STM32H7xx_HAL_Driver\stm32h7xx_hal_fdcan.o
#        D:\WorkOther\EBU6\EWARM\EBU6\Obj\Drivers\STM32H7xx_HAL_Driver\stm32h7xx_hal_flash.o
#        D:\WorkOther\EBU6\EWARM\EBU6\Obj\Drivers\STM32H7xx_HAL_Driver\stm32h7xx_hal_flash_ex.o
#        D:\WorkOther\EBU6\EWARM\EBU6\Obj\Drivers\STM32H7xx_HAL_Driver\stm32h7xx_hal_gpio.o
#        D:\WorkOther\EBU6\EWARM\EBU6\Obj\Drivers\STM32H7xx_HAL_Driver\stm32h7xx_hal_hrtim.o
#        D:\WorkOther\EBU6\EWARM\EBU6\Obj\Drivers\STM32H7xx_HAL_Driver\stm32h7xx_hal_hsem.o
#        D:\WorkOther\EBU6\EWARM\EBU6\Obj\Drivers\STM32H7xx_HAL_Driver\stm32h7xx_hal_i2c.o
#        D:\WorkOther\EBU6\EWARM\EBU6\Obj\Drivers\STM32H7xx_HAL_Driver\stm32h7xx_hal_i2c_ex.o
#        D:\WorkOther\EBU6\EWARM\EBU6\Obj\Drivers\STM32H7xx_HAL_Driver\stm32h7xx_hal_mdma.o
#        D:\WorkOther\EBU6\EWARM\EBU6\Obj\Application\User\Core\stm32h7xx_hal_msp.o
#        D:\WorkOther\EBU6\EWARM\EBU6\Obj\Drivers\STM32H7xx_HAL_Driver\stm32h7xx_hal_pwr.o
#        D:\WorkOther\EBU6\EWARM\EBU6\Obj\Drivers\STM32H7xx_HAL_Driver\stm32h7xx_hal_pwr_ex.o
#        D:\WorkOther\EBU6\EWARM\EBU6\Obj\Drivers\STM32H7xx_HAL_Driver\stm32h7xx_hal_rcc.o
#        D:\WorkOther\EBU6\EWARM\EBU6\Obj\Drivers\STM32H7xx_HAL_Driver\stm32h7xx_hal_rcc_ex.o
#        D:\WorkOther\EBU6\EWARM\EBU6\Obj\Drivers\STM32H7xx_HAL_Driver\stm32h7xx_hal_rtc.o
#        D:\WorkOther\EBU6\EWARM\EBU6\Obj\Drivers\STM32H7xx_HAL_Driver\stm32h7xx_hal_rtc_ex.o
#        D:\WorkOther\EBU6\EWARM\EBU6\Obj\Drivers\STM32H7xx_HAL_Driver\stm32h7xx_hal_spi.o
#        D:\WorkOther\EBU6\EWARM\EBU6\Obj\Drivers\STM32H7xx_HAL_Driver\stm32h7xx_hal_spi_ex.o
#        D:\WorkOther\EBU6\EWARM\EBU6\Obj\Drivers\STM32H7xx_HAL_Driver\stm32h7xx_hal_tim.o
#        D:\WorkOther\EBU6\EWARM\EBU6\Obj\Drivers\STM32H7xx_HAL_Driver\stm32h7xx_hal_tim_ex.o
#        D:\WorkOther\EBU6\EWARM\EBU6\Obj\Drivers\STM32H7xx_HAL_Driver\stm32h7xx_hal_uart.o
#        D:\WorkOther\EBU6\EWARM\EBU6\Obj\Drivers\STM32H7xx_HAL_Driver\stm32h7xx_hal_uart_ex.o
#        D:\WorkOther\EBU6\EWARM\EBU6\Obj\Application\User\Core\stm32h7xx_it.o
#        D:\WorkOther\EBU6\EWARM\EBU6\Obj\Drivers\CMSIS\system_stm32h7xx.o
#        --no_out_extension -o D:\WorkOther\EBU6\EWARM\EBU6\Exe\EBU6.out --map
#        D:\WorkOther\EBU6\EWARM\EBU6\List\EBU6.map --config
#        D:\WorkOther\EBU6\EWARM/../EWARM/stm32h743xx_flash.icf --semihosting
#        --entry __iar_program_start --vfe --text_out locale)
#
###############################################################################

*******************************************************************************
*** RUNTIME MODEL ATTRIBUTES
***

CppFlavor       = *
__SystemLibrary = DLib
__dlib_version  = 6


*******************************************************************************
*** HEAP SELECTION
***

The basic heap was selected because no calls to memory allocation
functions were found in the application outside of system library
functions, and there are calls to deallocation functions in the
application.


*******************************************************************************
*** PLACEMENT SUMMARY
***

"A0":  place at address 0x800'0000 { ro section .intvec };
"P1":  place in [from 0x800'0000 to 0x81f'ffff] { ro };
define block CSTACK with size = 16K, alignment = 8 { };
define block HEAP with size = 8K, alignment = 8 { };
"P2":  place in [from 0x2400'0000 to 0x2407'ffff] {
          rw, block CSTACK, block HEAP };
initialize by copy { rw };

  Section            Kind         Address      Size  Object
  -------            ----         -------      ----  ------
"A0":                                         0x298
  .intvec            ro code   0x800'0000     0x298  startup_stm32h743xx.o [1]
                             - 0x800'0298     0x298

"P1":                                      0x1'ac06
  .rodata            const     0x800'0298    0x4ee4  core_Menu.o [4]
  .text              ro code   0x800'517c    0x22d4  stm32h7xx_hal_dma.o [9]
  .text              ro code   0x800'7450       0xc  stm32h7xx_hal.o [9]
  .text              ro code   0x800'745c    0x1b40  stm32h7xx_hal_rcc_ex.o [9]
  .text              ro code   0x800'8f9c     0x5f4  stm32h7xx_hal_rcc.o [9]
  .text              ro code   0x800'9590      0x58  stm32h7xx_hal.o [9]
  .text              ro code   0x800'95e8     0x190  stm32h7xx_hal_cortex.o [9]
  .text              ro code   0x800'9778    0x185c  core_Menu.o [4]
  .text              ro code   0x800'afd4      0x18  strcpy.o [12]
  .text              ro code   0x800'afec      0x66  ABImemset.o [12]
  .text              ro code   0x800'b054     0x1f2  add_ValueConv.o [2]
  .text              ro code   0x800'b248      0x36  strlen.o [12]
  .text              ro code   0x800'b280      0x12  strcmp.o [12]
  .text              ro code   0x800'b292      0x3e  peref_Clock.o [6]
  .text              ro code   0x800'b2d0      0x16  strchr.o [12]
  .text              ro code   0x800'b2e8      0xa6  ABImemcpy.o [12]
  .text              ro code   0x800'b38e      0x32  stat.o [7]
  .text              ro code   0x800'b3c0     0x168  g_Ram.o [5]
  .text              ro code   0x800'b528     0x2c4  stat_fm25v10.o [7]
  .text              ro code   0x800'b7ec    0x136c  peref.o [6]
  .text              ro code   0x800'cb58     0x430  stm32h7xx_hal_gpio.o [9]
  .text              ro code   0x800'cf88     0xf2e  stm32h7xx_hal_spi.o [9]
  .text              ro code   0x800'deb8     0x3a0  peref_display.o [6]
  .text              ro code   0x800'e258      0x74  peref_ApFilter1.o [6]
  .text              ro code   0x800'e2cc     0x2c8  peref_SensObserver.o [6]
  .text              ro code   0x800'e594     0x168  peref_SinObserver.o [6]
  .text              ro code   0x800'e6fc     0x28c  CMS58M.o [6]
  .text              ro code   0x800'e988     0x4ac  peref_Calibs.o [6]
  .text              ro code   0x800'ee34     0x95c  stm32h7xx_hal_fdcan.o [9]
  .text              ro code   0x800'f790       0x8  labs.o [10]
  .text              ro code   0x800'f798       0x8  abs.o [10]
  .text              ro code   0x800'f7a0     0x452  stm32h7xx_hal_rtc.o [9]
  .text              ro code   0x800'fbf4     0xa10  stm32h7xx_hal_msp.o [2]
  .text              ro code   0x801'0604       0x2  stm32h7xx_hal_spi.o [9]
  .text              ro code   0x801'0606       0x2  stm32h7xx_hal_spi.o [9]
  .text              ro code   0x801'0608       0x2  stm32h7xx_hal_spi.o [9]
  .text              ro code   0x801'060a       0x2  stm32h7xx_hal_spi.o [9]
  .text              ro code   0x801'060c      0x1e  sqrtf.o [11]
  .text              ro code   0x801'062c    0x117c  main.o [2]
  .text              ro code   0x801'17a8      0xa8  stm32h7xx_hal.o [9]
  .text              ro code   0x801'1850    0x105c  stm32h7xx_hal_adc.o [9]
  .text              ro code   0x801'28ac    0x13f8  g_Core.o [4]
  .text              ro code   0x801'3ca4      0x5c  comm.o [3]
  .text              ro code   0x801'3d00     0xd1e  stm32h7xx_hal_tim.o [9]
  .text              ro code   0x801'4a20      0x64  stm32h7xx_hal_pwr_ex.o [9]
  .text              ro code   0x801'4a84      0x14  stm32h7xx_hal_pwr.o [9]
  .text              ro code   0x801'4a98     0x73c  stm32h7xx_hal_rcc.o [9]
  .text              ro code   0x801'51d4     0x174  stm32h7xx_hal_adc_ex.o [9]
  .text              ro code   0x801'5348     0x8ba  stm32h7xx_hal_hrtim.o [9]
  .text              ro code   0x801'5c04     0x2f4  stm32h7xx_hal_tim_ex.o [9]
  .text              ro code   0x801'5ef8    0x14f4  stm32h7xx_hal_uart.o [9]
  .text              ro code   0x801'73ec     0x16c  stm32h7xx_hal_uart_ex.o [9]
  .text              ro code   0x801'7558       0x2  stm32h7xx_hal_adc_ex.o [9]
  .text              ro code   0x801'755a       0x2  stm32h7xx_hal_adc.o [9]
  .text              ro code   0x801'755c       0x2  stm32h7xx_hal_adc_ex.o [9]
  .text              ro code   0x801'755e       0x2  stm32h7xx_hal_adc.o [9]
  .text              ro code   0x801'7560       0x2  stm32h7xx_hal_adc_ex.o [9]
  .text              ro code   0x801'7562       0x2  stm32h7xx_hal_adc_ex.o [9]
  .text              ro code   0x801'7564       0x2  stm32h7xx_hal_adc.o [9]
  .text              ro code   0x801'7566       0x2  stm32h7xx_hal_adc_ex.o [9]
  .text              ro code   0x801'7568       0x2  stm32h7xx_hal_adc.o [9]
  .text              ro code   0x801'756c      0xc4  core_Protections.o [4]
  .text              ro code   0x801'7630     0x5aa  core_VlvDrvCtrl.o [4]
  .text              ro code   0x801'7bdc     0x1d4  cos_sin32.o [11]
  .text              ro code   0x801'7db0      0x2a  fmin.o [11]
  .text              ro code   0x801'7ddc      0x2e  fmax.o [11]
  .text              ro code   0x801'7e0c     0x3a0  comm_SerialComm.o [3]
  .text              ro code   0x801'81ac       0x2  stm32h7xx_hal_tim.o [9]
  .text              ro code   0x801'81ae       0x2  stm32h7xx_hal_tim.o [9]
  .text              ro code   0x801'81b0       0x2  stm32h7xx_hal_tim.o [9]
  .text              ro code   0x801'81b2       0x2  stm32h7xx_hal_tim.o [9]
  .text              ro code   0x801'81b4       0x2  stm32h7xx_hal_tim.o [9]
  .text              ro code   0x801'81b6       0x2  stm32h7xx_hal_tim_ex.o [9]
  .text              ro code   0x801'81b8       0x2  stm32h7xx_hal_tim_ex.o [9]
  .text              ro code   0x801'81ba       0x2  stm32h7xx_hal_tim.o [9]
  .text              ro code   0x801'81bc       0x2  stm32h7xx_hal_tim_ex.o [9]
  .text              ro code   0x801'81be       0x2  stm32h7xx_hal_uart.o [9]
  .text              ro code   0x801'81c0       0x2  stm32h7xx_hal_uart.o [9]
  .text              ro code   0x801'81c2       0x2  stm32h7xx_hal_uart_ex.o [9]
  .text              ro code   0x801'81c4       0x2  stm32h7xx_hal_uart_ex.o [9]
  .text              ro code   0x801'81c6       0x2  stm32h7xx_hal_uart_ex.o [9]
  .text              ro code   0x801'81c8     0x230  I64DivMod.o [12]
  .text              ro code   0x801'83f8       0x2  stm32h7xx_hal_uart.o [9]
  .text              ro code   0x801'83fa       0x2  stm32h7xx_hal_uart.o [9]
  .text              ro code   0x801'83fc     0xf98  comm_ModbusRtu.o [3]
  .text              ro code   0x801'9394       0x2  I64DivZer.o [12]
  .rodata            const     0x801'9398     0xe60  core_Menu.o [4]
  .text              ro code   0x801'a1f8     0x1fc  g_InterruptUpdate.o [5]
  .text              ro code   0x801'a3f4     0x13c  system_stm32h7xx.o [8]
  .text              ro code   0x801'a530      0xfc  stm32h7xx_it.o [2]
  .text              ro code   0x801'a62c      0x18  stm32h7xx_hal.o [9]
  .rodata            const     0x801'a644      0xa0  core_Menu.o [4]
  .text              ro code   0x801'a6e4      0x78  lz77_init_single.o [12]
  .rodata            const     0x801'a75c      0x4c  stm32h7xx_hal_fdcan.o [9]
  .text              ro code   0x801'a7a8      0x38  zero_init3.o [12]
  .text              ro code   0x801'a7e0      0x28  data_init.o [12]
  .text              ro code   0x801'a808      0x22  fpinit_M.o [11]
  .iar.init_table    const     0x801'a82c      0x20  - Linker created -
  .text              ro code   0x801'a84c      0x1e  cmain.o [12]
  .text              ro code   0x801'a86a       0x4  low_level_init.o [10]
  .text              ro code   0x801'a86e       0x4  exit.o [10]
  .text              ro code   0x801'a874       0xa  cexit.o [12]
  .text              ro code   0x801'a880      0x14  exit.o [13]
  .text              ro code   0x801'a894      0x1c  cstartup_M.o [12]
  .rodata            const     0x801'a8b0      0x18  stm32h7xx_hal_uart.o [9]
  .rodata            const     0x801'a8c8      0x10  stm32h7xx_hal_fdcan.o [9]
  .rodata            const     0x801'a8d8      0x10  system_stm32h7xx.o [8]
  .text              ro code   0x801'a8e8      0x10  startup_stm32h743xx.o [1]
  .rodata            const     0x801'a8f8       0x8  CMS58M.o [6]
  .rodata            const     0x801'a900       0x8  core_Menu.o [4]
  .rodata            const     0x801'a908       0x8  stm32h7xx_hal_dma.o [9]
  .rodata            const     0x801'a910       0x8  stm32h7xx_hal_uart_ex.o [9]
  .rodata            const     0x801'a918       0x8  stm32h7xx_hal_uart_ex.o [9]
  .rodata            const     0x801'a920       0x4  CMS58M.o [6]
  .text              ro code   0x801'a924       0x4  startup_stm32h743xx.o [1]
  .text              ro code   0x801'a928       0x4  startup_stm32h743xx.o [1]
  .text              ro code   0x801'a92c       0x4  startup_stm32h743xx.o [1]
  .text              ro code   0x801'a930       0x4  startup_stm32h743xx.o [1]
  .text              ro code   0x801'a934       0x4  startup_stm32h743xx.o [1]
  .text              ro code   0x801'a938       0x4  startup_stm32h743xx.o [1]
  .text              ro code   0x801'a93c       0x4  startup_stm32h743xx.o [1]
  .text              ro code   0x801'a940       0x4  startup_stm32h743xx.o [1]
  .text              ro code   0x801'a944       0x4  startup_stm32h743xx.o [1]
  .text              ro code   0x801'a948       0x4  startup_stm32h743xx.o [1]
  .text              ro code   0x801'a94c       0x4  startup_stm32h743xx.o [1]
  .text              ro code   0x801'a950       0x4  startup_stm32h743xx.o [1]
  .text              ro code   0x801'a954       0x4  startup_stm32h743xx.o [1]
  .text              ro code   0x801'a958       0x4  startup_stm32h743xx.o [1]
  .text              ro code   0x801'a95c       0x4  startup_stm32h743xx.o [1]
  .text              ro code   0x801'a960       0x4  startup_stm32h743xx.o [1]
  .text              ro code   0x801'a964       0x4  startup_stm32h743xx.o [1]
  .text              ro code   0x801'a968       0x4  startup_stm32h743xx.o [1]
  .text              ro code   0x801'a96c       0x4  startup_stm32h743xx.o [1]
  .text              ro code   0x801'a970       0x4  startup_stm32h743xx.o [1]
  .text              ro code   0x801'a974       0x4  startup_stm32h743xx.o [1]
  .text              ro code   0x801'a978       0x4  startup_stm32h743xx.o [1]
  .text              ro code   0x801'a97c       0x4  startup_stm32h743xx.o [1]
  .text              ro code   0x801'a980       0x4  startup_stm32h743xx.o [1]
  .text              ro code   0x801'a984       0x4  startup_stm32h743xx.o [1]
  .text              ro code   0x801'a988       0x4  startup_stm32h743xx.o [1]
  .text              ro code   0x801'a98c       0x4  startup_stm32h743xx.o [1]
  .text              ro code   0x801'a990       0x4  startup_stm32h743xx.o [1]
  .text              ro code   0x801'a994       0x4  startup_stm32h743xx.o [1]
  .text              ro code   0x801'a998       0x4  startup_stm32h743xx.o [1]
  .text              ro code   0x801'a99c       0x4  startup_stm32h743xx.o [1]
  .text              ro code   0x801'a9a0       0x4  startup_stm32h743xx.o [1]
  .text              ro code   0x801'a9a4       0x4  startup_stm32h743xx.o [1]
  .text              ro code   0x801'a9a8       0x4  startup_stm32h743xx.o [1]
  .text              ro code   0x801'a9ac       0x4  startup_stm32h743xx.o [1]
  .text              ro code   0x801'a9b0       0x4  startup_stm32h743xx.o [1]
  .text              ro code   0x801'a9b4       0x4  startup_stm32h743xx.o [1]
  .text              ro code   0x801'a9b8       0x4  startup_stm32h743xx.o [1]
  .text              ro code   0x801'a9bc       0x4  startup_stm32h743xx.o [1]
  .text              ro code   0x801'a9c0       0x4  startup_stm32h743xx.o [1]
  .text              ro code   0x801'a9c4       0x4  startup_stm32h743xx.o [1]
  .text              ro code   0x801'a9c8       0x4  startup_stm32h743xx.o [1]
  .text              ro code   0x801'a9cc       0x4  startup_stm32h743xx.o [1]
  .text              ro code   0x801'a9d0       0x4  startup_stm32h743xx.o [1]
  .text              ro code   0x801'a9d4       0x4  startup_stm32h743xx.o [1]
  .text              ro code   0x801'a9d8       0x4  startup_stm32h743xx.o [1]
  .text              ro code   0x801'a9dc       0x4  startup_stm32h743xx.o [1]
  .text              ro code   0x801'a9e0       0x4  startup_stm32h743xx.o [1]
  .text              ro code   0x801'a9e4       0x4  startup_stm32h743xx.o [1]
  .text              ro code   0x801'a9e8       0x4  startup_stm32h743xx.o [1]
  .text              ro code   0x801'a9ec       0x4  startup_stm32h743xx.o [1]
  .text              ro code   0x801'a9f0       0x4  startup_stm32h743xx.o [1]
  .text              ro code   0x801'a9f4       0x4  startup_stm32h743xx.o [1]
  .text              ro code   0x801'a9f8       0x4  startup_stm32h743xx.o [1]
  .text              ro code   0x801'a9fc       0x4  startup_stm32h743xx.o [1]
  .text              ro code   0x801'aa00       0x4  startup_stm32h743xx.o [1]
  .text              ro code   0x801'aa04       0x4  startup_stm32h743xx.o [1]
  .text              ro code   0x801'aa08       0x4  startup_stm32h743xx.o [1]
  .text              ro code   0x801'aa0c       0x4  startup_stm32h743xx.o [1]
  .text              ro code   0x801'aa10       0x4  startup_stm32h743xx.o [1]
  .text              ro code   0x801'aa14       0x4  startup_stm32h743xx.o [1]
  .text              ro code   0x801'aa18       0x4  startup_stm32h743xx.o [1]
  .text              ro code   0x801'aa1c       0x4  startup_stm32h743xx.o [1]
  .text              ro code   0x801'aa20       0x4  startup_stm32h743xx.o [1]
  .text              ro code   0x801'aa24       0x4  startup_stm32h743xx.o [1]
  .text              ro code   0x801'aa28       0x4  startup_stm32h743xx.o [1]
  .text              ro code   0x801'aa2c       0x4  startup_stm32h743xx.o [1]
  .text              ro code   0x801'aa30       0x4  startup_stm32h743xx.o [1]
  .text              ro code   0x801'aa34       0x4  startup_stm32h743xx.o [1]
  .text              ro code   0x801'aa38       0x4  startup_stm32h743xx.o [1]
  .text              ro code   0x801'aa3c       0x4  startup_stm32h743xx.o [1]
  .text              ro code   0x801'aa40       0x4  startup_stm32h743xx.o [1]
  .text              ro code   0x801'aa44       0x4  startup_stm32h743xx.o [1]
  .text              ro code   0x801'aa48       0x4  startup_stm32h743xx.o [1]
  .text              ro code   0x801'aa4c       0x4  startup_stm32h743xx.o [1]
  .text              ro code   0x801'aa50       0x4  startup_stm32h743xx.o [1]
  .text              ro code   0x801'aa54       0x4  startup_stm32h743xx.o [1]
  .text              ro code   0x801'aa58       0x4  startup_stm32h743xx.o [1]
  .text              ro code   0x801'aa5c       0x4  startup_stm32h743xx.o [1]
  .text              ro code   0x801'aa60       0x4  startup_stm32h743xx.o [1]
  .text              ro code   0x801'aa64       0x4  startup_stm32h743xx.o [1]
  .text              ro code   0x801'aa68       0x4  startup_stm32h743xx.o [1]
  .text              ro code   0x801'aa6c       0x4  startup_stm32h743xx.o [1]
  .text              ro code   0x801'aa70       0x4  startup_stm32h743xx.o [1]
  .text              ro code   0x801'aa74       0x4  startup_stm32h743xx.o [1]
  .text              ro code   0x801'aa78       0x4  startup_stm32h743xx.o [1]
  .text              ro code   0x801'aa7c       0x4  startup_stm32h743xx.o [1]
  .text              ro code   0x801'aa80       0x4  startup_stm32h743xx.o [1]
  .text              ro code   0x801'aa84       0x4  startup_stm32h743xx.o [1]
  .text              ro code   0x801'aa88       0x4  startup_stm32h743xx.o [1]
  .text              ro code   0x801'aa8c       0x4  startup_stm32h743xx.o [1]
  .text              ro code   0x801'aa90       0x4  startup_stm32h743xx.o [1]
  .text              ro code   0x801'aa94       0x4  startup_stm32h743xx.o [1]
  .text              ro code   0x801'aa98       0x4  startup_stm32h743xx.o [1]
  .text              ro code   0x801'aa9c       0x4  startup_stm32h743xx.o [1]
  .text              ro code   0x801'aaa0       0x4  startup_stm32h743xx.o [1]
  .text              ro code   0x801'aaa4       0x4  startup_stm32h743xx.o [1]
  .text              ro code   0x801'aaa8       0x4  startup_stm32h743xx.o [1]
  .text              ro code   0x801'aaac       0x4  startup_stm32h743xx.o [1]
  .text              ro code   0x801'aab0       0x4  startup_stm32h743xx.o [1]
  .text              ro code   0x801'aab4       0x4  startup_stm32h743xx.o [1]
  .text              ro code   0x801'aab8       0x4  startup_stm32h743xx.o [1]
  .text              ro code   0x801'aabc       0x4  startup_stm32h743xx.o [1]
  .text              ro code   0x801'aac0       0x4  startup_stm32h743xx.o [1]
  .text              ro code   0x801'aac4       0x4  startup_stm32h743xx.o [1]
  .text              ro code   0x801'aac8       0x4  startup_stm32h743xx.o [1]
  .text              ro code   0x801'aacc       0x4  startup_stm32h743xx.o [1]
  .text              ro code   0x801'aad0       0x4  startup_stm32h743xx.o [1]
  .text              ro code   0x801'aad4       0x4  startup_stm32h743xx.o [1]
  .text              ro code   0x801'aad8       0x4  startup_stm32h743xx.o [1]
  .text              ro code   0x801'aadc       0x4  startup_stm32h743xx.o [1]
  .text              ro code   0x801'aae0       0x4  startup_stm32h743xx.o [1]
  .text              ro code   0x801'aae4       0x4  startup_stm32h743xx.o [1]
  .text              ro code   0x801'aae8       0x4  startup_stm32h743xx.o [1]
  .text              ro code   0x801'aaec       0x4  startup_stm32h743xx.o [1]
  .text              ro code   0x801'aaf0       0x4  startup_stm32h743xx.o [1]
  .text              ro code   0x801'aaf4       0x4  startup_stm32h743xx.o [1]
  .text              ro code   0x801'aaf8       0x4  startup_stm32h743xx.o [1]
  .text              ro code   0x801'aafc       0x4  startup_stm32h743xx.o [1]
  .text              ro code   0x801'ab00       0x4  startup_stm32h743xx.o [1]
  .text              ro code   0x801'ab04       0x4  startup_stm32h743xx.o [1]
  .text              ro code   0x801'ab08       0x4  startup_stm32h743xx.o [1]
  .text              ro code   0x801'ab0c       0x4  startup_stm32h743xx.o [1]
  .text              ro code   0x801'ab10       0x4  startup_stm32h743xx.o [1]
  .text              ro code   0x801'ab14       0x4  startup_stm32h743xx.o [1]
  .text              ro code   0x801'ab18       0x4  startup_stm32h743xx.o [1]
  .text              ro code   0x801'ab1c       0x4  startup_stm32h743xx.o [1]
  .text              ro code   0x801'ab20       0x4  startup_stm32h743xx.o [1]
  .text              ro code   0x801'ab24       0x4  startup_stm32h743xx.o [1]
  .text              ro code   0x801'ab28       0x4  startup_stm32h743xx.o [1]
  .rodata            const     0x801'ab2c       0x0  zero_init3.o [12]
  .rodata            const     0x801'ab2c       0x0  lz77_init_single.o [12]
  Initializer bytes  const     0x801'ab2c     0x372  <for P2-1>
                             - 0x801'ae9e  0x1'ac06

"P2", part 1 of 3:                            0x5af
  P2-1                        0x2400'0000     0x5af  <Init block>
    .data            inited   0x2400'0000      0x1c  comm_SerialComm.o [3]
    .data            inited   0x2400'001c      0x1c  comm_SerialComm.o [3]
    .data            inited   0x2400'0038       0x4  g_Core.o [4]
    .data            inited   0x2400'003c       0x4  g_Core.o [4]
    .data            inited   0x2400'0040       0x4  g_Core.o [4]
    .data            inited   0x2400'0044       0x4  g_Core.o [4]
    .data            inited   0x2400'0048      0x24  g_InterruptUpdate.o [5]
    .data            inited   0x2400'006c      0x24  g_InterruptUpdate.o [5]
    .data            inited   0x2400'0090      0x30  g_InterruptUpdate.o [5]
    .data            inited   0x2400'00c0      0xf0  g_InterruptUpdate.o [5]
    .data            inited   0x2400'01b0      0x84  g_InterruptUpdate.o [5]
    .data            inited   0x2400'0234       0x4  g_InterruptUpdate.o [5]
    .data            inited   0x2400'0238       0x4  g_InterruptUpdate.o [5]
    .data            inited   0x2400'023c       0x4  g_InterruptUpdate.o [5]
    .data            inited   0x2400'0240       0x4  g_InterruptUpdate.o [5]
    .data            inited   0x2400'0244       0x4  g_InterruptUpdate.o [5]
    .data            inited   0x2400'0248       0x4  peref.o [6]
    .data            inited   0x2400'024c       0x4  peref.o [6]
    .data            inited   0x2400'0250     0x108  peref.o [6]
    .data            inited   0x2400'0358     0x108  peref.o [6]
    .data            inited   0x2400'0460      0x40  peref.o [6]
    .data            inited   0x2400'04a0      0x24  peref.o [6]
    .data            inited   0x2400'04c4       0x4  peref.o [6]
    .data            inited   0x2400'04c8       0x4  peref.o [6]
    .data            inited   0x2400'04cc       0x4  peref_Calibs.o [6]
    .data            inited   0x2400'04d0      0x70  peref_display.o [6]
    .data            inited   0x2400'0540      0x44  peref_display.o [6]
    .data            inited   0x2400'0584       0x4  stm32h7xx_hal.o [9]
    .data            inited   0x2400'0588      0x18  stm32h7xx_hal_hrtim.o [9]
    .data            inited   0x2400'05a0       0x4  system_stm32h7xx.o [8]
    .data            inited   0x2400'05a4       0x4  system_stm32h7xx.o [8]
    .data            inited   0x2400'05a8       0x1  add_ValueConv.o [2]
    .data            inited   0x2400'05a9       0x1  add_ValueConv.o [2]
    .data            inited   0x2400'05aa       0x1  add_ValueConv.o [2]
    .data            inited   0x2400'05ab       0x1  add_ValueConv.o [2]
    .data            inited   0x2400'05ac       0x1  g_Core.o [4]
    .data            inited   0x2400'05ad       0x1  peref.o [6]
    .data            inited   0x2400'05ae       0x1  stm32h7xx_hal.o [9]
                            - 0x2400'05af     0x5af

"P2", part 2 of 3:                           0x29b8
  .bss               zero     0x2400'05b0     0x8d4  g_Ram.o [5]
  .bss               zero     0x2400'0e84     0x854  peref.o [6]
  .bss               zero     0x2400'16d8     0x540  g_Core.o [4]
  .bss               zero     0x2400'1c18     0x400  comm_ModbusRtu.o [3]
  .bss               zero     0x2400'2018     0x398  comm.o [3]
  .bss               zero     0x2400'23b0     0x218  core_Menu.o [4]
  .bss               zero     0x2400'25c8      0xdc  main.o [2]
  .bss               zero     0x2400'26a4      0xc0  stat.o [7]
  .bss               zero     0x2400'2764      0xa0  main.o [2]
  .bss               zero     0x2400'2804      0x90  main.o [2]
  .bss               zero     0x2400'2894      0x90  main.o [2]
  .bss               zero     0x2400'2924      0x90  main.o [2]
  .bss               zero     0x2400'29b4      0x90  main.o [2]
  .bss               zero     0x2400'2a44      0x88  main.o [2]
  .bss               zero     0x2400'2acc      0x88  main.o [2]
  .bss               zero     0x2400'2b54      0x78  main.o [2]
  .bss               zero     0x2400'2bcc      0x78  main.o [2]
  .bss               zero     0x2400'2c44      0x64  main.o [2]
  .bss               zero     0x2400'2ca8      0x64  main.o [2]
  .bss               zero     0x2400'2d0c      0x4c  main.o [2]
  .bss               zero     0x2400'2d58      0x4c  main.o [2]
  .bss               zero     0x2400'2da4      0x34  g_Core.o [4]
  .bss               zero     0x2400'2dd8      0x2c  peref.o [6]
  .bss               zero     0x2400'2e04      0x28  CMS58M.o [6]
  .bss               zero     0x2400'2e2c      0x24  CMS58M.o [6]
  .bss               zero     0x2400'2e50      0x24  main.o [2]
  .bss               zero     0x2400'2e74      0x10  peref.o [6]
  .bss               zero     0x2400'2e84       0x4  comm_ModbusRtu.o [3]
  .bss               zero     0x2400'2e88       0x8  g_Core.o [4]
  .bss               zero     0x2400'2e90       0x8  g_Core.o [4]
  .bss               zero     0x2400'2e98       0x4  comm_ModbusRtu.o [3]
  .bss               zero     0x2400'2e9c       0x4  comm_ModbusRtu.o [3]
  .bss               zero     0x2400'2ea0       0x4  core_Menu.o [4]
  .bss               zero     0x2400'2ea4       0x4  core_Menu.o [4]
  .bss               zero     0x2400'2ea8       0x4  core_Menu.o [4]
  .bss               zero     0x2400'2eac       0x4  core_Menu.o [4]
  .bss               zero     0x2400'2eb0       0x4  g_Core.o [4]
  .bss               zero     0x2400'2eb4       0x4  g_Core.o [4]
  .bss               zero     0x2400'2eb8       0x4  g_Core.o [4]
  .bss               zero     0x2400'2ebc       0x4  g_Core.o [4]
  .bss               zero     0x2400'2ec0       0x4  g_Core.o [4]
  .bss               zero     0x2400'2ec4       0x4  g_Core.o [4]
  .bss               zero     0x2400'2ec8       0x4  g_Core.o [4]
  .bss               zero     0x2400'2ecc       0x4  g_Core.o [4]
  .bss               zero     0x2400'2ed0       0x4  g_Core.o [4]
  .bss               zero     0x2400'2ed4       0x4  g_Core.o [4]
  .bss               zero     0x2400'2ed8       0x4  g_Core.o [4]
  .bss               zero     0x2400'2edc       0x4  g_Core.o [4]
  .bss               zero     0x2400'2ee0       0x4  g_Core.o [4]
  .bss               zero     0x2400'2ee4       0x4  g_Core.o [4]
  .bss               zero     0x2400'2ee8       0x4  g_Core.o [4]
  .bss               zero     0x2400'2eec       0x4  g_InterruptUpdate.o [5]
  .bss               zero     0x2400'2ef0       0x4  g_InterruptUpdate.o [5]
  .bss               zero     0x2400'2ef4       0x4  g_InterruptUpdate.o [5]
  .bss               zero     0x2400'2ef8       0x4  g_InterruptUpdate.o [5]
  .bss               zero     0x2400'2efc       0x4  g_InterruptUpdate.o [5]
  .bss               zero     0x2400'2f00       0x4  g_InterruptUpdate.o [5]
  .bss               zero     0x2400'2f04       0x4  g_InterruptUpdate.o [5]
  .bss               zero     0x2400'2f08       0x4  g_InterruptUpdate.o [5]
  .bss               zero     0x2400'2f0c       0x4  main.o [2]
  .bss               zero     0x2400'2f10       0x4  peref.o [6]
  .bss               zero     0x2400'2f14       0x4  peref.o [6]
  .bss               zero     0x2400'2f18       0x4  peref.o [6]
  .bss               zero     0x2400'2f1c       0x4  peref.o [6]
  .bss               zero     0x2400'2f20       0x4  peref.o [6]
  .bss               zero     0x2400'2f24       0x4  peref.o [6]
  .bss               zero     0x2400'2f28       0x4  peref.o [6]
  .bss               zero     0x2400'2f2c       0x4  peref.o [6]
  .bss               zero     0x2400'2f30       0x4  peref.o [6]
  .bss               zero     0x2400'2f34       0x4  peref.o [6]
  .bss               zero     0x2400'2f38       0x4  peref.o [6]
  .bss               zero     0x2400'2f3c       0x4  peref.o [6]
  .bss               zero     0x2400'2f40       0x4  peref.o [6]
  .bss               zero     0x2400'2f44       0x4  peref.o [6]
  .bss               zero     0x2400'2f48       0x4  peref.o [6]
  .bss               zero     0x2400'2f4c       0x4  peref.o [6]
  .bss               zero     0x2400'2f50       0x4  peref_Calibs.o [6]
  .bss               zero     0x2400'2f54       0x4  stm32h7xx_hal.o [9]
  .bss               zero     0x2400'2f58       0x4  stm32h7xx_it.o [2]
  .bss               zero     0x2400'2f5c       0x2  peref.o [6]
  .bss               zero     0x2400'2f5e       0x2  peref.o [6]
  .bss               zero     0x2400'2f60       0x1  CMS58M.o [6]
  .bss               zero     0x2400'2f61       0x1  CMS58M.o [6]
  .bss               zero     0x2400'2f62       0x1  comm_ModbusRtu.o [3]
  .bss               zero     0x2400'2f63       0x1  core_Protections.o [4]
  .bss               zero     0x2400'2f64       0x1  core_VlvDrvCtrl.o [4]
  .bss               zero     0x2400'2f65       0x1  peref.o [6]
                            - 0x2400'2f66    0x29b6

"P2", part 3 of 3:                           0x4000
  CSTACK                      0x2400'2f68    0x4000  <Block>
    CSTACK           uninit   0x2400'2f68    0x4000  <Block tail>
                            - 0x2400'6f68    0x4000

Unused ranges:

         From           To       Size
         ----           --       ----
   0x801'ae9e   0x81f'ffff  0x1e'5162
  0x2400'05af  0x2400'05af        0x1
  0x2400'6f68  0x2407'ffff   0x7'9098


*******************************************************************************
*** INIT TABLE
***

          Address      Size
          -------      ----
Zero (__iar_zero_init3)
    1 destination range, total size 0x29b6:
          0x2400'05b0  0x29b6

Copy/lz77 (__iar_lz77_init_single3)
    1 source range, total size 0x372 (60% of destination):
           0x801'ab2c   0x372
    1 destination range, total size 0x5af:
          0x2400'0000   0x5af



*******************************************************************************
*** MODULE SUMMARY
***

    Module                   ro code  ro data  rw data
    ------                   -------  -------  -------
command line/config:
    --------------------------------------------------
    Total:

D:\WorkOther\EBU6\EWARM\EBU6\Obj\Application\EWARM: [1]
    startup_stm32h743xx.o      1'200
    --------------------------------------------------
    Total:                     1'200

D:\WorkOther\EBU6\EWARM\EBU6\Obj\Application\User\Core: [2]
    add_ValueConv.o              498        3        4
    main.o                     4'476             1'860
    stm32h7xx_hal_msp.o        2'576
    stm32h7xx_it.o               252                 4
    --------------------------------------------------
    Total:                     7'802        3    1'868

D:\WorkOther\EBU6\EWARM\EBU6\Obj\Application\User\Core\Comm: [3]
    comm.o                        92               920
    comm_ModbusRtu.o           3'992             1'037
    comm_SerialComm.o            928       33       56
    --------------------------------------------------
    Total:                     5'012       33    2'013

D:\WorkOther\EBU6\EWARM\EBU6\Obj\Application\User\Core\Core: [4]
    core_Menu.o                6'236   24'044      552
    core_Protections.o           196                 1
    core_VlvDrvCtrl.o          1'450                 1
    g_Core.o                   5'112       10    1'489
    --------------------------------------------------
    Total:                    12'994   24'054    2'043

D:\WorkOther\EBU6\EWARM\EBU6\Obj\Application\User\Core\Global: [5]
    g_InterruptUpdate.o          508      311      544
    g_Ram.o                      360             2'260
    --------------------------------------------------
    Total:                       868      311    2'804

D:\WorkOther\EBU6\EWARM\EBU6\Obj\Application\User\Core\Peref: [6]
    CMS58M.o                     652       12       78
    peref.o                    4'972      391    2'906
    peref_ApFilter1.o            116
    peref_Calibs.o             1'196        2        8
    peref_Clock.o                 62
    peref_SensObserver.o         712
    peref_SinObserver.o          360
    peref_display.o              928      109      180
    --------------------------------------------------
    Total:                     8'998      514    3'172

D:\WorkOther\EBU6\EWARM\EBU6\Obj\Application\User\Core\Stat: [7]
    stat.o                        50               192
    stat_fm25v10.o               708
    --------------------------------------------------
    Total:                       758               192

D:\WorkOther\EBU6\EWARM\EBU6\Obj\Drivers\CMSIS: [8]
    system_stm32h7xx.o           316       21        8
    --------------------------------------------------
    Total:                       316       21        8

D:\WorkOther\EBU6\EWARM\EBU6\Obj\Drivers\STM32H7xx_HAL_Driver: [9]
    stm32h7xx_hal.o              292        3        9
    stm32h7xx_hal_adc.o        4'196
    stm32h7xx_hal_adc_ex.o       382
    stm32h7xx_hal_cortex.o       400
    stm32h7xx_hal_dma.o        8'916        8
    stm32h7xx_hal_fdcan.o      2'396       92
    stm32h7xx_hal_gpio.o       1'072
    stm32h7xx_hal_hrtim.o      2'234       14       24
    stm32h7xx_hal_pwr.o           20
    stm32h7xx_hal_pwr_ex.o       100
    stm32h7xx_hal_rcc.o        3'376
    stm32h7xx_hal_rcc_ex.o     6'976
    stm32h7xx_hal_rtc.o        1'106
    stm32h7xx_hal_spi.o        3'894
    stm32h7xx_hal_tim.o        3'370
    stm32h7xx_hal_tim_ex.o       762
    stm32h7xx_hal_uart.o       5'372       24
    stm32h7xx_hal_uart_ex.o      370       16
    --------------------------------------------------
    Total:                    45'234      157       33

dl7M_tln.a: [10]
    abs.o                          8
    exit.o                         4
    labs.o                         8
    low_level_init.o               4
    --------------------------------------------------
    Total:                        24

m7M_tlv.a: [11]
    cos_sin32.o                  468
    fmax.o                        46
    fmin.o                        42
    fpinit_M.o                    34
    sqrtf.o                       30
    --------------------------------------------------
    Total:                       620

rt7M_tl.a: [12]
    ABImemcpy.o                  166
    ABImemset.o                  102
    I64DivMod.o                  560
    I64DivZer.o                    2
    cexit.o                       10
    cmain.o                       30
    cstartup_M.o                  28
    data_init.o                   40
    lz77_init_single.o           120
    strchr.o                      22
    strcmp.o                      18
    strcpy.o                      24
    strlen.o                      54
    zero_init3.o                  56
    --------------------------------------------------
    Total:                     1'232

shb_l.a: [13]
    exit.o                        20
    --------------------------------------------------
    Total:                        20

    Gaps                          30        4
    Linker created                         33   16'384
------------------------------------------------------
    Grand Total:              85'108   25'130   28'517


*******************************************************************************
*** ENTRY LIST
***

Entry                       Address    Size  Type      Object
-----                       -------    ----  ----      ------
.iar.init_table$$Base    0x801'a82c           --   Gb  - Linker created -
.iar.init_table$$Limit   0x801'a84c           --   Gb  - Linker created -
?main                    0x801'a84d          Code  Gb  cmain.o [12]
ADC3_IRQHandler          0x801'a5f1     0xa  Code  Gb  stm32h7xx_it.o [2]
ADC_ConfigureBoostMode   0x801'2719   0x158  Code  Gb  stm32h7xx_hal_adc.o [9]
ADC_DMAConvCplt          0x801'2665    0x88  Code  Gb  stm32h7xx_hal_adc.o [9]
ADC_DMAError             0x801'26fb    0x1e  Code  Gb  stm32h7xx_hal_adc.o [9]
ADC_DMAHalfConvCplt      0x801'26ed     0xe  Code  Gb  stm32h7xx_hal_adc.o [9]
ADC_Enable               0x801'2599    0xbc  Code  Gb  stm32h7xx_hal_adc.o [9]
ADC_IRQHandler           0x801'a55d     0xa  Code  Gb  stm32h7xx_it.o [2]
ADS1118_init             0x800'c71b    0xbe  Code  Gb  peref.o [6]
ADS1118_update           0x800'c7ed    0x60  Code  Gb  peref.o [6]
AcknoledgeEvent          0x801'84e3    0xa2  Code  Gb  comm_ModbusRtu.o [3]
AsuMbSetTr               0x801'7e0d    0x14  Code  Gb  comm_SerialComm.o [3]
BaudRates               0x2400'0000    0x1c  Data  Lc  comm_SerialComm.o [3]
BreakFrameEvent          0x801'83fd    0x16  Code  Gb  comm_ModbusRtu.o [3]
BrrValues               0x2400'001c    0x1c  Data  Lc  comm_SerialComm.o [3]
BtnLevel                0x2400'024c     0x4  Data  Gb  peref.o [6]
BtnTout                 0x2400'0248     0x4  Data  Gb  peref.o [6]
BusFault_Handler         0x801'a537     0x2  Code  Gb  stm32h7xx_it.o [2]
ByteToStr                0x800'b155    0x1e  Code  Gb  add_ValueConv.o [2]
CAN1RxMsg               0x2400'2f60     0x1  Data  Gb  CMS58M.o [6]
CAN1TxMsg               0x2400'2f61     0x1  Data  Gb  CMS58M.o [6]
CPU_led_timer           0x2400'2f58     0x4  Data  Gb  stm32h7xx_it.o [2]
CSTACK$$Base            0x2400'2f68           --   Gb  - Linker created -
CSTACK$$Limit           0x2400'6f68           --   Gb  - Linker created -
CalcClbCycle             0x800'ed0b    0x70  Code  Gb  peref_Calibs.o [6]
CalcClbGearInv           0x800'ea11    0x14  Code  Gb  peref_Calibs.o [6]
CalcClbGearRev           0x800'ea25    0x18  Code  Gb  peref_Calibs.o [6]
CalcFrameCrc             0x801'8c3d    0x28  Code  Gb  comm_ModbusRtu.o [3]
ChangeCoordinate         0x800'a311   0x194  Code  Lc  core_Menu.o [4]
CheckRange               0x800'b055    0x22  Code  Gb  add_ValueConv.o [2]
CheckStatus              0x800'ecef    0x1c  Code  Lc  peref_Calibs.o [6]
ClearDiagnRegIndication
                         0x801'8f49    0x28  Code  Gb  comm_ModbusRtu.o [3]
ClearOverrunFlagIndication
                         0x801'8f71    0x1c  Code  Gb  comm_ModbusRtu.o [3]
Cms58mConfig             0x800'e721    0x50  Code  Gb  CMS58M.o [6]
Cms58mInir               0x800'e6fd    0x24  Code  Gb  CMS58M.o [6]
Cms58mRxHandler          0x800'e77f    0x2c  Code  Gb  CMS58M.o [6]
Cms58mStart              0x800'e771     0xe  Code  Gb  CMS58M.o [6]
Comm_50HzCalc            0x801'3cfd     0x2  Code  Gb  comm.o [3]
Comm_CommandUpdate       0x801'3cff     0x2  Code  Gb  comm.o [3]
Comm_Init                0x801'3ca5    0x12  Code  Gb  comm.o [3]
Comm_Update              0x801'3cb7    0x3a  Code  Gb  comm.o [3]
ConnTimeoutEvent         0x801'84cf    0x14  Code  Gb  comm_ModbusRtu.o [3]
Core_CalibControl        0x801'2ad5   0x148  Code  Gb  g_Core.o [4]
Core_CalibStop           0x801'2a33    0x9a  Code  Gb  g_Core.o [4]
Core_ControlMode         0x801'2f9f    0x32  Code  Gb  g_Core.o [4]
Core_Init                0x801'28ad   0x186  Code  Gb  g_Core.o [4]
Core_MENU_Display        0x800'9b11    0x88  Code  Gb  core_Menu.o [4]
Core_MenuInit            0x800'9779   0x336  Code  Gb  core_Menu.o [4]
Core_MenuReadDcr         0x800'aba9    0x6e  Code  Gb  core_Menu.o [4]
Core_MenuUpdate          0x800'9ac5    0x4c  Code  Gb  core_Menu.o [4]
Core_Protections18kHzUpdate
                         0x801'75c3    0x60  Code  Gb  core_Protections.o [4]
Core_Protections50HZUpdate
                         0x801'75b3    0x10  Code  Gb  core_Protections.o [4]
Core_ProtectionsClear    0x801'75a1    0x12  Code  Gb  core_Protections.o [4]
Core_ProtectionsEnable   0x801'7573    0x2e  Code  Gb  core_Protections.o [4]
Core_ProtectionsEnable::State
                        0x2400'2f63     0x1  Data  Lc  core_Protections.o [4]
Core_ProtectionsInit     0x801'756d     0x6  Code  Gb  core_Protections.o [4]
Core_SetDeff             0x800'acd3    0xd4  Code  Gb  core_Menu.o [4]
Core_ValveDriveInit      0x801'7631    0x96  Code  Gb  core_VlvDrvCtrl.o [4]
Core_ValveDriveMove      0x801'772b    0x94  Code  Gb  core_VlvDrvCtrl.o [4]
Core_ValveDriveStop      0x801'76c7    0x34  Code  Gb  core_VlvDrvCtrl.o [4]
Core_ValveDriveUpdate    0x801'76fb    0x30  Code  Gb  core_VlvDrvCtrl.o [4]
CrcPack                  0x801'8cc9    0x36  Code  Gb  comm_ModbusRtu.o [3]
CrcTable                0x2400'1c18   0x400  Data  Gb  comm_ModbusRtu.o [3]
CrcTableGenFlag         0x2400'2f62     0x1  Data  Lc  comm_ModbusRtu.o [3]
CyclicTimer              0x801'a8f8     0x8  Data  Gb  CMS58M.o [6]
D1CorePrescTable         0x801'a8d8    0x10  Data  Gb  system_stm32h7xx.o [8]
DAC_on_off              0x2400'05ad     0x1  Data  Gb  peref.o [6]
DAC_tmp                 0x2400'2f2c     0x4  Data  Gb  peref.o [6]
DAC_tmp_16              0x2400'2f5e     0x2  Data  Gb  peref.o [6]
DISPL_AddSymb            0x800'df61    0x36  Code  Gb  peref_display.o [6]
DISPL_Update             0x800'df33    0x2e  Code  Gb  peref_display.o [6]
DISPL_init               0x800'deb9    0x3e  Code  Gb  peref_display.o [6]
DLCtoBytes               0x801'a8c8    0x10  Data  Lc  stm32h7xx_hal_fdcan.o [9]
DMA1_Stream1_IRQHandler
                         0x801'a549     0xa  Code  Gb  stm32h7xx_it.o [2]
DMA1_Stream3_IRQHandler
                         0x801'a553     0xa  Code  Gb  stm32h7xx_it.o [2]
DMA_CalcBaseAndBitshift
                         0x800'710b    0xd2  Code  Lc  stm32h7xx_hal_dma.o [9]
DMA_CalcBaseAndBitshift{1}{2}::flagBitshiftOffset
                         0x801'a908     0x8  Data  Lc  stm32h7xx_hal_dma.o [9]
DMA_CalcDMAMUXChannelBaseAndMask
                         0x800'729b    0xac  Code  Lc  stm32h7xx_hal_dma.o [9]
DMA_CalcDMAMUXRequestGenBaseAndMask
                         0x800'7347    0x80  Code  Lc  stm32h7xx_hal_dma.o [9]
DMA_CheckFifoParam       0x800'7201    0x9a  Code  Lc  stm32h7xx_hal_dma.o [9]
DMA_SetConfig            0x800'6ea5   0x266  Code  Lc  stm32h7xx_hal_dma.o [9]
DataPack                 0x801'8c89    0x1c  Code  Gb  comm_ModbusRtu.o [3]
DataUnPack               0x801'8ca5    0x24  Code  Gb  comm_ModbusRtu.o [3]
DateSeparator           0x2400'05ab     0x1  Data  Gb  add_ValueConv.o [2]
DateToStr                0x800'b19b    0x3e  Code  Gb  add_ValueConv.o [2]
DebugMon_Handler         0x801'a53d     0x2  Code  Gb  stm32h7xx_it.o [2]
DecToStr                 0x800'b077    0xde  Code  Gb  add_ValueConv.o [2]
DefineBit                0x800'a63d    0x5c  Code  Gb  core_Menu.o [4]
DiagnosticIndication     0x801'8cff    0x34  Code  Gb  comm_ModbusRtu.o [3]
DisplayOff               0x800'dfd3    0x34  Code  Gb  peref_display.o [6]
DisplayOn                0x800'e007    0xc4  Code  Gb  peref_display.o [6]
DisplayPutText           0x800'e0cb    0x60  Code  Gb  peref_display.o [6]
DisplayRestart           0x800'df97    0x3c  Code  Gb  peref_display.o [6]
DisplayStart             0x800'e20b    0x2c  Code  Gb  peref_display.o [6]
DriveClose               0x801'7a81    0x92  Code  Gb  core_VlvDrvCtrl.o [4]
DriveOpen                0x801'7b13    0x98  Code  Gb  core_VlvDrvCtrl.o [4]
DriveStop                0x801'7a71    0x10  Code  Gb  core_VlvDrvCtrl.o [4]
DynBreakMode             0x801'30b3    0x42  Code  Lc  g_Core.o [4]
EchoResponse             0x801'8d33     0xc  Code  Gb  comm_ModbusRtu.o [3]
EditBin                  0x800'a2f3    0x1e  Code  Gb  core_Menu.o [4]
EditDate                 0x800'a1a1   0x152  Code  Gb  core_Menu.o [4]
EditDec                  0x800'9e6d   0x186  Code  Gb  core_Menu.o [4]
EditParam                0x800'9d6f    0xfe  Code  Gb  core_Menu.o [4]
EditStr                  0x800'9ff3    0xe0  Code  Gb  core_Menu.o [4]
EditTime                 0x800'a0d3    0xce  Code  Gb  core_Menu.o [4]
Eeprom1                 0x2400'2da4    0x34  Data  Gb  g_Core.o [4]
EnableEdit               0x800'ac9f    0x34  Code  Gb  core_Menu.o [4]
EncodeData               0x800'e1ef    0x1c  Code  Gb  peref_display.o [6]
Error_Handler            0x801'17a5     0x4  Code  Gb  main.o [2]
FDCANStatus             0x2400'2dd8    0x2c  Data  Gb  peref.o [6]
FDCAN_CalcultateRamBlockAddresses
                         0x800'f4e1   0x208  Code  Lc  stm32h7xx_hal_fdcan.o [9]
FDCAN_CopyMessageToRAM   0x800'f6e9    0x9a  Code  Lc  stm32h7xx_hal_fdcan.o [9]
FDCANerrCount           0x2400'2e74    0x10  Data  Gb  peref.o [6]
FM25V10_Init             0x800'b529    0x3e  Code  Gb  stat_fm25v10.o [7]
FM25V10_ReadByte         0x800'b6d1    0x58  Code  Gb  stat_fm25v10.o [7]
FM25V10_ReadSN           0x800'b7a3    0x3e  Code  Gb  stat_fm25v10.o [7]
FM25V10_ReadStatus       0x800'b695    0x3c  Code  Gb  stat_fm25v10.o [7]
FM25V10_Update           0x800'b567   0x12e  Code  Gb  stat_fm25v10.o [7]
FM25V10_WriteByte        0x800'b729    0x4e  Code  Gb  stat_fm25v10.o [7]
FM25V10_WriteEnable      0x800'b777    0x2c  Code  Gb  stat_fm25v10.o [7]
Flag                    0x2400'2f64     0x1  Data  Gb  core_VlvDrvCtrl.o [4]
FloatPositive           0x2400'05a9     0x1  Data  Gb  add_ValueConv.o [2]
FloatSeparator          0x2400'05a8     0x1  Data  Gb  add_ValueConv.o [2]
ForceListenModeIndication
                         0x801'8f2d    0x1c  Code  Gb  comm_ModbusRtu.o [3]
GenerateCrcTable         0x801'8c07    0x36  Code  Gb  comm_ModbusRtu.o [3]
GetActiveControls        0x801'77bf    0xf6  Code  Gb  core_VlvDrvCtrl.o [4]
HAL_ADCEx_EndOfSamplingCallback
                         0x801'7559     0x2  Code  Gb  stm32h7xx_hal_adc_ex.o [9]
HAL_ADCEx_InjectedConvCpltCallback
                         0x801'755d     0x2  Code  Gb  stm32h7xx_hal_adc_ex.o [9]
HAL_ADCEx_InjectedQueueOverflowCallback
                         0x801'7567     0x2  Code  Gb  stm32h7xx_hal_adc_ex.o [9]
HAL_ADCEx_LevelOutOfWindow2Callback
                         0x801'7561     0x2  Code  Gb  stm32h7xx_hal_adc_ex.o [9]
HAL_ADCEx_LevelOutOfWindow3Callback
                         0x801'7563     0x2  Code  Gb  stm32h7xx_hal_adc_ex.o [9]
HAL_ADCEx_MultiModeConfigChannel
                         0x801'51e7   0x148  Code  Gb  stm32h7xx_hal_adc_ex.o [9]
HAL_ADC_ConfigChannel    0x801'20d5   0x4a6  Code  Gb  stm32h7xx_hal_adc.o [9]
HAL_ADC_ConvCpltCallback
                         0x801'755b     0x2  Code  Gb  stm32h7xx_hal_adc.o [9]
HAL_ADC_ConvHalfCpltCallback
                         0x801'7569     0x2  Code  Gb  stm32h7xx_hal_adc.o [9]
HAL_ADC_ErrorCallback    0x801'7565     0x2  Code  Gb  stm32h7xx_hal_adc.o [9]
HAL_ADC_IRQHandler       0x801'1db5   0x31a  Code  Gb  stm32h7xx_hal_adc.o [9]
HAL_ADC_Init             0x801'19ef   0x27e  Code  Gb  stm32h7xx_hal_adc.o [9]
HAL_ADC_LevelOutOfWindowCallback
                         0x801'755f     0x2  Code  Gb  stm32h7xx_hal_adc.o [9]
HAL_ADC_MspInit          0x800'fc3f   0x268  Code  Gb  stm32h7xx_hal_msp.o [2]
HAL_ADC_Start_DMA        0x801'1c79   0x112  Code  Gb  stm32h7xx_hal_adc.o [9]
HAL_DMA_Abort            0x800'5b09   0x47c  Code  Gb  stm32h7xx_hal_dma.o [9]
HAL_DMA_Abort_IT         0x800'5fe1   0x39e  Code  Gb  stm32h7xx_hal_dma.o [9]
HAL_DMA_IRQHandler       0x800'63e5   0xa7a  Code  Gb  stm32h7xx_hal_dma.o [9]
HAL_DMA_Init             0x800'517d   0x532  Code  Gb  stm32h7xx_hal_dma.o [9]
HAL_DMA_Start_IT         0x800'5719   0x3ea  Code  Gb  stm32h7xx_hal_dma.o [9]
HAL_FDCAN_AddMessageToTxBuffer
                         0x800'f1cf    0x8e  Code  Gb  stm32h7xx_hal_fdcan.o [9]
HAL_FDCAN_AddMessageToTxFifoQ
                         0x800'f147    0x88  Code  Gb  stm32h7xx_hal_fdcan.o [9]
HAL_FDCAN_EnableTxBufferRequest
                         0x800'f25d    0x24  Code  Gb  stm32h7xx_hal_fdcan.o [9]
HAL_FDCAN_GetErrorCounters
                         0x800'f4b9    0x22  Code  Gb  stm32h7xx_hal_fdcan.o [9]
HAL_FDCAN_GetProtocolStatus
                         0x800'f46d    0x4c  Code  Gb  stm32h7xx_hal_fdcan.o [9]
HAL_FDCAN_GetRxMessage   0x800'f281   0x1e6  Code  Gb  stm32h7xx_hal_fdcan.o [9]
HAL_FDCAN_Init           0x800'ee35   0x2d8  Code  Gb  stm32h7xx_hal_fdcan.o [9]
HAL_FDCAN_MspInit        0x800'fea7    0xa2  Code  Gb  stm32h7xx_hal_msp.o [2]
HAL_FDCAN_Start          0x800'f111    0x36  Code  Gb  stm32h7xx_hal_fdcan.o [9]
HAL_GPIO_DeInit          0x800'cd8b   0x17c  Code  Gb  stm32h7xx_hal_gpio.o [9]
HAL_GPIO_Init            0x800'cb59   0x232  Code  Gb  stm32h7xx_hal_gpio.o [9]
HAL_GPIO_ReadPin         0x800'cf07    0x16  Code  Gb  stm32h7xx_hal_gpio.o [9]
HAL_GPIO_TogglePin       0x800'cf37    0x1a  Code  Gb  stm32h7xx_hal_gpio.o [9]
HAL_GPIO_WritePin        0x800'cf1d    0x1a  Code  Gb  stm32h7xx_hal_gpio.o [9]
HAL_GetREVID             0x801'1807     0xa  Code  Gb  stm32h7xx_hal.o [9]
HAL_GetTick              0x800'7451     0xc  Code  Gb  stm32h7xx_hal.o [9]
HAL_HRTIM_Init           0x801'5349   0x126  Code  Gb  stm32h7xx_hal_hrtim.o [9]
HAL_HRTIM_MspInit        0x800'ff49    0x56  Code  Gb  stm32h7xx_hal_msp.o [2]
HAL_HRTIM_MspPostInit    0x800'ff9f    0x5e  Code  Gb  stm32h7xx_hal_msp.o [2]
HAL_HRTIM_SimplePWMStart
                         0x801'54b5    0x4e  Code  Gb  stm32h7xx_hal_hrtim.o [9]
HAL_HRTIM_TimeBaseConfig
                         0x801'546f    0x3c  Code  Gb  stm32h7xx_hal_hrtim.o [9]
HAL_HRTIM_WaveformCompareConfig
                         0x801'55a1   0x236  Code  Gb  stm32h7xx_hal_hrtim.o [9]
HAL_HRTIM_WaveformOutputConfig
                         0x801'57d7    0x4a  Code  Gb  stm32h7xx_hal_hrtim.o [9]
HAL_HRTIM_WaveformTimerConfig
                         0x801'5509    0x98  Code  Gb  stm32h7xx_hal_hrtim.o [9]
HAL_IncTick              0x801'a62d    0x18  Code  Gb  stm32h7xx_hal.o [9]
HAL_Init                 0x801'17a9    0x5e  Code  Gb  stm32h7xx_hal.o [9]
HAL_InitTick             0x800'9591    0x58  Code  Gb  stm32h7xx_hal.o [9]
HAL_MspInit              0x800'fbf5    0x4a  Code  Gb  stm32h7xx_hal_msp.o [2]
HAL_NVIC_DisableIRQ      0x800'973b     0xe  Code  Gb  stm32h7xx_hal_cortex.o [9]
HAL_NVIC_EnableIRQ       0x800'972d     0xe  Code  Gb  stm32h7xx_hal_cortex.o [9]
HAL_NVIC_SetPriority     0x800'9709    0x24  Code  Gb  stm32h7xx_hal_cortex.o [9]
HAL_NVIC_SetPriorityGrouping
                         0x800'96fd     0xc  Code  Gb  stm32h7xx_hal_cortex.o [9]
HAL_PWREx_ConfigSupply   0x801'4a21    0x5c  Code  Gb  stm32h7xx_hal_pwr_ex.o [9]
HAL_PWR_EnableBkUpAccess
                         0x801'4a85     0xe  Code  Gb  stm32h7xx_hal_pwr.o [9]
HAL_RCCEx_GetD3PCLK1Freq
                         0x800'8615    0x1e  Code  Gb  stm32h7xx_hal_rcc_ex.o [9]
HAL_RCCEx_GetPLL1ClockFreq
                         0x800'8acd   0x22c  Code  Gb  stm32h7xx_hal_rcc_ex.o [9]
HAL_RCCEx_GetPLL2ClockFreq
                         0x800'8635   0x226  Code  Gb  stm32h7xx_hal_rcc_ex.o [9]
HAL_RCCEx_GetPLL3ClockFreq
                         0x800'887d   0x226  Code  Gb  stm32h7xx_hal_rcc_ex.o [9]
HAL_RCCEx_GetPeriphCLKFreq
                         0x800'7f8d   0x688  Code  Gb  stm32h7xx_hal_rcc_ex.o [9]
HAL_RCCEx_PeriphCLKConfig
                         0x800'745d   0xb0c  Code  Gb  stm32h7xx_hal_rcc_ex.o [9]
HAL_RCC_ClockConfig      0x800'8f9d   0x306  Code  Gb  stm32h7xx_hal_rcc.o [9]
HAL_RCC_GetHCLKFreq      0x800'94cb    0x3c  Code  Gb  stm32h7xx_hal_rcc.o [9]
HAL_RCC_GetPCLK1Freq     0x800'9507    0x1a  Code  Gb  stm32h7xx_hal_rcc.o [9]
HAL_RCC_GetPCLK2Freq     0x800'9521    0x1a  Code  Gb  stm32h7xx_hal_rcc.o [9]
HAL_RCC_GetSysClockFreq
                         0x800'92a5   0x226  Code  Gb  stm32h7xx_hal_rcc.o [9]
HAL_RCC_OscConfig        0x801'4a99   0x73c  Code  Gb  stm32h7xx_hal_rcc.o [9]
HAL_RTC_GetDate          0x800'fa7d    0x52  Code  Gb  stm32h7xx_hal_rtc.o [9]
HAL_RTC_GetTime          0x800'f94b    0x66  Code  Gb  stm32h7xx_hal_rtc.o [9]
HAL_RTC_Init             0x800'f7a1    0xb4  Code  Gb  stm32h7xx_hal_rtc.o [9]
HAL_RTC_MspInit          0x800'fffd    0x4a  Code  Gb  stm32h7xx_hal_msp.o [2]
HAL_RTC_SetDate          0x800'f9b1    0xcc  Code  Gb  stm32h7xx_hal_rtc.o [9]
HAL_RTC_SetTime          0x800'f855    0xf6  Code  Gb  stm32h7xx_hal_rtc.o [9]
HAL_RTC_WaitForSynchro   0x800'facf    0x34  Code  Gb  stm32h7xx_hal_rtc.o [9]
HAL_SPI_ErrorCallback    0x801'0605     0x2  Code  Gb  stm32h7xx_hal_spi.o [9]
HAL_SPI_IRQHandler       0x800'dad9   0x28c  Code  Gb  stm32h7xx_hal_spi.o [9]
HAL_SPI_Init             0x800'cf89   0x182  Code  Gb  stm32h7xx_hal_spi.o [9]
HAL_SPI_MspInit          0x801'0047   0x17c  Code  Gb  stm32h7xx_hal_msp.o [2]
HAL_SPI_Receive          0x800'd3c7   0x2c2  Code  Gb  stm32h7xx_hal_spi.o [9]
HAL_SPI_RxCpltCallback   0x801'0609     0x2  Code  Gb  stm32h7xx_hal_spi.o [9]
HAL_SPI_Transmit         0x800'd10b   0x2bc  Code  Gb  stm32h7xx_hal_spi.o [9]
HAL_SPI_TransmitReceive
                         0x800'd689   0x444  Code  Gb  stm32h7xx_hal_spi.o [9]
HAL_SPI_TxCpltCallback   0x801'060b     0x2  Code  Gb  stm32h7xx_hal_spi.o [9]
HAL_SPI_TxRxCpltCallback
                         0x801'0607     0x2  Code  Gb  stm32h7xx_hal_spi.o [9]
HAL_SYSCFG_DisableVREFBUF
                         0x801'1825    0x12  Code  Gb  stm32h7xx_hal.o [9]
HAL_SYSCFG_VREFBUF_HighImpedanceConfig
                         0x801'1811    0x14  Code  Gb  stm32h7xx_hal.o [9]
HAL_SYSTICK_Config       0x800'9749     0xc  Code  Gb  stm32h7xx_hal_cortex.o [9]
HAL_TIMEx_Break2Callback
                         0x801'81b9     0x2  Code  Gb  stm32h7xx_hal_tim_ex.o [9]
HAL_TIMEx_BreakCallback
                         0x801'81b7     0x2  Code  Gb  stm32h7xx_hal_tim_ex.o [9]
HAL_TIMEx_CommutCallback
                         0x801'81bd     0x2  Code  Gb  stm32h7xx_hal_tim_ex.o [9]
HAL_TIMEx_ConfigBreakDeadTime
                         0x801'5e29    0x94  Code  Gb  stm32h7xx_hal_tim_ex.o [9]
HAL_TIMEx_MasterConfigSynchronization
                         0x801'5d8b    0x9e  Code  Gb  stm32h7xx_hal_tim_ex.o [9]
HAL_TIMEx_PWMN_Start     0x801'5c05    0xea  Code  Gb  stm32h7xx_hal_tim_ex.o [9]
HAL_TIMEx_PWMN_Stop      0x801'5cfd    0x8e  Code  Gb  stm32h7xx_hal_tim_ex.o [9]
HAL_TIM_Base_Init        0x801'3d01    0x7a  Code  Gb  stm32h7xx_hal_tim.o [9]
HAL_TIM_Base_MspInit     0x801'01c3    0x66  Code  Gb  stm32h7xx_hal_msp.o [2]
HAL_TIM_Base_Start       0x801'3d7b    0x8c  Code  Gb  stm32h7xx_hal_tim.o [9]
HAL_TIM_Base_Start_IT    0x801'3e07    0x98  Code  Gb  stm32h7xx_hal_tim.o [9]
HAL_TIM_ConfigClockSource
                         0x801'4493   0x112  Code  Gb  stm32h7xx_hal_tim.o [9]
HAL_TIM_IC_CaptureCallback
                         0x801'81af     0x2  Code  Gb  stm32h7xx_hal_tim.o [9]
HAL_TIM_IRQHandler       0x801'41a5   0x194  Code  Gb  stm32h7xx_hal_tim.o [9]
HAL_TIM_MspPostInit      0x801'0229    0x5e  Code  Gb  stm32h7xx_hal_msp.o [2]
HAL_TIM_OC_DelayElapsedCallback
                         0x801'81b1     0x2  Code  Gb  stm32h7xx_hal_tim.o [9]
HAL_TIM_PWM_ConfigChannel
                         0x801'4339   0x15a  Code  Gb  stm32h7xx_hal_tim.o [9]
HAL_TIM_PWM_Init         0x801'3ebd    0x7a  Code  Gb  stm32h7xx_hal_tim.o [9]
HAL_TIM_PWM_MspInit      0x801'81ad     0x2  Code  Gb  stm32h7xx_hal_tim.o [9]
HAL_TIM_PWM_PulseFinishedCallback
                         0x801'81b3     0x2  Code  Gb  stm32h7xx_hal_tim.o [9]
HAL_TIM_PWM_Start        0x801'3f37   0x15e  Code  Gb  stm32h7xx_hal_tim.o [9]
HAL_TIM_PWM_Stop         0x801'4095    0xe8  Code  Gb  stm32h7xx_hal_tim.o [9]
HAL_TIM_PeriodElapsedCallback
                         0x801'81b5     0x2  Code  Gb  stm32h7xx_hal_tim.o [9]
HAL_TIM_TriggerCallback
                         0x801'81bb     0x2  Code  Gb  stm32h7xx_hal_tim.o [9]
HAL_UARTEx_DisableFifoMode
                         0x801'73ed    0x46  Code  Gb  stm32h7xx_hal_uart_ex.o [9]
HAL_UARTEx_RxEventCallback
                         0x801'81c1     0x2  Code  Gb  stm32h7xx_hal_uart.o [9]
HAL_UARTEx_RxFifoFullCallback
                         0x801'81c7     0x2  Code  Gb  stm32h7xx_hal_uart_ex.o [9]
HAL_UARTEx_SetRxFifoThreshold
                         0x801'7489    0x56  Code  Gb  stm32h7xx_hal_uart_ex.o [9]
HAL_UARTEx_SetTxFifoThreshold
                         0x801'7433    0x56  Code  Gb  stm32h7xx_hal_uart_ex.o [9]
HAL_UARTEx_TxFifoEmptyCallback
                         0x801'81c5     0x2  Code  Gb  stm32h7xx_hal_uart_ex.o [9]
HAL_UARTEx_WakeupCallback
                         0x801'81c3     0x2  Code  Gb  stm32h7xx_hal_uart_ex.o [9]
HAL_UART_DeInit          0x801'5f77    0x56  Code  Gb  stm32h7xx_hal_uart.o [9]
HAL_UART_ErrorCallback   0x801'81bf     0x2  Code  Gb  stm32h7xx_hal_uart.o [9]
HAL_UART_IRQHandler      0x801'60eb   0x3c0  Code  Gb  stm32h7xx_hal_uart.o [9]
HAL_UART_Init            0x801'5ef9    0x7e  Code  Gb  stm32h7xx_hal_uart.o [9]
HAL_UART_MspDeInit       0x801'04e9    0xa0  Code  Gb  stm32h7xx_hal_msp.o [2]
HAL_UART_MspInit         0x801'0287   0x262  Code  Gb  stm32h7xx_hal_msp.o [2]
HAL_UART_Receive_IT      0x801'6085    0x66  Code  Gb  stm32h7xx_hal_uart.o [9]
HAL_UART_RxCpltCallback
                         0x801'83fb     0x2  Code  Gb  stm32h7xx_hal_uart.o [9]
HAL_UART_Transmit_IT     0x801'5fcd    0xb8  Code  Gb  stm32h7xx_hal_uart.o [9]
HAL_UART_TxCpltCallback
                         0x801'83f9     0x2  Code  Gb  stm32h7xx_hal_uart.o [9]
HRTIM_ForceRegistersUpdate
                         0x801'5b81    0x82  Code  Lc  stm32h7xx_hal_hrtim.o [9]
HRTIM_MasterBase_Config
                         0x801'5821    0x2a  Code  Lc  stm32h7xx_hal_hrtim.o [9]
HRTIM_MasterWaveform_Config
                         0x801'589d    0x5c  Code  Lc  stm32h7xx_hal_hrtim.o [9]
HRTIM_OutputConfig       0x801'5a91    0xf0  Code  Lc  stm32h7xx_hal_hrtim.o [9]
HRTIM_TimingUnitBase_Config
                         0x801'584b    0x52  Code  Lc  stm32h7xx_hal_hrtim.o [9]
HRTIM_TimingUnitWaveform_Config
                         0x801'58f9   0x198  Code  Lc  stm32h7xx_hal_hrtim.o [9]
HardFault_Handler        0x801'a533     0x2  Code  Gb  stm32h7xx_it.o [2]
IDC                     0x2400'2ec8     0x4  Data  Gb  g_Core.o [4]
Icons                   0x2400'04a0    0x24  Data  Gb  peref.o [6]
InitChanelAsuModbus      0x801'7e21    0x76  Code  Gb  comm_SerialComm.o [3]
InterruptUpdate          0x801'a1f9   0x1fc  Code  Gb  g_InterruptUpdate.o [5]
InvCtrlTimer            0x2400'2ec0     0x4  Data  Gb  g_Core.o [4]
LL_ADC_DisableDeepPowerDown
                         0x801'1983     0xc  Code  Lc  stm32h7xx_hal_adc.o [9]
LL_ADC_Enable            0x801'19b3    0x10  Code  Lc  stm32h7xx_hal_adc.o [9]
LL_ADC_EnableInternalRegulator
                         0x801'1999    0x10  Code  Lc  stm32h7xx_hal_adc.o [9]
LL_ADC_GetCommonPathInternalCh
                         0x801'1869     0x8  Code  Lc  stm32h7xx_hal_adc.o [9]
LL_ADC_GetMultiDMATransfer
                         0x801'197b     0x8  Code  Lc  stm32h7xx_hal_adc.o [9]
LL_ADC_GetMultimode      0x801'1973     0x8  Code  Lc  stm32h7xx_hal_adc.o [9]
LL_ADC_INJ_IsConversionOngoing
                         0x801'19e5     0xa  Code  Lc  stm32h7xx_hal_adc.o [9]
LL_ADC_INJ_IsTriggerSourceSWStart
                         0x801'1909    0x10  Code  Lc  stm32h7xx_hal_adc.o [9]
LL_ADC_IsDeepPowerDownEnabled
                         0x801'198f     0xa  Code  Lc  stm32h7xx_hal_adc.o [9]
LL_ADC_IsEnabled         0x801'19c3     0x8  Code  Lc  stm32h7xx_hal_adc.o [9]
LL_ADC_IsEnabled         0x801'51d5     0x8  Code  Lc  stm32h7xx_hal_adc_ex.o [9]
LL_ADC_IsInternalRegulatorEnabled
                         0x801'19a9     0xa  Code  Lc  stm32h7xx_hal_adc.o [9]
LL_ADC_REG_IsConversionOngoing
                         0x801'19db     0xa  Code  Lc  stm32h7xx_hal_adc.o [9]
LL_ADC_REG_IsConversionOngoing
                         0x801'51dd     0xa  Code  Lc  stm32h7xx_hal_adc_ex.o [9]
LL_ADC_REG_IsTriggerSourceSWStart
                         0x801'18bf    0x10  Code  Lc  stm32h7xx_hal_adc.o [9]
LL_ADC_REG_SetDataTransferMode
                         0x801'18fd     0xc  Code  Lc  stm32h7xx_hal_adc.o [9]
LL_ADC_REG_SetSequencerRanks
                         0x801'18cf    0x2e  Code  Lc  stm32h7xx_hal_adc.o [9]
LL_ADC_REG_StartConversion
                         0x801'19cb    0x10  Code  Lc  stm32h7xx_hal_adc.o [9]
LL_ADC_SetChannelSamplingTime
                         0x801'1919    0x34  Code  Lc  stm32h7xx_hal_adc.o [9]
LL_ADC_SetChannelSingleDiff
                         0x801'194d    0x26  Code  Lc  stm32h7xx_hal_adc.o [9]
LL_ADC_SetCommonClock    0x801'1851     0xc  Code  Lc  stm32h7xx_hal_adc.o [9]
LL_ADC_SetCommonPathInternalCh
                         0x801'185d     0xc  Code  Lc  stm32h7xx_hal_adc.o [9]
LL_ADC_SetDataRightShift
                         0x801'188f    0x18  Code  Lc  stm32h7xx_hal_adc.o [9]
LL_ADC_SetOffset         0x801'1871    0x1e  Code  Lc  stm32h7xx_hal_adc.o [9]
LL_ADC_SetOffsetSignedSaturation
                         0x801'18a7    0x18  Code  Lc  stm32h7xx_hal_adc.o [9]
LogInputCalc             0x800'c35d   0x12c  Code  Gb  peref.o [6]
MCP23S17_init            0x800'c6ed    0x14  Code  Gb  peref.o [6]
MCP23S17_read            0x800'c689    0x50  Code  Gb  peref.o [6]
MCP23S17_update          0x800'c701    0x1a  Code  Gb  peref.o [6]
MCP23S17_write           0x800'c64d    0x3c  Code  Gb  peref.o [6]
MX_ADC1_Init             0x801'08cd   0x18a  Code  Lc  main.o [2]
MX_ADC3_Init             0x801'0a57   0x12a  Code  Lc  main.o [2]
MX_DMA_Init              0x801'144d    0x3c  Code  Lc  main.o [2]
MX_FDCAN2_Init           0x801'0b81    0xf6  Code  Lc  main.o [2]
MX_GPIO_Init             0x801'14c1   0x250  Code  Lc  main.o [2]
MX_HRTIM_Init            0x801'0c77   0x14c  Code  Lc  main.o [2]
MX_RTC_Init              0x801'0dc3    0x56  Code  Lc  main.o [2]
MX_SPI1_Init             0x801'0e19    0xce  Code  Lc  main.o [2]
MX_SPI6_Init             0x801'0ee7    0xd0  Code  Lc  main.o [2]
MX_TIM1_Init             0x801'0fb7   0x16e  Code  Lc  main.o [2]
MX_TIM2_Init             0x801'1125    0x84  Code  Lc  main.o [2]
MX_UART4_Init            0x801'11a9    0xa4  Code  Lc  main.o [2]
MX_UART5_Init            0x801'124d    0xa4  Code  Lc  main.o [2]
MX_UART8_Init            0x801'12f5    0xa4  Code  Lc  main.o [2]
MX_USART3_UART_Init      0x801'13b1    0x9c  Code  Lc  main.o [2]
MasterConfirmation       0x801'8ab7   0x150  Code  Gb  comm_ModbusRtu.o [3]
MasterRequest            0x801'87a7    0x96  Code  Gb  comm_ModbusRtu.o [3]
MemManage_Handler        0x801'a535     0x2  Code  Gb  stm32h7xx_it.o [2]
ModBusInit               0x801'85ed    0x6c  Code  Gb  comm_ModbusRtu.o [3]
ModBusInvoke             0x801'8659    0x3e  Code  Gb  comm_ModbusRtu.o [3]
ModBusRxIsr              0x801'914f    0x46  Code  Gb  comm_ModbusRtu.o [3]
ModBusSlaveReset         0x801'7eaf     0xc  Code  Gb  comm_SerialComm.o [3]
ModBusTimings            0x801'8697    0x72  Code  Gb  comm_ModbusRtu.o [3]
ModBusTxIsr              0x801'9199    0x3e  Code  Gb  comm_ModbusRtu.o [3]
ModBusUpdate             0x801'7ebb    0x36  Code  Gb  comm_SerialComm.o [3]
ModFault                0x2400'0044     0x4  Data  Gb  g_Core.o [4]
ModuleTemper            0x2400'2ec4     0x4  Data  Gb  g_Core.o [4]
MoveMode                 0x801'2ff5    0xbe  Code  Lc  g_Core.o [4]
MpuControl               0x801'78f9    0x78  Code  Gb  core_VlvDrvCtrl.o [4]
NMI_Handler              0x801'a531     0x2  Code  Gb  stm32h7xx_it.o [2]
NVIC_EncodePriority      0x800'968b    0x42  Code  Lc  stm32h7xx_hal_cortex.o [9]
NewFrameEvent            0x801'8413    0x2a  Code  Gb  comm_ModbusRtu.o [3]
OpenFlags               0x2400'2e9c     0x4  Data  Lc  comm_ModbusRtu.o [3]
OutVolt                 0x2400'2ebc     0x4  Data  Gb  g_Core.o [4]
PFUNC_blkRead            0x800'b225    0x1e  Code  Gb  add_ValueConv.o [2]
PFUNC_wordRead           0x800'b243     0x4  Code  Gb  add_ValueConv.o [2]
PWMPreScale             0x2400'0038     0x4  Data  Gb  g_Core.o [4]
PWM_keys_disable         0x801'36b3    0x40  Code  Gb  g_Core.o [4]
PWM_keys_enable          0x801'36f3    0x40  Code  Gb  g_Core.o [4]
PauseModbus             0x2400'2f0c     0x4  Data  Gb  main.o [2]
PendSV_Handler           0x801'a53f     0x2  Code  Gb  stm32h7xx_it.o [2]
Peref_CalibInit          0x800'e989    0x88  Code  Gb  peref_Calibs.o [6]
Peref_CalibUpdate        0x800'eb3d   0x1b2  Code  Gb  peref_Calibs.o [6]
Peref_Calibration        0x800'ea3d   0x100  Code  Gb  peref_Calibs.o [6]
Peref_SensObserverInit   0x800'e2cd    0x48  Code  Gb  peref_SensObserver.o [6]
Peref_SensObserverUpdate
                         0x800'e315   0x232  Code  Gb  peref_SensObserver.o [6]
Peref_SinObserverInitFloat
                         0x800'e595    0x10  Code  Gb  peref_SinObserver.o [6]
Peref_SinObserverUpdateFloat
                         0x800'e5a5    0x98  Code  Gb  peref_SinObserver.o [6]
Peref_SpeedCalc          0x800'ed7b    0x78  Code  Gb  peref_Calibs.o [6]
Peref_SpeedCalc::RevPrev
                        0x2400'04cc     0x4  Data  Lc  peref_Calibs.o [6]
Peref_SpeedCalc::Timer  0x2400'2f50     0x4  Data  Lc  peref_Calibs.o [6]
PeriphCommonClock_Config
                         0x801'087f    0x4e  Code  Gb  main.o [2]
PostambleEvent           0x801'845f    0x70  Code  Gb  comm_ModbusRtu.o [3]
PreambleEvent            0x801'843d    0x22  Code  Gb  comm_ModbusRtu.o [3]
PutChar                  0x800'df15    0x1e  Code  Gb  peref_display.o [6]
PutComm                  0x800'def7    0x1e  Code  Gb  peref_display.o [6]
PutData                  0x800'e1a5    0x4a  Code  Lc  peref_display.o [6]
PwmDeltat               0x2400'2eb4     0x4  Data  Gb  g_Core.o [4]
PwmFreq                 0x2400'2eb0     0x4  Data  Gb  g_Core.o [4]
RCCEx_PLL2_Config        0x800'8d09   0x130  Code  Lc  stm32h7xx_hal_rcc_ex.o [9]
RCCEx_PLL3_Config        0x800'8e41   0x130  Code  Lc  stm32h7xx_hal_rcc_ex.o [9]
RTC_Bcd2ToByte           0x800'fbdd    0x16  Code  Gb  stm32h7xx_hal_rtc.o [9]
RTC_ByteToBcd2           0x800'fbc1    0x1c  Code  Gb  stm32h7xx_hal_rtc.o [9]
RTC_DefMaxDay            0x800'b293    0x3e  Code  Gb  peref_Clock.o [6]
RTC_EnterInitMode        0x800'fb03    0x44  Code  Gb  stm32h7xx_hal_rtc.o [9]
RTC_ExitInitMode         0x800'fb47    0x62  Code  Gb  stm32h7xx_hal_rtc.o [9]
ReWriteParams            0x800'b4e5     0x2  Code  Gb  g_Ram.o [5]
ReadDcrFull              0x800'ab6b    0x3e  Code  Lc  core_Menu.o [4]
ReadRegsConfirmation     0x801'8df1    0x42  Code  Gb  comm_ModbusRtu.o [3]
ReadRegsIndication       0x801'8d81    0x42  Code  Gb  comm_ModbusRtu.o [3]
ReadRegsRequest          0x801'8d3f    0x42  Code  Gb  comm_ModbusRtu.o [3]
ReadRegsResponse         0x801'8dc3    0x2e  Code  Gb  comm_ModbusRtu.o [3]
ReadWriteAllParams       0x800'aebd    0x9a  Code  Gb  core_Menu.o [4]
ReadWriteEeprom          0x800'b393    0x2e  Code  Gb  stat.o [7]
RefreshParams            0x800'b4e7    0x26  Code  Gb  g_Ram.o [5]
Region$$Table$$Base      0x801'a82c           --   Gb  - Linker created -
Region$$Table$$Limit     0x801'a84c           --   Gb  - Linker created -
ReportSlaveIdConfirmation
                         0x801'90e7    0x40  Code  Gb  comm_ModbusRtu.o [3]
ReportSlaveIdIndication
                         0x801'909f    0x10  Code  Gb  comm_ModbusRtu.o [3]
ReportSlaveIdResponse    0x801'90af    0x38  Code  Gb  comm_ModbusRtu.o [3]
ResetCommumication       0x801'91d7   0x1b0  Code  Lc  comm_ModbusRtu.o [3]
RestartCommIndication    0x801'8ee3    0x4a  Code  Gb  comm_ModbusRtu.o [3]
ReturnQueryDataIndication
                         0x801'8ed7     0xc  Code  Gb  comm_ModbusRtu.o [3]
RtcControl               0x800'c489   0x154  Code  Gb  peref.o [6]
RtcControl::PrevDate    0x2400'2f44     0x4  Data  Lc  peref.o [6]
RtcControl::PrevTime    0x2400'2f40     0x4  Data  Lc  peref.o [6]
RtcStart                0x2400'2f65     0x1  Data  Gb  peref.o [6]
RtcUpdateFlag           0x2400'2f10     0x4  Data  Gb  peref.o [6]
RxHeader                0x2400'2e04    0x28  Data  Gb  CMS58M.o [6]
SPI1_IRQHandler          0x801'a595     0xa  Code  Gb  stm32h7xx_it.o [2]
SPI6_IRQHandler          0x801'a5e7     0xa  Code  Gb  stm32h7xx_it.o [2]
SPI_CloseTransfer        0x800'dd85    0xce  Code  Lc  stm32h7xx_hal_spi.o [9]
SPI_DMAAbortOnError      0x800'dd65    0x20  Code  Lc  stm32h7xx_hal_spi.o [9]
SPI_GetPacketSize        0x800'dea1    0x16  Code  Lc  stm32h7xx_hal_spi.o [9]
SPI_WaitOnFlagUntilTimeout
                         0x800'de5d    0x44  Code  Lc  stm32h7xx_hal_spi.o [9]
SVC_Handler              0x801'a53b     0x2  Code  Gb  stm32h7xx_it.o [2]
SelectGroup              0x800'9c31    0xe0  Code  Gb  core_Menu.o [4]
SelectParam              0x800'9d11    0x5e  Code  Gb  core_Menu.o [4]
SendData                 0x800'e12b    0x78  Code  Lc  peref_display.o [6]
SendFrame                0x801'8585    0x4c  Code  Gb  comm_ModbusRtu.o [3]
SendMasterResponse       0x801'85d1    0x1c  Code  Gb  comm_ModbusRtu.o [3]
SerialCommInit           0x801'7e97     0xc  Code  Gb  comm_SerialComm.o [3]
SerialCommTimings        0x801'7ea3     0xc  Code  Gb  comm_SerialComm.o [3]
SetDefaultValues         0x800'ada7   0x114  Code  Gb  core_Menu.o [4]
SetDefaultValues::DefAddr
                        0x2400'2ea8     0x4  Data  Lc  core_Menu.o [4]
SetModBusParams          0x800'af57    0x52  Code  Gb  core_Menu.o [4]
SetTimeout               0x801'9127     0xc  Code  Gb  comm_ModbusRtu.o [3]
ShowGroup                0x800'a4e7   0x138  Code  Lc  core_Menu.o [4]
ShowParam                0x800'aa51    0x38  Code  Lc  core_Menu.o [4]
ShowStart                0x800'a4a5    0x42  Code  Gb  core_Menu.o [4]
ShowValue                0x800'a699   0x3b8  Code  Lc  core_Menu.o [4]
SlaveIndication          0x801'883d   0x198  Code  Gb  comm_ModbusRtu.o [3]
SlaveResponse            0x801'89d5    0xe2  Code  Gb  comm_ModbusRtu.o [3]
SleepMode                0x800'9b99    0x5a  Code  Gb  core_Menu.o [4]
SpeedEnable             0x2400'2ed4     0x4  Data  Gb  g_Core.o [4]
SpeedMax                0x2400'2ed0     0x4  Data  Gb  g_Core.o [4]
SpeedRef                0x2400'2eb8     0x4  Data  Gb  g_Core.o [4]
StartDispl               0x800'aa89    0x44  Code  Gb  core_Menu.o [4]
StartMode                0x801'2fe9     0xc  Code  Lc  g_Core.o [4]
StartPowerControl        0x801'2e95   0x10a  Code  Gb  g_Core.o [4]
StartState               0x800'9bf3    0x3e  Code  Gb  core_Menu.o [4]
StartTimer              0x2400'0040     0x4  Data  Gb  g_Core.o [4]
Stat_Init                0x800'b38f     0x4  Code  Gb  stat.o [7]
StopMode                 0x801'2fd1    0x18  Code  Lc  g_Core.o [4]
StopPowerControl         0x801'2deb    0xa0  Code  Gb  g_Core.o [4]
StrToDec                 0x800'b1d9    0x3a  Code  Gb  add_ValueConv.o [2]
Symbols                 0x2400'04d0    0x70  Data  Lc  peref_display.o [6]
SysTick_Config           0x800'96cd    0x30  Code  Lc  stm32h7xx_hal_cortex.o [9]
SysTick_Handler          0x801'a541     0x8  Code  Gb  stm32h7xx_it.o [2]
SystemClock_Config       0x801'076f   0x110  Code  Gb  main.o [2]
SystemCoreClock         0x2400'05a0     0x4  Data  Gb  system_stm32h7xx.o [8]
SystemD2Clock           0x2400'05a4     0x4  Data  Gb  system_stm32h7xx.o [8]
SystemInit               0x801'a3f5    0xdc  Code  Gb  system_stm32h7xx.o [8]
TIM2_IRQHandler          0x801'a567    0x2e  Code  Gb  stm32h7xx_it.o [2]
TIM_Base_SetConfig       0x801'45a7    0xca  Code  Gb  stm32h7xx_hal_tim.o [9]
TIM_CCxChannelCmd        0x801'49fb    0x24  Code  Gb  stm32h7xx_hal_tim.o [9]
TIM_CCxNChannelCmd       0x801'5ed5    0x24  Code  Lc  stm32h7xx_hal_tim_ex.o [9]
TIM_ETR_SetConfig        0x801'49e5    0x16  Code  Gb  stm32h7xx_hal_tim.o [9]
TIM_ITRx_SetConfig       0x801'499b    0x10  Code  Lc  stm32h7xx_hal_tim.o [9]
TIM_OC1_SetConfig        0x801'4671    0xa0  Code  Lc  stm32h7xx_hal_tim.o [9]
TIM_OC2_SetConfig        0x801'4711    0x92  Code  Gb  stm32h7xx_hal_tim.o [9]
TIM_OC3_SetConfig        0x801'47a5    0x8e  Code  Lc  stm32h7xx_hal_tim.o [9]
TIM_OC4_SetConfig        0x801'4833    0x68  Code  Lc  stm32h7xx_hal_tim.o [9]
TIM_OC5_SetConfig        0x801'489b    0x58  Code  Lc  stm32h7xx_hal_tim.o [9]
TIM_OC6_SetConfig        0x801'48f3    0x5a  Code  Lc  stm32h7xx_hal_tim.o [9]
TIM_TI1_ConfigInputStage
                         0x801'4951    0x24  Code  Lc  stm32h7xx_hal_tim.o [9]
TIM_TI2_ConfigInputStage
                         0x801'4975    0x26  Code  Lc  stm32h7xx_hal_tim.o [9]
Task10Hz                0x2400'01b0    0x84  Data  Gb  g_InterruptUpdate.o [5]
Task18kHz               0x2400'0048    0x24  Data  Gb  g_InterruptUpdate.o [5]
Task200Hz               0x2400'0090    0x30  Data  Gb  g_InterruptUpdate.o [5]
Task2kHz                0x2400'006c    0x24  Data  Gb  g_InterruptUpdate.o [5]
Task50Hz                0x2400'00c0    0xf0  Data  Gb  g_InterruptUpdate.o [5]
TeleControl              0x801'7971    0xa8  Code  Gb  core_VlvDrvCtrl.o [4]
TempObserverInit         0x800'c995    0x2a  Code  Gb  peref.o [6]
TempObserverUpdate       0x800'c9e1   0x102  Code  Gb  peref.o [6]
TempObserverUpdate::i   0x2400'2f4c     0x4  Data  Lc  peref.o [6]
TestCount               0x2400'2e98     0x4  Data  Gb  comm_ModbusRtu.o [3]
TimeSeparator           0x2400'05aa     0x1  Data  Gb  add_ValueConv.o [2]
TimeSpeedStop           0x2400'2edc     0x4  Data  Gb  g_Core.o [4]
TimeToStr                0x800'b173    0x28  Code  Gb  add_ValueConv.o [2]
TimerIdxToTimerId       0x2400'0588    0x18  Data  Lc  stm32h7xx_hal_hrtim.o [9]
TimerInterp             0x2400'2ed8     0x4  Data  Gb  g_Core.o [4]
TimerPending             0x801'9133    0x1c  Code  Gb  comm_ModbusRtu.o [3]
TxHeader                0x2400'2e2c    0x24  Data  Gb  CMS58M.o [6]
UART4_IRQHandler         0x801'a59f    0x3e  Code  Gb  stm32h7xx_it.o [2]
UART8_IRQHandler         0x801'a5dd     0xa  Code  Gb  stm32h7xx_it.o [2]
UARTEx_SetNbDataToProcess
                         0x801'74df    0x72  Code  Lc  stm32h7xx_hal_uart_ex.o [9]
UARTEx_SetNbDataToProcess::denominator
                         0x801'a918     0x8  Data  Lc  stm32h7xx_hal_uart_ex.o [9]
UARTEx_SetNbDataToProcess::numerator
                         0x801'a910     0x8  Data  Lc  stm32h7xx_hal_uart_ex.o [9]
UARTPrescTable           0x801'a8b0    0x18  Data  Gb  stm32h7xx_hal_uart.o [9]
UART_AdvFeatureConfig    0x801'6ab1    0xda  Code  Gb  stm32h7xx_hal_uart.o [9]
UART_CheckIdleState      0x801'6b8b    0x72  Code  Gb  stm32h7xx_hal_uart.o [9]
UART_DMAAbortOnError     0x801'6e3d    0x1a  Code  Lc  stm32h7xx_hal_uart.o [9]
UART_EndRxTransfer       0x801'6dc5    0x3c  Code  Lc  stm32h7xx_hal_uart.o [9]
UART_EndTransmit_IT      0x801'6faf    0x22  Code  Lc  stm32h7xx_hal_uart.o [9]
UART_RxISR_16BIT         0x801'7061    0x92  Code  Lc  stm32h7xx_hal_uart.o [9]
UART_RxISR_16BIT_FIFOEN
                         0x801'726d   0x172  Code  Lc  stm32h7xx_hal_uart.o [9]
UART_RxISR_8BIT          0x801'6fd1    0x90  Code  Lc  stm32h7xx_hal_uart.o [9]
UART_RxISR_8BIT_FIFOEN   0x801'70f5   0x16e  Code  Lc  stm32h7xx_hal_uart.o [9]
UART_SetConfig           0x801'64cd   0x59e  Code  Gb  stm32h7xx_hal_uart.o [9]
UART_Start_Receive_IT    0x801'6cb7   0x10e  Code  Gb  stm32h7xx_hal_uart.o [9]
UART_TxISR_16BIT         0x801'6e9b    0x4a  Code  Lc  stm32h7xx_hal_uart.o [9]
UART_TxISR_16BIT_FIFOEN
                         0x801'6f45    0x6a  Code  Lc  stm32h7xx_hal_uart.o [9]
UART_TxISR_8BIT          0x801'6e57    0x44  Code  Lc  stm32h7xx_hal_uart.o [9]
UART_TxISR_8BIT_FIFOEN   0x801'6ee5    0x60  Code  Lc  stm32h7xx_hal_uart.o [9]
UART_WaitOnFlagUntilTimeout
                         0x801'6bfd    0xba  Code  Gb  stm32h7xx_hal_uart.o [9]
UnitControl              0x801'7a19    0x58  Code  Gb  core_VlvDrvCtrl.o [4]
UpdateCode               0x800'aacd    0x9e  Code  Gb  core_Menu.o [4]
UpdateComm               0x801'7bab    0x30  Code  Gb  core_VlvDrvCtrl.o [4]
UpdateNewFrame           0x801'8709    0x9e  Code  Gb  comm_ModbusRtu.o [3]
UpdatePacket             0x801'7ef1   0x174  Code  Gb  comm_SerialComm.o [3]
UsageFault_Handler       0x801'a539     0x2  Code  Gb  stm32h7xx_it.o [2]
WINSTAR_RusTable        0x2400'0540    0x44  Data  Lc  peref_display.o [6]
WordPack                 0x801'8c75     0xa  Code  Gb  comm_ModbusRtu.o [3]
WordUnPack               0x801'8c7f     0xa  Code  Gb  comm_ModbusRtu.o [3]
WriteData                0x801'8065   0x126  Code  Gb  comm_SerialComm.o [3]
WriteRegConfirmation     0x801'8e97    0x40  Code  Gb  comm_ModbusRtu.o [3]
WriteRegIndication       0x801'8e5b    0x30  Code  Gb  comm_ModbusRtu.o [3]
WriteRegRequest          0x801'8e33    0x28  Code  Gb  comm_ModbusRtu.o [3]
WriteRegResponse         0x801'8e8b     0xc  Code  Gb  comm_ModbusRtu.o [3]
WriteRegsConfirmation    0x801'905d    0x42  Code  Gb  comm_ModbusRtu.o [3]
WriteRegsIndication      0x801'8fe9    0x6c  Code  Gb  comm_ModbusRtu.o [3]
WriteRegsRequest         0x801'8f8d    0x5c  Code  Gb  comm_ModbusRtu.o [3]
WriteRegsResponse        0x801'9055     0x8  Code  Gb  comm_ModbusRtu.o [3]
WriteValue               0x800'ac17    0x88  Code  Gb  core_Menu.o [4]
__NVIC_DisableIRQ        0x800'9639    0x26  Code  Lc  stm32h7xx_hal_cortex.o [9]
__NVIC_EnableIRQ         0x800'9619    0x20  Code  Lc  stm32h7xx_hal_cortex.o [9]
__NVIC_GetPriorityGrouping
                         0x800'960b     0xc  Code  Lc  stm32h7xx_hal_cortex.o [9]
__NVIC_SetPriority       0x800'965f    0x2c  Code  Lc  stm32h7xx_hal_cortex.o [9]
__NVIC_SetPriorityGrouping
                         0x800'95e9    0x22  Code  Lc  stm32h7xx_hal_cortex.o [9]
__aeabi_ldiv0            0x801'9395          Code  Gb  I64DivZer.o [12]
__aeabi_memcpy           0x800'b2e9          Code  Gb  ABImemcpy.o [12]
__aeabi_memcpy4          0x800'b309          Code  Gb  ABImemcpy.o [12]
__aeabi_memcpy8          0x800'b309          Code  Gb  ABImemcpy.o [12]
__aeabi_memset           0x800'afed          Code  Gb  ABImemset.o [12]
__aeabi_uldivmod         0x801'81c9          Code  Gb  I64DivMod.o [12]
__cmain                  0x801'a84d          Code  Gb  cmain.o [12]
__exit                   0x801'a881    0x14  Code  Gb  exit.o [13]
__iar_Memset             0x800'afed          Code  Gb  ABImemset.o [12]
__iar_Memset_word        0x800'aff5          Code  Gb  ABImemset.o [12]
__iar_Sin32              0x801'7bdd   0x18c  Code  Lc  cos_sin32.o [11]
__iar_Strchr             0x800'b2d1          Code  Gb  strchr.o [12]
__iar_cos32              0x801'7da9     0x4  Code  Gb  cos_sin32.o [11]
__iar_cos_medium32       0x801'7da9     0x4  Code  Gb  cos_sin32.o [11]
__iar_cos_mediumf        0x801'7da9     0x4  Code  Gb  cos_sin32.o [11]
__iar_data_init3         0x801'a7e1    0x28  Code  Gb  data_init.o [12]
__iar_fmax64             0x801'7ddd          Code  Gb  fmax.o [11]
__iar_fmin64             0x801'7db1          Code  Gb  fmin.o [11]
__iar_init_vfp           0x801'a809          Code  Gb  fpinit_M.o [11]
__iar_lz77_init_single3
                         0x801'a6e5    0x78  Code  Gb  lz77_init_single.o [12]
__iar_program_start      0x801'a895          Code  Gb  cstartup_M.o [12]
__iar_sin32              0x801'7dad     0x4  Code  Gb  cos_sin32.o [11]
__iar_sin_medium32       0x801'7dad     0x4  Code  Gb  cos_sin32.o [11]
__iar_sin_mediumf        0x801'7dad     0x4  Code  Gb  cos_sin32.o [11]
__iar_sqrt32             0x801'060d          Code  Gb  sqrtf.o [11]
__iar_zero_init3         0x801'a7a9    0x38  Code  Gb  zero_init3.o [12]
__low_level_init         0x801'a86b     0x4  Code  Gb  low_level_init.o [10]
__vector_table           0x800'0000          Data  Gb  startup_stm32h743xx.o [1]
_call_main               0x801'a859          Code  Gb  cmain.o [12]
_exit                    0x801'a875          Code  Gb  cexit.o [12]
a                       0x2400'2ea4     0x4  Data  Gb  core_Menu.o [4]
abs                      0x800'f799     0x8  Code  Gb  abs.o [10]
addr1                   0x2400'2ee0     0x4  Data  Gb  g_Core.o [4]
addrtmp                 0x2400'2eac     0x4  Data  Gb  core_Menu.o [4]
addrtmp2                0x2400'2ea0     0x4  Data  Gb  core_Menu.o [4]
btnClose                0x2400'2f18     0x4  Data  Gb  peref.o [6]
btnOpen                 0x2400'2f14     0x4  Data  Gb  peref.o [6]
btnProg1                0x2400'2f24     0x4  Data  Gb  peref.o [6]
btnProg2                0x2400'2f28     0x4  Data  Gb  peref.o [6]
btnStop1                0x2400'2f1c     0x4  Data  Gb  peref.o [6]
btnStop2                0x2400'2f20     0x4  Data  Gb  peref.o [6]
core10HZupdate           0x801'384d    0x2a  Code  Gb  g_Core.o [4]
core18kHZupdate          0x801'2c21   0x1ca  Code  Gb  g_Core.o [4]
core200HZupdate          0x801'3733     0x2  Code  Gb  g_Core.o [4]
core50HZupdate           0x801'3735    0x40  Code  Gb  g_Core.o [4]
coreTLocalControl        0x801'3a75   0x1ee  Code  Gb  g_Core.o [4]
coreTLocalControl::prevHalls
                        0x2400'2ee8     0x4  Data  Lc  g_Core.o [4]
coreTLocalControl::readyForNewCmd
                        0x2400'05ac     0x1  Data  Lc  g_Core.o [4]
coreTS                   0x801'391d   0x120  Code  Gb  g_Core.o [4]
coreTU                   0x801'388d    0x6c  Code  Gb  g_Core.o [4]
corr                    0x2400'003c     0x4  Data  Gb  g_Core.o [4]
cosf                     0x801'7da9     0x4  Code  Gb  cos_sin32.o [11]
count1                  0x2400'2ee4     0x4  Data  Gb  g_Core.o [4]
count18kHz              0x2400'2eec     0x4  Data  Gb  g_InterruptUpdate.o [5]
count200Hz              0x2400'2ef4     0x4  Data  Gb  g_InterruptUpdate.o [5]
count2kHz               0x2400'2ef0     0x4  Data  Gb  g_InterruptUpdate.o [5]
count50Hz               0x2400'2ef8     0x4  Data  Gb  g_InterruptUpdate.o [5]
dotsADC                 0x2400'0250   0x108  Data  Gb  peref.o [6]
dotsDAC                 0x2400'0358   0x108  Data  Gb  peref.o [6]
dotsTemper              0x2400'0460    0x40  Data  Gb  peref.o [6]
exit                     0x801'a86f     0x4  Code  Gb  exit.o [10]
fmax                     0x801'7ddd          Code  Gb  fmax.o [11]
fmaxl                    0x801'7ddd          Code  Gb  fmax.o [11]
fmin                     0x801'7db1          Code  Gb  fmin.o [11]
fminl                    0x801'7db1          Code  Gb  fmin.o [11]
g_Comm                  0x2400'2018   0x398  Data  Gb  comm.o [3]
g_Core                  0x2400'16d8   0x540  Data  Gb  g_Core.o [4]
g_Peref                 0x2400'0e84   0x854  Data  Gb  peref.o [6]
g_Ram                   0x2400'05b0   0x8d4  Data  Gb  g_Ram.o [5]
g_Ram_Init               0x800'b3c1    0x30  Code  Gb  g_Ram.o [5]
g_Ram_Update             0x800'b3f1    0xf4  Code  Gb  g_Ram.o [5]
g_Stat                  0x2400'26a4    0xc0  Data  Gb  stat.o [7]
groups                   0x801'a644    0xa0  Data  Gb  core_Menu.o [4]
hadc1                   0x2400'2c44    0x64  Data  Gb  main.o [2]
hadc3                   0x2400'2ca8    0x64  Data  Gb  main.o [2]
hdma_adc1               0x2400'2b54    0x78  Data  Gb  main.o [2]
hdma_adc3               0x2400'2bcc    0x78  Data  Gb  main.o [2]
hfdcan2                 0x2400'2764    0xa0  Data  Gb  main.o [2]
hhrtim                  0x2400'25c8    0xdc  Data  Gb  main.o [2]
hrtc                    0x2400'2e50    0x24  Data  Gb  main.o [2]
hspi1                   0x2400'2a44    0x88  Data  Gb  main.o [2]
hspi6                   0x2400'2acc    0x88  Data  Gb  main.o [2]
htim1                   0x2400'2d0c    0x4c  Data  Gb  main.o [2]
htim2                   0x2400'2d58    0x4c  Data  Gb  main.o [2]
huart3                  0x2400'29b4    0x90  Data  Gb  main.o [2]
huart4                  0x2400'2804    0x90  Data  Gb  main.o [2]
huart5                  0x2400'2894    0x90  Data  Gb  main.o [2]
huart8                  0x2400'2924    0x90  Data  Gb  main.o [2]
ileg_fq_calc             0x800'e63d    0xb6  Code  Gb  peref_SinObserver.o [6]
interp2D_calc            0x801'34e1    0xc6  Code  Gb  g_Core.o [4]
ipark_calc               0x801'35a9    0x6a  Code  Gb  g_Core.o [4]
labs                     0x800'f791     0x8  Code  Gb  labs.o [10]
main                     0x801'062d   0x142  Code  Gb  main.o [2]
max                     0x2400'04c8     0x4  Data  Gb  peref.o [6]
menu                    0x2400'23b0   0x218  Data  Gb  core_Menu.o [4]
pADS1118_ConfRegData    0x2400'2f5c     0x2  Data  Gb  peref.o [6]
p_Controller             0x801'3789    0xc4  Code  Gb  g_Core.o [4]
params                   0x800'0298  0x4ee4  Data  Gb  core_Menu.o [4]
park_calc                0x801'3635    0x7e  Code  Gb  g_Core.o [4]
peref_10HzCalc           0x800'c031   0x312  Code  Gb  peref.o [6]
peref_18KHzCalc          0x800'bd8b    0xde  Code  Gb  peref.o [6]
peref_200HzCalc          0x800'be6b   0x100  Code  Gb  peref.o [6]
peref_2KHzCalc           0x800'be69     0x2  Code  Gb  peref.o [6]
peref_50HzCalc           0x800'bf6b    0xc6  Code  Gb  peref.o [6]
peref_74HC595D           0x800'c5e1    0x62  Code  Gb  peref.o [6]
peref_ADCDACtoPRCObserverUpdate
                         0x800'c86d   0x10a  Code  Gb  peref.o [6]
peref_ADCDACtoPRCObserverUpdate::i
                        0x2400'2f48     0x4  Data  Lc  peref.o [6]
peref_ADCtoPRCObserverInit
                         0x800'bd0f    0x3e  Code  Gb  peref.o [6]
peref_ApFilter1Calc      0x800'e2ab    0x22  Code  Gb  peref_ApFilter1.o [6]
peref_ApFilter1Init      0x800'e259    0x52  Code  Gb  peref_ApFilter1.o [6]
peref_Init               0x800'b7ed   0x522  Code  Gb  peref.o [6]
peref_ProctoDACObserverInit
                         0x800'bd4d    0x3e  Code  Gb  peref.o [6]
pwm_calc                 0x801'32d9    0xea  Code  Gb  g_Core.o [4]
rampgen_calc             0x801'33c3    0xc6  Code  Gb  g_Core.o [4]
sinf                     0x801'7dad     0x4  Code  Gb  cos_sin32.o [11]
speedstart              0x2400'2ecc     0x4  Data  Gb  g_Core.o [4]
sqrtf                    0x801'060d          Code  Gb  sqrtf.o [11]
strchr                   0x800'b2d1          Code  Gb  strchr.o [12]
strcmp                   0x800'b281          Code  Gb  strcmp.o [12]
strcpy                   0x800'afd5          Code  Gb  strcpy.o [12]
strlen                   0x800'b249          Code  Gb  strlen.o [12]
svgendq3ph_calc          0x801'3101   0x1c6  Code  Gb  g_Core.o [4]
testPreamble            0x2400'2e84     0x4  Data  Gb  comm_ModbusRtu.o [3]
tmpData                 0x2400'2f3c     0x4  Data  Gb  peref.o [6]
tmpData2                0x2400'04c4     0x4  Data  Gb  peref.o [6]
tmpDelta                0x2400'2f30     0x4  Data  Gb  peref.o [6]
tmpDelta2               0x2400'2f34     0x4  Data  Gb  peref.o [6]
tmpDelta3               0x2400'2f38     0x4  Data  Gb  peref.o [6]
tmpdata                 0x2400'2e88     0x8  Data  Gb  g_Core.o [4]
tmpdata2                0x2400'2e90     0x8  Data  Gb  g_Core.o [4]
tskCnt10Hz              0x2400'2f08     0x4  Data  Gb  g_InterruptUpdate.o [5]
tskCnt200Hz             0x2400'2f00     0x4  Data  Gb  g_InterruptUpdate.o [5]
tskCnt2kHz              0x2400'2efc     0x4  Data  Gb  g_InterruptUpdate.o [5]
tskCnt50Hz              0x2400'2f04     0x4  Data  Gb  g_InterruptUpdate.o [5]
tskMaxCnt10Hz           0x2400'0244     0x4  Data  Gb  g_InterruptUpdate.o [5]
tskMaxCnt18kHz          0x2400'0234     0x4  Data  Gb  g_InterruptUpdate.o [5]
tskMaxCnt200Hz          0x2400'023c     0x4  Data  Gb  g_InterruptUpdate.o [5]
tskMaxCnt2kHz           0x2400'0238     0x4  Data  Gb  g_InterruptUpdate.o [5]
tskMaxCnt50Hz           0x2400'0240     0x4  Data  Gb  g_InterruptUpdate.o [5]
txReadSdo                0x800'e8db    0x8e  Code  Gb  CMS58M.o [6]
txWriteNmt               0x800'e7ab    0x60  Code  Gb  CMS58M.o [6]
txWriteSdo               0x800'e80b    0xd0  Code  Gb  CMS58M.o [6]
uwTick                  0x2400'2f54     0x4  Data  Gb  stm32h7xx_hal.o [9]
uwTickFreq              0x2400'05ae     0x1  Data  Gb  stm32h7xx_hal.o [9]
uwTickPrio              0x2400'0584     0x4  Data  Gb  stm32h7xx_hal.o [9]
values                   0x801'9398   0xe60  Data  Gb  core_Menu.o [4]


[1] = D:\WorkOther\EBU6\EWARM\EBU6\Obj\Application\EWARM
[2] = D:\WorkOther\EBU6\EWARM\EBU6\Obj\Application\User\Core
[3] = D:\WorkOther\EBU6\EWARM\EBU6\Obj\Application\User\Core\Comm
[4] = D:\WorkOther\EBU6\EWARM\EBU6\Obj\Application\User\Core\Core
[5] = D:\WorkOther\EBU6\EWARM\EBU6\Obj\Application\User\Core\Global
[6] = D:\WorkOther\EBU6\EWARM\EBU6\Obj\Application\User\Core\Peref
[7] = D:\WorkOther\EBU6\EWARM\EBU6\Obj\Application\User\Core\Stat
[8] = D:\WorkOther\EBU6\EWARM\EBU6\Obj\Drivers\CMSIS
[9] = D:\WorkOther\EBU6\EWARM\EBU6\Obj\Drivers\STM32H7xx_HAL_Driver
[10] = dl7M_tln.a
[11] = m7M_tlv.a
[12] = rt7M_tl.a
[13] = shb_l.a

  85'108 bytes of readonly  code memory
  25'130 bytes of readonly  data memory
  28'517 bytes of readwrite data memory

Errors: none
Warnings: none
