###############################################################################
#
# IAR ELF Linker V9.10.2.313/W64 for ARM                  09/Jul/2022  15:26:56
# Copyright 2007-2021 IAR Systems AB.
#
#    Output file  =  C:\work\ebu6\EBU6\EWARM\EBU6\Exe\EBU6.out
#    Map file     =  C:\work\ebu6\EBU6\EWARM\EBU6\List\EBU6.map
#    Command line =
#        -f C:\work\ebu6\EBU6\EWARM\EBU6\Exe\EBU6.out.rsp
#        (C:\work\ebu6\EBU6\EWARM\EBU6\Obj\Application\User\Core\add_ValueConv.o
#        C:\work\ebu6\EBU6\EWARM\EBU6\Obj\Application\User\Core\Peref\CMS58M.o
#        C:\work\ebu6\EBU6\EWARM\EBU6\Obj\Application\User\Core\Comm\comm.o
#        C:\work\ebu6\EBU6\EWARM\EBU6\Obj\Application\User\Core\Comm\comm_ModbusRtu.o
#        C:\work\ebu6\EBU6\EWARM\EBU6\Obj\Application\User\Core\Comm\comm_SerialComm.o
#        C:\work\ebu6\EBU6\EWARM\EBU6\Obj\Application\User\Core\Core\core_InverterControl.o
#        C:\work\ebu6\EBU6\EWARM\EBU6\Obj\Application\User\Core\Core\core_Menu.o
#        C:\work\ebu6\EBU6\EWARM\EBU6\Obj\Application\User\Core\Core\core_Protections.o
#        C:\work\ebu6\EBU6\EWARM\EBU6\Obj\Application\User\Core\Core\core_VlvDrvCtrl.o
#        C:\work\ebu6\EBU6\EWARM\EBU6\Obj\Application\User\Core\Core\g_Core.o
#        C:\work\ebu6\EBU6\EWARM\EBU6\Obj\Application\User\Core\Global\g_InterruptUpdate.o
#        C:\work\ebu6\EBU6\EWARM\EBU6\Obj\Application\User\Core\Global\g_Ram.o
#        C:\work\ebu6\EBU6\EWARM\EBU6\Obj\Application\User\Core\main.o
#        C:\work\ebu6\EBU6\EWARM\EBU6\Obj\Application\User\Core\Peref\peref.o
#        C:\work\ebu6\EBU6\EWARM\EBU6\Obj\Application\User\Core\Peref\peref_ApFilter1.o
#        C:\work\ebu6\EBU6\EWARM\EBU6\Obj\Application\User\Core\Peref\peref_ApFilter3.o
#        C:\work\ebu6\EBU6\EWARM\EBU6\Obj\Application\User\Core\Peref\peref_Calibs.o
#        C:\work\ebu6\EBU6\EWARM\EBU6\Obj\Application\User\Core\Peref\peref_Clock.o
#        C:\work\ebu6\EBU6\EWARM\EBU6\Obj\Application\User\Core\Peref\peref_display.o
#        C:\work\ebu6\EBU6\EWARM\EBU6\Obj\Application\User\Core\Peref\peref_SensObserver.o
#        C:\work\ebu6\EBU6\EWARM\EBU6\Obj\Application\User\Core\Peref\peref_SinObserver.o
#        C:\work\ebu6\EBU6\EWARM\EBU6\Obj\Application\EWARM\startup_stm32h743xx.o
#        C:\work\ebu6\EBU6\EWARM\EBU6\Obj\Application\User\Core\Stat\stat.o
#        C:\work\ebu6\EBU6\EWARM\EBU6\Obj\Application\User\Core\Stat\stat_fm25v10.o
#        C:\work\ebu6\EBU6\EWARM\EBU6\Obj\Drivers\STM32H7xx_HAL_Driver\stm32h7xx_hal.o
#        C:\work\ebu6\EBU6\EWARM\EBU6\Obj\Drivers\STM32H7xx_HAL_Driver\stm32h7xx_hal_adc.o
#        C:\work\ebu6\EBU6\EWARM\EBU6\Obj\Drivers\STM32H7xx_HAL_Driver\stm32h7xx_hal_adc_ex.o
#        C:\work\ebu6\EBU6\EWARM\EBU6\Obj\Drivers\STM32H7xx_HAL_Driver\stm32h7xx_hal_cortex.o
#        C:\work\ebu6\EBU6\EWARM\EBU6\Obj\Drivers\STM32H7xx_HAL_Driver\stm32h7xx_hal_dma.o
#        C:\work\ebu6\EBU6\EWARM\EBU6\Obj\Drivers\STM32H7xx_HAL_Driver\stm32h7xx_hal_dma_ex.o
#        C:\work\ebu6\EBU6\EWARM\EBU6\Obj\Drivers\STM32H7xx_HAL_Driver\stm32h7xx_hal_exti.o
#        C:\work\ebu6\EBU6\EWARM\EBU6\Obj\Drivers\STM32H7xx_HAL_Driver\stm32h7xx_hal_fdcan.o
#        C:\work\ebu6\EBU6\EWARM\EBU6\Obj\Drivers\STM32H7xx_HAL_Driver\stm32h7xx_hal_flash.o
#        C:\work\ebu6\EBU6\EWARM\EBU6\Obj\Drivers\STM32H7xx_HAL_Driver\stm32h7xx_hal_flash_ex.o
#        C:\work\ebu6\EBU6\EWARM\EBU6\Obj\Drivers\STM32H7xx_HAL_Driver\stm32h7xx_hal_gpio.o
#        C:\work\ebu6\EBU6\EWARM\EBU6\Obj\Drivers\STM32H7xx_HAL_Driver\stm32h7xx_hal_hrtim.o
#        C:\work\ebu6\EBU6\EWARM\EBU6\Obj\Drivers\STM32H7xx_HAL_Driver\stm32h7xx_hal_hsem.o
#        C:\work\ebu6\EBU6\EWARM\EBU6\Obj\Drivers\STM32H7xx_HAL_Driver\stm32h7xx_hal_i2c.o
#        C:\work\ebu6\EBU6\EWARM\EBU6\Obj\Drivers\STM32H7xx_HAL_Driver\stm32h7xx_hal_i2c_ex.o
#        C:\work\ebu6\EBU6\EWARM\EBU6\Obj\Drivers\STM32H7xx_HAL_Driver\stm32h7xx_hal_mdma.o
#        C:\work\ebu6\EBU6\EWARM\EBU6\Obj\Application\User\Core\stm32h7xx_hal_msp.o
#        C:\work\ebu6\EBU6\EWARM\EBU6\Obj\Drivers\STM32H7xx_HAL_Driver\stm32h7xx_hal_pwr.o
#        C:\work\ebu6\EBU6\EWARM\EBU6\Obj\Drivers\STM32H7xx_HAL_Driver\stm32h7xx_hal_pwr_ex.o
#        C:\work\ebu6\EBU6\EWARM\EBU6\Obj\Drivers\STM32H7xx_HAL_Driver\stm32h7xx_hal_rcc.o
#        C:\work\ebu6\EBU6\EWARM\EBU6\Obj\Drivers\STM32H7xx_HAL_Driver\stm32h7xx_hal_rcc_ex.o
#        C:\work\ebu6\EBU6\EWARM\EBU6\Obj\Drivers\STM32H7xx_HAL_Driver\stm32h7xx_hal_rtc.o
#        C:\work\ebu6\EBU6\EWARM\EBU6\Obj\Drivers\STM32H7xx_HAL_Driver\stm32h7xx_hal_rtc_ex.o
#        C:\work\ebu6\EBU6\EWARM\EBU6\Obj\Drivers\STM32H7xx_HAL_Driver\stm32h7xx_hal_spi.o
#        C:\work\ebu6\EBU6\EWARM\EBU6\Obj\Drivers\STM32H7xx_HAL_Driver\stm32h7xx_hal_spi_ex.o
#        C:\work\ebu6\EBU6\EWARM\EBU6\Obj\Drivers\STM32H7xx_HAL_Driver\stm32h7xx_hal_tim.o
#        C:\work\ebu6\EBU6\EWARM\EBU6\Obj\Drivers\STM32H7xx_HAL_Driver\stm32h7xx_hal_tim_ex.o
#        C:\work\ebu6\EBU6\EWARM\EBU6\Obj\Drivers\STM32H7xx_HAL_Driver\stm32h7xx_hal_uart.o
#        C:\work\ebu6\EBU6\EWARM\EBU6\Obj\Drivers\STM32H7xx_HAL_Driver\stm32h7xx_hal_uart_ex.o
#        C:\work\ebu6\EBU6\EWARM\EBU6\Obj\Application\User\Core\stm32h7xx_it.o
#        C:\work\ebu6\EBU6\EWARM\EBU6\Obj\Drivers\CMSIS\system_stm32h7xx.o
#        --no_out_extension -o C:\work\ebu6\EBU6\EWARM\EBU6\Exe\EBU6.out --map
#        C:\work\ebu6\EBU6\EWARM\EBU6\List\EBU6.map --config "C:\Program
#        Files\IAR Systems\Embedded Workbench
#        9.0\arm\config\linker\ST\stm32h743xI.icf" --semihosting --entry
#        __iar_program_start --vfe --text_out locale)
#
###############################################################################

*******************************************************************************
*** RUNTIME MODEL ATTRIBUTES
***

CppFlavor       = *
__SystemLibrary = DLib
__dlib_version  = 6


*******************************************************************************
*** HEAP SELECTION
***

The basic heap was selected because no calls to memory allocation
functions were found in the application outside of system library
functions, and there are calls to deallocation functions in the
application.


*******************************************************************************
*** PLACEMENT SUMMARY
***

"A0":  place at address 0x800'0000 { ro section .intvec };
"P1":  place in [from 0x800'0000 to 0x80f'ffff repeat 2] { ro };
define block CSTACK with size = 8K, alignment = 8 { };
define block PROC_STACK with size = 0, alignment = 8 { };
"P4":  place in [from 0x2000'0000 to 0x2000'ffff repeat 2] {
          rw, section .dtcm_ram, block CSTACK, block PROC_STACK };
initialize by copy { rw };

No sections matched the following patterns:

  ro section application_specific_ro  in "P2|P8"
  rw section application_specific_rw  in "P2|P8"
  section .axi_sram                   in "P5"
  section .backup_sram                in "P7"
  section .dtcm_ram                   in "P4"
  section .sram                       in "P6"
  section .textrw                     in "P3"


  Section            Kind         Address      Size  Object
  -------            ----         -------      ----  ------
"A0":                                         0x298
  .intvec            ro code   0x800'0000     0x298  startup_stm32h743xx.o [1]
                             - 0x800'0298     0x298

"P1":                                      0x1'8642
  .rodata            const     0x800'0298    0x4ee4  core_Menu.o [4]
  .text              ro code   0x800'517c    0x1e54  stm32h7xx_hal_dma.o [9]
  .text              ro code   0x800'6fd0       0xc  stm32h7xx_hal.o [9]
  .text              ro code   0x800'6fdc    0x1b40  stm32h7xx_hal_rcc_ex.o [9]
  .text              ro code   0x800'8b1c     0x5f4  stm32h7xx_hal_rcc.o [9]
  .text              ro code   0x800'9110      0x58  stm32h7xx_hal.o [9]
  .text              ro code   0x800'9168     0x158  stm32h7xx_hal_cortex.o [9]
  .text              ro code   0x800'92c0    0x185c  core_Menu.o [4]
  .text              ro code   0x800'ab1c      0x18  strcpy.o [12]
  .text              ro code   0x800'ab34      0x66  ABImemset.o [12]
  .text              ro code   0x800'ab9c     0x1f2  add_ValueConv.o [2]
  .text              ro code   0x800'ad90      0x36  strlen.o [12]
  .text              ro code   0x800'adc8      0x12  strcmp.o [12]
  .text              ro code   0x800'adda      0x3e  peref_Clock.o [6]
  .text              ro code   0x800'ae18      0x16  strchr.o [12]
  .text              ro code   0x800'ae30      0xa6  ABImemcpy.o [12]
  .text              ro code   0x800'aed6      0x32  stat.o [7]
  .text              ro code   0x800'af08     0x124  g_Ram.o [5]
  .text              ro code   0x800'b02c     0x2c4  stat_fm25v10.o [7]
  .text              ro code   0x800'b2f0    0x11d0  peref.o [6]
  .text              ro code   0x800'c4c0     0x2b4  stm32h7xx_hal_gpio.o [9]
  .text              ro code   0x800'c774     0xf2e  stm32h7xx_hal_spi.o [9]
  .text              ro code   0x800'd6a4     0x3a0  peref_display.o [6]
  .text              ro code   0x800'da44      0x74  peref_ApFilter1.o [6]
  .text              ro code   0x800'dab8     0x2c8  peref_SensObserver.o [6]
  .text              ro code   0x800'dd80     0x16c  peref_SinObserver.o [6]
  .text              ro code   0x800'deec     0x28c  CMS58M.o [6]
  .text              ro code   0x800'e178     0x4ac  peref_Calibs.o [6]
  .text              ro code   0x800'e624     0x95c  stm32h7xx_hal_fdcan.o [9]
  .text              ro code   0x800'ef80       0x8  labs.o [10]
  .text              ro code   0x800'ef88       0x8  abs.o [10]
  .text              ro code   0x800'ef90     0x39a  stm32h7xx_hal_rtc.o [9]
  .text              ro code   0x800'f32c     0x908  stm32h7xx_hal_msp.o [2]
  .text              ro code   0x800'fc34       0x2  stm32h7xx_hal_spi.o [9]
  .text              ro code   0x800'fc36       0x2  stm32h7xx_hal_spi.o [9]
  .text              ro code   0x800'fc38       0x2  stm32h7xx_hal_spi.o [9]
  .text              ro code   0x800'fc3a       0x2  stm32h7xx_hal_spi.o [9]
  .text              ro code   0x800'fc3c      0x1e  sqrt.o [11]
  .text              ro code   0x800'fc5c      0x1e  sqrtf.o [11]
  .text              ro code   0x800'fc7c    0x1118  main.o [2]
  .text              ro code   0x801'0d94      0xa8  stm32h7xx_hal.o [9]
  .text              ro code   0x801'0e3c    0x105c  stm32h7xx_hal_adc.o [9]
  .text              ro code   0x801'1e98    0x15c8  g_Core.o [4]
  .text              ro code   0x801'3460       0x6  comm.o [3]
  .text              ro code   0x801'3468     0xd1e  stm32h7xx_hal_tim.o [9]
  .text              ro code   0x801'4188      0x64  stm32h7xx_hal_pwr_ex.o [9]
  .text              ro code   0x801'41ec      0x14  stm32h7xx_hal_pwr.o [9]
  .text              ro code   0x801'4200     0x73c  stm32h7xx_hal_rcc.o [9]
  .text              ro code   0x801'493c     0x174  stm32h7xx_hal_adc_ex.o [9]
  .text              ro code   0x801'4ab0     0x8ba  stm32h7xx_hal_hrtim.o [9]
  .text              ro code   0x801'536c     0x2f4  stm32h7xx_hal_tim_ex.o [9]
  .text              ro code   0x801'5660     0x868  stm32h7xx_hal_uart.o [9]
  .text              ro code   0x801'5ec8     0x16c  stm32h7xx_hal_uart_ex.o [9]
  .text              ro code   0x801'6034       0x2  stm32h7xx_hal_adc_ex.o [9]
  .text              ro code   0x801'6036       0x2  stm32h7xx_hal_adc.o [9]
  .text              ro code   0x801'6038       0x2  stm32h7xx_hal_adc_ex.o [9]
  .text              ro code   0x801'603a       0x2  stm32h7xx_hal_adc.o [9]
  .text              ro code   0x801'603c       0x2  stm32h7xx_hal_adc_ex.o [9]
  .text              ro code   0x801'603e       0x2  stm32h7xx_hal_adc_ex.o [9]
  .text              ro code   0x801'6040       0x2  stm32h7xx_hal_adc.o [9]
  .text              ro code   0x801'6042       0x2  stm32h7xx_hal_adc_ex.o [9]
  .text              ro code   0x801'6044       0x2  stm32h7xx_hal_adc.o [9]
  .text              ro code   0x801'6048      0xc4  core_Protections.o [4]
  .text              ro code   0x801'610c     0x5ae  core_VlvDrvCtrl.o [4]
  .text              ro code   0x801'66bc     0x1d4  cos_sin32.o [11]
  .text              ro code   0x801'6890      0x2a  fmin.o [11]
  .text              ro code   0x801'68bc      0x2e  fmax.o [11]
  .text              ro code   0x801'68ea       0x2  stm32h7xx_hal_tim.o [9]
  .text              ro code   0x801'68ec       0x2  stm32h7xx_hal_tim.o [9]
  .text              ro code   0x801'68ee       0x2  stm32h7xx_hal_tim.o [9]
  .text              ro code   0x801'68f0       0x2  stm32h7xx_hal_tim.o [9]
  .text              ro code   0x801'68f2       0x2  stm32h7xx_hal_tim.o [9]
  .text              ro code   0x801'68f4       0x2  stm32h7xx_hal_tim_ex.o [9]
  .text              ro code   0x801'68f6       0x2  stm32h7xx_hal_tim_ex.o [9]
  .text              ro code   0x801'68f8       0x2  stm32h7xx_hal_tim.o [9]
  .text              ro code   0x801'68fa       0x2  stm32h7xx_hal_tim_ex.o [9]
  .text              ro code   0x801'68fc     0x230  I64DivMod.o [12]
  .text              ro code   0x801'6b2c       0x2  I64DivZer.o [12]
  .rodata            const     0x801'6b30     0xe50  core_Menu.o [4]
  .text              ro code   0x801'7980     0x1fc  g_InterruptUpdate.o [5]
  .text              ro code   0x801'7b7c     0x1f0  lz77_init.o [12]
  .text              ro code   0x801'7d6c       0x6  abort.o [10]
  .text              ro code   0x801'7d74      0x14  exit.o [13]
  .text              ro code   0x801'7d88     0x198  comm_ModbusRtu.o [3]
  .text              ro code   0x801'7f20     0x13c  system_stm32h7xx.o [8]
  .text              ro code   0x801'805c      0xa8  stm32h7xx_it.o [2]
  .text              ro code   0x801'8104      0x18  stm32h7xx_hal.o [9]
  .rodata            const     0x801'811c      0xa0  core_Menu.o [4]
  .rodata            const     0x801'81bc      0x4c  stm32h7xx_hal_fdcan.o [9]
  .text              ro code   0x801'8208      0x38  zero_init3.o [12]
  .text              ro code   0x801'8240      0x28  data_init.o [12]
  .text              ro code   0x801'8268      0x22  fpinit_M.o [11]
  .iar.init_table    const     0x801'828c      0x2c  - Linker created -
  .text              ro code   0x801'82b8      0x1e  cmain.o [12]
  .text              ro code   0x801'82d6       0x4  low_level_init.o [10]
  .text              ro code   0x801'82da       0x4  exit.o [10]
  .text              ro code   0x801'82e0       0xa  cexit.o [12]
  .text              ro code   0x801'82ec      0x1c  cstartup_M.o [12]
  .rodata            const     0x801'8308      0x18  stm32h7xx_hal_uart.o [9]
  .rodata            const     0x801'8320      0x10  stm32h7xx_hal_fdcan.o [9]
  .rodata            const     0x801'8330      0x10  system_stm32h7xx.o [8]
  .text              ro code   0x801'8340      0x10  startup_stm32h743xx.o [1]
  .text              ro code   0x801'8350       0xc  comm_SerialComm.o [3]
  .rodata            const     0x801'835c       0x8  CMS58M.o [6]
  .rodata            const     0x801'8364       0x8  core_Menu.o [4]
  .rodata            const     0x801'836c       0x8  stm32h7xx_hal_dma.o [9]
  .rodata            const     0x801'8374       0x8  stm32h7xx_hal_uart_ex.o [9]
  .rodata            const     0x801'837c       0x8  stm32h7xx_hal_uart_ex.o [9]
  .rodata            const     0x801'8384       0x4  CMS58M.o [6]
  .text              ro code   0x801'8388       0x4  startup_stm32h743xx.o [1]
  .text              ro code   0x801'838c       0x4  startup_stm32h743xx.o [1]
  .text              ro code   0x801'8390       0x4  startup_stm32h743xx.o [1]
  .text              ro code   0x801'8394       0x4  startup_stm32h743xx.o [1]
  .text              ro code   0x801'8398       0x4  startup_stm32h743xx.o [1]
  .text              ro code   0x801'839c       0x4  startup_stm32h743xx.o [1]
  .text              ro code   0x801'83a0       0x4  startup_stm32h743xx.o [1]
  .text              ro code   0x801'83a4       0x4  startup_stm32h743xx.o [1]
  .text              ro code   0x801'83a8       0x4  startup_stm32h743xx.o [1]
  .text              ro code   0x801'83ac       0x4  startup_stm32h743xx.o [1]
  .text              ro code   0x801'83b0       0x4  startup_stm32h743xx.o [1]
  .text              ro code   0x801'83b4       0x4  startup_stm32h743xx.o [1]
  .text              ro code   0x801'83b8       0x4  startup_stm32h743xx.o [1]
  .text              ro code   0x801'83bc       0x4  startup_stm32h743xx.o [1]
  .text              ro code   0x801'83c0       0x4  startup_stm32h743xx.o [1]
  .text              ro code   0x801'83c4       0x4  startup_stm32h743xx.o [1]
  .text              ro code   0x801'83c8       0x4  startup_stm32h743xx.o [1]
  .text              ro code   0x801'83cc       0x4  startup_stm32h743xx.o [1]
  .text              ro code   0x801'83d0       0x4  startup_stm32h743xx.o [1]
  .text              ro code   0x801'83d4       0x4  startup_stm32h743xx.o [1]
  .text              ro code   0x801'83d8       0x4  startup_stm32h743xx.o [1]
  .text              ro code   0x801'83dc       0x4  startup_stm32h743xx.o [1]
  .text              ro code   0x801'83e0       0x4  startup_stm32h743xx.o [1]
  .text              ro code   0x801'83e4       0x4  startup_stm32h743xx.o [1]
  .text              ro code   0x801'83e8       0x4  startup_stm32h743xx.o [1]
  .text              ro code   0x801'83ec       0x4  startup_stm32h743xx.o [1]
  .text              ro code   0x801'83f0       0x4  startup_stm32h743xx.o [1]
  .text              ro code   0x801'83f4       0x4  startup_stm32h743xx.o [1]
  .text              ro code   0x801'83f8       0x4  startup_stm32h743xx.o [1]
  .text              ro code   0x801'83fc       0x4  startup_stm32h743xx.o [1]
  .text              ro code   0x801'8400       0x4  startup_stm32h743xx.o [1]
  .text              ro code   0x801'8404       0x4  startup_stm32h743xx.o [1]
  .text              ro code   0x801'8408       0x4  startup_stm32h743xx.o [1]
  .text              ro code   0x801'840c       0x4  startup_stm32h743xx.o [1]
  .text              ro code   0x801'8410       0x4  startup_stm32h743xx.o [1]
  .text              ro code   0x801'8414       0x4  startup_stm32h743xx.o [1]
  .text              ro code   0x801'8418       0x4  startup_stm32h743xx.o [1]
  .text              ro code   0x801'841c       0x4  startup_stm32h743xx.o [1]
  .text              ro code   0x801'8420       0x4  startup_stm32h743xx.o [1]
  .text              ro code   0x801'8424       0x4  startup_stm32h743xx.o [1]
  .text              ro code   0x801'8428       0x4  startup_stm32h743xx.o [1]
  .text              ro code   0x801'842c       0x4  startup_stm32h743xx.o [1]
  .text              ro code   0x801'8430       0x4  startup_stm32h743xx.o [1]
  .text              ro code   0x801'8434       0x4  startup_stm32h743xx.o [1]
  .text              ro code   0x801'8438       0x4  startup_stm32h743xx.o [1]
  .text              ro code   0x801'843c       0x4  startup_stm32h743xx.o [1]
  .text              ro code   0x801'8440       0x4  startup_stm32h743xx.o [1]
  .text              ro code   0x801'8444       0x4  startup_stm32h743xx.o [1]
  .text              ro code   0x801'8448       0x4  startup_stm32h743xx.o [1]
  .text              ro code   0x801'844c       0x4  startup_stm32h743xx.o [1]
  .text              ro code   0x801'8450       0x4  startup_stm32h743xx.o [1]
  .text              ro code   0x801'8454       0x4  startup_stm32h743xx.o [1]
  .text              ro code   0x801'8458       0x4  startup_stm32h743xx.o [1]
  .text              ro code   0x801'845c       0x4  startup_stm32h743xx.o [1]
  .text              ro code   0x801'8460       0x4  startup_stm32h743xx.o [1]
  .text              ro code   0x801'8464       0x4  startup_stm32h743xx.o [1]
  .text              ro code   0x801'8468       0x4  startup_stm32h743xx.o [1]
  .text              ro code   0x801'846c       0x4  startup_stm32h743xx.o [1]
  .text              ro code   0x801'8470       0x4  startup_stm32h743xx.o [1]
  .text              ro code   0x801'8474       0x4  startup_stm32h743xx.o [1]
  .text              ro code   0x801'8478       0x4  startup_stm32h743xx.o [1]
  .text              ro code   0x801'847c       0x4  startup_stm32h743xx.o [1]
  .text              ro code   0x801'8480       0x4  startup_stm32h743xx.o [1]
  .text              ro code   0x801'8484       0x4  startup_stm32h743xx.o [1]
  .text              ro code   0x801'8488       0x4  startup_stm32h743xx.o [1]
  .text              ro code   0x801'848c       0x4  startup_stm32h743xx.o [1]
  .text              ro code   0x801'8490       0x4  startup_stm32h743xx.o [1]
  .text              ro code   0x801'8494       0x4  startup_stm32h743xx.o [1]
  .text              ro code   0x801'8498       0x4  startup_stm32h743xx.o [1]
  .text              ro code   0x801'849c       0x4  startup_stm32h743xx.o [1]
  .text              ro code   0x801'84a0       0x4  startup_stm32h743xx.o [1]
  .text              ro code   0x801'84a4       0x4  startup_stm32h743xx.o [1]
  .text              ro code   0x801'84a8       0x4  startup_stm32h743xx.o [1]
  .text              ro code   0x801'84ac       0x4  startup_stm32h743xx.o [1]
  .text              ro code   0x801'84b0       0x4  startup_stm32h743xx.o [1]
  .text              ro code   0x801'84b4       0x4  startup_stm32h743xx.o [1]
  .text              ro code   0x801'84b8       0x4  startup_stm32h743xx.o [1]
  .text              ro code   0x801'84bc       0x4  startup_stm32h743xx.o [1]
  .text              ro code   0x801'84c0       0x4  startup_stm32h743xx.o [1]
  .text              ro code   0x801'84c4       0x4  startup_stm32h743xx.o [1]
  .text              ro code   0x801'84c8       0x4  startup_stm32h743xx.o [1]
  .text              ro code   0x801'84cc       0x4  startup_stm32h743xx.o [1]
  .text              ro code   0x801'84d0       0x4  startup_stm32h743xx.o [1]
  .text              ro code   0x801'84d4       0x4  startup_stm32h743xx.o [1]
  .text              ro code   0x801'84d8       0x4  startup_stm32h743xx.o [1]
  .text              ro code   0x801'84dc       0x4  startup_stm32h743xx.o [1]
  .text              ro code   0x801'84e0       0x4  startup_stm32h743xx.o [1]
  .text              ro code   0x801'84e4       0x4  startup_stm32h743xx.o [1]
  .text              ro code   0x801'84e8       0x4  startup_stm32h743xx.o [1]
  .text              ro code   0x801'84ec       0x4  startup_stm32h743xx.o [1]
  .text              ro code   0x801'84f0       0x4  startup_stm32h743xx.o [1]
  .text              ro code   0x801'84f4       0x4  startup_stm32h743xx.o [1]
  .text              ro code   0x801'84f8       0x4  startup_stm32h743xx.o [1]
  .text              ro code   0x801'84fc       0x4  startup_stm32h743xx.o [1]
  .text              ro code   0x801'8500       0x4  startup_stm32h743xx.o [1]
  .text              ro code   0x801'8504       0x4  startup_stm32h743xx.o [1]
  .text              ro code   0x801'8508       0x4  startup_stm32h743xx.o [1]
  .text              ro code   0x801'850c       0x4  startup_stm32h743xx.o [1]
  .text              ro code   0x801'8510       0x4  startup_stm32h743xx.o [1]
  .text              ro code   0x801'8514       0x4  startup_stm32h743xx.o [1]
  .text              ro code   0x801'8518       0x4  startup_stm32h743xx.o [1]
  .text              ro code   0x801'851c       0x4  startup_stm32h743xx.o [1]
  .text              ro code   0x801'8520       0x4  startup_stm32h743xx.o [1]
  .text              ro code   0x801'8524       0x4  startup_stm32h743xx.o [1]
  .text              ro code   0x801'8528       0x4  startup_stm32h743xx.o [1]
  .text              ro code   0x801'852c       0x4  startup_stm32h743xx.o [1]
  .text              ro code   0x801'8530       0x4  startup_stm32h743xx.o [1]
  .text              ro code   0x801'8534       0x4  startup_stm32h743xx.o [1]
  .text              ro code   0x801'8538       0x4  startup_stm32h743xx.o [1]
  .text              ro code   0x801'853c       0x4  startup_stm32h743xx.o [1]
  .text              ro code   0x801'8540       0x4  startup_stm32h743xx.o [1]
  .text              ro code   0x801'8544       0x4  startup_stm32h743xx.o [1]
  .text              ro code   0x801'8548       0x4  startup_stm32h743xx.o [1]
  .text              ro code   0x801'854c       0x4  startup_stm32h743xx.o [1]
  .text              ro code   0x801'8550       0x4  startup_stm32h743xx.o [1]
  .text              ro code   0x801'8554       0x4  startup_stm32h743xx.o [1]
  .text              ro code   0x801'8558       0x4  startup_stm32h743xx.o [1]
  .text              ro code   0x801'855c       0x4  startup_stm32h743xx.o [1]
  .text              ro code   0x801'8560       0x4  startup_stm32h743xx.o [1]
  .text              ro code   0x801'8564       0x4  startup_stm32h743xx.o [1]
  .text              ro code   0x801'8568       0x4  startup_stm32h743xx.o [1]
  .text              ro code   0x801'856c       0x4  startup_stm32h743xx.o [1]
  .text              ro code   0x801'8570       0x4  startup_stm32h743xx.o [1]
  .text              ro code   0x801'8574       0x4  startup_stm32h743xx.o [1]
  .text              ro code   0x801'8578       0x4  startup_stm32h743xx.o [1]
  .text              ro code   0x801'857c       0x4  startup_stm32h743xx.o [1]
  .text              ro code   0x801'8580       0x4  startup_stm32h743xx.o [1]
  .text              ro code   0x801'8584       0x4  startup_stm32h743xx.o [1]
  .text              ro code   0x801'8588       0x4  startup_stm32h743xx.o [1]
  .text              ro code   0x801'858c       0x4  startup_stm32h743xx.o [1]
  .text              ro code   0x801'8590       0x4  startup_stm32h743xx.o [1]
  .text              ro code   0x801'8594       0x4  startup_stm32h743xx.o [1]
  .rodata            const     0x801'8598       0x0  zero_init3.o [12]
  .rodata            const     0x801'8598       0x0  lz77_init.o [12]
  Initializer bytes  const     0x801'8598     0x342  <for P4 s0>
                             - 0x801'88da  0x1'8642

"P4", part 1 of 3:                            0x543
  P4 s0                       0x2000'0000     0x543  <Init block>
    .data            inited   0x2000'0000     0x108  peref.o [6]
    .data            inited   0x2000'0108     0x108  peref.o [6]
    .data            inited   0x2000'0210      0xf0  g_InterruptUpdate.o [5]
    .data            inited   0x2000'0300      0x84  g_InterruptUpdate.o [5]
    .data            inited   0x2000'0384      0x70  peref_display.o [6]
    .data            inited   0x2000'03f4      0x44  peref_display.o [6]
    .data            inited   0x2000'0438      0x30  g_InterruptUpdate.o [5]
    .data            inited   0x2000'0468      0x30  g_InterruptUpdate.o [5]
    .data            inited   0x2000'0498      0x24  g_InterruptUpdate.o [5]
    .data            inited   0x2000'04bc      0x24  peref.o [6]
    .data            inited   0x2000'04e0      0x18  stm32h7xx_hal_hrtim.o [9]
    .data            inited   0x2000'04f8       0x4  g_Core.o [4]
    .data            inited   0x2000'04fc       0x4  g_Core.o [4]
    .data            inited   0x2000'0500       0x4  g_Core.o [4]
    .data            inited   0x2000'0504       0x4  g_Core.o [4]
    .data            inited   0x2000'0508       0x4  g_InterruptUpdate.o [5]
    .data            inited   0x2000'050c       0x4  g_InterruptUpdate.o [5]
    .data            inited   0x2000'0510       0x4  g_InterruptUpdate.o [5]
    .data            inited   0x2000'0514       0x4  g_InterruptUpdate.o [5]
    .data            inited   0x2000'0518       0x4  g_InterruptUpdate.o [5]
    .data            inited   0x2000'051c       0x4  peref.o [6]
    .data            inited   0x2000'0520       0x4  peref.o [6]
    .data            inited   0x2000'0524       0x4  peref.o [6]
    .data            inited   0x2000'0528       0x4  peref.o [6]
    .data            inited   0x2000'052c       0x4  peref_Calibs.o [6]
    .data            inited   0x2000'0530       0x4  stm32h7xx_hal.o [9]
    .data            inited   0x2000'0534       0x4  system_stm32h7xx.o [8]
    .data            inited   0x2000'0538       0x4  system_stm32h7xx.o [8]
    .data            inited   0x2000'053c       0x1  add_ValueConv.o [2]
    .data            inited   0x2000'053d       0x1  add_ValueConv.o [2]
    .data            inited   0x2000'053e       0x1  add_ValueConv.o [2]
    .data            inited   0x2000'053f       0x1  add_ValueConv.o [2]
    .data            inited   0x2000'0540       0x1  g_Core.o [4]
    .data            inited   0x2000'0541       0x1  peref.o [6]
    .data            inited   0x2000'0542       0x1  stm32h7xx_hal.o [9]
                            - 0x2000'0543     0x543

"P4", part 2 of 3:                           0x28e0
  .bss               zero     0x2000'0544     0x8d4  g_Ram.o [5]
  .bss               zero     0x2000'0e18     0x7e8  peref.o [6]
  .bss               zero     0x2000'1600     0x728  comm.o [3]
  .bss               zero     0x2000'1d28      0x64  main.o [2]
  .bss               zero     0x2000'1d90     0x540  g_Core.o [4]
  .bss               zero     0x2000'22d0     0x218  core_Menu.o [4]
  .bss               zero     0x2000'24e8      0xdc  main.o [2]
  .bss               zero     0x2000'25c4      0xc0  stat.o [7]
  .bss               zero     0x2000'2684      0xa0  main.o [2]
  .bss               zero     0x2000'2724      0x90  main.o [2]
  .bss               zero     0x2000'27b4      0x90  main.o [2]
  .bss               zero     0x2000'2844      0x90  main.o [2]
  .bss               zero     0x2000'28d4      0x90  main.o [2]
  .bss               zero     0x2000'2964      0x88  main.o [2]
  .bss               zero     0x2000'29ec      0x88  main.o [2]
  .bss               zero     0x2000'2a74      0x78  main.o [2]
  .bss               zero     0x2000'2aec      0x78  main.o [2]
  .bss               zero     0x2000'2b64      0x64  main.o [2]
  .bss               zero     0x2000'2bc8      0x4c  main.o [2]
  .bss               zero     0x2000'2c14      0x4c  main.o [2]
  .bss               zero     0x2000'2c60      0x34  g_Core.o [4]
  .bss               zero     0x2000'2c94      0x2c  peref.o [6]
  .bss               zero     0x2000'2cc0      0x28  CMS58M.o [6]
  .bss               zero     0x2000'2ce8      0x24  CMS58M.o [6]
  .bss               zero     0x2000'2d0c      0x24  main.o [2]
  .bss               zero     0x2000'2d30      0x10  peref.o [6]
  .bss               zero     0x2000'2d40       0x8  g_Core.o [4]
  .bss               zero     0x2000'2d48       0x8  g_Core.o [4]
  .bss               zero     0x2000'2d50       0x4  comm_ModbusRtu.o [3]
  .bss               zero     0x2000'2d54       0x4  comm_ModbusRtu.o [3]
  .bss               zero     0x2000'2d58       0x4  core_Menu.o [4]
  .bss               zero     0x2000'2d5c       0x4  core_Menu.o [4]
  .bss               zero     0x2000'2d60       0x4  core_Menu.o [4]
  .bss               zero     0x2000'2d64       0x4  core_Menu.o [4]
  .bss               zero     0x2000'2d68       0x4  g_Core.o [4]
  .bss               zero     0x2000'2d6c       0x4  g_Core.o [4]
  .bss               zero     0x2000'2d70       0x4  g_Core.o [4]
  .bss               zero     0x2000'2d74       0x4  g_Core.o [4]
  .bss               zero     0x2000'2d78       0x4  g_Core.o [4]
  .bss               zero     0x2000'2d7c       0x4  g_Core.o [4]
  .bss               zero     0x2000'2d80       0x4  g_Core.o [4]
  .bss               zero     0x2000'2d84       0x4  g_Core.o [4]
  .bss               zero     0x2000'2d88       0x4  g_Core.o [4]
  .bss               zero     0x2000'2d8c       0x4  g_Core.o [4]
  .bss               zero     0x2000'2d90       0x4  g_Core.o [4]
  .bss               zero     0x2000'2d94       0x4  g_Core.o [4]
  .bss               zero     0x2000'2d98       0x4  g_Core.o [4]
  .bss               zero     0x2000'2d9c       0x4  g_Core.o [4]
  .bss               zero     0x2000'2da0       0x4  g_Core.o [4]
  .bss               zero     0x2000'2da4       0x4  g_Core.o [4]
  .bss               zero     0x2000'2da8       0x4  g_Core.o [4]
  .bss               zero     0x2000'2dac       0x4  g_Core.o [4]
  .bss               zero     0x2000'2db0       0x4  g_InterruptUpdate.o [5]
  .bss               zero     0x2000'2db4       0x4  g_InterruptUpdate.o [5]
  .bss               zero     0x2000'2db8       0x4  g_InterruptUpdate.o [5]
  .bss               zero     0x2000'2dbc       0x4  g_InterruptUpdate.o [5]
  .bss               zero     0x2000'2dc0       0x4  g_InterruptUpdate.o [5]
  .bss               zero     0x2000'2dc4       0x4  g_InterruptUpdate.o [5]
  .bss               zero     0x2000'2dc8       0x4  g_InterruptUpdate.o [5]
  .bss               zero     0x2000'2dcc       0x4  g_InterruptUpdate.o [5]
  .bss               zero     0x2000'2dd0       0x4  peref.o [6]
  .bss               zero     0x2000'2dd4       0x4  peref.o [6]
  .bss               zero     0x2000'2dd8       0x4  peref.o [6]
  .bss               zero     0x2000'2ddc       0x4  peref.o [6]
  .bss               zero     0x2000'2de0       0x4  peref.o [6]
  .bss               zero     0x2000'2de4       0x4  peref.o [6]
  .bss               zero     0x2000'2de8       0x4  peref.o [6]
  .bss               zero     0x2000'2dec       0x4  peref.o [6]
  .bss               zero     0x2000'2df0       0x4  peref.o [6]
  .bss               zero     0x2000'2df4       0x4  peref.o [6]
  .bss               zero     0x2000'2df8       0x4  peref.o [6]
  .bss               zero     0x2000'2dfc       0x4  peref.o [6]
  .bss               zero     0x2000'2e00       0x4  peref.o [6]
  .bss               zero     0x2000'2e04       0x4  peref.o [6]
  .bss               zero     0x2000'2e08       0x4  peref.o [6]
  .bss               zero     0x2000'2e0c       0x4  peref_Calibs.o [6]
  .bss               zero     0x2000'2e10       0x4  stm32h7xx_hal.o [9]
  .bss               zero     0x2000'2e14       0x4  stm32h7xx_it.o [2]
  .bss               zero     0x2000'2e18       0x2  peref.o [6]
  .bss               zero     0x2000'2e1a       0x2  peref.o [6]
  .bss               zero     0x2000'2e1c       0x1  CMS58M.o [6]
  .bss               zero     0x2000'2e1d       0x1  CMS58M.o [6]
  .bss               zero     0x2000'2e1e       0x1  core_Protections.o [4]
  .bss               zero     0x2000'2e1f       0x1  core_VlvDrvCtrl.o [4]
  .bss               zero     0x2000'2e20       0x1  peref.o [6]
                            - 0x2000'2e21    0x28dd

"P4", part 3 of 3:                           0x2000
  CSTACK                      0x2000'2e28    0x2000  <Block>
    CSTACK           uninit   0x2000'2e28    0x2000  <Block tail>
                            - 0x2000'4e28    0x2000

Unused ranges:

         From           To       Size
         ----           --       ----
   0x801'88da   0x80f'ffff   0xe'7726
   0x810'0000   0x81f'ffff  0x10'0000
  0x2000'0543  0x2000'0543        0x1
  0x2000'2e24  0x2000'2e27        0x4
  0x2000'4e28  0x2000'ffff     0xb1d8
  0x2001'0000  0x2001'ffff   0x1'0000


*******************************************************************************
*** INIT TABLE
***

          Address      Size
          -------      ----
Zero (__iar_zero_init3)
    1 destination range, total size 0x28dd:
          0x2000'0544  0x28dd

Copy/lz77 (__iar_lz77_init3)
    1 source range, total size 0x342 (61% of destination):
           0x801'8598   0x342
    1 destination range, total size 0x543:
          0x2000'0000   0x543



*******************************************************************************
*** MODULE SUMMARY
***

    Module                   ro code  ro data  rw data
    ------                   -------  -------  -------
command line/config:
    --------------------------------------------------
    Total:

C:\work\ebu6\EBU6\EWARM\EBU6\Obj\Application\EWARM: [1]
    startup_stm32h743xx.o      1'208
    --------------------------------------------------
    Total:                     1'208

C:\work\ebu6\EBU6\EWARM\EBU6\Obj\Application\User\Core: [2]
    add_ValueConv.o              498        3        4
    main.o                     4'376             1'856
    stm32h7xx_hal_msp.o        2'312
    stm32h7xx_it.o               168                 4
    --------------------------------------------------
    Total:                     7'354        3    1'864

C:\work\ebu6\EBU6\EWARM\EBU6\Obj\Application\User\Core\Comm: [3]
    comm.o                         6             1'832
    comm_ModbusRtu.o             408                 8
    comm_SerialComm.o             12
    --------------------------------------------------
    Total:                       426             1'840

C:\work\ebu6\EBU6\EWARM\EBU6\Obj\Application\User\Core\Core: [4]
    core_Menu.o                6'236   24'028      552
    core_Protections.o           196                 1
    core_VlvDrvCtrl.o          1'454                 1
    g_Core.o                   5'576       10    1'501
    --------------------------------------------------
    Total:                    13'462   24'038    2'055

C:\work\ebu6\EBU6\EWARM\EBU6\Obj\Application\User\Core\Global: [5]
    g_InterruptUpdate.o          508      325      556
    g_Ram.o                      292             2'260
    --------------------------------------------------
    Total:                       800      325    2'816

C:\work\ebu6\EBU6\EWARM\EBU6\Obj\Application\User\Core\Peref: [6]
    CMS58M.o                     652       12       78
    peref.o                    4'560      359    2'730
    peref_ApFilter1.o            116
    peref_Calibs.o             1'196        3        8
    peref_Clock.o                 62
    peref_SensObserver.o         712
    peref_SinObserver.o          364
    peref_display.o              928      111      180
    --------------------------------------------------
    Total:                     8'590      485    2'996

C:\work\ebu6\EBU6\EWARM\EBU6\Obj\Application\User\Core\Stat: [7]
    stat.o                        50               192
    stat_fm25v10.o               708
    --------------------------------------------------
    Total:                       758               192

C:\work\ebu6\EBU6\EWARM\EBU6\Obj\Drivers\CMSIS: [8]
    system_stm32h7xx.o           316       21        8
    --------------------------------------------------
    Total:                       316       21        8

C:\work\ebu6\EBU6\EWARM\EBU6\Obj\Drivers\STM32H7xx_HAL_Driver: [9]
    stm32h7xx_hal.o              292        3        9
    stm32h7xx_hal_adc.o        4'196
    stm32h7xx_hal_adc_ex.o       382
    stm32h7xx_hal_cortex.o       344
    stm32h7xx_hal_dma.o        7'764        8
    stm32h7xx_hal_fdcan.o      2'396       92
    stm32h7xx_hal_gpio.o         692
    stm32h7xx_hal_hrtim.o      2'234       15       24
    stm32h7xx_hal_pwr.o           20
    stm32h7xx_hal_pwr_ex.o       100
    stm32h7xx_hal_rcc.o        3'376
    stm32h7xx_hal_rcc_ex.o     6'976
    stm32h7xx_hal_rtc.o          922
    stm32h7xx_hal_spi.o        3'894
    stm32h7xx_hal_tim.o        3'370
    stm32h7xx_hal_tim_ex.o       762
    stm32h7xx_hal_uart.o       2'152       24
    stm32h7xx_hal_uart_ex.o      364       16
    --------------------------------------------------
    Total:                    40'236      158       33

dl7M_tln.a: [10]
    abort.o                        6
    abs.o                          8
    exit.o                         4
    labs.o                         8
    low_level_init.o               4
    --------------------------------------------------
    Total:                        30

m7M_tlv.a: [11]
    cos_sin32.o                  468
    fmax.o                        46
    fmin.o                        42
    fpinit_M.o                    34
    sqrt.o                        30
    sqrtf.o                       30
    --------------------------------------------------
    Total:                       650

rt7M_tl.a: [12]
    ABImemcpy.o                  166
    ABImemset.o                  102
    I64DivMod.o                  560
    I64DivZer.o                    2
    cexit.o                       10
    cmain.o                       30
    cstartup_M.o                  28
    data_init.o                   40
    lz77_init.o                  496
    strchr.o                      22
    strcmp.o                      18
    strcpy.o                      24
    strlen.o                      54
    zero_init3.o                  56
    --------------------------------------------------
    Total:                     1'608

shb_l.a: [13]
    exit.o                        20
    --------------------------------------------------
    Total:                        20

    Gaps                          34        4        4
    Linker created                         44    8'192
------------------------------------------------------
    Grand Total:              75'492   25'078   20'000


*******************************************************************************
*** ENTRY LIST
***

Entry                       Address    Size  Type      Object
-----                       -------    ----  ----      ------
.iar.init_table$$Base    0x801'828c           --   Gb  - Linker created -
.iar.init_table$$Limit   0x801'82b8           --   Gb  - Linker created -
?main                    0x801'82b9          Code  Gb  cmain.o [12]
ADC3_IRQHandler          0x801'80d5     0xa  Code  Gb  stm32h7xx_it.o [2]
ADC_ConfigureBoostMode   0x801'1d05   0x158  Code  Gb  stm32h7xx_hal_adc.o [9]
ADC_DMAConvCplt          0x801'1c51    0x88  Code  Gb  stm32h7xx_hal_adc.o [9]
ADC_DMAError             0x801'1ce7    0x1e  Code  Gb  stm32h7xx_hal_adc.o [9]
ADC_DMAHalfConvCplt      0x801'1cd9     0xe  Code  Gb  stm32h7xx_hal_adc.o [9]
ADC_Enable               0x801'1b85    0xbc  Code  Gb  stm32h7xx_hal_adc.o [9]
ADC_IRQHandler           0x801'8089     0xa  Code  Gb  stm32h7xx_it.o [2]
ADS1118_init             0x800'c1d7    0xae  Code  Gb  peref.o [6]
ADS1118_update           0x800'c295    0x54  Code  Gb  peref.o [6]
AcknoledgeEvent          0x801'7e11    0x7a  Code  Gb  comm_ModbusRtu.o [3]
AngleInterp              0x801'31a5   0x272  Code  Gb  g_Core.o [4]
BreakFrameEvent          0x801'7d89     0x2  Code  Gb  comm_ModbusRtu.o [3]
BtnLevel                0x2000'0520     0x4  Data  Gb  peref.o [6]
BtnTout                 0x2000'051c     0x4  Data  Gb  peref.o [6]
BusFault_Handler         0x801'8063     0x2  Code  Gb  stm32h7xx_it.o [2]
ByteToStr                0x800'ac9d    0x1e  Code  Gb  add_ValueConv.o [2]
CAN1RxMsg               0x2000'2e1c     0x1  Data  Gb  CMS58M.o [6]
CAN1TxMsg               0x2000'2e1d     0x1  Data  Gb  CMS58M.o [6]
CPU_led_timer           0x2000'2e14     0x4  Data  Gb  stm32h7xx_it.o [2]
CSTACK$$Base            0x2000'2e28           --   Gb  - Linker created -
CSTACK$$Limit           0x2000'4e28           --   Gb  - Linker created -
CalcClbCycle             0x800'e4fb    0x70  Code  Gb  peref_Calibs.o [6]
CalcClbGearInv           0x800'e201    0x14  Code  Gb  peref_Calibs.o [6]
CalcClbGearRev           0x800'e215    0x18  Code  Gb  peref_Calibs.o [6]
ChangeCoordinate         0x800'9e59   0x194  Code  Lc  core_Menu.o [4]
CheckRange               0x800'ab9d    0x22  Code  Gb  add_ValueConv.o [2]
CheckStatus              0x800'e4df    0x1c  Code  Lc  peref_Calibs.o [6]
Cms58mConfig             0x800'df11    0x50  Code  Gb  CMS58M.o [6]
Cms58mInir               0x800'deed    0x24  Code  Gb  CMS58M.o [6]
Cms58mRxHandler          0x800'df6f    0x2c  Code  Gb  CMS58M.o [6]
Cms58mStart              0x800'df61     0xe  Code  Gb  CMS58M.o [6]
Comm_50HzCalc            0x801'3463     0x2  Code  Gb  comm.o [3]
Comm_CommandUpdate       0x801'3465     0x2  Code  Gb  comm.o [3]
Comm_Init                0x801'3461     0x2  Code  Gb  comm.o [3]
ConnTimeoutEvent         0x801'7dfd    0x14  Code  Gb  comm_ModbusRtu.o [3]
Core_CalibControl        0x801'2075   0x148  Code  Gb  g_Core.o [4]
Core_CalibStop           0x801'1fd1    0x9a  Code  Gb  g_Core.o [4]
Core_ControlMode         0x801'2517    0x32  Code  Gb  g_Core.o [4]
Core_Init                0x801'1e99   0x138  Code  Gb  g_Core.o [4]
Core_MENU_Display        0x800'9659    0x88  Code  Gb  core_Menu.o [4]
Core_MenuInit            0x800'92c1   0x336  Code  Gb  core_Menu.o [4]
Core_MenuReadDcr         0x800'a6f1    0x6e  Code  Gb  core_Menu.o [4]
Core_MenuUpdate          0x800'960d    0x4c  Code  Gb  core_Menu.o [4]
Core_Protections18kHzUpdate
                         0x801'609f    0x60  Code  Gb  core_Protections.o [4]
Core_Protections50HZUpdate
                         0x801'608f    0x10  Code  Gb  core_Protections.o [4]
Core_ProtectionsClear    0x801'607d    0x12  Code  Gb  core_Protections.o [4]
Core_ProtectionsEnable   0x801'604f    0x2e  Code  Gb  core_Protections.o [4]
Core_ProtectionsEnable::State
                        0x2000'2e1e     0x1  Data  Lc  core_Protections.o [4]
Core_ProtectionsInit     0x801'6049     0x6  Code  Gb  core_Protections.o [4]
Core_SetDeff             0x800'a81b    0xd4  Code  Gb  core_Menu.o [4]
Core_ValveDriveInit      0x801'610d    0x96  Code  Gb  core_VlvDrvCtrl.o [4]
Core_ValveDriveMove      0x801'6207    0x94  Code  Gb  core_VlvDrvCtrl.o [4]
Core_ValveDriveStop      0x801'61a3    0x34  Code  Gb  core_VlvDrvCtrl.o [4]
Core_ValveDriveUpdate    0x801'61d7    0x30  Code  Gb  core_VlvDrvCtrl.o [4]
CyclicTimer              0x801'835c     0x8  Data  Gb  CMS58M.o [6]
D1CorePrescTable         0x801'8330    0x10  Data  Gb  system_stm32h7xx.o [8]
DAC_on_off              0x2000'0541     0x1  Data  Gb  peref.o [6]
DAC_tmp                 0x2000'2dec     0x4  Data  Gb  peref.o [6]
DAC_tmp_16              0x2000'2e1a     0x2  Data  Gb  peref.o [6]
DISPL_AddSymb            0x800'd74d    0x36  Code  Gb  peref_display.o [6]
DISPL_Update             0x800'd71f    0x2e  Code  Gb  peref_display.o [6]
DISPL_init               0x800'd6a5    0x3e  Code  Gb  peref_display.o [6]
DLCtoBytes               0x801'8320    0x10  Data  Lc  stm32h7xx_hal_fdcan.o [9]
DMA1_Stream1_IRQHandler
                         0x801'8075     0xa  Code  Gb  stm32h7xx_it.o [2]
DMA1_Stream3_IRQHandler
                         0x801'807f     0xa  Code  Gb  stm32h7xx_it.o [2]
DMA_CalcBaseAndBitshift
                         0x800'6c8b    0xd2  Code  Lc  stm32h7xx_hal_dma.o [9]
DMA_CalcBaseAndBitshift{1}{2}::flagBitshiftOffset
                         0x801'836c     0x8  Data  Lc  stm32h7xx_hal_dma.o [9]
DMA_CalcDMAMUXChannelBaseAndMask
                         0x800'6e1b    0xac  Code  Lc  stm32h7xx_hal_dma.o [9]
DMA_CalcDMAMUXRequestGenBaseAndMask
                         0x800'6ec7    0x80  Code  Lc  stm32h7xx_hal_dma.o [9]
DMA_CheckFifoParam       0x800'6d81    0x9a  Code  Lc  stm32h7xx_hal_dma.o [9]
DMA_SetConfig            0x800'6a25   0x266  Code  Lc  stm32h7xx_hal_dma.o [9]
DateSeparator           0x2000'053f     0x1  Data  Gb  add_ValueConv.o [2]
DateToStr                0x800'ace3    0x3e  Code  Gb  add_ValueConv.o [2]
DebugMon_Handler         0x801'8069     0x2  Code  Gb  stm32h7xx_it.o [2]
DecToStr                 0x800'abbf    0xde  Code  Gb  add_ValueConv.o [2]
DefineBit                0x800'a185    0x5c  Code  Gb  core_Menu.o [4]
DisplayOff               0x800'd7bf    0x34  Code  Gb  peref_display.o [6]
DisplayOn                0x800'd7f3    0xc4  Code  Gb  peref_display.o [6]
DisplayPutText           0x800'd8b7    0x60  Code  Gb  peref_display.o [6]
DisplayRestart           0x800'd783    0x3c  Code  Gb  peref_display.o [6]
DisplayStart             0x800'd9f7    0x2c  Code  Gb  peref_display.o [6]
DriveClose               0x801'6561    0x92  Code  Gb  core_VlvDrvCtrl.o [4]
DriveOpen                0x801'65f3    0x98  Code  Gb  core_VlvDrvCtrl.o [4]
DriveStop                0x801'6551    0x10  Code  Gb  core_VlvDrvCtrl.o [4]
DynBreakMode             0x801'2633    0x68  Code  Lc  g_Core.o [4]
EditBin                  0x800'9e3b    0x1e  Code  Gb  core_Menu.o [4]
EditDate                 0x800'9ce9   0x152  Code  Gb  core_Menu.o [4]
EditDec                  0x800'99b5   0x186  Code  Gb  core_Menu.o [4]
EditParam                0x800'98b7    0xfe  Code  Gb  core_Menu.o [4]
EditStr                  0x800'9b3b    0xe0  Code  Gb  core_Menu.o [4]
EditTime                 0x800'9c1b    0xce  Code  Gb  core_Menu.o [4]
Eeprom1                 0x2000'2c60    0x34  Data  Gb  g_Core.o [4]
EnableEdit               0x800'a7e7    0x34  Code  Gb  core_Menu.o [4]
EncodeData               0x800'd9db    0x1c  Code  Gb  peref_display.o [6]
Error_Handler            0x801'0d91     0x4  Code  Gb  main.o [2]
FDCANStatus             0x2000'2c94    0x2c  Data  Gb  peref.o [6]
FDCAN_CalcultateRamBlockAddresses
                         0x800'ecd1   0x208  Code  Lc  stm32h7xx_hal_fdcan.o [9]
FDCAN_CopyMessageToRAM   0x800'eed9    0x9a  Code  Lc  stm32h7xx_hal_fdcan.o [9]
FDCANerrCount           0x2000'2d30    0x10  Data  Gb  peref.o [6]
FM25V10_Init             0x800'b02d    0x3e  Code  Gb  stat_fm25v10.o [7]
FM25V10_ReadByte         0x800'b1d5    0x58  Code  Gb  stat_fm25v10.o [7]
FM25V10_ReadSN           0x800'b2a7    0x3e  Code  Gb  stat_fm25v10.o [7]
FM25V10_ReadStatus       0x800'b199    0x3c  Code  Gb  stat_fm25v10.o [7]
FM25V10_Update           0x800'b06b   0x12e  Code  Gb  stat_fm25v10.o [7]
FM25V10_WriteByte        0x800'b22d    0x4e  Code  Gb  stat_fm25v10.o [7]
FM25V10_WriteEnable      0x800'b27b    0x2c  Code  Gb  stat_fm25v10.o [7]
Flag                    0x2000'2e1f     0x1  Data  Gb  core_VlvDrvCtrl.o [4]
FloatPositive           0x2000'053d     0x1  Data  Gb  add_ValueConv.o [2]
FloatSeparator          0x2000'053c     0x1  Data  Gb  add_ValueConv.o [2]
GetActiveControls        0x801'629b    0xf8  Code  Gb  core_VlvDrvCtrl.o [4]
HAL_ADCEx_EndOfSamplingCallback
                         0x801'6035     0x2  Code  Gb  stm32h7xx_hal_adc_ex.o [9]
HAL_ADCEx_InjectedConvCpltCallback
                         0x801'6039     0x2  Code  Gb  stm32h7xx_hal_adc_ex.o [9]
HAL_ADCEx_InjectedQueueOverflowCallback
                         0x801'6043     0x2  Code  Gb  stm32h7xx_hal_adc_ex.o [9]
HAL_ADCEx_LevelOutOfWindow2Callback
                         0x801'603d     0x2  Code  Gb  stm32h7xx_hal_adc_ex.o [9]
HAL_ADCEx_LevelOutOfWindow3Callback
                         0x801'603f     0x2  Code  Gb  stm32h7xx_hal_adc_ex.o [9]
HAL_ADCEx_MultiModeConfigChannel
                         0x801'494f   0x148  Code  Gb  stm32h7xx_hal_adc_ex.o [9]
HAL_ADC_ConfigChannel    0x801'16c1   0x4a6  Code  Gb  stm32h7xx_hal_adc.o [9]
HAL_ADC_ConvCpltCallback
                         0x801'6037     0x2  Code  Gb  stm32h7xx_hal_adc.o [9]
HAL_ADC_ConvHalfCpltCallback
                         0x801'6045     0x2  Code  Gb  stm32h7xx_hal_adc.o [9]
HAL_ADC_ErrorCallback    0x801'6041     0x2  Code  Gb  stm32h7xx_hal_adc.o [9]
HAL_ADC_IRQHandler       0x801'13a1   0x31a  Code  Gb  stm32h7xx_hal_adc.o [9]
HAL_ADC_Init             0x801'0fdb   0x27e  Code  Gb  stm32h7xx_hal_adc.o [9]
HAL_ADC_LevelOutOfWindowCallback
                         0x801'603b     0x2  Code  Gb  stm32h7xx_hal_adc.o [9]
HAL_ADC_MspInit          0x800'f377   0x268  Code  Gb  stm32h7xx_hal_msp.o [2]
HAL_ADC_Start_DMA        0x801'1265   0x112  Code  Gb  stm32h7xx_hal_adc.o [9]
HAL_DMA_Abort_IT         0x800'5b65   0x39e  Code  Gb  stm32h7xx_hal_dma.o [9]
HAL_DMA_IRQHandler       0x800'5f65   0xa7a  Code  Gb  stm32h7xx_hal_dma.o [9]
HAL_DMA_Init             0x800'517d   0x532  Code  Gb  stm32h7xx_hal_dma.o [9]
HAL_DMA_Start_IT         0x800'5719   0x3ea  Code  Gb  stm32h7xx_hal_dma.o [9]
HAL_FDCAN_AddMessageToTxBuffer
                         0x800'e9bf    0x8e  Code  Gb  stm32h7xx_hal_fdcan.o [9]
HAL_FDCAN_AddMessageToTxFifoQ
                         0x800'e937    0x88  Code  Gb  stm32h7xx_hal_fdcan.o [9]
HAL_FDCAN_EnableTxBufferRequest
                         0x800'ea4d    0x24  Code  Gb  stm32h7xx_hal_fdcan.o [9]
HAL_FDCAN_GetErrorCounters
                         0x800'eca9    0x22  Code  Gb  stm32h7xx_hal_fdcan.o [9]
HAL_FDCAN_GetProtocolStatus
                         0x800'ec5d    0x4c  Code  Gb  stm32h7xx_hal_fdcan.o [9]
HAL_FDCAN_GetRxMessage   0x800'ea71   0x1e6  Code  Gb  stm32h7xx_hal_fdcan.o [9]
HAL_FDCAN_Init           0x800'e625   0x2d8  Code  Gb  stm32h7xx_hal_fdcan.o [9]
HAL_FDCAN_MspInit        0x800'f5df    0xa2  Code  Gb  stm32h7xx_hal_msp.o [2]
HAL_FDCAN_Start          0x800'e901    0x36  Code  Gb  stm32h7xx_hal_fdcan.o [9]
HAL_GPIO_Init            0x800'c4c1   0x232  Code  Gb  stm32h7xx_hal_gpio.o [9]
HAL_GPIO_ReadPin         0x800'c6f3    0x16  Code  Gb  stm32h7xx_hal_gpio.o [9]
HAL_GPIO_TogglePin       0x800'c723    0x1a  Code  Gb  stm32h7xx_hal_gpio.o [9]
HAL_GPIO_WritePin        0x800'c709    0x1a  Code  Gb  stm32h7xx_hal_gpio.o [9]
HAL_GetREVID             0x801'0df3     0xa  Code  Gb  stm32h7xx_hal.o [9]
HAL_GetTick              0x800'6fd1     0xc  Code  Gb  stm32h7xx_hal.o [9]
HAL_HRTIM_Init           0x801'4ab1   0x126  Code  Gb  stm32h7xx_hal_hrtim.o [9]
HAL_HRTIM_MspInit        0x800'f681    0x56  Code  Gb  stm32h7xx_hal_msp.o [2]
HAL_HRTIM_MspPostInit    0x800'f6d7    0x5e  Code  Gb  stm32h7xx_hal_msp.o [2]
HAL_HRTIM_SimplePWMStart
                         0x801'4c1d    0x4e  Code  Gb  stm32h7xx_hal_hrtim.o [9]
HAL_HRTIM_TimeBaseConfig
                         0x801'4bd7    0x3c  Code  Gb  stm32h7xx_hal_hrtim.o [9]
HAL_HRTIM_WaveformCompareConfig
                         0x801'4d09   0x236  Code  Gb  stm32h7xx_hal_hrtim.o [9]
HAL_HRTIM_WaveformOutputConfig
                         0x801'4f3f    0x4a  Code  Gb  stm32h7xx_hal_hrtim.o [9]
HAL_HRTIM_WaveformTimerConfig
                         0x801'4c71    0x98  Code  Gb  stm32h7xx_hal_hrtim.o [9]
HAL_IncTick              0x801'8105    0x18  Code  Gb  stm32h7xx_hal.o [9]
HAL_Init                 0x801'0d95    0x5e  Code  Gb  stm32h7xx_hal.o [9]
HAL_InitTick             0x800'9111    0x58  Code  Gb  stm32h7xx_hal.o [9]
HAL_MspInit              0x800'f32d    0x4a  Code  Gb  stm32h7xx_hal_msp.o [2]
HAL_NVIC_EnableIRQ       0x800'9287     0xe  Code  Gb  stm32h7xx_hal_cortex.o [9]
HAL_NVIC_SetPriority     0x800'9263    0x24  Code  Gb  stm32h7xx_hal_cortex.o [9]
HAL_NVIC_SetPriorityGrouping
                         0x800'9257     0xc  Code  Gb  stm32h7xx_hal_cortex.o [9]
HAL_PWREx_ConfigSupply   0x801'4189    0x5c  Code  Gb  stm32h7xx_hal_pwr_ex.o [9]
HAL_PWR_EnableBkUpAccess
                         0x801'41ed     0xe  Code  Gb  stm32h7xx_hal_pwr.o [9]
HAL_RCCEx_GetD3PCLK1Freq
                         0x800'8195    0x1e  Code  Gb  stm32h7xx_hal_rcc_ex.o [9]
HAL_RCCEx_GetPLL1ClockFreq
                         0x800'864d   0x22c  Code  Gb  stm32h7xx_hal_rcc_ex.o [9]
HAL_RCCEx_GetPLL2ClockFreq
                         0x800'81b5   0x226  Code  Gb  stm32h7xx_hal_rcc_ex.o [9]
HAL_RCCEx_GetPLL3ClockFreq
                         0x800'83fd   0x226  Code  Gb  stm32h7xx_hal_rcc_ex.o [9]
HAL_RCCEx_GetPeriphCLKFreq
                         0x800'7b0d   0x688  Code  Gb  stm32h7xx_hal_rcc_ex.o [9]
HAL_RCCEx_PeriphCLKConfig
                         0x800'6fdd   0xb0c  Code  Gb  stm32h7xx_hal_rcc_ex.o [9]
HAL_RCC_ClockConfig      0x800'8b1d   0x306  Code  Gb  stm32h7xx_hal_rcc.o [9]
HAL_RCC_GetHCLKFreq      0x800'904b    0x3c  Code  Gb  stm32h7xx_hal_rcc.o [9]
HAL_RCC_GetPCLK1Freq     0x800'9087    0x1a  Code  Gb  stm32h7xx_hal_rcc.o [9]
HAL_RCC_GetPCLK2Freq     0x800'90a1    0x1a  Code  Gb  stm32h7xx_hal_rcc.o [9]
HAL_RCC_GetSysClockFreq
                         0x800'8e25   0x226  Code  Gb  stm32h7xx_hal_rcc.o [9]
HAL_RCC_OscConfig        0x801'4201   0x73c  Code  Gb  stm32h7xx_hal_rcc.o [9]
HAL_RTC_GetDate          0x800'f1b9    0x52  Code  Gb  stm32h7xx_hal_rtc.o [9]
HAL_RTC_GetTime          0x800'f087    0x66  Code  Gb  stm32h7xx_hal_rtc.o [9]
HAL_RTC_SetDate          0x800'f0ed    0xcc  Code  Gb  stm32h7xx_hal_rtc.o [9]
HAL_RTC_SetTime          0x800'ef91    0xf6  Code  Gb  stm32h7xx_hal_rtc.o [9]
HAL_RTC_WaitForSynchro   0x800'f20b    0x34  Code  Gb  stm32h7xx_hal_rtc.o [9]
HAL_SPI_ErrorCallback    0x800'fc35     0x2  Code  Gb  stm32h7xx_hal_spi.o [9]
HAL_SPI_IRQHandler       0x800'd2c5   0x28c  Code  Gb  stm32h7xx_hal_spi.o [9]
HAL_SPI_Init             0x800'c775   0x182  Code  Gb  stm32h7xx_hal_spi.o [9]
HAL_SPI_MspInit          0x800'f735   0x17c  Code  Gb  stm32h7xx_hal_msp.o [2]
HAL_SPI_Receive          0x800'cbb3   0x2c2  Code  Gb  stm32h7xx_hal_spi.o [9]
HAL_SPI_RxCpltCallback   0x800'fc39     0x2  Code  Gb  stm32h7xx_hal_spi.o [9]
HAL_SPI_Transmit         0x800'c8f7   0x2bc  Code  Gb  stm32h7xx_hal_spi.o [9]
HAL_SPI_TransmitReceive
                         0x800'ce75   0x444  Code  Gb  stm32h7xx_hal_spi.o [9]
HAL_SPI_TxCpltCallback   0x800'fc3b     0x2  Code  Gb  stm32h7xx_hal_spi.o [9]
HAL_SPI_TxRxCpltCallback
                         0x800'fc37     0x2  Code  Gb  stm32h7xx_hal_spi.o [9]
HAL_SYSCFG_DisableVREFBUF
                         0x801'0e11    0x12  Code  Gb  stm32h7xx_hal.o [9]
HAL_SYSCFG_VREFBUF_HighImpedanceConfig
                         0x801'0dfd    0x14  Code  Gb  stm32h7xx_hal.o [9]
HAL_SYSTICK_Config       0x800'9295     0xc  Code  Gb  stm32h7xx_hal_cortex.o [9]
HAL_TIMEx_Break2Callback
                         0x801'68f7     0x2  Code  Gb  stm32h7xx_hal_tim_ex.o [9]
HAL_TIMEx_BreakCallback
                         0x801'68f5     0x2  Code  Gb  stm32h7xx_hal_tim_ex.o [9]
HAL_TIMEx_CommutCallback
                         0x801'68fb     0x2  Code  Gb  stm32h7xx_hal_tim_ex.o [9]
HAL_TIMEx_ConfigBreakDeadTime
                         0x801'5591    0x94  Code  Gb  stm32h7xx_hal_tim_ex.o [9]
HAL_TIMEx_MasterConfigSynchronization
                         0x801'54f3    0x9e  Code  Gb  stm32h7xx_hal_tim_ex.o [9]
HAL_TIMEx_PWMN_Start     0x801'536d    0xea  Code  Gb  stm32h7xx_hal_tim_ex.o [9]
HAL_TIMEx_PWMN_Stop      0x801'5465    0x8e  Code  Gb  stm32h7xx_hal_tim_ex.o [9]
HAL_TIM_Base_Init        0x801'3469    0x7a  Code  Gb  stm32h7xx_hal_tim.o [9]
HAL_TIM_Base_MspInit     0x800'f8b1    0x66  Code  Gb  stm32h7xx_hal_msp.o [2]
HAL_TIM_Base_Start       0x801'34e3    0x8c  Code  Gb  stm32h7xx_hal_tim.o [9]
HAL_TIM_Base_Start_IT    0x801'356f    0x98  Code  Gb  stm32h7xx_hal_tim.o [9]
HAL_TIM_ConfigClockSource
                         0x801'3bfb   0x112  Code  Gb  stm32h7xx_hal_tim.o [9]
HAL_TIM_IC_CaptureCallback
                         0x801'68ed     0x2  Code  Gb  stm32h7xx_hal_tim.o [9]
HAL_TIM_IRQHandler       0x801'390d   0x194  Code  Gb  stm32h7xx_hal_tim.o [9]
HAL_TIM_MspPostInit      0x800'f917    0x5e  Code  Gb  stm32h7xx_hal_msp.o [2]
HAL_TIM_OC_DelayElapsedCallback
                         0x801'68ef     0x2  Code  Gb  stm32h7xx_hal_tim.o [9]
HAL_TIM_PWM_ConfigChannel
                         0x801'3aa1   0x15a  Code  Gb  stm32h7xx_hal_tim.o [9]
HAL_TIM_PWM_Init         0x801'3625    0x7a  Code  Gb  stm32h7xx_hal_tim.o [9]
HAL_TIM_PWM_MspInit      0x801'68eb     0x2  Code  Gb  stm32h7xx_hal_tim.o [9]
HAL_TIM_PWM_PulseFinishedCallback
                         0x801'68f1     0x2  Code  Gb  stm32h7xx_hal_tim.o [9]
HAL_TIM_PWM_Start        0x801'369f   0x15e  Code  Gb  stm32h7xx_hal_tim.o [9]
HAL_TIM_PWM_Stop         0x801'37fd    0xe8  Code  Gb  stm32h7xx_hal_tim.o [9]
HAL_TIM_PeriodElapsedCallback
                         0x801'68f3     0x2  Code  Gb  stm32h7xx_hal_tim.o [9]
HAL_TIM_TriggerCallback
                         0x801'68f9     0x2  Code  Gb  stm32h7xx_hal_tim.o [9]
HAL_UARTEx_DisableFifoMode
                         0x801'5ec9    0x46  Code  Gb  stm32h7xx_hal_uart_ex.o [9]
HAL_UARTEx_SetRxFifoThreshold
                         0x801'5f65    0x56  Code  Gb  stm32h7xx_hal_uart_ex.o [9]
HAL_UARTEx_SetTxFifoThreshold
                         0x801'5f0f    0x56  Code  Gb  stm32h7xx_hal_uart_ex.o [9]
HAL_UART_Init            0x801'5661    0x7e  Code  Gb  stm32h7xx_hal_uart.o [9]
HAL_UART_MspInit         0x800'f975   0x250  Code  Gb  stm32h7xx_hal_msp.o [2]
HRTIM_ForceRegistersUpdate
                         0x801'52e9    0x82  Code  Lc  stm32h7xx_hal_hrtim.o [9]
HRTIM_MasterBase_Config
                         0x801'4f89    0x2a  Code  Lc  stm32h7xx_hal_hrtim.o [9]
HRTIM_MasterWaveform_Config
                         0x801'5005    0x5c  Code  Lc  stm32h7xx_hal_hrtim.o [9]
HRTIM_OutputConfig       0x801'51f9    0xf0  Code  Lc  stm32h7xx_hal_hrtim.o [9]
HRTIM_TimingUnitBase_Config
                         0x801'4fb3    0x52  Code  Lc  stm32h7xx_hal_hrtim.o [9]
HRTIM_TimingUnitWaveform_Config
                         0x801'5061   0x198  Code  Lc  stm32h7xx_hal_hrtim.o [9]
HardFault_Handler        0x801'805f     0x2  Code  Gb  stm32h7xx_it.o [2]
IDC                     0x2000'2d80     0x4  Data  Gb  g_Core.o [4]
Icons                   0x2000'04bc    0x24  Data  Gb  peref.o [6]
InStream_Read            0x801'7b91    0x20  Code  Lc  lz77_init.o [12]
InStream_StepRegion      0x801'7b7d    0x14  Code  Lc  lz77_init.o [12]
InterruptUpdate          0x801'7981   0x1fc  Code  Gb  g_InterruptUpdate.o [5]
InvCtrlTimer            0x2000'2d78     0x4  Data  Gb  g_Core.o [4]
LL_ADC_DisableDeepPowerDown
                         0x801'0f6f     0xc  Code  Lc  stm32h7xx_hal_adc.o [9]
LL_ADC_Enable            0x801'0f9f    0x10  Code  Lc  stm32h7xx_hal_adc.o [9]
LL_ADC_EnableInternalRegulator
                         0x801'0f85    0x10  Code  Lc  stm32h7xx_hal_adc.o [9]
LL_ADC_GetCommonPathInternalCh
                         0x801'0e55     0x8  Code  Lc  stm32h7xx_hal_adc.o [9]
LL_ADC_GetMultiDMATransfer
                         0x801'0f67     0x8  Code  Lc  stm32h7xx_hal_adc.o [9]
LL_ADC_GetMultimode      0x801'0f5f     0x8  Code  Lc  stm32h7xx_hal_adc.o [9]
LL_ADC_INJ_IsConversionOngoing
                         0x801'0fd1     0xa  Code  Lc  stm32h7xx_hal_adc.o [9]
LL_ADC_INJ_IsTriggerSourceSWStart
                         0x801'0ef5    0x10  Code  Lc  stm32h7xx_hal_adc.o [9]
LL_ADC_IsDeepPowerDownEnabled
                         0x801'0f7b     0xa  Code  Lc  stm32h7xx_hal_adc.o [9]
LL_ADC_IsEnabled         0x801'0faf     0x8  Code  Lc  stm32h7xx_hal_adc.o [9]
LL_ADC_IsEnabled         0x801'493d     0x8  Code  Lc  stm32h7xx_hal_adc_ex.o [9]
LL_ADC_IsInternalRegulatorEnabled
                         0x801'0f95     0xa  Code  Lc  stm32h7xx_hal_adc.o [9]
LL_ADC_REG_IsConversionOngoing
                         0x801'0fc7     0xa  Code  Lc  stm32h7xx_hal_adc.o [9]
LL_ADC_REG_IsConversionOngoing
                         0x801'4945     0xa  Code  Lc  stm32h7xx_hal_adc_ex.o [9]
LL_ADC_REG_IsTriggerSourceSWStart
                         0x801'0eab    0x10  Code  Lc  stm32h7xx_hal_adc.o [9]
LL_ADC_REG_SetDataTransferMode
                         0x801'0ee9     0xc  Code  Lc  stm32h7xx_hal_adc.o [9]
LL_ADC_REG_SetSequencerRanks
                         0x801'0ebb    0x2e  Code  Lc  stm32h7xx_hal_adc.o [9]
LL_ADC_REG_StartConversion
                         0x801'0fb7    0x10  Code  Lc  stm32h7xx_hal_adc.o [9]
LL_ADC_SetChannelSamplingTime
                         0x801'0f05    0x34  Code  Lc  stm32h7xx_hal_adc.o [9]
LL_ADC_SetChannelSingleDiff
                         0x801'0f39    0x26  Code  Lc  stm32h7xx_hal_adc.o [9]
LL_ADC_SetCommonClock    0x801'0e3d     0xc  Code  Lc  stm32h7xx_hal_adc.o [9]
LL_ADC_SetCommonPathInternalCh
                         0x801'0e49     0xc  Code  Lc  stm32h7xx_hal_adc.o [9]
LL_ADC_SetDataRightShift
                         0x801'0e7b    0x18  Code  Lc  stm32h7xx_hal_adc.o [9]
LL_ADC_SetOffset         0x801'0e5d    0x1e  Code  Lc  stm32h7xx_hal_adc.o [9]
LL_ADC_SetOffsetSignedSaturation
                         0x801'0e93    0x18  Code  Lc  stm32h7xx_hal_adc.o [9]
LogInputCalc             0x800'be21   0x12c  Code  Gb  peref.o [6]
MCP23S17_init            0x800'c1a9    0x14  Code  Gb  peref.o [6]
MCP23S17_read            0x800'c159    0x4a  Code  Gb  peref.o [6]
MCP23S17_update          0x800'c1bd    0x1a  Code  Gb  peref.o [6]
MCP23S17_write           0x800'c10f    0x3c  Code  Gb  peref.o [6]
MX_ADC1_Init             0x800'ff11   0x18a  Code  Lc  main.o [2]
MX_ADC3_Init             0x801'009b   0x12a  Code  Lc  main.o [2]
MX_DMA_Init              0x801'0a39    0x3c  Code  Lc  main.o [2]
MX_FDCAN2_Init           0x801'01c5    0xf6  Code  Lc  main.o [2]
MX_GPIO_Init             0x801'0aa9   0x250  Code  Lc  main.o [2]
MX_HRTIM_Init            0x801'02bb   0x14c  Code  Lc  main.o [2]
MX_SPI1_Init             0x801'0407    0xce  Code  Lc  main.o [2]
MX_SPI6_Init             0x801'04d5    0xd0  Code  Lc  main.o [2]
MX_TIM1_Init             0x801'05a5   0x16e  Code  Lc  main.o [2]
MX_TIM2_Init             0x801'0713    0x84  Code  Lc  main.o [2]
MX_UART4_Init            0x801'0797    0xa4  Code  Lc  main.o [2]
MX_UART5_Init            0x801'083b    0xa4  Code  Lc  main.o [2]
MX_UART8_Init            0x801'08df    0xa4  Code  Lc  main.o [2]
MX_USART3_UART_Init      0x801'0991    0x9e  Code  Lc  main.o [2]
MemManage_Handler        0x801'8061     0x2  Code  Gb  stm32h7xx_it.o [2]
ModBusTimings            0x801'7e8b    0x72  Code  Gb  comm_ModbusRtu.o [3]
ModFault                0x2000'0504     0x4  Data  Gb  g_Core.o [4]
ModuleTemper            0x2000'2d7c     0x4  Data  Gb  g_Core.o [4]
MoveMode                 0x801'2575    0xbe  Code  Lc  g_Core.o [4]
MpuControl               0x801'63d9    0x78  Code  Gb  core_VlvDrvCtrl.o [4]
NMI_Handler              0x801'805d     0x2  Code  Gb  stm32h7xx_it.o [2]
NVIC_EncodePriority      0x800'91e5    0x42  Code  Lc  stm32h7xx_hal_cortex.o [9]
NewFrameEvent            0x801'7d8b    0x2a  Code  Gb  comm_ModbusRtu.o [3]
OutStream_Write          0x801'7bb1    0x46  Code  Lc  lz77_init.o [12]
OutVolt                 0x2000'2d74     0x4  Data  Gb  g_Core.o [4]
OutputQ15               0x2000'2da4     0x4  Data  Gb  g_Core.o [4]
PFUNC_blkRead            0x800'ad6d    0x1e  Code  Gb  add_ValueConv.o [2]
PFUNC_wordRead           0x800'ad8b     0x4  Code  Gb  add_ValueConv.o [2]
PWMPreScale             0x2000'04f8     0x4  Data  Gb  g_Core.o [4]
PWM_keys_disable         0x801'2c55    0x40  Code  Gb  g_Core.o [4]
PWM_keys_enable          0x801'2c95    0x40  Code  Gb  g_Core.o [4]
PendSV_Handler           0x801'806b     0x2  Code  Gb  stm32h7xx_it.o [2]
Peref_CalibInit          0x800'e179    0x88  Code  Gb  peref_Calibs.o [6]
Peref_CalibUpdate        0x800'e32d   0x1b2  Code  Gb  peref_Calibs.o [6]
Peref_Calibration        0x800'e22d   0x100  Code  Gb  peref_Calibs.o [6]
Peref_SensObserverInit   0x800'dab9    0x48  Code  Gb  peref_SensObserver.o [6]
Peref_SensObserverUpdate
                         0x800'db01   0x232  Code  Gb  peref_SensObserver.o [6]
Peref_SinObserverInitFloat
                         0x800'dd81    0x10  Code  Gb  peref_SinObserver.o [6]
Peref_SinObserverUpdateFloat
                         0x800'dd91    0xa0  Code  Gb  peref_SinObserver.o [6]
Peref_SpeedCalc          0x800'e56b    0x78  Code  Gb  peref_Calibs.o [6]
Peref_SpeedCalc::RevPrev
                        0x2000'052c     0x4  Data  Lc  peref_Calibs.o [6]
Peref_SpeedCalc::Timer  0x2000'2e0c     0x4  Data  Lc  peref_Calibs.o [6]
PeriphCommonClock_Config
                         0x800'fec3    0x4e  Code  Gb  main.o [2]
PostambleEvent           0x801'7dbf    0x3e  Code  Gb  comm_ModbusRtu.o [3]
PreambleEvent            0x801'7db5     0xa  Code  Gb  comm_ModbusRtu.o [3]
PutChar                  0x800'd701    0x1e  Code  Gb  peref_display.o [6]
PutComm                  0x800'd6e3    0x1e  Code  Gb  peref_display.o [6]
PutData                  0x800'd991    0x4a  Code  Lc  peref_display.o [6]
PwmDeltat               0x2000'2d6c     0x4  Data  Gb  g_Core.o [4]
PwmFreq                 0x2000'2d68     0x4  Data  Gb  g_Core.o [4]
RCCEx_PLL2_Config        0x800'8889   0x130  Code  Lc  stm32h7xx_hal_rcc_ex.o [9]
RCCEx_PLL3_Config        0x800'89c1   0x130  Code  Lc  stm32h7xx_hal_rcc_ex.o [9]
RTC_Bcd2ToByte           0x800'f315    0x16  Code  Gb  stm32h7xx_hal_rtc.o [9]
RTC_ByteToBcd2           0x800'f2f9    0x1c  Code  Gb  stm32h7xx_hal_rtc.o [9]
RTC_DefMaxDay            0x800'addb    0x3e  Code  Gb  peref_Clock.o [6]
RTC_EnterInitMode        0x800'f23f    0x44  Code  Gb  stm32h7xx_hal_rtc.o [9]
RTC_ExitInitMode         0x800'f283    0x62  Code  Gb  stm32h7xx_hal_rtc.o [9]
ReWriteParams            0x800'afeb     0x2  Code  Gb  g_Ram.o [5]
ReadDcrFull              0x800'a6b3    0x3e  Code  Lc  core_Menu.o [4]
ReadWriteAllParams       0x800'aa05    0x9a  Code  Gb  core_Menu.o [4]
ReadWriteEeprom          0x800'aedb    0x2e  Code  Gb  stat.o [7]
RefreshParams            0x800'afed    0x26  Code  Gb  g_Ram.o [5]
Region$$Table$$Base      0x801'828c           --   Gb  - Linker created -
Region$$Table$$Limit     0x801'82b8           --   Gb  - Linker created -
RtcControl               0x800'bf4d   0x156  Code  Gb  peref.o [6]
RtcControl::PrevDate    0x2000'2e04     0x4  Data  Lc  peref.o [6]
RtcControl::PrevTime    0x2000'2e00     0x4  Data  Lc  peref.o [6]
RtcStart                0x2000'2e20     0x1  Data  Gb  peref.o [6]
RtcUpdateFlag           0x2000'2dd0     0x4  Data  Gb  peref.o [6]
RxHeader                0x2000'2cc0    0x28  Data  Gb  CMS58M.o [6]
SPI1_IRQHandler          0x801'80c1     0xa  Code  Gb  stm32h7xx_it.o [2]
SPI6_IRQHandler          0x801'80cb     0xa  Code  Gb  stm32h7xx_it.o [2]
SPI_CloseTransfer        0x800'd571    0xce  Code  Lc  stm32h7xx_hal_spi.o [9]
SPI_DMAAbortOnError      0x800'd551    0x20  Code  Lc  stm32h7xx_hal_spi.o [9]
SPI_GetPacketSize        0x800'd68d    0x16  Code  Lc  stm32h7xx_hal_spi.o [9]
SPI_WaitOnFlagUntilTimeout
                         0x800'd649    0x44  Code  Lc  stm32h7xx_hal_spi.o [9]
SVC_Handler              0x801'8067     0x2  Code  Gb  stm32h7xx_it.o [2]
SelectGroup              0x800'9779    0xe0  Code  Gb  core_Menu.o [4]
SelectParam              0x800'9859    0x5e  Code  Gb  core_Menu.o [4]
SendData                 0x800'd917    0x78  Code  Lc  peref_display.o [6]
SerialCommTimings        0x801'8351     0xc  Code  Gb  comm_SerialComm.o [3]
SetDefaultValues         0x800'a8ef   0x114  Code  Gb  core_Menu.o [4]
SetDefaultValues::DefAddr
                        0x2000'2d60     0x4  Data  Lc  core_Menu.o [4]
SetModBusParams          0x800'aa9f    0x52  Code  Gb  core_Menu.o [4]
ShowGroup                0x800'a02f   0x138  Code  Lc  core_Menu.o [4]
ShowParam                0x800'a599    0x38  Code  Lc  core_Menu.o [4]
ShowStart                0x800'9fed    0x42  Code  Gb  core_Menu.o [4]
ShowValue                0x800'a1e1   0x3b8  Code  Lc  core_Menu.o [4]
SleepMode                0x800'96e1    0x5a  Code  Gb  core_Menu.o [4]
SpeedEnable             0x2000'2d8c     0x4  Data  Gb  g_Core.o [4]
SpeedMax                0x2000'2d88     0x4  Data  Gb  g_Core.o [4]
SpeedRef                0x2000'2d70     0x4  Data  Gb  g_Core.o [4]
StartDispl               0x800'a5d1    0x44  Code  Gb  core_Menu.o [4]
StartMode                0x801'2569     0xc  Code  Lc  g_Core.o [4]
StartPowerControl        0x801'240d   0x10a  Code  Gb  g_Core.o [4]
StartState               0x800'973b    0x3e  Code  Gb  core_Menu.o [4]
StartTimer              0x2000'0500     0x4  Data  Gb  g_Core.o [4]
Stat_Init                0x800'aed7     0x4  Code  Gb  stat.o [7]
StopMode                 0x801'2549    0x20  Code  Lc  g_Core.o [4]
StopPowerControl         0x801'236b    0xa0  Code  Gb  g_Core.o [4]
StrToDec                 0x800'ad21    0x3a  Code  Gb  add_ValueConv.o [2]
Symbols                 0x2000'0384    0x70  Data  Lc  peref_display.o [6]
SysTick_Config           0x800'9227    0x30  Code  Lc  stm32h7xx_hal_cortex.o [9]
SysTick_Handler          0x801'806d     0x8  Code  Gb  stm32h7xx_it.o [2]
SystemClock_Config       0x800'fdb3   0x110  Code  Gb  main.o [2]
SystemCoreClock         0x2000'0534     0x4  Data  Gb  system_stm32h7xx.o [8]
SystemD2Clock           0x2000'0538     0x4  Data  Gb  system_stm32h7xx.o [8]
SystemInit               0x801'7f21    0xdc  Code  Gb  system_stm32h7xx.o [8]
TIM2_IRQHandler          0x801'8093    0x2e  Code  Gb  stm32h7xx_it.o [2]
TIM_Base_SetConfig       0x801'3d0f    0xca  Code  Gb  stm32h7xx_hal_tim.o [9]
TIM_CCxChannelCmd        0x801'4163    0x24  Code  Gb  stm32h7xx_hal_tim.o [9]
TIM_CCxNChannelCmd       0x801'563d    0x24  Code  Lc  stm32h7xx_hal_tim_ex.o [9]
TIM_ETR_SetConfig        0x801'414d    0x16  Code  Gb  stm32h7xx_hal_tim.o [9]
TIM_ITRx_SetConfig       0x801'4103    0x10  Code  Lc  stm32h7xx_hal_tim.o [9]
TIM_OC1_SetConfig        0x801'3dd9    0xa0  Code  Lc  stm32h7xx_hal_tim.o [9]
TIM_OC2_SetConfig        0x801'3e79    0x92  Code  Gb  stm32h7xx_hal_tim.o [9]
TIM_OC3_SetConfig        0x801'3f0d    0x8e  Code  Lc  stm32h7xx_hal_tim.o [9]
TIM_OC4_SetConfig        0x801'3f9b    0x68  Code  Lc  stm32h7xx_hal_tim.o [9]
TIM_OC5_SetConfig        0x801'4003    0x58  Code  Lc  stm32h7xx_hal_tim.o [9]
TIM_OC6_SetConfig        0x801'405b    0x5a  Code  Lc  stm32h7xx_hal_tim.o [9]
TIM_TI1_ConfigInputStage
                         0x801'40b9    0x24  Code  Lc  stm32h7xx_hal_tim.o [9]
TIM_TI2_ConfigInputStage
                         0x801'40dd    0x26  Code  Lc  stm32h7xx_hal_tim.o [9]
Task10Hz                0x2000'0300    0x84  Data  Gb  g_InterruptUpdate.o [5]
Task18kHz               0x2000'0498    0x24  Data  Gb  g_InterruptUpdate.o [5]
Task200Hz               0x2000'0468    0x30  Data  Gb  g_InterruptUpdate.o [5]
Task2kHz                0x2000'0438    0x30  Data  Gb  g_InterruptUpdate.o [5]
Task50Hz                0x2000'0210    0xf0  Data  Gb  g_InterruptUpdate.o [5]
TeleControl              0x801'6451    0xa8  Code  Gb  core_VlvDrvCtrl.o [4]
TestCount               0x2000'2d54     0x4  Data  Gb  comm_ModbusRtu.o [3]
TimeSeparator           0x2000'053e     0x1  Data  Gb  add_ValueConv.o [2]
TimeSpeedStop           0x2000'2d94     0x4  Data  Gb  g_Core.o [4]
TimeToStr                0x800'acbb    0x28  Code  Gb  add_ValueConv.o [2]
TimerIdxToTimerId       0x2000'04e0    0x18  Data  Lc  stm32h7xx_hal_hrtim.o [9]
TimerInterp             0x2000'2d90     0x4  Data  Gb  g_Core.o [4]
TimerPending             0x801'7f05    0x1c  Code  Gb  comm_ModbusRtu.o [3]
TxHeader                0x2000'2ce8    0x24  Data  Gb  CMS58M.o [6]
UARTEx_SetNbDataToProcess
                         0x801'5fbb    0x72  Code  Lc  stm32h7xx_hal_uart_ex.o [9]
UARTEx_SetNbDataToProcess::denominator
                         0x801'837c     0x8  Data  Lc  stm32h7xx_hal_uart_ex.o [9]
UARTEx_SetNbDataToProcess::numerator
                         0x801'8374     0x8  Data  Lc  stm32h7xx_hal_uart_ex.o [9]
UARTPrescTable           0x801'8308    0x18  Data  Gb  stm32h7xx_hal_uart.o [9]
UART_AdvFeatureConfig    0x801'5c7f    0xda  Code  Gb  stm32h7xx_hal_uart.o [9]
UART_CheckIdleState      0x801'5d59    0x72  Code  Gb  stm32h7xx_hal_uart.o [9]
UART_SetConfig           0x801'56df   0x59e  Code  Gb  stm32h7xx_hal_uart.o [9]
UART_WaitOnFlagUntilTimeout
                         0x801'5dcb    0xba  Code  Gb  stm32h7xx_hal_uart.o [9]
UnitControl              0x801'64f9    0x58  Code  Gb  core_VlvDrvCtrl.o [4]
UpdateCode               0x800'a615    0x9e  Code  Gb  core_Menu.o [4]
UpdateComm               0x801'668b    0x30  Code  Gb  core_VlvDrvCtrl.o [4]
UsageFault_Handler       0x801'8065     0x2  Code  Gb  stm32h7xx_it.o [2]
WINSTAR_RusTable        0x2000'03f4    0x44  Data  Lc  peref_display.o [6]
WriteValue               0x800'a75f    0x88  Code  Gb  core_Menu.o [4]
__NVIC_EnableIRQ         0x800'9199    0x20  Code  Lc  stm32h7xx_hal_cortex.o [9]
__NVIC_GetPriorityGrouping
                         0x800'918b     0xc  Code  Lc  stm32h7xx_hal_cortex.o [9]
__NVIC_SetPriority       0x800'91b9    0x2c  Code  Lc  stm32h7xx_hal_cortex.o [9]
__NVIC_SetPriorityGrouping
                         0x800'9169    0x22  Code  Lc  stm32h7xx_hal_cortex.o [9]
__aeabi_ldiv0            0x801'6b2d          Code  Gb  I64DivZer.o [12]
__aeabi_memcpy           0x800'ae31          Code  Gb  ABImemcpy.o [12]
__aeabi_memcpy4          0x800'ae51          Code  Gb  ABImemcpy.o [12]
__aeabi_memcpy8          0x800'ae51          Code  Gb  ABImemcpy.o [12]
__aeabi_memset           0x800'ab35          Code  Gb  ABImemset.o [12]
__aeabi_uldivmod         0x801'68fd          Code  Gb  I64DivMod.o [12]
__cmain                  0x801'82b9          Code  Gb  cmain.o [12]
__exit                   0x801'7d75    0x14  Code  Gb  exit.o [13]
__iar_Memset             0x800'ab35          Code  Gb  ABImemset.o [12]
__iar_Memset_word        0x800'ab3d          Code  Gb  ABImemset.o [12]
__iar_Sin32              0x801'66bd   0x18c  Code  Lc  cos_sin32.o [11]
__iar_Strchr             0x800'ae19          Code  Gb  strchr.o [12]
__iar_cos32              0x801'6889     0x4  Code  Gb  cos_sin32.o [11]
__iar_cos_medium32       0x801'6889     0x4  Code  Gb  cos_sin32.o [11]
__iar_cos_mediumf        0x801'6889     0x4  Code  Gb  cos_sin32.o [11]
__iar_data_init3         0x801'8241    0x28  Code  Gb  data_init.o [12]
__iar_fmax64             0x801'68bd          Code  Gb  fmax.o [11]
__iar_fmin64             0x801'6891          Code  Gb  fmin.o [11]
__iar_init_vfp           0x801'8269          Code  Gb  fpinit_M.o [11]
__iar_lz77_init3         0x801'7bf7   0x176  Code  Gb  lz77_init.o [12]
__iar_program_start      0x801'82ed          Code  Gb  cstartup_M.o [12]
__iar_sin32              0x801'688d     0x4  Code  Gb  cos_sin32.o [11]
__iar_sin_medium32       0x801'688d     0x4  Code  Gb  cos_sin32.o [11]
__iar_sin_mediumf        0x801'688d     0x4  Code  Gb  cos_sin32.o [11]
__iar_sqrt32             0x800'fc5d          Code  Gb  sqrtf.o [11]
__iar_sqrt64             0x800'fc3d          Code  Gb  sqrt.o [11]
__iar_zero_init3         0x801'8209    0x38  Code  Gb  zero_init3.o [12]
__low_level_init         0x801'82d7     0x4  Code  Gb  low_level_init.o [10]
__vector_table           0x800'0000          Data  Gb  startup_stm32h743xx.o [1]
_call_main               0x801'82c5          Code  Gb  cmain.o [12]
_exit                    0x801'82e1          Code  Gb  cexit.o [12]
a                       0x2000'2d5c     0x4  Data  Gb  core_Menu.o [4]
abort                    0x801'7d6d     0x6  Code  Gb  abort.o [10]
abs                      0x800'ef89     0x8  Code  Gb  abs.o [10]
addr1                   0x2000'2d98     0x4  Data  Gb  g_Core.o [4]
addrtmp                 0x2000'2d64     0x4  Data  Gb  core_Menu.o [4]
addrtmp2                0x2000'2d58     0x4  Data  Gb  core_Menu.o [4]
btnClose                0x2000'2dd8     0x4  Data  Gb  peref.o [6]
btnOpen                 0x2000'2dd4     0x4  Data  Gb  peref.o [6]
btnProg1                0x2000'2de4     0x4  Data  Gb  peref.o [6]
btnProg2                0x2000'2de8     0x4  Data  Gb  peref.o [6]
btnStop1                0x2000'2ddc     0x4  Data  Gb  peref.o [6]
btnStop2                0x2000'2de0     0x4  Data  Gb  peref.o [6]
core10HZupdate           0x801'2ded    0x2a  Code  Gb  g_Core.o [4]
core18kHZupdate          0x801'21c1   0x1aa  Code  Gb  g_Core.o [4]
core200HZupdate          0x801'2cd5     0x2  Code  Gb  g_Core.o [4]
core50HZupdate           0x801'2cd7    0x3c  Code  Gb  g_Core.o [4]
coreTLocalControl        0x801'2fa9   0x1f4  Code  Gb  g_Core.o [4]
coreTLocalControl::prevHalls
                        0x2000'2da0     0x4  Data  Lc  g_Core.o [4]
coreTLocalControl::readyForNewCmd
                        0x2000'0540     0x1  Data  Lc  g_Core.o [4]
coreTS                   0x801'2e7d    0xf0  Code  Gb  g_Core.o [4]
coreTU                   0x801'2e29    0x30  Code  Gb  g_Core.o [4]
corr                    0x2000'04fc     0x4  Data  Gb  g_Core.o [4]
cosf                     0x801'6889     0x4  Code  Gb  cos_sin32.o [11]
count1                  0x2000'2d9c     0x4  Data  Gb  g_Core.o [4]
count18kHz              0x2000'2db0     0x4  Data  Gb  g_InterruptUpdate.o [5]
count200Hz              0x2000'2db8     0x4  Data  Gb  g_InterruptUpdate.o [5]
count2kHz               0x2000'2db4     0x4  Data  Gb  g_InterruptUpdate.o [5]
count50Hz               0x2000'2dbc     0x4  Data  Gb  g_InterruptUpdate.o [5]
data1                   0x2000'2da8     0x4  Data  Gb  g_Core.o [4]
data2                   0x2000'2dac     0x4  Data  Gb  g_Core.o [4]
dotsADC                 0x2000'0000   0x108  Data  Gb  peref.o [6]
dotsDAC                 0x2000'0108   0x108  Data  Gb  peref.o [6]
exit                     0x801'82db     0x4  Code  Gb  exit.o [10]
fmax                     0x801'68bd          Code  Gb  fmax.o [11]
fmaxl                    0x801'68bd          Code  Gb  fmax.o [11]
fmin                     0x801'6891          Code  Gb  fmin.o [11]
fminl                    0x801'6891          Code  Gb  fmin.o [11]
g_Comm                  0x2000'1600   0x728  Data  Gb  comm.o [3]
g_Core                  0x2000'1d90   0x540  Data  Gb  g_Core.o [4]
g_Peref                 0x2000'0e18   0x7e8  Data  Gb  peref.o [6]
g_Ram                   0x2000'0544   0x8d4  Data  Gb  g_Ram.o [5]
g_Ram_Init               0x800'af09    0x30  Code  Gb  g_Ram.o [5]
g_Ram_Update             0x800'af39    0xb2  Code  Gb  g_Ram.o [5]
g_Stat                  0x2000'25c4    0xc0  Data  Gb  stat.o [7]
groups                   0x801'811c    0xa0  Data  Gb  core_Menu.o [4]
hadc1                   0x2000'1d28    0x64  Data  Gb  main.o [2]
hadc3                   0x2000'2b64    0x64  Data  Gb  main.o [2]
hdma_adc1               0x2000'2a74    0x78  Data  Gb  main.o [2]
hdma_adc3               0x2000'2aec    0x78  Data  Gb  main.o [2]
hfdcan2                 0x2000'2684    0xa0  Data  Gb  main.o [2]
hhrtim                  0x2000'24e8    0xdc  Data  Gb  main.o [2]
hrtc                    0x2000'2d0c    0x24  Data  Gb  main.o [2]
hspi1                   0x2000'2964    0x88  Data  Gb  main.o [2]
hspi6                   0x2000'29ec    0x88  Data  Gb  main.o [2]
htim1                   0x2000'2bc8    0x4c  Data  Gb  main.o [2]
htim2                   0x2000'2c14    0x4c  Data  Gb  main.o [2]
huart3                  0x2000'28d4    0x90  Data  Gb  main.o [2]
huart4                  0x2000'2724    0x90  Data  Gb  main.o [2]
huart5                  0x2000'27b4    0x90  Data  Gb  main.o [2]
huart8                  0x2000'2844    0x90  Data  Gb  main.o [2]
ileg_fq_calc             0x800'de31    0xb4  Code  Gb  peref_SinObserver.o [6]
interp2D_calc            0x801'2a81    0xc6  Code  Gb  g_Core.o [4]
ipark_calc               0x801'2b49    0x6a  Code  Gb  g_Core.o [4]
labs                     0x800'ef81     0x8  Code  Gb  labs.o [10]
main                     0x800'fc7d   0x136  Code  Gb  main.o [2]
max                     0x2000'0528     0x4  Data  Gb  peref.o [6]
menu                    0x2000'22d0   0x218  Data  Gb  core_Menu.o [4]
pADS1118_ConfRegData    0x2000'2e18     0x2  Data  Gb  peref.o [6]
p_Controller             0x801'2d29    0xc0  Code  Gb  g_Core.o [4]
params                   0x800'0298  0x4ee4  Data  Gb  core_Menu.o [4]
park_calc                0x801'2bd1    0x7e  Code  Gb  g_Core.o [4]
peref_10HzCalc           0x800'bb37   0x2d0  Code  Gb  peref.o [6]
peref_18KHzCalc          0x800'b88f    0xde  Code  Gb  peref.o [6]
peref_200HzCalc          0x800'b96f   0x100  Code  Gb  peref.o [6]
peref_2KHzCalc           0x800'b96d     0x2  Code  Gb  peref.o [6]
peref_50HzCalc           0x800'ba6f    0xc8  Code  Gb  peref.o [6]
peref_74HC595D           0x800'c0a3    0x6c  Code  Gb  peref.o [6]
peref_ADCDACtoPRCObserverUpdate
                         0x800'c311   0x108  Code  Gb  peref.o [6]
peref_ADCDACtoPRCObserverUpdate::i
                        0x2000'2e08     0x4  Data  Lc  peref.o [6]
peref_ADCtoPRCObserverInit
                         0x800'b813    0x3e  Code  Gb  peref.o [6]
peref_ApFilter1Calc      0x800'da97    0x22  Code  Gb  peref_ApFilter1.o [6]
peref_ApFilter1Init      0x800'da45    0x52  Code  Gb  peref_ApFilter1.o [6]
peref_Init               0x800'b2f1   0x522  Code  Gb  peref.o [6]
peref_ProctoDACObserverInit
                         0x800'b851    0x3e  Code  Gb  peref.o [6]
pwm_calc                 0x801'2875    0xea  Code  Gb  g_Core.o [4]
rampgen_calc             0x801'295f    0xc6  Code  Gb  g_Core.o [4]
sinf                     0x801'688d     0x4  Code  Gb  cos_sin32.o [11]
speedstart              0x2000'2d84     0x4  Data  Gb  g_Core.o [4]
sqrt                     0x800'fc3d          Code  Gb  sqrt.o [11]
sqrtf                    0x800'fc5d          Code  Gb  sqrtf.o [11]
sqrtl                    0x800'fc3d          Code  Gb  sqrt.o [11]
strchr                   0x800'ae19          Code  Gb  strchr.o [12]
strcmp                   0x800'adc9          Code  Gb  strcmp.o [12]
strcpy                   0x800'ab1d          Code  Gb  strcpy.o [12]
strlen                   0x800'ad91          Code  Gb  strlen.o [12]
svgendq3ph_calc          0x801'26a9   0x1c6  Code  Gb  g_Core.o [4]
testPreamble            0x2000'2d50     0x4  Data  Gb  comm_ModbusRtu.o [3]
tmpData                 0x2000'2dfc     0x4  Data  Gb  peref.o [6]
tmpData2                0x2000'0524     0x4  Data  Gb  peref.o [6]
tmpDelta                0x2000'2df0     0x4  Data  Gb  peref.o [6]
tmpDelta2               0x2000'2df4     0x4  Data  Gb  peref.o [6]
tmpDelta3               0x2000'2df8     0x4  Data  Gb  peref.o [6]
tmpdata                 0x2000'2d40     0x8  Data  Gb  g_Core.o [4]
tmpdata2                0x2000'2d48     0x8  Data  Gb  g_Core.o [4]
tskCnt10Hz              0x2000'2dcc     0x4  Data  Gb  g_InterruptUpdate.o [5]
tskCnt200Hz             0x2000'2dc4     0x4  Data  Gb  g_InterruptUpdate.o [5]
tskCnt2kHz              0x2000'2dc0     0x4  Data  Gb  g_InterruptUpdate.o [5]
tskCnt50Hz              0x2000'2dc8     0x4  Data  Gb  g_InterruptUpdate.o [5]
tskMaxCnt10Hz           0x2000'0518     0x4  Data  Gb  g_InterruptUpdate.o [5]
tskMaxCnt18kHz          0x2000'0508     0x4  Data  Gb  g_InterruptUpdate.o [5]
tskMaxCnt200Hz          0x2000'0510     0x4  Data  Gb  g_InterruptUpdate.o [5]
tskMaxCnt2kHz           0x2000'050c     0x4  Data  Gb  g_InterruptUpdate.o [5]
tskMaxCnt50Hz           0x2000'0514     0x4  Data  Gb  g_InterruptUpdate.o [5]
txReadSdo                0x800'e0cb    0x8e  Code  Gb  CMS58M.o [6]
txWriteNmt               0x800'df9b    0x60  Code  Gb  CMS58M.o [6]
txWriteSdo               0x800'dffb    0xd0  Code  Gb  CMS58M.o [6]
uwTick                  0x2000'2e10     0x4  Data  Gb  stm32h7xx_hal.o [9]
uwTickFreq              0x2000'0542     0x1  Data  Gb  stm32h7xx_hal.o [9]
uwTickPrio              0x2000'0530     0x4  Data  Gb  stm32h7xx_hal.o [9]
values                   0x801'6b30   0xe50  Data  Gb  core_Menu.o [4]


[1] = C:\work\ebu6\EBU6\EWARM\EBU6\Obj\Application\EWARM
[2] = C:\work\ebu6\EBU6\EWARM\EBU6\Obj\Application\User\Core
[3] = C:\work\ebu6\EBU6\EWARM\EBU6\Obj\Application\User\Core\Comm
[4] = C:\work\ebu6\EBU6\EWARM\EBU6\Obj\Application\User\Core\Core
[5] = C:\work\ebu6\EBU6\EWARM\EBU6\Obj\Application\User\Core\Global
[6] = C:\work\ebu6\EBU6\EWARM\EBU6\Obj\Application\User\Core\Peref
[7] = C:\work\ebu6\EBU6\EWARM\EBU6\Obj\Application\User\Core\Stat
[8] = C:\work\ebu6\EBU6\EWARM\EBU6\Obj\Drivers\CMSIS
[9] = C:\work\ebu6\EBU6\EWARM\EBU6\Obj\Drivers\STM32H7xx_HAL_Driver
[10] = dl7M_tln.a
[11] = m7M_tlv.a
[12] = rt7M_tl.a
[13] = shb_l.a

  75'492 bytes of readonly  code memory
  25'078 bytes of readonly  data memory
  20'000 bytes of readwrite data memory

Errors: none
Warnings: none
