###############################################################################
#
# IAR ELF Linker V9.10.2.313/W64 for ARM                  21/Feb/2022  16:36:56
# Copyright 2007-2021 IAR Systems AB.
#
#    Output file  =  C:\work\ebu6\EBU6\EWARM\EBU6\Exe\EBU6.out
#    Map file     =  C:\work\ebu6\EBU6\EWARM\EBU6\List\EBU6.map
#    Command line =
#        -f C:\work\ebu6\EBU6\EWARM\EBU6\Exe\EBU6.out.rsp
#        (C:\work\ebu6\EBU6\EWARM\EBU6\Obj\Application\User\Core\add_ValueConv.o
#        C:\work\ebu6\EBU6\EWARM\EBU6\Obj\Application\User\Core\Core\core_Menu.o
#        C:\work\ebu6\EBU6\EWARM\EBU6\Obj\Application\User\Core\Core\core_VlvDrvCtrl.o
#        C:\work\ebu6\EBU6\EWARM\EBU6\Obj\Application\User\Core\Core\g_Core.o
#        C:\work\ebu6\EBU6\EWARM\EBU6\Obj\Application\User\Core\Global\g_InterruptUpdate.o
#        C:\work\ebu6\EBU6\EWARM\EBU6\Obj\Application\User\Core\Global\g_Ram.o
#        C:\work\ebu6\EBU6\EWARM\EBU6\Obj\Application\User\Core\main.o
#        C:\work\ebu6\EBU6\EWARM\EBU6\Obj\Application\User\Core\Peref\peref.o
#        C:\work\ebu6\EBU6\EWARM\EBU6\Obj\Application\User\Core\Peref\peref_ApFilter1.o
#        C:\work\ebu6\EBU6\EWARM\EBU6\Obj\Application\User\Core\Peref\peref_ApFilter3.o
#        C:\work\ebu6\EBU6\EWARM\EBU6\Obj\Application\User\Core\Peref\peref_Clock.o
#        C:\work\ebu6\EBU6\EWARM\EBU6\Obj\Application\User\Core\Peref\peref_display.o
#        C:\work\ebu6\EBU6\EWARM\EBU6\Obj\Application\User\Core\Peref\peref_SensObserver.o
#        C:\work\ebu6\EBU6\EWARM\EBU6\Obj\Application\User\Core\Peref\peref_SinObserver.o
#        C:\work\ebu6\EBU6\EWARM\EBU6\Obj\Application\EWARM\startup_stm32h743xx.o
#        C:\work\ebu6\EBU6\EWARM\EBU6\Obj\Application\User\Core\Stat\stat.o
#        C:\work\ebu6\EBU6\EWARM\EBU6\Obj\Application\User\Core\Stat\stat_fm25v10.o
#        C:\work\ebu6\EBU6\EWARM\EBU6\Obj\Drivers\STM32H7xx_HAL_Driver\stm32h7xx_hal.o
#        C:\work\ebu6\EBU6\EWARM\EBU6\Obj\Drivers\STM32H7xx_HAL_Driver\stm32h7xx_hal_adc.o
#        C:\work\ebu6\EBU6\EWARM\EBU6\Obj\Drivers\STM32H7xx_HAL_Driver\stm32h7xx_hal_adc_ex.o
#        C:\work\ebu6\EBU6\EWARM\EBU6\Obj\Drivers\STM32H7xx_HAL_Driver\stm32h7xx_hal_cortex.o
#        C:\work\ebu6\EBU6\EWARM\EBU6\Obj\Drivers\STM32H7xx_HAL_Driver\stm32h7xx_hal_dma.o
#        C:\work\ebu6\EBU6\EWARM\EBU6\Obj\Drivers\STM32H7xx_HAL_Driver\stm32h7xx_hal_dma_ex.o
#        C:\work\ebu6\EBU6\EWARM\EBU6\Obj\Drivers\STM32H7xx_HAL_Driver\stm32h7xx_hal_exti.o
#        C:\work\ebu6\EBU6\EWARM\EBU6\Obj\Drivers\STM32H7xx_HAL_Driver\stm32h7xx_hal_flash.o
#        C:\work\ebu6\EBU6\EWARM\EBU6\Obj\Drivers\STM32H7xx_HAL_Driver\stm32h7xx_hal_flash_ex.o
#        C:\work\ebu6\EBU6\EWARM\EBU6\Obj\Drivers\STM32H7xx_HAL_Driver\stm32h7xx_hal_gpio.o
#        C:\work\ebu6\EBU6\EWARM\EBU6\Obj\Drivers\STM32H7xx_HAL_Driver\stm32h7xx_hal_hsem.o
#        C:\work\ebu6\EBU6\EWARM\EBU6\Obj\Drivers\STM32H7xx_HAL_Driver\stm32h7xx_hal_i2c.o
#        C:\work\ebu6\EBU6\EWARM\EBU6\Obj\Drivers\STM32H7xx_HAL_Driver\stm32h7xx_hal_i2c_ex.o
#        C:\work\ebu6\EBU6\EWARM\EBU6\Obj\Drivers\STM32H7xx_HAL_Driver\stm32h7xx_hal_mdma.o
#        C:\work\ebu6\EBU6\EWARM\EBU6\Obj\Application\User\Core\stm32h7xx_hal_msp.o
#        C:\work\ebu6\EBU6\EWARM\EBU6\Obj\Drivers\STM32H7xx_HAL_Driver\stm32h7xx_hal_pwr.o
#        C:\work\ebu6\EBU6\EWARM\EBU6\Obj\Drivers\STM32H7xx_HAL_Driver\stm32h7xx_hal_pwr_ex.o
#        C:\work\ebu6\EBU6\EWARM\EBU6\Obj\Drivers\STM32H7xx_HAL_Driver\stm32h7xx_hal_rcc.o
#        C:\work\ebu6\EBU6\EWARM\EBU6\Obj\Drivers\STM32H7xx_HAL_Driver\stm32h7xx_hal_rcc_ex.o
#        C:\work\ebu6\EBU6\EWARM\EBU6\Obj\Drivers\STM32H7xx_HAL_Driver\stm32h7xx_hal_rtc.o
#        C:\work\ebu6\EBU6\EWARM\EBU6\Obj\Drivers\STM32H7xx_HAL_Driver\stm32h7xx_hal_rtc_ex.o
#        C:\work\ebu6\EBU6\EWARM\EBU6\Obj\Drivers\STM32H7xx_HAL_Driver\stm32h7xx_hal_spi.o
#        C:\work\ebu6\EBU6\EWARM\EBU6\Obj\Drivers\STM32H7xx_HAL_Driver\stm32h7xx_hal_spi_ex.o
#        C:\work\ebu6\EBU6\EWARM\EBU6\Obj\Drivers\STM32H7xx_HAL_Driver\stm32h7xx_hal_tim.o
#        C:\work\ebu6\EBU6\EWARM\EBU6\Obj\Drivers\STM32H7xx_HAL_Driver\stm32h7xx_hal_tim_ex.o
#        C:\work\ebu6\EBU6\EWARM\EBU6\Obj\Drivers\STM32H7xx_HAL_Driver\stm32h7xx_hal_uart.o
#        C:\work\ebu6\EBU6\EWARM\EBU6\Obj\Drivers\STM32H7xx_HAL_Driver\stm32h7xx_hal_uart_ex.o
#        C:\work\ebu6\EBU6\EWARM\EBU6\Obj\Application\User\Core\stm32h7xx_it.o
#        C:\work\ebu6\EBU6\EWARM\EBU6\Obj\Drivers\CMSIS\system_stm32h7xx.o
#        --no_out_extension -o C:\work\ebu6\EBU6\EWARM\EBU6\Exe\EBU6.out --map
#        C:\work\ebu6\EBU6\EWARM\EBU6\List\EBU6.map --config "C:\Program
#        Files\IAR Systems\Embedded Workbench
#        9.0\arm\config\linker\ST\stm32h743xI.icf" --semihosting --entry
#        __iar_program_start --vfe --text_out locale)
#
###############################################################################

*******************************************************************************
*** RUNTIME MODEL ATTRIBUTES
***

CppFlavor       = *
__SystemLibrary = DLib
__dlib_version  = 6


*******************************************************************************
*** HEAP SELECTION
***

The basic heap was selected because no calls to memory allocation
functions were found in the application outside of system library
functions, and there are calls to deallocation functions in the
application.


*******************************************************************************
*** PLACEMENT SUMMARY
***

"A0":  place at address 0x800'0000 { ro section .intvec };
"P1":  place in [from 0x800'0000 to 0x80f'ffff repeat 2] { ro };
define block CSTACK with size = 8K, alignment = 8 { };
define block PROC_STACK with size = 0, alignment = 8 { };
"P4":  place in [from 0x2000'0000 to 0x2000'ffff repeat 2] {
          rw, section .dtcm_ram, block CSTACK, block PROC_STACK };
initialize by copy { rw };

No sections matched the following patterns:

  ro section application_specific_ro  in "P2|P8"
  rw section application_specific_rw  in "P2|P8"
  section .axi_sram                   in "P5"
  section .backup_sram                in "P7"
  section .dtcm_ram                   in "P4"
  section .sram                       in "P6"
  section .textrw                     in "P3"


  Section            Kind         Address      Size  Object
  -------            ----         -------      ----  ------
"A0":                                         0x298
  .intvec            ro code   0x800'0000     0x298  startup_stm32h743xx.o [1]
                             - 0x800'0298     0x298

"P1":                                      0x1'37ec
  .rodata            const     0x800'0298    0x3c9c  core_Menu.o [3]
  .text              ro code   0x800'3f34    0x1e54  stm32h7xx_hal_dma.o [8]
  .text              ro code   0x800'5d88       0xc  stm32h7xx_hal.o [8]
  .text              ro code   0x800'5d94    0x1b40  stm32h7xx_hal_rcc_ex.o [8]
  .text              ro code   0x800'78d4     0x5f4  stm32h7xx_hal_rcc.o [8]
  .text              ro code   0x800'7ec8      0x58  stm32h7xx_hal.o [8]
  .text              ro code   0x800'7f20     0x158  stm32h7xx_hal_cortex.o [8]
  .text              ro code   0x800'8078    0x1848  core_Menu.o [3]
  .text              ro code   0x800'98c0      0x18  strcpy.o [11]
  .text              ro code   0x800'98d8      0x66  ABImemset.o [11]
  .text              ro code   0x800'993e      0x2a  copy_init3.o [11]
  .text              ro code   0x800'9968     0x1f2  add_ValueConv.o [2]
  .text              ro code   0x800'9b5c      0x36  strlen.o [11]
  .text              ro code   0x800'9b94      0x12  strcmp.o [11]
  .text              ro code   0x800'9ba6      0x3e  peref_Clock.o [5]
  .text              ro code   0x800'9be4      0x16  strchr.o [11]
  .text              ro code   0x800'9bfc      0xa6  ABImemcpy.o [11]
  .text              ro code   0x800'9ca2      0x32  stat.o [6]
  .text              ro code   0x800'9cd4      0xb0  g_Ram.o [4]
  .text              ro code   0x800'9d84     0x2c4  stat_fm25v10.o [6]
  .text              ro code   0x800'a048     0x2a0  stm32h7xx_hal_gpio.o [8]
  .text              ro code   0x800'a2e8    0x10ba  stm32h7xx_hal_spi.o [8]
  .text              ro code   0x800'b3a4     0x838  stm32h7xx_hal_msp.o [2]
  .text              ro code   0x800'bbdc       0x2  stm32h7xx_hal_spi.o [8]
  .text              ro code   0x800'bbde       0x2  stm32h7xx_hal_spi.o [8]
  .text              ro code   0x800'bbe0       0x2  stm32h7xx_hal_spi.o [8]
  .text              ro code   0x800'bbe2       0x2  stm32h7xx_hal_spi.o [8]
  .text              ro code   0x800'bbe4      0xa8  stm32h7xx_hal.o [8]
  .text              ro code   0x800'bc8c     0xf24  main.o [2]
  .text              ro code   0x800'cbb0    0x105c  stm32h7xx_hal_adc.o [8]
  .text              ro code   0x800'dc0c     0xb28  g_Core.o [3]
  .text              ro code   0x800'e734     0x8a0  peref.o [5]
  .text              ro code   0x800'efd4     0xc36  stm32h7xx_hal_tim.o [8]
  .text              ro code   0x800'fc0c     0x268  stm32h7xx_hal_tim_ex.o [8]
  .text              ro code   0x800'fe74      0x64  stm32h7xx_hal_pwr_ex.o [8]
  .text              ro code   0x800'fed8      0x14  stm32h7xx_hal_pwr.o [8]
  .text              ro code   0x800'feec     0x73c  stm32h7xx_hal_rcc.o [8]
  .text              ro code   0x801'0628     0x174  stm32h7xx_hal_adc_ex.o [8]
  .text              ro code   0x801'079c     0x452  stm32h7xx_hal_rtc.o [8]
  .text              ro code   0x801'0bf0     0x868  stm32h7xx_hal_uart.o [8]
  .text              ro code   0x801'1458     0x16c  stm32h7xx_hal_uart_ex.o [8]
  .text              ro code   0x801'15c4       0x2  stm32h7xx_hal_adc_ex.o [8]
  .text              ro code   0x801'15c6       0x2  stm32h7xx_hal_adc.o [8]
  .text              ro code   0x801'15c8       0x2  stm32h7xx_hal_adc_ex.o [8]
  .text              ro code   0x801'15ca       0x2  stm32h7xx_hal_adc.o [8]
  .text              ro code   0x801'15cc       0x2  stm32h7xx_hal_adc_ex.o [8]
  .text              ro code   0x801'15ce       0x2  stm32h7xx_hal_adc_ex.o [8]
  .text              ro code   0x801'15d0       0x2  stm32h7xx_hal_adc.o [8]
  .text              ro code   0x801'15d2       0x2  stm32h7xx_hal_adc_ex.o [8]
  .text              ro code   0x801'15d4       0x2  stm32h7xx_hal_adc.o [8]
  .text              ro code   0x801'15d8     0x1d4  cos_sin32.o [10]
  .text              ro code   0x801'17ac      0x2a  fmin.o [10]
  .text              ro code   0x801'17d8      0x2e  fmax.o [10]
  .text              ro code   0x801'1808     0x3a0  peref_display.o [5]
  .text              ro code   0x801'1ba8      0x74  peref_ApFilter1.o [5]
  .text              ro code   0x801'1c1c     0x2c8  peref_SensObserver.o [5]
  .text              ro code   0x801'1ee4      0xb4  peref_SinObserver.o [5]
  .text              ro code   0x801'1f98       0x8  abs.o [9]
  .text              ro code   0x801'1fa0       0x2  stm32h7xx_hal_tim.o [8]
  .text              ro code   0x801'1fa2       0x2  stm32h7xx_hal_tim.o [8]
  .text              ro code   0x801'1fa4       0x2  stm32h7xx_hal_tim.o [8]
  .text              ro code   0x801'1fa6       0x2  stm32h7xx_hal_tim.o [8]
  .text              ro code   0x801'1fa8       0x2  stm32h7xx_hal_tim.o [8]
  .text              ro code   0x801'1faa       0x2  stm32h7xx_hal_tim_ex.o [8]
  .text              ro code   0x801'1fac       0x2  stm32h7xx_hal_tim_ex.o [8]
  .text              ro code   0x801'1fae       0x2  stm32h7xx_hal_tim.o [8]
  .text              ro code   0x801'1fb0       0x2  stm32h7xx_hal_tim_ex.o [8]
  .text              ro code   0x801'1fb4     0x230  I64DivMod.o [11]
  .text              ro code   0x801'21e4      0x1e  sqrt.o [10]
  .text              ro code   0x801'2204       0x2  I64DivZer.o [11]
  .rodata            const     0x801'2208     0xe50  core_Menu.o [3]
  .text              ro code   0x801'3058     0x1fc  g_InterruptUpdate.o [4]
  .text              ro code   0x801'3254     0x13c  system_stm32h7xx.o [7]
  .text              ro code   0x801'3390      0xa8  stm32h7xx_it.o [2]
  .text              ro code   0x801'3438      0x18  stm32h7xx_hal.o [8]
  .rodata            const     0x801'3450      0xa0  core_Menu.o [3]
  .text              ro code   0x801'34f0      0x38  zero_init3.o [11]
  .text              ro code   0x801'3528      0x28  data_init.o [11]
  .text              ro code   0x801'3550      0x22  fpinit_M.o [10]
  .iar.init_table    const     0x801'3574      0x24  - Linker created -
  .text              ro code   0x801'3598      0x1e  cmain.o [11]
  .text              ro code   0x801'35b6       0x4  low_level_init.o [9]
  .text              ro code   0x801'35ba       0x4  exit.o [9]
  .text              ro code   0x801'35c0       0xa  cexit.o [11]
  .text              ro code   0x801'35cc      0x14  exit.o [12]
  .text              ro code   0x801'35e0      0x1c  cstartup_M.o [11]
  .rodata            const     0x801'35fc      0x18  stm32h7xx_hal_uart.o [8]
  .rodata            const     0x801'3614      0x10  system_stm32h7xx.o [7]
  .text              ro code   0x801'3624      0x10  startup_stm32h743xx.o [1]
  .rodata            const     0x801'3634       0x8  core_Menu.o [3]
  .rodata            const     0x801'363c       0x8  stm32h7xx_hal_dma.o [8]
  .rodata            const     0x801'3644       0x8  stm32h7xx_hal_uart_ex.o [8]
  .rodata            const     0x801'364c       0x8  stm32h7xx_hal_uart_ex.o [8]
  .text              ro code   0x801'3654       0x4  startup_stm32h743xx.o [1]
  .text              ro code   0x801'3658       0x4  startup_stm32h743xx.o [1]
  .text              ro code   0x801'365c       0x4  startup_stm32h743xx.o [1]
  .text              ro code   0x801'3660       0x4  startup_stm32h743xx.o [1]
  .text              ro code   0x801'3664       0x4  startup_stm32h743xx.o [1]
  .text              ro code   0x801'3668       0x4  startup_stm32h743xx.o [1]
  .text              ro code   0x801'366c       0x4  startup_stm32h743xx.o [1]
  .text              ro code   0x801'3670       0x4  startup_stm32h743xx.o [1]
  .text              ro code   0x801'3674       0x4  startup_stm32h743xx.o [1]
  .text              ro code   0x801'3678       0x4  startup_stm32h743xx.o [1]
  .text              ro code   0x801'367c       0x4  startup_stm32h743xx.o [1]
  .text              ro code   0x801'3680       0x4  startup_stm32h743xx.o [1]
  .text              ro code   0x801'3684       0x4  startup_stm32h743xx.o [1]
  .text              ro code   0x801'3688       0x4  startup_stm32h743xx.o [1]
  .text              ro code   0x801'368c       0x4  startup_stm32h743xx.o [1]
  .text              ro code   0x801'3690       0x4  startup_stm32h743xx.o [1]
  .text              ro code   0x801'3694       0x4  startup_stm32h743xx.o [1]
  .text              ro code   0x801'3698       0x4  startup_stm32h743xx.o [1]
  .text              ro code   0x801'369c       0x4  startup_stm32h743xx.o [1]
  .text              ro code   0x801'36a0       0x4  startup_stm32h743xx.o [1]
  .text              ro code   0x801'36a4       0x4  startup_stm32h743xx.o [1]
  .text              ro code   0x801'36a8       0x4  startup_stm32h743xx.o [1]
  .text              ro code   0x801'36ac       0x4  startup_stm32h743xx.o [1]
  .text              ro code   0x801'36b0       0x4  startup_stm32h743xx.o [1]
  .text              ro code   0x801'36b4       0x4  startup_stm32h743xx.o [1]
  .text              ro code   0x801'36b8       0x4  startup_stm32h743xx.o [1]
  .text              ro code   0x801'36bc       0x4  startup_stm32h743xx.o [1]
  .text              ro code   0x801'36c0       0x4  startup_stm32h743xx.o [1]
  .text              ro code   0x801'36c4       0x4  startup_stm32h743xx.o [1]
  .text              ro code   0x801'36c8       0x4  startup_stm32h743xx.o [1]
  .text              ro code   0x801'36cc       0x4  startup_stm32h743xx.o [1]
  .text              ro code   0x801'36d0       0x4  startup_stm32h743xx.o [1]
  .text              ro code   0x801'36d4       0x4  startup_stm32h743xx.o [1]
  .text              ro code   0x801'36d8       0x4  startup_stm32h743xx.o [1]
  .text              ro code   0x801'36dc       0x4  startup_stm32h743xx.o [1]
  .text              ro code   0x801'36e0       0x4  startup_stm32h743xx.o [1]
  .text              ro code   0x801'36e4       0x4  startup_stm32h743xx.o [1]
  .text              ro code   0x801'36e8       0x4  startup_stm32h743xx.o [1]
  .text              ro code   0x801'36ec       0x4  startup_stm32h743xx.o [1]
  .text              ro code   0x801'36f0       0x4  startup_stm32h743xx.o [1]
  .text              ro code   0x801'36f4       0x4  startup_stm32h743xx.o [1]
  .text              ro code   0x801'36f8       0x4  startup_stm32h743xx.o [1]
  .text              ro code   0x801'36fc       0x4  startup_stm32h743xx.o [1]
  .text              ro code   0x801'3700       0x4  startup_stm32h743xx.o [1]
  .text              ro code   0x801'3704       0x4  startup_stm32h743xx.o [1]
  .text              ro code   0x801'3708       0x4  startup_stm32h743xx.o [1]
  .text              ro code   0x801'370c       0x4  startup_stm32h743xx.o [1]
  .text              ro code   0x801'3710       0x4  startup_stm32h743xx.o [1]
  .text              ro code   0x801'3714       0x4  startup_stm32h743xx.o [1]
  .text              ro code   0x801'3718       0x4  startup_stm32h743xx.o [1]
  .text              ro code   0x801'371c       0x4  startup_stm32h743xx.o [1]
  .text              ro code   0x801'3720       0x4  startup_stm32h743xx.o [1]
  .text              ro code   0x801'3724       0x4  startup_stm32h743xx.o [1]
  .text              ro code   0x801'3728       0x4  startup_stm32h743xx.o [1]
  .text              ro code   0x801'372c       0x4  startup_stm32h743xx.o [1]
  .text              ro code   0x801'3730       0x4  startup_stm32h743xx.o [1]
  .text              ro code   0x801'3734       0x4  startup_stm32h743xx.o [1]
  .text              ro code   0x801'3738       0x4  startup_stm32h743xx.o [1]
  .text              ro code   0x801'373c       0x4  startup_stm32h743xx.o [1]
  .text              ro code   0x801'3740       0x4  startup_stm32h743xx.o [1]
  .text              ro code   0x801'3744       0x4  startup_stm32h743xx.o [1]
  .text              ro code   0x801'3748       0x4  startup_stm32h743xx.o [1]
  .text              ro code   0x801'374c       0x4  startup_stm32h743xx.o [1]
  .text              ro code   0x801'3750       0x4  startup_stm32h743xx.o [1]
  .text              ro code   0x801'3754       0x4  startup_stm32h743xx.o [1]
  .text              ro code   0x801'3758       0x4  startup_stm32h743xx.o [1]
  .text              ro code   0x801'375c       0x4  startup_stm32h743xx.o [1]
  .text              ro code   0x801'3760       0x4  startup_stm32h743xx.o [1]
  .text              ro code   0x801'3764       0x4  startup_stm32h743xx.o [1]
  .text              ro code   0x801'3768       0x4  startup_stm32h743xx.o [1]
  .text              ro code   0x801'376c       0x4  startup_stm32h743xx.o [1]
  .text              ro code   0x801'3770       0x4  startup_stm32h743xx.o [1]
  .text              ro code   0x801'3774       0x4  startup_stm32h743xx.o [1]
  .text              ro code   0x801'3778       0x4  startup_stm32h743xx.o [1]
  .text              ro code   0x801'377c       0x4  startup_stm32h743xx.o [1]
  .text              ro code   0x801'3780       0x4  startup_stm32h743xx.o [1]
  .text              ro code   0x801'3784       0x4  startup_stm32h743xx.o [1]
  .text              ro code   0x801'3788       0x4  startup_stm32h743xx.o [1]
  .text              ro code   0x801'378c       0x4  startup_stm32h743xx.o [1]
  .text              ro code   0x801'3790       0x4  startup_stm32h743xx.o [1]
  .text              ro code   0x801'3794       0x4  startup_stm32h743xx.o [1]
  .text              ro code   0x801'3798       0x4  startup_stm32h743xx.o [1]
  .text              ro code   0x801'379c       0x4  startup_stm32h743xx.o [1]
  .text              ro code   0x801'37a0       0x4  startup_stm32h743xx.o [1]
  .text              ro code   0x801'37a4       0x4  startup_stm32h743xx.o [1]
  .text              ro code   0x801'37a8       0x4  startup_stm32h743xx.o [1]
  .text              ro code   0x801'37ac       0x4  startup_stm32h743xx.o [1]
  .text              ro code   0x801'37b0       0x4  startup_stm32h743xx.o [1]
  .text              ro code   0x801'37b4       0x4  startup_stm32h743xx.o [1]
  .text              ro code   0x801'37b8       0x4  startup_stm32h743xx.o [1]
  .text              ro code   0x801'37bc       0x4  startup_stm32h743xx.o [1]
  .text              ro code   0x801'37c0       0x4  startup_stm32h743xx.o [1]
  .text              ro code   0x801'37c4       0x4  startup_stm32h743xx.o [1]
  .text              ro code   0x801'37c8       0x4  startup_stm32h743xx.o [1]
  .text              ro code   0x801'37cc       0x4  startup_stm32h743xx.o [1]
  .text              ro code   0x801'37d0       0x4  startup_stm32h743xx.o [1]
  .text              ro code   0x801'37d4       0x4  startup_stm32h743xx.o [1]
  .text              ro code   0x801'37d8       0x4  startup_stm32h743xx.o [1]
  .text              ro code   0x801'37dc       0x4  startup_stm32h743xx.o [1]
  .text              ro code   0x801'37e0       0x4  startup_stm32h743xx.o [1]
  .text              ro code   0x801'37e4       0x4  startup_stm32h743xx.o [1]
  .text              ro code   0x801'37e8       0x4  startup_stm32h743xx.o [1]
  .text              ro code   0x801'37ec       0x4  startup_stm32h743xx.o [1]
  .text              ro code   0x801'37f0       0x4  startup_stm32h743xx.o [1]
  .text              ro code   0x801'37f4       0x4  startup_stm32h743xx.o [1]
  .text              ro code   0x801'37f8       0x4  startup_stm32h743xx.o [1]
  .text              ro code   0x801'37fc       0x4  startup_stm32h743xx.o [1]
  .text              ro code   0x801'3800       0x4  startup_stm32h743xx.o [1]
  .text              ro code   0x801'3804       0x4  startup_stm32h743xx.o [1]
  .text              ro code   0x801'3808       0x4  startup_stm32h743xx.o [1]
  .text              ro code   0x801'380c       0x4  startup_stm32h743xx.o [1]
  .text              ro code   0x801'3810       0x4  startup_stm32h743xx.o [1]
  .text              ro code   0x801'3814       0x4  startup_stm32h743xx.o [1]
  .text              ro code   0x801'3818       0x4  startup_stm32h743xx.o [1]
  .text              ro code   0x801'381c       0x4  startup_stm32h743xx.o [1]
  .text              ro code   0x801'3820       0x4  startup_stm32h743xx.o [1]
  .text              ro code   0x801'3824       0x4  startup_stm32h743xx.o [1]
  .text              ro code   0x801'3828       0x4  startup_stm32h743xx.o [1]
  .text              ro code   0x801'382c       0x4  startup_stm32h743xx.o [1]
  .text              ro code   0x801'3830       0x4  startup_stm32h743xx.o [1]
  .text              ro code   0x801'3834       0x4  startup_stm32h743xx.o [1]
  .text              ro code   0x801'3838       0x4  startup_stm32h743xx.o [1]
  .text              ro code   0x801'383c       0x4  startup_stm32h743xx.o [1]
  .text              ro code   0x801'3840       0x4  startup_stm32h743xx.o [1]
  .text              ro code   0x801'3844       0x4  startup_stm32h743xx.o [1]
  .text              ro code   0x801'3848       0x4  startup_stm32h743xx.o [1]
  .text              ro code   0x801'384c       0x4  startup_stm32h743xx.o [1]
  .text              ro code   0x801'3850       0x4  startup_stm32h743xx.o [1]
  .text              ro code   0x801'3854       0x4  startup_stm32h743xx.o [1]
  .text              ro code   0x801'3858       0x4  startup_stm32h743xx.o [1]
  .text              ro code   0x801'385c       0x4  startup_stm32h743xx.o [1]
  .text              ro code   0x801'3860       0x4  startup_stm32h743xx.o [1]
  .rodata            const     0x801'3864       0x0  zero_init3.o [11]
  .rodata            const     0x801'3864       0x0  copy_init3.o [11]
  Initializer bytes  const     0x801'3864     0x220  <for P4 s0>
                             - 0x801'3a84  0x1'37ec

"P4", part 1 of 3:                            0x220
  P4 s0                       0x2000'0000     0x220  <Init block>
    .data            inited   0x2000'0000      0x84  g_InterruptUpdate.o [4]
    .data            inited   0x2000'0084      0x70  peref_display.o [5]
    .data            inited   0x2000'00f4      0x48  g_InterruptUpdate.o [4]
    .data            inited   0x2000'013c      0x44  peref_display.o [5]
    .data            inited   0x2000'0180      0x24  peref.o [5]
    .data            inited   0x2000'01a4      0x18  g_InterruptUpdate.o [4]
    .data            inited   0x2000'01bc      0x18  g_InterruptUpdate.o [4]
    .data            inited   0x2000'01d4       0xc  g_InterruptUpdate.o [4]
    .data            inited   0x2000'01e0       0x4  g_Core.o [3]
    .data            inited   0x2000'01e4       0x4  g_Core.o [3]
    .data            inited   0x2000'01e8       0x4  g_Core.o [3]
    .data            inited   0x2000'01ec       0x4  g_InterruptUpdate.o [4]
    .data            inited   0x2000'01f0       0x4  g_InterruptUpdate.o [4]
    .data            inited   0x2000'01f4       0x4  g_InterruptUpdate.o [4]
    .data            inited   0x2000'01f8       0x4  g_InterruptUpdate.o [4]
    .data            inited   0x2000'01fc       0x4  g_InterruptUpdate.o [4]
    .data            inited   0x2000'0200       0x4  peref.o [5]
    .data            inited   0x2000'0204       0x4  peref.o [5]
    .data            inited   0x2000'0208       0x4  peref.o [5]
    .data            inited   0x2000'020c       0x4  stm32h7xx_hal.o [8]
    .data            inited   0x2000'0210       0x4  system_stm32h7xx.o [7]
    .data            inited   0x2000'0214       0x4  system_stm32h7xx.o [7]
    .data            inited   0x2000'0218       0x1  add_ValueConv.o [2]
    .data            inited   0x2000'0219       0x1  add_ValueConv.o [2]
    .data            inited   0x2000'021a       0x1  add_ValueConv.o [2]
    .data            inited   0x2000'021b       0x1  add_ValueConv.o [2]
    .data            inited   0x2000'021c       0x1  g_Core.o [3]
    .data            inited   0x2000'021d       0x1  stm32h7xx_hal.o [8]
                            - 0x2000'0220     0x220

"P4", part 2 of 3:                           0x192c
  .bss               zero     0x2000'0220     0x6c0  g_Ram.o [4]
  .bss               zero     0x2000'08e0     0x4ac  peref.o [5]
  .bss               zero     0x2000'0d8c     0x48c  g_Core.o [3]
  .bss               zero     0x2000'1218     0x218  core_Menu.o [3]
  .bss               zero     0x2000'1430      0xc0  stat.o [6]
  .bss               zero     0x2000'14f0      0x90  main.o [2]
  .bss               zero     0x2000'1580      0x90  main.o [2]
  .bss               zero     0x2000'1610      0x90  main.o [2]
  .bss               zero     0x2000'16a0      0x90  main.o [2]
  .bss               zero     0x2000'1730      0x88  main.o [2]
  .bss               zero     0x2000'17b8      0x88  main.o [2]
  .bss               zero     0x2000'1840      0x78  main.o [2]
  .bss               zero     0x2000'18b8      0x78  main.o [2]
  .bss               zero     0x2000'1930      0x64  main.o [2]
  .bss               zero     0x2000'1994      0x64  main.o [2]
  .bss               zero     0x2000'19f8      0x4c  main.o [2]
  .bss               zero     0x2000'1a44      0x4c  main.o [2]
  .bss               zero     0x2000'1a90      0x34  g_Core.o [3]
  .bss               zero     0x2000'1ac4      0x24  main.o [2]
  .bss               zero     0x2000'1ae8       0x4  core_Menu.o [3]
  .bss               zero     0x2000'1aec       0x4  core_Menu.o [3]
  .bss               zero     0x2000'1af0       0x4  core_Menu.o [3]
  .bss               zero     0x2000'1af4       0x4  core_Menu.o [3]
  .bss               zero     0x2000'1af8       0x4  g_Core.o [3]
  .bss               zero     0x2000'1afc       0x4  g_Core.o [3]
  .bss               zero     0x2000'1b00       0x4  g_Core.o [3]
  .bss               zero     0x2000'1b04       0x4  g_Core.o [3]
  .bss               zero     0x2000'1b08       0x4  g_Core.o [3]
  .bss               zero     0x2000'1b0c       0x4  g_Core.o [3]
  .bss               zero     0x2000'1b10       0x4  g_InterruptUpdate.o [4]
  .bss               zero     0x2000'1b14       0x4  g_InterruptUpdate.o [4]
  .bss               zero     0x2000'1b18       0x4  g_InterruptUpdate.o [4]
  .bss               zero     0x2000'1b1c       0x4  g_InterruptUpdate.o [4]
  .bss               zero     0x2000'1b20       0x4  g_InterruptUpdate.o [4]
  .bss               zero     0x2000'1b24       0x4  g_InterruptUpdate.o [4]
  .bss               zero     0x2000'1b28       0x4  g_InterruptUpdate.o [4]
  .bss               zero     0x2000'1b2c       0x4  g_InterruptUpdate.o [4]
  .bss               zero     0x2000'1b30       0x4  peref.o [5]
  .bss               zero     0x2000'1b34       0x4  peref.o [5]
  .bss               zero     0x2000'1b38       0x4  peref.o [5]
  .bss               zero     0x2000'1b3c       0x4  stm32h7xx_hal.o [8]
  .bss               zero     0x2000'1b40       0x4  stm32h7xx_it.o [2]
  .bss               zero     0x2000'1b44       0x2  peref.o [5]
  .bss               zero     0x2000'1b46       0x2  peref.o [5]
  .bss               zero     0x2000'1b48       0x2  peref.o [5]
  .bss               zero     0x2000'1b4a       0x1  peref.o [5]
                            - 0x2000'1b4b    0x192b

"P4", part 3 of 3:                           0x2000
  CSTACK                      0x2000'1b50    0x2000  <Block>
    CSTACK           uninit   0x2000'1b50    0x2000  <Block tail>
                            - 0x2000'3b50    0x2000

Unused ranges:

         From           To       Size
         ----           --       ----
   0x801'3a84   0x80f'ffff   0xe'c57c
   0x810'0000   0x81f'ffff  0x10'0000
  0x2000'1b4c  0x2000'1b4f        0x4
  0x2000'3b50  0x2000'ffff     0xc4b0
  0x2001'0000  0x2001'ffff   0x1'0000


*******************************************************************************
*** INIT TABLE
***

          Address      Size
          -------      ----
Zero (__iar_zero_init3)
    1 destination range, total size 0x192b:
          0x2000'0220  0x192b

Copy (__iar_copy_init3)
    1 source range, total size 0x220 (100% of destination):
           0x801'3864   0x220
    1 destination range, total size 0x21e:
          0x2000'0000   0x21e



*******************************************************************************
*** MODULE SUMMARY
***

    Module                   ro code  ro data  rw data
    ------                   -------  -------  -------
command line/config:
    --------------------------------------------------
    Total:

C:\work\ebu6\EBU6\EWARM\EBU6\Obj\Application\EWARM: [1]
    startup_stm32h743xx.o      1'208
    --------------------------------------------------
    Total:                     1'208

C:\work\ebu6\EBU6\EWARM\EBU6\Obj\Application\User\Core: [2]
    add_ValueConv.o              498        4        4
    main.o                     3'876             1'476
    stm32h7xx_hal_msp.o        2'104
    stm32h7xx_it.o               168                 4
    --------------------------------------------------
    Total:                     6'646        4    1'484

C:\work\ebu6\EBU6\EWARM\EBU6\Obj\Application\User\Core\Core: [3]
    core_Menu.o                6'216   19'348      552
    g_Core.o                   2'856       13    1'253
    --------------------------------------------------
    Total:                     9'072   19'361    1'805

C:\work\ebu6\EBU6\EWARM\EBU6\Obj\Application\User\Core\Global: [4]
    g_InterruptUpdate.o          508      284      316
    g_Ram.o                      176             1'728
    --------------------------------------------------
    Total:                       684      284    2'044

C:\work\ebu6\EBU6\EWARM\EBU6\Obj\Application\User\Core\Peref: [5]
    peref.o                    2'208       48    1'263
    peref_ApFilter1.o            116
    peref_Clock.o                 62
    peref_SensObserver.o         712
    peref_SinObserver.o          180
    peref_display.o              928      180      180
    --------------------------------------------------
    Total:                     4'206      228    1'443

C:\work\ebu6\EBU6\EWARM\EBU6\Obj\Application\User\Core\Stat: [6]
    stat.o                        50               192
    stat_fm25v10.o               708
    --------------------------------------------------
    Total:                       758               192

C:\work\ebu6\EBU6\EWARM\EBU6\Obj\Drivers\CMSIS: [7]
    system_stm32h7xx.o           316       24        8
    --------------------------------------------------
    Total:                       316       24        8

C:\work\ebu6\EBU6\EWARM\EBU6\Obj\Drivers\STM32H7xx_HAL_Driver: [8]
    stm32h7xx_hal.o              292        5        9
    stm32h7xx_hal_adc.o        4'196
    stm32h7xx_hal_adc_ex.o       382
    stm32h7xx_hal_cortex.o       344
    stm32h7xx_hal_dma.o        7'764        8
    stm32h7xx_hal_gpio.o         672
    stm32h7xx_hal_pwr.o           20
    stm32h7xx_hal_pwr_ex.o       100
    stm32h7xx_hal_rcc.o        3'376
    stm32h7xx_hal_rcc_ex.o     6'976
    stm32h7xx_hal_rtc.o        1'106
    stm32h7xx_hal_spi.o        4'290
    stm32h7xx_hal_tim.o        3'138
    stm32h7xx_hal_tim_ex.o       622
    stm32h7xx_hal_uart.o       2'152       24
    stm32h7xx_hal_uart_ex.o      364       16
    --------------------------------------------------
    Total:                    35'794       53        9

dl7M_tln.a: [9]
    abs.o                          8
    exit.o                         4
    low_level_init.o               4
    --------------------------------------------------
    Total:                        16

m7M_tlv.a: [10]
    cos_sin32.o                  468
    fmax.o                        46
    fmin.o                        42
    fpinit_M.o                    34
    sqrt.o                        30
    --------------------------------------------------
    Total:                       620

rt7M_tl.a: [11]
    ABImemcpy.o                  166
    ABImemset.o                  102
    I64DivMod.o                  560
    I64DivZer.o                    2
    cexit.o                       10
    cmain.o                       30
    copy_init3.o                  42
    cstartup_M.o                  28
    data_init.o                   40
    strchr.o                      22
    strcmp.o                      18
    strcpy.o                      24
    strlen.o                      54
    zero_init3.o                  56
    --------------------------------------------------
    Total:                     1'154

shb_l.a: [12]
    exit.o                        20
    --------------------------------------------------
    Total:                        20

    Gaps                          26        4
    Linker created                         38    8'192
------------------------------------------------------
    Grand Total:              60'520   19'996   15'177


*******************************************************************************
*** ENTRY LIST
***

Entry                       Address    Size  Type      Object
-----                       -------    ----  ----      ------
.iar.init_table$$Base    0x801'3574           --   Gb  - Linker created -
.iar.init_table$$Limit   0x801'3598           --   Gb  - Linker created -
?main                    0x801'3599          Code  Gb  cmain.o [11]
ADC3_IRQHandler          0x801'3409     0xa  Code  Gb  stm32h7xx_it.o [2]
ADC_ConfigureBoostMode   0x800'da79   0x158  Code  Gb  stm32h7xx_hal_adc.o [8]
ADC_DMAConvCplt          0x800'd9c5    0x88  Code  Gb  stm32h7xx_hal_adc.o [8]
ADC_DMAError             0x800'da5b    0x1e  Code  Gb  stm32h7xx_hal_adc.o [8]
ADC_DMAHalfConvCplt      0x800'da4d     0xe  Code  Gb  stm32h7xx_hal_adc.o [8]
ADC_Enable               0x800'd8f9    0xbc  Code  Gb  stm32h7xx_hal_adc.o [8]
ADC_IRQHandler           0x801'33bd     0xa  Code  Gb  stm32h7xx_it.o [2]
ADT7301_Update           0x800'ec09    0x6c  Code  Gb  peref.o [5]
BtnLevel                0x2000'0208     0x4  Data  Gb  peref.o [5]
BtnTout                 0x2000'0204     0x4  Data  Gb  peref.o [5]
BusFault_Handler         0x801'3397     0x2  Code  Gb  stm32h7xx_it.o [2]
ByteToStr                0x800'9a69    0x1e  Code  Gb  add_ValueConv.o [2]
CPU_led_timer           0x2000'1b40     0x4  Data  Gb  stm32h7xx_it.o [2]
CSTACK$$Base            0x2000'1b50           --   Gb  - Linker created -
CSTACK$$Limit           0x2000'3b50           --   Gb  - Linker created -
ChangeCoordinate         0x800'8c09   0x194  Code  Lc  core_Menu.o [3]
CheckRange               0x800'9969    0x22  Code  Gb  add_ValueConv.o [2]
Core_Init                0x800'dc0d   0x10e  Code  Gb  g_Core.o [3]
Core_MENU_Display        0x800'8409    0x88  Code  Gb  core_Menu.o [3]
Core_MenuInit            0x800'8079   0x32e  Code  Gb  core_Menu.o [3]
Core_MenuReadDcr         0x800'94a1    0x6e  Code  Gb  core_Menu.o [3]
Core_MenuUpdate          0x800'83bd    0x4c  Code  Gb  core_Menu.o [3]
Core_SetDeff             0x800'95c7    0xd4  Code  Gb  core_Menu.o [3]
D1CorePrescTable         0x801'3614    0x10  Data  Gb  system_stm32h7xx.o [7]
DISPL_AddSymb            0x801'18b1    0x36  Code  Gb  peref_display.o [5]
DISPL_Update             0x801'1883    0x2e  Code  Gb  peref_display.o [5]
DISPL_init               0x801'1809    0x3e  Code  Gb  peref_display.o [5]
DMA1_Stream1_IRQHandler
                         0x801'33a9     0xa  Code  Gb  stm32h7xx_it.o [2]
DMA1_Stream3_IRQHandler
                         0x801'33b3     0xa  Code  Gb  stm32h7xx_it.o [2]
DMA_CalcBaseAndBitshift
                         0x800'5a43    0xd2  Code  Lc  stm32h7xx_hal_dma.o [8]
DMA_CalcBaseAndBitshift{1}{2}::flagBitshiftOffset
                         0x801'363c     0x8  Data  Lc  stm32h7xx_hal_dma.o [8]
DMA_CalcDMAMUXChannelBaseAndMask
                         0x800'5bd3    0xac  Code  Lc  stm32h7xx_hal_dma.o [8]
DMA_CalcDMAMUXRequestGenBaseAndMask
                         0x800'5c7f    0x80  Code  Lc  stm32h7xx_hal_dma.o [8]
DMA_CheckFifoParam       0x800'5b39    0x9a  Code  Lc  stm32h7xx_hal_dma.o [8]
DMA_SetConfig            0x800'57dd   0x266  Code  Lc  stm32h7xx_hal_dma.o [8]
Data                    0x2000'0200     0x4  Data  Gb  peref.o [5]
DateSeparator           0x2000'021b     0x1  Data  Gb  add_ValueConv.o [2]
DateToStr                0x800'9aaf    0x3e  Code  Gb  add_ValueConv.o [2]
DebugMon_Handler         0x801'339d     0x2  Code  Gb  stm32h7xx_it.o [2]
DecToStr                 0x800'998b    0xde  Code  Gb  add_ValueConv.o [2]
DefineBit                0x800'8f35    0x5c  Code  Gb  core_Menu.o [3]
DisplayOff               0x801'1923    0x34  Code  Gb  peref_display.o [5]
DisplayOn                0x801'1957    0xc4  Code  Gb  peref_display.o [5]
DisplayPutText           0x801'1a1b    0x60  Code  Gb  peref_display.o [5]
DisplayRestart           0x801'18e7    0x3c  Code  Gb  peref_display.o [5]
DisplayStart             0x801'1b5b    0x2c  Code  Gb  peref_display.o [5]
EditBin                  0x800'8beb    0x1e  Code  Gb  core_Menu.o [3]
EditDate                 0x800'8a99   0x152  Code  Gb  core_Menu.o [3]
EditDec                  0x800'8765   0x186  Code  Gb  core_Menu.o [3]
EditParam                0x800'8667    0xfe  Code  Gb  core_Menu.o [3]
EditStr                  0x800'88eb    0xe0  Code  Gb  core_Menu.o [3]
EditTime                 0x800'89cb    0xce  Code  Gb  core_Menu.o [3]
Eeprom1                 0x2000'1a90    0x34  Data  Gb  g_Core.o [3]
EnableEdit               0x800'9593    0x34  Code  Gb  core_Menu.o [3]
EncodeData               0x801'1b3f    0x1c  Code  Gb  peref_display.o [5]
Error_Handler            0x800'cbad     0x4  Code  Gb  main.o [2]
FM25V10_Init             0x800'9d85    0x3e  Code  Gb  stat_fm25v10.o [6]
FM25V10_ReadByte         0x800'9f2d    0x58  Code  Gb  stat_fm25v10.o [6]
FM25V10_ReadSN           0x800'9fff    0x3e  Code  Gb  stat_fm25v10.o [6]
FM25V10_ReadStatus       0x800'9ef1    0x3c  Code  Gb  stat_fm25v10.o [6]
FM25V10_Update           0x800'9dc3   0x12e  Code  Gb  stat_fm25v10.o [6]
FM25V10_WriteByte        0x800'9f85    0x4e  Code  Gb  stat_fm25v10.o [6]
FM25V10_WriteEnable      0x800'9fd3    0x2c  Code  Gb  stat_fm25v10.o [6]
FloatPositive           0x2000'0219     0x1  Data  Gb  add_ValueConv.o [2]
FloatSeparator          0x2000'0218     0x1  Data  Gb  add_ValueConv.o [2]
HAL_ADCEx_EndOfSamplingCallback
                         0x801'15c5     0x2  Code  Gb  stm32h7xx_hal_adc_ex.o [8]
HAL_ADCEx_InjectedConvCpltCallback
                         0x801'15c9     0x2  Code  Gb  stm32h7xx_hal_adc_ex.o [8]
HAL_ADCEx_InjectedQueueOverflowCallback
                         0x801'15d3     0x2  Code  Gb  stm32h7xx_hal_adc_ex.o [8]
HAL_ADCEx_LevelOutOfWindow2Callback
                         0x801'15cd     0x2  Code  Gb  stm32h7xx_hal_adc_ex.o [8]
HAL_ADCEx_LevelOutOfWindow3Callback
                         0x801'15cf     0x2  Code  Gb  stm32h7xx_hal_adc_ex.o [8]
HAL_ADCEx_MultiModeConfigChannel
                         0x801'063b   0x148  Code  Gb  stm32h7xx_hal_adc_ex.o [8]
HAL_ADC_ConfigChannel    0x800'd435   0x4a6  Code  Gb  stm32h7xx_hal_adc.o [8]
HAL_ADC_ConvCpltCallback
                         0x801'15c7     0x2  Code  Gb  stm32h7xx_hal_adc.o [8]
HAL_ADC_ConvHalfCpltCallback
                         0x801'15d5     0x2  Code  Gb  stm32h7xx_hal_adc.o [8]
HAL_ADC_ErrorCallback    0x801'15d1     0x2  Code  Gb  stm32h7xx_hal_adc.o [8]
HAL_ADC_IRQHandler       0x800'd115   0x31a  Code  Gb  stm32h7xx_hal_adc.o [8]
HAL_ADC_Init             0x800'cd4f   0x27e  Code  Gb  stm32h7xx_hal_adc.o [8]
HAL_ADC_LevelOutOfWindowCallback
                         0x801'15cb     0x2  Code  Gb  stm32h7xx_hal_adc.o [8]
HAL_ADC_MspInit          0x800'b3ef   0x268  Code  Gb  stm32h7xx_hal_msp.o [2]
HAL_ADC_Start_DMA        0x800'cfd9   0x112  Code  Gb  stm32h7xx_hal_adc.o [8]
HAL_DMA_Abort_IT         0x800'491d   0x39e  Code  Gb  stm32h7xx_hal_dma.o [8]
HAL_DMA_IRQHandler       0x800'4d1d   0xa7a  Code  Gb  stm32h7xx_hal_dma.o [8]
HAL_DMA_Init             0x800'3f35   0x532  Code  Gb  stm32h7xx_hal_dma.o [8]
HAL_DMA_Start_IT         0x800'44d1   0x3ea  Code  Gb  stm32h7xx_hal_dma.o [8]
HAL_GPIO_Init            0x800'a049   0x232  Code  Gb  stm32h7xx_hal_gpio.o [8]
HAL_GPIO_TogglePin       0x800'a295    0x1a  Code  Gb  stm32h7xx_hal_gpio.o [8]
HAL_GPIO_WritePin        0x800'a27b    0x1a  Code  Gb  stm32h7xx_hal_gpio.o [8]
HAL_GetREVID             0x800'bc43     0xa  Code  Gb  stm32h7xx_hal.o [8]
HAL_GetTick              0x800'5d89     0xc  Code  Gb  stm32h7xx_hal.o [8]
HAL_IncTick              0x801'3439    0x18  Code  Gb  stm32h7xx_hal.o [8]
HAL_Init                 0x800'bbe5    0x5e  Code  Gb  stm32h7xx_hal.o [8]
HAL_InitTick             0x800'7ec9    0x58  Code  Gb  stm32h7xx_hal.o [8]
HAL_MspInit              0x800'b3a5    0x4a  Code  Gb  stm32h7xx_hal_msp.o [2]
HAL_NVIC_EnableIRQ       0x800'803f     0xe  Code  Gb  stm32h7xx_hal_cortex.o [8]
HAL_NVIC_SetPriority     0x800'801b    0x24  Code  Gb  stm32h7xx_hal_cortex.o [8]
HAL_NVIC_SetPriorityGrouping
                         0x800'800f     0xc  Code  Gb  stm32h7xx_hal_cortex.o [8]
HAL_PWREx_ConfigSupply   0x800'fe75    0x5c  Code  Gb  stm32h7xx_hal_pwr_ex.o [8]
HAL_PWR_EnableBkUpAccess
                         0x800'fed9     0xe  Code  Gb  stm32h7xx_hal_pwr.o [8]
HAL_RCCEx_GetD3PCLK1Freq
                         0x800'6f4d    0x1e  Code  Gb  stm32h7xx_hal_rcc_ex.o [8]
HAL_RCCEx_GetPLL1ClockFreq
                         0x800'7405   0x22c  Code  Gb  stm32h7xx_hal_rcc_ex.o [8]
HAL_RCCEx_GetPLL2ClockFreq
                         0x800'6f6d   0x226  Code  Gb  stm32h7xx_hal_rcc_ex.o [8]
HAL_RCCEx_GetPLL3ClockFreq
                         0x800'71b5   0x226  Code  Gb  stm32h7xx_hal_rcc_ex.o [8]
HAL_RCCEx_GetPeriphCLKFreq
                         0x800'68c5   0x688  Code  Gb  stm32h7xx_hal_rcc_ex.o [8]
HAL_RCCEx_PeriphCLKConfig
                         0x800'5d95   0xb0c  Code  Gb  stm32h7xx_hal_rcc_ex.o [8]
HAL_RCC_ClockConfig      0x800'78d5   0x306  Code  Gb  stm32h7xx_hal_rcc.o [8]
HAL_RCC_GetHCLKFreq      0x800'7e03    0x3c  Code  Gb  stm32h7xx_hal_rcc.o [8]
HAL_RCC_GetPCLK1Freq     0x800'7e3f    0x1a  Code  Gb  stm32h7xx_hal_rcc.o [8]
HAL_RCC_GetPCLK2Freq     0x800'7e59    0x1a  Code  Gb  stm32h7xx_hal_rcc.o [8]
HAL_RCC_GetSysClockFreq
                         0x800'7bdd   0x226  Code  Gb  stm32h7xx_hal_rcc.o [8]
HAL_RCC_OscConfig        0x800'feed   0x73c  Code  Gb  stm32h7xx_hal_rcc.o [8]
HAL_RTC_GetDate          0x801'0a79    0x52  Code  Gb  stm32h7xx_hal_rtc.o [8]
HAL_RTC_GetTime          0x801'0947    0x66  Code  Gb  stm32h7xx_hal_rtc.o [8]
HAL_RTC_Init             0x801'079d    0xb4  Code  Gb  stm32h7xx_hal_rtc.o [8]
HAL_RTC_MspInit          0x800'b657    0x4a  Code  Gb  stm32h7xx_hal_msp.o [2]
HAL_RTC_SetDate          0x801'09ad    0xcc  Code  Gb  stm32h7xx_hal_rtc.o [8]
HAL_RTC_SetTime          0x801'0851    0xf6  Code  Gb  stm32h7xx_hal_rtc.o [8]
HAL_RTC_WaitForSynchro   0x801'0acb    0x34  Code  Gb  stm32h7xx_hal_rtc.o [8]
HAL_SPI_ErrorCallback    0x800'bbdd     0x2  Code  Gb  stm32h7xx_hal_spi.o [8]
HAL_SPI_IRQHandler       0x800'af39   0x28c  Code  Gb  stm32h7xx_hal_spi.o [8]
HAL_SPI_Init             0x800'a2e9   0x182  Code  Gb  stm32h7xx_hal_spi.o [8]
HAL_SPI_MspInit          0x800'b6a1   0x17c  Code  Gb  stm32h7xx_hal_msp.o [2]
HAL_SPI_Receive          0x800'a727   0x2c2  Code  Gb  stm32h7xx_hal_spi.o [8]
HAL_SPI_RxCpltCallback   0x800'bbe1     0x2  Code  Gb  stm32h7xx_hal_spi.o [8]
HAL_SPI_Transmit         0x800'a46b   0x2bc  Code  Gb  stm32h7xx_hal_spi.o [8]
HAL_SPI_TransmitReceive
                         0x800'a9e9   0x444  Code  Gb  stm32h7xx_hal_spi.o [8]
HAL_SPI_Transmit_IT      0x800'ae2d    0xf2  Code  Gb  stm32h7xx_hal_spi.o [8]
HAL_SPI_TxCpltCallback   0x800'bbe3     0x2  Code  Gb  stm32h7xx_hal_spi.o [8]
HAL_SPI_TxRxCpltCallback
                         0x800'bbdf     0x2  Code  Gb  stm32h7xx_hal_spi.o [8]
HAL_SYSCFG_DisableVREFBUF
                         0x800'bc61    0x12  Code  Gb  stm32h7xx_hal.o [8]
HAL_SYSCFG_VREFBUF_HighImpedanceConfig
                         0x800'bc4d    0x14  Code  Gb  stm32h7xx_hal.o [8]
HAL_SYSTICK_Config       0x800'804d     0xc  Code  Gb  stm32h7xx_hal_cortex.o [8]
HAL_TIMEx_Break2Callback
                         0x801'1fad     0x2  Code  Gb  stm32h7xx_hal_tim_ex.o [8]
HAL_TIMEx_BreakCallback
                         0x801'1fab     0x2  Code  Gb  stm32h7xx_hal_tim_ex.o [8]
HAL_TIMEx_CommutCallback
                         0x801'1fb1     0x2  Code  Gb  stm32h7xx_hal_tim_ex.o [8]
HAL_TIMEx_ConfigBreakDeadTime
                         0x800'fda3    0x94  Code  Gb  stm32h7xx_hal_tim_ex.o [8]
HAL_TIMEx_MasterConfigSynchronization
                         0x800'fd05    0x9e  Code  Gb  stm32h7xx_hal_tim_ex.o [8]
HAL_TIMEx_PWMN_Start     0x800'fc0d    0xea  Code  Gb  stm32h7xx_hal_tim_ex.o [8]
HAL_TIM_Base_Init        0x800'efd5    0x7a  Code  Gb  stm32h7xx_hal_tim.o [8]
HAL_TIM_Base_MspInit     0x800'b81d    0xb4  Code  Gb  stm32h7xx_hal_msp.o [2]
HAL_TIM_Base_Start       0x800'f04f    0x8c  Code  Gb  stm32h7xx_hal_tim.o [8]
HAL_TIM_Base_Start_IT    0x800'f0db    0x98  Code  Gb  stm32h7xx_hal_tim.o [8]
HAL_TIM_ConfigClockSource
                         0x800'f67f   0x112  Code  Gb  stm32h7xx_hal_tim.o [8]
HAL_TIM_IC_CaptureCallback
                         0x801'1fa3     0x2  Code  Gb  stm32h7xx_hal_tim.o [8]
HAL_TIM_IRQHandler       0x800'f391   0x194  Code  Gb  stm32h7xx_hal_tim.o [8]
HAL_TIM_MspPostInit      0x800'b8d1    0x5e  Code  Gb  stm32h7xx_hal_msp.o [2]
HAL_TIM_OC_DelayElapsedCallback
                         0x801'1fa5     0x2  Code  Gb  stm32h7xx_hal_tim.o [8]
HAL_TIM_PWM_ConfigChannel
                         0x800'f525   0x15a  Code  Gb  stm32h7xx_hal_tim.o [8]
HAL_TIM_PWM_Init         0x800'f191    0x7a  Code  Gb  stm32h7xx_hal_tim.o [8]
HAL_TIM_PWM_MspInit      0x801'1fa1     0x2  Code  Gb  stm32h7xx_hal_tim.o [8]
HAL_TIM_PWM_PulseFinishedCallback
                         0x801'1fa7     0x2  Code  Gb  stm32h7xx_hal_tim.o [8]
HAL_TIM_PWM_Start        0x800'f20b   0x15e  Code  Gb  stm32h7xx_hal_tim.o [8]
HAL_TIM_PeriodElapsedCallback
                         0x801'1fa9     0x2  Code  Gb  stm32h7xx_hal_tim.o [8]
HAL_TIM_TriggerCallback
                         0x801'1faf     0x2  Code  Gb  stm32h7xx_hal_tim.o [8]
HAL_UARTEx_DisableFifoMode
                         0x801'1459    0x46  Code  Gb  stm32h7xx_hal_uart_ex.o [8]
HAL_UARTEx_SetRxFifoThreshold
                         0x801'14f5    0x56  Code  Gb  stm32h7xx_hal_uart_ex.o [8]
HAL_UARTEx_SetTxFifoThreshold
                         0x801'149f    0x56  Code  Gb  stm32h7xx_hal_uart_ex.o [8]
HAL_UART_Init            0x801'0bf1    0x7e  Code  Gb  stm32h7xx_hal_uart.o [8]
HAL_UART_MspInit         0x800'b92f   0x240  Code  Gb  stm32h7xx_hal_msp.o [2]
HardFault_Handler        0x801'3393     0x2  Code  Gb  stm32h7xx_it.o [2]
Icons                   0x2000'0180    0x24  Data  Gb  peref.o [5]
InterruptUpdate          0x801'3059   0x1fc  Code  Gb  g_InterruptUpdate.o [4]
LL_ADC_DisableDeepPowerDown
                         0x800'cce3     0xc  Code  Lc  stm32h7xx_hal_adc.o [8]
LL_ADC_Enable            0x800'cd13    0x10  Code  Lc  stm32h7xx_hal_adc.o [8]
LL_ADC_EnableInternalRegulator
                         0x800'ccf9    0x10  Code  Lc  stm32h7xx_hal_adc.o [8]
LL_ADC_GetCommonPathInternalCh
                         0x800'cbc9     0x8  Code  Lc  stm32h7xx_hal_adc.o [8]
LL_ADC_GetMultiDMATransfer
                         0x800'ccdb     0x8  Code  Lc  stm32h7xx_hal_adc.o [8]
LL_ADC_GetMultimode      0x800'ccd3     0x8  Code  Lc  stm32h7xx_hal_adc.o [8]
LL_ADC_INJ_IsConversionOngoing
                         0x800'cd45     0xa  Code  Lc  stm32h7xx_hal_adc.o [8]
LL_ADC_INJ_IsTriggerSourceSWStart
                         0x800'cc69    0x10  Code  Lc  stm32h7xx_hal_adc.o [8]
LL_ADC_IsDeepPowerDownEnabled
                         0x800'ccef     0xa  Code  Lc  stm32h7xx_hal_adc.o [8]
LL_ADC_IsEnabled         0x800'cd23     0x8  Code  Lc  stm32h7xx_hal_adc.o [8]
LL_ADC_IsEnabled         0x801'0629     0x8  Code  Lc  stm32h7xx_hal_adc_ex.o [8]
LL_ADC_IsInternalRegulatorEnabled
                         0x800'cd09     0xa  Code  Lc  stm32h7xx_hal_adc.o [8]
LL_ADC_REG_IsConversionOngoing
                         0x800'cd3b     0xa  Code  Lc  stm32h7xx_hal_adc.o [8]
LL_ADC_REG_IsConversionOngoing
                         0x801'0631     0xa  Code  Lc  stm32h7xx_hal_adc_ex.o [8]
LL_ADC_REG_IsTriggerSourceSWStart
                         0x800'cc1f    0x10  Code  Lc  stm32h7xx_hal_adc.o [8]
LL_ADC_REG_SetDataTransferMode
                         0x800'cc5d     0xc  Code  Lc  stm32h7xx_hal_adc.o [8]
LL_ADC_REG_SetSequencerRanks
                         0x800'cc2f    0x2e  Code  Lc  stm32h7xx_hal_adc.o [8]
LL_ADC_REG_StartConversion
                         0x800'cd2b    0x10  Code  Lc  stm32h7xx_hal_adc.o [8]
LL_ADC_SetChannelSamplingTime
                         0x800'cc79    0x34  Code  Lc  stm32h7xx_hal_adc.o [8]
LL_ADC_SetChannelSingleDiff
                         0x800'ccad    0x26  Code  Lc  stm32h7xx_hal_adc.o [8]
LL_ADC_SetCommonClock    0x800'cbb1     0xc  Code  Lc  stm32h7xx_hal_adc.o [8]
LL_ADC_SetCommonPathInternalCh
                         0x800'cbbd     0xc  Code  Lc  stm32h7xx_hal_adc.o [8]
LL_ADC_SetDataRightShift
                         0x800'cbef    0x18  Code  Lc  stm32h7xx_hal_adc.o [8]
LL_ADC_SetOffset         0x800'cbd1    0x1e  Code  Lc  stm32h7xx_hal_adc.o [8]
LL_ADC_SetOffsetSignedSaturation
                         0x800'cc07    0x18  Code  Lc  stm32h7xx_hal_adc.o [8]
LogInputCalc             0x800'ec75   0x12c  Code  Gb  peref.o [5]
MCP23S17_init            0x800'efc1    0x14  Code  Gb  peref.o [5]
MCP23S17_write           0x800'eef7    0x36  Code  Gb  peref.o [5]
MX_ADC1_Init             0x800'bf19   0x18a  Code  Lc  main.o [2]
MX_ADC3_Init             0x800'c0a3   0x12a  Code  Lc  main.o [2]
MX_DMA_Init              0x800'c84b    0x3c  Code  Lc  main.o [2]
MX_GPIO_Init             0x800'c8b1   0x250  Code  Lc  main.o [2]
MX_RTC_Init              0x800'c1cd    0x56  Code  Lc  main.o [2]
MX_SPI1_Init             0x800'c223    0xce  Code  Lc  main.o [2]
MX_SPI6_Init             0x800'c2f1    0xce  Code  Lc  main.o [2]
MX_TIM1_Init             0x800'c3bf   0x16c  Code  Lc  main.o [2]
MX_TIM2_Init             0x800'c52b    0x96  Code  Lc  main.o [2]
MX_UART4_Init            0x800'c5c1    0xa4  Code  Lc  main.o [2]
MX_UART5_Init            0x800'c665    0xa4  Code  Lc  main.o [2]
MX_UART8_Init            0x800'c709    0xa4  Code  Lc  main.o [2]
MX_USART3_UART_Init      0x800'c7ad    0x9e  Code  Lc  main.o [2]
MemManage_Handler        0x801'3395     0x2  Code  Gb  stm32h7xx_it.o [2]
NMI_Handler              0x801'3391     0x2  Code  Gb  stm32h7xx_it.o [2]
NVIC_EncodePriority      0x800'7f9d    0x42  Code  Lc  stm32h7xx_hal_cortex.o [8]
OutVolt                 0x2000'1b04     0x4  Data  Gb  g_Core.o [3]
PFUNC_blkRead            0x800'9b39    0x1e  Code  Gb  add_ValueConv.o [2]
PFUNC_wordRead           0x800'9b57     0x4  Code  Gb  add_ValueConv.o [2]
PWMPreScale             0x2000'01e0     0x4  Data  Gb  g_Core.o [3]
PendSV_Handler           0x801'339f     0x2  Code  Gb  stm32h7xx_it.o [2]
Peref_SensObserverInit   0x801'1c1d    0x48  Code  Gb  peref_SensObserver.o [5]
Peref_SensObserverUpdate
                         0x801'1c65   0x232  Code  Gb  peref_SensObserver.o [5]
Peref_SinObserverInitFloat
                         0x801'1ee5    0x10  Code  Gb  peref_SinObserver.o [5]
Peref_SinObserverUpdateFloat
                         0x801'1ef5    0xa0  Code  Gb  peref_SinObserver.o [5]
PeriphCommonClock_Config
                         0x800'becb    0x4e  Code  Gb  main.o [2]
PutChar                  0x801'1865    0x1e  Code  Gb  peref_display.o [5]
PutComm                  0x801'1847    0x1e  Code  Gb  peref_display.o [5]
PutData                  0x801'1af5    0x4a  Code  Lc  peref_display.o [5]
PwmDeltat               0x2000'1afc     0x4  Data  Gb  g_Core.o [3]
PwmFreq                 0x2000'1af8     0x4  Data  Gb  g_Core.o [3]
RCCEx_PLL2_Config        0x800'7641   0x130  Code  Lc  stm32h7xx_hal_rcc_ex.o [8]
RCCEx_PLL3_Config        0x800'7779   0x130  Code  Lc  stm32h7xx_hal_rcc_ex.o [8]
RTC_Bcd2ToByte           0x801'0bd9    0x16  Code  Gb  stm32h7xx_hal_rtc.o [8]
RTC_ByteToBcd2           0x801'0bbd    0x1c  Code  Gb  stm32h7xx_hal_rtc.o [8]
RTC_DefMaxDay            0x800'9ba7    0x3e  Code  Gb  peref_Clock.o [5]
RTC_EnterInitMode        0x801'0aff    0x44  Code  Gb  stm32h7xx_hal_rtc.o [8]
RTC_ExitInitMode         0x801'0b43    0x62  Code  Gb  stm32h7xx_hal_rtc.o [8]
ReWriteParams            0x800'9d81     0x2  Code  Gb  g_Ram.o [4]
ReadDcrFull              0x800'9463    0x3e  Code  Lc  core_Menu.o [3]
ReadWriteAllParams       0x800'97ad    0x96  Code  Gb  core_Menu.o [3]
ReadWriteEeprom          0x800'9ca7    0x2e  Code  Gb  stat.o [6]
RefreshParams            0x800'9d83     0x2  Code  Gb  g_Ram.o [4]
Region$$Table$$Base      0x801'3574           --   Gb  - Linker created -
Region$$Table$$Limit     0x801'3598           --   Gb  - Linker created -
RtcControl               0x800'eda1   0x116  Code  Gb  peref.o [5]
RtcControl::PrevDate    0x2000'1b38     0x4  Data  Lc  peref.o [5]
RtcControl::PrevTime    0x2000'1b34     0x4  Data  Lc  peref.o [5]
RtcStart                0x2000'1b4a     0x1  Data  Gb  peref.o [5]
RtcUpdateFlag           0x2000'1b30     0x4  Data  Gb  peref.o [5]
SPI1_IRQHandler          0x801'33f5     0xa  Code  Gb  stm32h7xx_it.o [2]
SPI6_IRQHandler          0x801'33ff     0xa  Code  Gb  stm32h7xx_it.o [2]
SPI_CloseTransfer        0x800'b271    0xce  Code  Lc  stm32h7xx_hal_spi.o [8]
SPI_DMAAbortOnError      0x800'b1c5    0x20  Code  Lc  stm32h7xx_hal_spi.o [8]
SPI_GetPacketSize        0x800'b38d    0x16  Code  Lc  stm32h7xx_hal_spi.o [8]
SPI_TxISR_16BIT          0x800'b215    0x2e  Code  Lc  stm32h7xx_hal_spi.o [8]
SPI_TxISR_32BIT          0x800'b243    0x2e  Code  Lc  stm32h7xx_hal_spi.o [8]
SPI_TxISR_8BIT           0x800'b1e5    0x30  Code  Lc  stm32h7xx_hal_spi.o [8]
SPI_WaitOnFlagUntilTimeout
                         0x800'b349    0x44  Code  Lc  stm32h7xx_hal_spi.o [8]
SVC_Handler              0x801'339b     0x2  Code  Gb  stm32h7xx_it.o [2]
SelectGroup              0x800'8529    0xe0  Code  Gb  core_Menu.o [3]
SelectParam              0x800'8609    0x5e  Code  Gb  core_Menu.o [3]
SendData                 0x801'1a7b    0x78  Code  Lc  peref_display.o [5]
SetDefaultValues         0x800'969b   0x110  Code  Gb  core_Menu.o [3]
SetDefaultValues::DefAddr
                        0x2000'1af0     0x4  Data  Lc  core_Menu.o [3]
SetModBusParams          0x800'9843    0x52  Code  Gb  core_Menu.o [3]
ShowGroup                0x800'8ddf   0x138  Code  Lc  core_Menu.o [3]
ShowParam                0x800'9349    0x38  Code  Lc  core_Menu.o [3]
ShowStart                0x800'8d9d    0x42  Code  Gb  core_Menu.o [3]
ShowValue                0x800'8f91   0x3b8  Code  Lc  core_Menu.o [3]
SleepMode                0x800'8491    0x5a  Code  Gb  core_Menu.o [3]
SpeedRef                0x2000'1b00     0x4  Data  Gb  g_Core.o [3]
StartDispl               0x800'9381    0x44  Code  Gb  core_Menu.o [3]
StartState               0x800'84eb    0x3e  Code  Gb  core_Menu.o [3]
Stat_Init                0x800'9ca3     0x4  Code  Gb  stat.o [6]
StrToDec                 0x800'9aed    0x3a  Code  Gb  add_ValueConv.o [2]
Symbols                 0x2000'0084    0x70  Data  Lc  peref_display.o [5]
SysTick_Config           0x800'7fdf    0x30  Code  Lc  stm32h7xx_hal_cortex.o [8]
SysTick_Handler          0x801'33a1     0x8  Code  Gb  stm32h7xx_it.o [2]
SystemClock_Config       0x800'bdbb   0x110  Code  Gb  main.o [2]
SystemCoreClock         0x2000'0210     0x4  Data  Gb  system_stm32h7xx.o [7]
SystemD2Clock           0x2000'0214     0x4  Data  Gb  system_stm32h7xx.o [7]
SystemInit               0x801'3255    0xdc  Code  Gb  system_stm32h7xx.o [7]
TIM2_IRQHandler          0x801'33c7    0x2e  Code  Gb  stm32h7xx_it.o [2]
TIM_Base_SetConfig       0x800'f793    0xca  Code  Gb  stm32h7xx_hal_tim.o [8]
TIM_CCxChannelCmd        0x800'fbe7    0x24  Code  Gb  stm32h7xx_hal_tim.o [8]
TIM_CCxNChannelCmd       0x800'fe51    0x24  Code  Lc  stm32h7xx_hal_tim_ex.o [8]
TIM_ETR_SetConfig        0x800'fbd1    0x16  Code  Gb  stm32h7xx_hal_tim.o [8]
TIM_ITRx_SetConfig       0x800'fb87    0x10  Code  Lc  stm32h7xx_hal_tim.o [8]
TIM_OC1_SetConfig        0x800'f85d    0xa0  Code  Lc  stm32h7xx_hal_tim.o [8]
TIM_OC2_SetConfig        0x800'f8fd    0x92  Code  Gb  stm32h7xx_hal_tim.o [8]
TIM_OC3_SetConfig        0x800'f991    0x8e  Code  Lc  stm32h7xx_hal_tim.o [8]
TIM_OC4_SetConfig        0x800'fa1f    0x68  Code  Lc  stm32h7xx_hal_tim.o [8]
TIM_OC5_SetConfig        0x800'fa87    0x58  Code  Lc  stm32h7xx_hal_tim.o [8]
TIM_OC6_SetConfig        0x800'fadf    0x5a  Code  Lc  stm32h7xx_hal_tim.o [8]
TIM_TI1_ConfigInputStage
                         0x800'fb3d    0x24  Code  Lc  stm32h7xx_hal_tim.o [8]
TIM_TI2_ConfigInputStage
                         0x800'fb61    0x26  Code  Lc  stm32h7xx_hal_tim.o [8]
Task10Hz                0x2000'00f4    0x48  Data  Gb  g_InterruptUpdate.o [4]
Task18kHz               0x2000'01a4    0x18  Data  Gb  g_InterruptUpdate.o [4]
Task200Hz               0x2000'01bc    0x18  Data  Gb  g_InterruptUpdate.o [4]
Task2kHz                0x2000'01d4     0xc  Data  Gb  g_InterruptUpdate.o [4]
Task50Hz                0x2000'0000    0x84  Data  Gb  g_InterruptUpdate.o [4]
TimeSeparator           0x2000'021a     0x1  Data  Gb  add_ValueConv.o [2]
TimeToStr                0x800'9a87    0x28  Code  Gb  add_ValueConv.o [2]
UARTEx_SetNbDataToProcess
                         0x801'154b    0x72  Code  Lc  stm32h7xx_hal_uart_ex.o [8]
UARTEx_SetNbDataToProcess::denominator
                         0x801'364c     0x8  Data  Lc  stm32h7xx_hal_uart_ex.o [8]
UARTEx_SetNbDataToProcess::numerator
                         0x801'3644     0x8  Data  Lc  stm32h7xx_hal_uart_ex.o [8]
UARTPrescTable           0x801'35fc    0x18  Data  Gb  stm32h7xx_hal_uart.o [8]
UART_AdvFeatureConfig    0x801'120f    0xda  Code  Gb  stm32h7xx_hal_uart.o [8]
UART_CheckIdleState      0x801'12e9    0x72  Code  Gb  stm32h7xx_hal_uart.o [8]
UART_SetConfig           0x801'0c6f   0x59e  Code  Gb  stm32h7xx_hal_uart.o [8]
UART_WaitOnFlagUntilTimeout
                         0x801'135b    0xba  Code  Gb  stm32h7xx_hal_uart.o [8]
UpdateCode               0x800'93c5    0x9e  Code  Gb  core_Menu.o [3]
UsageFault_Handler       0x801'3399     0x2  Code  Gb  stm32h7xx_it.o [2]
WINSTAR_RusTable        0x2000'013c    0x44  Data  Lc  peref_display.o [5]
WriteValue               0x800'950f    0x84  Code  Gb  core_Menu.o [3]
__NVIC_EnableIRQ         0x800'7f51    0x20  Code  Lc  stm32h7xx_hal_cortex.o [8]
__NVIC_GetPriorityGrouping
                         0x800'7f43     0xc  Code  Lc  stm32h7xx_hal_cortex.o [8]
__NVIC_SetPriority       0x800'7f71    0x2c  Code  Lc  stm32h7xx_hal_cortex.o [8]
__NVIC_SetPriorityGrouping
                         0x800'7f21    0x22  Code  Lc  stm32h7xx_hal_cortex.o [8]
__aeabi_ldiv0            0x801'2205          Code  Gb  I64DivZer.o [11]
__aeabi_memcpy           0x800'9bfd          Code  Gb  ABImemcpy.o [11]
__aeabi_memcpy4          0x800'9c1d          Code  Gb  ABImemcpy.o [11]
__aeabi_memcpy8          0x800'9c1d          Code  Gb  ABImemcpy.o [11]
__aeabi_memset           0x800'98d9          Code  Gb  ABImemset.o [11]
__aeabi_uldivmod         0x801'1fb5          Code  Gb  I64DivMod.o [11]
__cmain                  0x801'3599          Code  Gb  cmain.o [11]
__exit                   0x801'35cd    0x14  Code  Gb  exit.o [12]
__iar_Memset             0x800'98d9          Code  Gb  ABImemset.o [11]
__iar_Memset_word        0x800'98e1          Code  Gb  ABImemset.o [11]
__iar_Sin32              0x801'15d9   0x18c  Code  Lc  cos_sin32.o [10]
__iar_Strchr             0x800'9be5          Code  Gb  strchr.o [11]
__iar_copy_init3         0x800'993f    0x2a  Code  Gb  copy_init3.o [11]
__iar_cos32              0x801'17a5     0x4  Code  Gb  cos_sin32.o [10]
__iar_cos_medium32       0x801'17a5     0x4  Code  Gb  cos_sin32.o [10]
__iar_cos_mediumf        0x801'17a5     0x4  Code  Gb  cos_sin32.o [10]
__iar_data_init3         0x801'3529    0x28  Code  Gb  data_init.o [11]
__iar_fmax64             0x801'17d9          Code  Gb  fmax.o [10]
__iar_fmin64             0x801'17ad          Code  Gb  fmin.o [10]
__iar_init_vfp           0x801'3551          Code  Gb  fpinit_M.o [10]
__iar_program_start      0x801'35e1          Code  Gb  cstartup_M.o [11]
__iar_sin32              0x801'17a9     0x4  Code  Gb  cos_sin32.o [10]
__iar_sin_medium32       0x801'17a9     0x4  Code  Gb  cos_sin32.o [10]
__iar_sin_mediumf        0x801'17a9     0x4  Code  Gb  cos_sin32.o [10]
__iar_sqrt64             0x801'21e5          Code  Gb  sqrt.o [10]
__iar_zero_init3         0x801'34f1    0x38  Code  Gb  zero_init3.o [11]
__low_level_init         0x801'35b7     0x4  Code  Gb  low_level_init.o [9]
__vector_table           0x800'0000          Data  Gb  startup_stm32h743xx.o [1]
_call_main               0x801'35a5          Code  Gb  cmain.o [11]
_exit                    0x801'35c1          Code  Gb  cexit.o [11]
a                       0x2000'1aec     0x4  Data  Gb  core_Menu.o [3]
abs                      0x801'1f99     0x8  Code  Gb  abs.o [9]
addr                    0x2000'1b46     0x2  Data  Gb  peref.o [5]
addrtmp                 0x2000'1af4     0x4  Data  Gb  core_Menu.o [3]
addrtmp2                0x2000'1ae8     0x4  Data  Gb  core_Menu.o [3]
core18kHZupdate          0x800'dd1b   0x15a  Code  Gb  g_Core.o [3]
coreTLocalControl        0x800'e529   0x19e  Code  Gb  g_Core.o [3]
coreTLocalControl::prevHalls
                        0x2000'1b0c     0x4  Data  Lc  g_Core.o [3]
coreTLocalControl::readyForNewCmd
                        0x2000'021c     0x1  Data  Lc  g_Core.o [3]
coreTS                   0x800'e42f    0xf2  Code  Gb  g_Core.o [3]
coreTU                   0x800'e3f7    0x38  Code  Gb  g_Core.o [3]
corr                    0x2000'01e4     0x4  Data  Gb  g_Core.o [3]
cosf                     0x801'17a5     0x4  Code  Gb  cos_sin32.o [10]
count                   0x2000'1b48     0x2  Data  Gb  peref.o [5]
count18kHz              0x2000'1b10     0x4  Data  Gb  g_InterruptUpdate.o [4]
count200Hz              0x2000'1b18     0x4  Data  Gb  g_InterruptUpdate.o [4]
count2kHz               0x2000'1b14     0x4  Data  Gb  g_InterruptUpdate.o [4]
count50Hz               0x2000'1b1c     0x4  Data  Gb  g_InterruptUpdate.o [4]
exit                     0x801'35bb     0x4  Code  Gb  exit.o [9]
fgf                     0x2000'01e8     0x4  Data  Gb  g_Core.o [3]
fmax                     0x801'17d9          Code  Gb  fmax.o [10]
fmaxl                    0x801'17d9          Code  Gb  fmax.o [10]
fmin                     0x801'17ad          Code  Gb  fmin.o [10]
fminl                    0x801'17ad          Code  Gb  fmin.o [10]
g_Core                  0x2000'0d8c   0x48c  Data  Gb  g_Core.o [3]
g_Peref                 0x2000'08e0   0x4ac  Data  Gb  peref.o [5]
g_Ram                   0x2000'0220   0x6c0  Data  Gb  g_Ram.o [4]
g_Ram_Init               0x800'9cd5    0x30  Code  Gb  g_Ram.o [4]
g_Ram_Update             0x800'9d05    0x66  Code  Gb  g_Ram.o [4]
g_Stat                  0x2000'1430    0xc0  Data  Gb  stat.o [6]
groups                   0x801'3450    0xa0  Data  Gb  core_Menu.o [3]
hadc1                   0x2000'1930    0x64  Data  Gb  main.o [2]
hadc3                   0x2000'1994    0x64  Data  Gb  main.o [2]
hdma_adc1               0x2000'1840    0x78  Data  Gb  main.o [2]
hdma_adc3               0x2000'18b8    0x78  Data  Gb  main.o [2]
hrtc                    0x2000'1ac4    0x24  Data  Gb  main.o [2]
hspi1                   0x2000'1730    0x88  Data  Gb  main.o [2]
hspi6                   0x2000'17b8    0x88  Data  Gb  main.o [2]
htim1                   0x2000'19f8    0x4c  Data  Gb  main.o [2]
htim2                   0x2000'1a44    0x4c  Data  Gb  main.o [2]
huart3                  0x2000'16a0    0x90  Data  Gb  main.o [2]
huart4                  0x2000'14f0    0x90  Data  Gb  main.o [2]
huart5                  0x2000'1580    0x90  Data  Gb  main.o [2]
huart8                  0x2000'1610    0x90  Data  Gb  main.o [2]
interp2D_calc            0x800'e245    0xc6  Code  Gb  g_Core.o [3]
ipark_calc               0x800'e30d    0x6a  Code  Gb  g_Core.o [3]
main                     0x800'bc8d   0x12e  Code  Gb  main.o [2]
memtemp                 0x2000'1b44     0x2  Data  Gb  peref.o [5]
menu                    0x2000'1218   0x218  Data  Gb  core_Menu.o [3]
params                   0x800'0298  0x3c9c  Data  Gb  core_Menu.o [3]
park_calc                0x800'e379    0x7e  Code  Gb  g_Core.o [3]
peref_18KHzCalc          0x800'eac7    0xae  Code  Gb  peref.o [5]
peref_200HzCalc          0x800'eb77    0x90  Code  Gb  peref.o [5]
peref_2KHzCalc           0x800'eb75     0x2  Code  Gb  peref.o [5]
peref_50HzCalc           0x800'ec07     0x2  Code  Gb  peref.o [5]
peref_74HC595D           0x800'eeb7    0x40  Code  Gb  peref.o [5]
peref_ApFilter1Calc      0x801'1bfb    0x22  Code  Gb  peref_ApFilter1.o [5]
peref_ApFilter1Init      0x801'1ba9    0x52  Code  Gb  peref_ApFilter1.o [5]
peref_Init               0x800'e735   0x392  Code  Gb  peref.o [5]
pwm_calc                 0x800'e051    0xea  Code  Gb  g_Core.o [3]
rampgen_calc             0x800'e13b    0xd6  Code  Gb  g_Core.o [3]
sinf                     0x801'17a9     0x4  Code  Gb  cos_sin32.o [10]
sqrt                     0x801'21e5          Code  Gb  sqrt.o [10]
sqrtl                    0x801'21e5          Code  Gb  sqrt.o [10]
strchr                   0x800'9be5          Code  Gb  strchr.o [11]
strcmp                   0x800'9b95          Code  Gb  strcmp.o [11]
strcpy                   0x800'98c1          Code  Gb  strcpy.o [11]
strlen                   0x800'9b5d          Code  Gb  strlen.o [11]
svgendq3ph_calc          0x800'de85   0x1c6  Code  Gb  g_Core.o [3]
tim1data                0x2000'1b08     0x4  Data  Gb  g_Core.o [3]
tskCnt10Hz              0x2000'1b2c     0x4  Data  Gb  g_InterruptUpdate.o [4]
tskCnt200Hz             0x2000'1b24     0x4  Data  Gb  g_InterruptUpdate.o [4]
tskCnt2kHz              0x2000'1b20     0x4  Data  Gb  g_InterruptUpdate.o [4]
tskCnt50Hz              0x2000'1b28     0x4  Data  Gb  g_InterruptUpdate.o [4]
tskMaxCnt10Hz           0x2000'01fc     0x4  Data  Gb  g_InterruptUpdate.o [4]
tskMaxCnt18kHz          0x2000'01ec     0x4  Data  Gb  g_InterruptUpdate.o [4]
tskMaxCnt200Hz          0x2000'01f4     0x4  Data  Gb  g_InterruptUpdate.o [4]
tskMaxCnt2kHz           0x2000'01f0     0x4  Data  Gb  g_InterruptUpdate.o [4]
tskMaxCnt50Hz           0x2000'01f8     0x4  Data  Gb  g_InterruptUpdate.o [4]
uwTick                  0x2000'1b3c     0x4  Data  Gb  stm32h7xx_hal.o [8]
uwTickFreq              0x2000'021d     0x1  Data  Gb  stm32h7xx_hal.o [8]
uwTickPrio              0x2000'020c     0x4  Data  Gb  stm32h7xx_hal.o [8]
values                   0x801'2208   0xe50  Data  Gb  core_Menu.o [3]


[1] = C:\work\ebu6\EBU6\EWARM\EBU6\Obj\Application\EWARM
[2] = C:\work\ebu6\EBU6\EWARM\EBU6\Obj\Application\User\Core
[3] = C:\work\ebu6\EBU6\EWARM\EBU6\Obj\Application\User\Core\Core
[4] = C:\work\ebu6\EBU6\EWARM\EBU6\Obj\Application\User\Core\Global
[5] = C:\work\ebu6\EBU6\EWARM\EBU6\Obj\Application\User\Core\Peref
[6] = C:\work\ebu6\EBU6\EWARM\EBU6\Obj\Application\User\Core\Stat
[7] = C:\work\ebu6\EBU6\EWARM\EBU6\Obj\Drivers\CMSIS
[8] = C:\work\ebu6\EBU6\EWARM\EBU6\Obj\Drivers\STM32H7xx_HAL_Driver
[9] = dl7M_tln.a
[10] = m7M_tlv.a
[11] = rt7M_tl.a
[12] = shb_l.a

  60'520 bytes of readonly  code memory
  19'996 bytes of readonly  data memory
  15'177 bytes of readwrite data memory

Errors: none
Warnings: none
