###############################################################################
#
# IAR ELF Linker V9.10.2.313/W64 for ARM                  15/Jul/2022  14:46:34
# Copyright 2007-2021 IAR Systems AB.
#
#    Output file  =  D:\WorkOther\EBU6\EWARM\EBU6\Exe\EBU6.out
#    Map file     =  D:\WorkOther\EBU6\EWARM\EBU6\List\EBU6.map
#    Command line =
#        -f D:\WorkOther\EBU6\EWARM\EBU6\Exe\EBU6.out.rsp
#        (D:\WorkOther\EBU6\EWARM\EBU6\Obj\Application\User\Core\add_ValueConv.o
#        D:\WorkOther\EBU6\EWARM\EBU6\Obj\Application\User\Core\Peref\CMS58M.o
#        D:\WorkOther\EBU6\EWARM\EBU6\Obj\Application\User\Core\Comm\comm.o
#        D:\WorkOther\EBU6\EWARM\EBU6\Obj\Application\User\Core\Comm\comm_ModbusRtu.o
#        D:\WorkOther\EBU6\EWARM\EBU6\Obj\Application\User\Core\Comm\comm_SerialComm.o
#        D:\WorkOther\EBU6\EWARM\EBU6\Obj\Application\User\Core\Core\core_InverterControl.o
#        D:\WorkOther\EBU6\EWARM\EBU6\Obj\Application\User\Core\Core\core_Menu.o
#        D:\WorkOther\EBU6\EWARM\EBU6\Obj\Application\User\Core\Core\core_Protections.o
#        D:\WorkOther\EBU6\EWARM\EBU6\Obj\Application\User\Core\Core\core_VlvDrvCtrl.o
#        D:\WorkOther\EBU6\EWARM\EBU6\Obj\Application\User\Core\Core\g_Core.o
#        D:\WorkOther\EBU6\EWARM\EBU6\Obj\Application\User\Core\Global\g_InterruptUpdate.o
#        D:\WorkOther\EBU6\EWARM\EBU6\Obj\Application\User\Core\Global\g_Ram.o
#        D:\WorkOther\EBU6\EWARM\EBU6\Obj\Application\User\Core\main.o
#        D:\WorkOther\EBU6\EWARM\EBU6\Obj\Application\User\Core\Peref\peref.o
#        D:\WorkOther\EBU6\EWARM\EBU6\Obj\Application\User\Core\Peref\peref_ApFilter1.o
#        D:\WorkOther\EBU6\EWARM\EBU6\Obj\Application\User\Core\Peref\peref_ApFilter3.o
#        D:\WorkOther\EBU6\EWARM\EBU6\Obj\Application\User\Core\Peref\peref_Calibs.o
#        D:\WorkOther\EBU6\EWARM\EBU6\Obj\Application\User\Core\Peref\peref_Clock.o
#        D:\WorkOther\EBU6\EWARM\EBU6\Obj\Application\User\Core\Peref\peref_display.o
#        D:\WorkOther\EBU6\EWARM\EBU6\Obj\Application\User\Core\Peref\peref_SensObserver.o
#        D:\WorkOther\EBU6\EWARM\EBU6\Obj\Application\User\Core\Peref\peref_SinObserver.o
#        D:\WorkOther\EBU6\EWARM\EBU6\Obj\Application\EWARM\startup_stm32h743xx.o
#        D:\WorkOther\EBU6\EWARM\EBU6\Obj\Application\User\Core\Stat\stat.o
#        D:\WorkOther\EBU6\EWARM\EBU6\Obj\Application\User\Core\Stat\stat_fm25v10.o
#        D:\WorkOther\EBU6\EWARM\EBU6\Obj\Drivers\STM32H7xx_HAL_Driver\stm32h7xx_hal.o
#        D:\WorkOther\EBU6\EWARM\EBU6\Obj\Drivers\STM32H7xx_HAL_Driver\stm32h7xx_hal_adc.o
#        D:\WorkOther\EBU6\EWARM\EBU6\Obj\Drivers\STM32H7xx_HAL_Driver\stm32h7xx_hal_adc_ex.o
#        D:\WorkOther\EBU6\EWARM\EBU6\Obj\Drivers\STM32H7xx_HAL_Driver\stm32h7xx_hal_cortex.o
#        D:\WorkOther\EBU6\EWARM\EBU6\Obj\Drivers\STM32H7xx_HAL_Driver\stm32h7xx_hal_dma.o
#        D:\WorkOther\EBU6\EWARM\EBU6\Obj\Drivers\STM32H7xx_HAL_Driver\stm32h7xx_hal_dma_ex.o
#        D:\WorkOther\EBU6\EWARM\EBU6\Obj\Drivers\STM32H7xx_HAL_Driver\stm32h7xx_hal_exti.o
#        D:\WorkOther\EBU6\EWARM\EBU6\Obj\Drivers\STM32H7xx_HAL_Driver\stm32h7xx_hal_fdcan.o
#        D:\WorkOther\EBU6\EWARM\EBU6\Obj\Drivers\STM32H7xx_HAL_Driver\stm32h7xx_hal_flash.o
#        D:\WorkOther\EBU6\EWARM\EBU6\Obj\Drivers\STM32H7xx_HAL_Driver\stm32h7xx_hal_flash_ex.o
#        D:\WorkOther\EBU6\EWARM\EBU6\Obj\Drivers\STM32H7xx_HAL_Driver\stm32h7xx_hal_gpio.o
#        D:\WorkOther\EBU6\EWARM\EBU6\Obj\Drivers\STM32H7xx_HAL_Driver\stm32h7xx_hal_hrtim.o
#        D:\WorkOther\EBU6\EWARM\EBU6\Obj\Drivers\STM32H7xx_HAL_Driver\stm32h7xx_hal_hsem.o
#        D:\WorkOther\EBU6\EWARM\EBU6\Obj\Drivers\STM32H7xx_HAL_Driver\stm32h7xx_hal_i2c.o
#        D:\WorkOther\EBU6\EWARM\EBU6\Obj\Drivers\STM32H7xx_HAL_Driver\stm32h7xx_hal_i2c_ex.o
#        D:\WorkOther\EBU6\EWARM\EBU6\Obj\Drivers\STM32H7xx_HAL_Driver\stm32h7xx_hal_mdma.o
#        D:\WorkOther\EBU6\EWARM\EBU6\Obj\Application\User\Core\stm32h7xx_hal_msp.o
#        D:\WorkOther\EBU6\EWARM\EBU6\Obj\Drivers\STM32H7xx_HAL_Driver\stm32h7xx_hal_pwr.o
#        D:\WorkOther\EBU6\EWARM\EBU6\Obj\Drivers\STM32H7xx_HAL_Driver\stm32h7xx_hal_pwr_ex.o
#        D:\WorkOther\EBU6\EWARM\EBU6\Obj\Drivers\STM32H7xx_HAL_Driver\stm32h7xx_hal_rcc.o
#        D:\WorkOther\EBU6\EWARM\EBU6\Obj\Drivers\STM32H7xx_HAL_Driver\stm32h7xx_hal_rcc_ex.o
#        D:\WorkOther\EBU6\EWARM\EBU6\Obj\Drivers\STM32H7xx_HAL_Driver\stm32h7xx_hal_rtc.o
#        D:\WorkOther\EBU6\EWARM\EBU6\Obj\Drivers\STM32H7xx_HAL_Driver\stm32h7xx_hal_rtc_ex.o
#        D:\WorkOther\EBU6\EWARM\EBU6\Obj\Drivers\STM32H7xx_HAL_Driver\stm32h7xx_hal_spi.o
#        D:\WorkOther\EBU6\EWARM\EBU6\Obj\Drivers\STM32H7xx_HAL_Driver\stm32h7xx_hal_spi_ex.o
#        D:\WorkOther\EBU6\EWARM\EBU6\Obj\Drivers\STM32H7xx_HAL_Driver\stm32h7xx_hal_tim.o
#        D:\WorkOther\EBU6\EWARM\EBU6\Obj\Drivers\STM32H7xx_HAL_Driver\stm32h7xx_hal_tim_ex.o
#        D:\WorkOther\EBU6\EWARM\EBU6\Obj\Drivers\STM32H7xx_HAL_Driver\stm32h7xx_hal_uart.o
#        D:\WorkOther\EBU6\EWARM\EBU6\Obj\Drivers\STM32H7xx_HAL_Driver\stm32h7xx_hal_uart_ex.o
#        D:\WorkOther\EBU6\EWARM\EBU6\Obj\Application\User\Core\stm32h7xx_it.o
#        D:\WorkOther\EBU6\EWARM\EBU6\Obj\Drivers\CMSIS\system_stm32h7xx.o
#        --no_out_extension -o D:\WorkOther\EBU6\EWARM\EBU6\Exe\EBU6.out --map
#        D:\WorkOther\EBU6\EWARM\EBU6\List\EBU6.map --config "D:\Distr\IAR
#        Embedded Workbench for ARM v9.10.2
#        x64\arm\config\linker\ST\stm32h743xI.icf" --semihosting --entry
#        __iar_program_start --vfe --text_out locale)
#
###############################################################################

*******************************************************************************
*** RUNTIME MODEL ATTRIBUTES
***

CppFlavor       = *
__SystemLibrary = DLib
__dlib_version  = 6


*******************************************************************************
*** HEAP SELECTION
***

The basic heap was selected because no calls to memory allocation
functions were found in the application outside of system library
functions, and there are calls to deallocation functions in the
application.


*******************************************************************************
*** PLACEMENT SUMMARY
***

"A0":  place at address 0x800'0000 { ro section .intvec };
"P1":  place in [from 0x800'0000 to 0x80f'ffff repeat 2] { ro };
define block CSTACK with size = 8K, alignment = 8 { };
define block PROC_STACK with size = 0, alignment = 8 { };
"P4":  place in [from 0x2000'0000 to 0x2000'ffff repeat 2] {
          rw, section .dtcm_ram, block CSTACK, block PROC_STACK };
initialize by copy { rw };

No sections matched the following patterns:

  ro section application_specific_ro  in "P2|P8"
  rw section application_specific_rw  in "P2|P8"
  section .axi_sram                   in "P5"
  section .backup_sram                in "P7"
  section .dtcm_ram                   in "P4"
  section .sram                       in "P6"
  section .textrw                     in "P3"


  Section            Kind         Address      Size  Object
  -------            ----         -------      ----  ------
"A0":                                         0x298
  .intvec            ro code   0x800'0000     0x298  startup_stm32h743xx.o [1]
                             - 0x800'0298     0x298

"P1":                                      0x1'867f
  .rodata            const     0x800'0298    0x4ee4  core_Menu.o [4]
  .text              ro code   0x800'517c    0x1e54  stm32h7xx_hal_dma.o [9]
  .text              ro code   0x800'6fd0       0xc  stm32h7xx_hal.o [9]
  .text              ro code   0x800'6fdc    0x1b40  stm32h7xx_hal_rcc_ex.o [9]
  .text              ro code   0x800'8b1c     0x5f4  stm32h7xx_hal_rcc.o [9]
  .text              ro code   0x800'9110      0x58  stm32h7xx_hal.o [9]
  .text              ro code   0x800'9168     0x158  stm32h7xx_hal_cortex.o [9]
  .text              ro code   0x800'92c0    0x185c  core_Menu.o [4]
  .text              ro code   0x800'ab1c      0x18  strcpy.o [12]
  .text              ro code   0x800'ab34      0x66  ABImemset.o [12]
  .text              ro code   0x800'ab9c     0x1f2  add_ValueConv.o [2]
  .text              ro code   0x800'ad90      0x36  strlen.o [12]
  .text              ro code   0x800'adc8      0x12  strcmp.o [12]
  .text              ro code   0x800'adda      0x3e  peref_Clock.o [6]
  .text              ro code   0x800'ae18      0x16  strchr.o [12]
  .text              ro code   0x800'ae30      0xa6  ABImemcpy.o [12]
  .text              ro code   0x800'aed6      0x32  stat.o [7]
  .text              ro code   0x800'af08     0x150  g_Ram.o [5]
  .text              ro code   0x800'b058     0x2c4  stat_fm25v10.o [7]
  .text              ro code   0x800'b31c    0x1184  peref.o [6]
  .text              ro code   0x800'c4a0     0x2b4  stm32h7xx_hal_gpio.o [9]
  .text              ro code   0x800'c754     0xf2e  stm32h7xx_hal_spi.o [9]
  .text              ro code   0x800'd684     0x3a0  peref_display.o [6]
  .text              ro code   0x800'da24      0x74  peref_ApFilter1.o [6]
  .text              ro code   0x800'da98     0x2c8  peref_SensObserver.o [6]
  .text              ro code   0x800'dd60     0x16c  peref_SinObserver.o [6]
  .text              ro code   0x800'decc     0x28c  CMS58M.o [6]
  .text              ro code   0x800'e158     0x4ac  peref_Calibs.o [6]
  .text              ro code   0x800'e604     0x95c  stm32h7xx_hal_fdcan.o [9]
  .text              ro code   0x800'ef60       0x8  labs.o [10]
  .text              ro code   0x800'ef68       0x8  abs.o [10]
  .text              ro code   0x800'ef70     0x39a  stm32h7xx_hal_rtc.o [9]
  .text              ro code   0x800'f30c     0x908  stm32h7xx_hal_msp.o [2]
  .text              ro code   0x800'fc14       0x2  stm32h7xx_hal_spi.o [9]
  .text              ro code   0x800'fc16       0x2  stm32h7xx_hal_spi.o [9]
  .text              ro code   0x800'fc18       0x2  stm32h7xx_hal_spi.o [9]
  .text              ro code   0x800'fc1a       0x2  stm32h7xx_hal_spi.o [9]
  .text              ro code   0x800'fc1c      0x1e  sqrt.o [11]
  .text              ro code   0x800'fc3c      0x1e  sqrtf.o [11]
  .text              ro code   0x800'fc5c    0x1118  main.o [2]
  .text              ro code   0x801'0d74      0xa8  stm32h7xx_hal.o [9]
  .text              ro code   0x801'0e1c    0x105c  stm32h7xx_hal_adc.o [9]
  .text              ro code   0x801'1e78    0x1624  g_Core.o [4]
  .text              ro code   0x801'349c       0x6  comm.o [3]
  .text              ro code   0x801'34a4     0xd1e  stm32h7xx_hal_tim.o [9]
  .text              ro code   0x801'41c4      0x64  stm32h7xx_hal_pwr_ex.o [9]
  .text              ro code   0x801'4228      0x14  stm32h7xx_hal_pwr.o [9]
  .text              ro code   0x801'423c     0x73c  stm32h7xx_hal_rcc.o [9]
  .text              ro code   0x801'4978     0x174  stm32h7xx_hal_adc_ex.o [9]
  .text              ro code   0x801'4aec     0x8ba  stm32h7xx_hal_hrtim.o [9]
  .text              ro code   0x801'53a8     0x2f4  stm32h7xx_hal_tim_ex.o [9]
  .text              ro code   0x801'569c     0x868  stm32h7xx_hal_uart.o [9]
  .text              ro code   0x801'5f04     0x16c  stm32h7xx_hal_uart_ex.o [9]
  .text              ro code   0x801'6070       0x2  stm32h7xx_hal_adc_ex.o [9]
  .text              ro code   0x801'6072       0x2  stm32h7xx_hal_adc.o [9]
  .text              ro code   0x801'6074       0x2  stm32h7xx_hal_adc_ex.o [9]
  .text              ro code   0x801'6076       0x2  stm32h7xx_hal_adc.o [9]
  .text              ro code   0x801'6078       0x2  stm32h7xx_hal_adc_ex.o [9]
  .text              ro code   0x801'607a       0x2  stm32h7xx_hal_adc_ex.o [9]
  .text              ro code   0x801'607c       0x2  stm32h7xx_hal_adc.o [9]
  .text              ro code   0x801'607e       0x2  stm32h7xx_hal_adc_ex.o [9]
  .text              ro code   0x801'6080       0x2  stm32h7xx_hal_adc.o [9]
  .text              ro code   0x801'6084      0xc4  core_Protections.o [4]
  .text              ro code   0x801'6148     0x5ae  core_VlvDrvCtrl.o [4]
  .text              ro code   0x801'66f8     0x1d4  cos_sin32.o [11]
  .text              ro code   0x801'68cc      0x2a  fmin.o [11]
  .text              ro code   0x801'68f8      0x2e  fmax.o [11]
  .text              ro code   0x801'6926       0x2  stm32h7xx_hal_tim.o [9]
  .text              ro code   0x801'6928       0x2  stm32h7xx_hal_tim.o [9]
  .text              ro code   0x801'692a       0x2  stm32h7xx_hal_tim.o [9]
  .text              ro code   0x801'692c       0x2  stm32h7xx_hal_tim.o [9]
  .text              ro code   0x801'692e       0x2  stm32h7xx_hal_tim.o [9]
  .text              ro code   0x801'6930       0x2  stm32h7xx_hal_tim_ex.o [9]
  .text              ro code   0x801'6932       0x2  stm32h7xx_hal_tim_ex.o [9]
  .text              ro code   0x801'6934       0x2  stm32h7xx_hal_tim.o [9]
  .text              ro code   0x801'6936       0x2  stm32h7xx_hal_tim_ex.o [9]
  .text              ro code   0x801'6938     0x230  I64DivMod.o [12]
  .text              ro code   0x801'6b68       0x2  I64DivZer.o [12]
  .rodata            const     0x801'6b6c     0xe50  core_Menu.o [4]
  .text              ro code   0x801'79bc     0x1fc  g_InterruptUpdate.o [5]
  .text              ro code   0x801'7bb8     0x1f0  lz77_init.o [12]
  .text              ro code   0x801'7da8       0x6  abort.o [10]
  .text              ro code   0x801'7db0      0x14  exit.o [13]
  .text              ro code   0x801'7dc4     0x198  comm_ModbusRtu.o [3]
  .text              ro code   0x801'7f5c     0x13c  system_stm32h7xx.o [8]
  .text              ro code   0x801'8098      0xa8  stm32h7xx_it.o [2]
  .text              ro code   0x801'8140      0x18  stm32h7xx_hal.o [9]
  .rodata            const     0x801'8158      0xa0  core_Menu.o [4]
  .rodata            const     0x801'81f8      0x4c  stm32h7xx_hal_fdcan.o [9]
  .text              ro code   0x801'8244      0x38  zero_init3.o [12]
  .text              ro code   0x801'827c      0x28  data_init.o [12]
  .text              ro code   0x801'82a4      0x22  fpinit_M.o [11]
  .iar.init_table    const     0x801'82c8      0x2c  - Linker created -
  .text              ro code   0x801'82f4      0x1e  cmain.o [12]
  .text              ro code   0x801'8312       0x4  low_level_init.o [10]
  .text              ro code   0x801'8316       0x4  exit.o [10]
  .text              ro code   0x801'831c       0xa  cexit.o [12]
  .text              ro code   0x801'8328      0x1c  cstartup_M.o [12]
  .rodata            const     0x801'8344      0x18  stm32h7xx_hal_uart.o [9]
  .rodata            const     0x801'835c      0x10  stm32h7xx_hal_fdcan.o [9]
  .rodata            const     0x801'836c      0x10  system_stm32h7xx.o [8]
  .text              ro code   0x801'837c      0x10  startup_stm32h743xx.o [1]
  .text              ro code   0x801'838c       0xc  comm_SerialComm.o [3]
  .rodata            const     0x801'8398       0x8  CMS58M.o [6]
  .rodata            const     0x801'83a0       0x8  core_Menu.o [4]
  .rodata            const     0x801'83a8       0x8  stm32h7xx_hal_dma.o [9]
  .rodata            const     0x801'83b0       0x8  stm32h7xx_hal_uart_ex.o [9]
  .rodata            const     0x801'83b8       0x8  stm32h7xx_hal_uart_ex.o [9]
  .rodata            const     0x801'83c0       0x4  CMS58M.o [6]
  .text              ro code   0x801'83c4       0x4  startup_stm32h743xx.o [1]
  .text              ro code   0x801'83c8       0x4  startup_stm32h743xx.o [1]
  .text              ro code   0x801'83cc       0x4  startup_stm32h743xx.o [1]
  .text              ro code   0x801'83d0       0x4  startup_stm32h743xx.o [1]
  .text              ro code   0x801'83d4       0x4  startup_stm32h743xx.o [1]
  .text              ro code   0x801'83d8       0x4  startup_stm32h743xx.o [1]
  .text              ro code   0x801'83dc       0x4  startup_stm32h743xx.o [1]
  .text              ro code   0x801'83e0       0x4  startup_stm32h743xx.o [1]
  .text              ro code   0x801'83e4       0x4  startup_stm32h743xx.o [1]
  .text              ro code   0x801'83e8       0x4  startup_stm32h743xx.o [1]
  .text              ro code   0x801'83ec       0x4  startup_stm32h743xx.o [1]
  .text              ro code   0x801'83f0       0x4  startup_stm32h743xx.o [1]
  .text              ro code   0x801'83f4       0x4  startup_stm32h743xx.o [1]
  .text              ro code   0x801'83f8       0x4  startup_stm32h743xx.o [1]
  .text              ro code   0x801'83fc       0x4  startup_stm32h743xx.o [1]
  .text              ro code   0x801'8400       0x4  startup_stm32h743xx.o [1]
  .text              ro code   0x801'8404       0x4  startup_stm32h743xx.o [1]
  .text              ro code   0x801'8408       0x4  startup_stm32h743xx.o [1]
  .text              ro code   0x801'840c       0x4  startup_stm32h743xx.o [1]
  .text              ro code   0x801'8410       0x4  startup_stm32h743xx.o [1]
  .text              ro code   0x801'8414       0x4  startup_stm32h743xx.o [1]
  .text              ro code   0x801'8418       0x4  startup_stm32h743xx.o [1]
  .text              ro code   0x801'841c       0x4  startup_stm32h743xx.o [1]
  .text              ro code   0x801'8420       0x4  startup_stm32h743xx.o [1]
  .text              ro code   0x801'8424       0x4  startup_stm32h743xx.o [1]
  .text              ro code   0x801'8428       0x4  startup_stm32h743xx.o [1]
  .text              ro code   0x801'842c       0x4  startup_stm32h743xx.o [1]
  .text              ro code   0x801'8430       0x4  startup_stm32h743xx.o [1]
  .text              ro code   0x801'8434       0x4  startup_stm32h743xx.o [1]
  .text              ro code   0x801'8438       0x4  startup_stm32h743xx.o [1]
  .text              ro code   0x801'843c       0x4  startup_stm32h743xx.o [1]
  .text              ro code   0x801'8440       0x4  startup_stm32h743xx.o [1]
  .text              ro code   0x801'8444       0x4  startup_stm32h743xx.o [1]
  .text              ro code   0x801'8448       0x4  startup_stm32h743xx.o [1]
  .text              ro code   0x801'844c       0x4  startup_stm32h743xx.o [1]
  .text              ro code   0x801'8450       0x4  startup_stm32h743xx.o [1]
  .text              ro code   0x801'8454       0x4  startup_stm32h743xx.o [1]
  .text              ro code   0x801'8458       0x4  startup_stm32h743xx.o [1]
  .text              ro code   0x801'845c       0x4  startup_stm32h743xx.o [1]
  .text              ro code   0x801'8460       0x4  startup_stm32h743xx.o [1]
  .text              ro code   0x801'8464       0x4  startup_stm32h743xx.o [1]
  .text              ro code   0x801'8468       0x4  startup_stm32h743xx.o [1]
  .text              ro code   0x801'846c       0x4  startup_stm32h743xx.o [1]
  .text              ro code   0x801'8470       0x4  startup_stm32h743xx.o [1]
  .text              ro code   0x801'8474       0x4  startup_stm32h743xx.o [1]
  .text              ro code   0x801'8478       0x4  startup_stm32h743xx.o [1]
  .text              ro code   0x801'847c       0x4  startup_stm32h743xx.o [1]
  .text              ro code   0x801'8480       0x4  startup_stm32h743xx.o [1]
  .text              ro code   0x801'8484       0x4  startup_stm32h743xx.o [1]
  .text              ro code   0x801'8488       0x4  startup_stm32h743xx.o [1]
  .text              ro code   0x801'848c       0x4  startup_stm32h743xx.o [1]
  .text              ro code   0x801'8490       0x4  startup_stm32h743xx.o [1]
  .text              ro code   0x801'8494       0x4  startup_stm32h743xx.o [1]
  .text              ro code   0x801'8498       0x4  startup_stm32h743xx.o [1]
  .text              ro code   0x801'849c       0x4  startup_stm32h743xx.o [1]
  .text              ro code   0x801'84a0       0x4  startup_stm32h743xx.o [1]
  .text              ro code   0x801'84a4       0x4  startup_stm32h743xx.o [1]
  .text              ro code   0x801'84a8       0x4  startup_stm32h743xx.o [1]
  .text              ro code   0x801'84ac       0x4  startup_stm32h743xx.o [1]
  .text              ro code   0x801'84b0       0x4  startup_stm32h743xx.o [1]
  .text              ro code   0x801'84b4       0x4  startup_stm32h743xx.o [1]
  .text              ro code   0x801'84b8       0x4  startup_stm32h743xx.o [1]
  .text              ro code   0x801'84bc       0x4  startup_stm32h743xx.o [1]
  .text              ro code   0x801'84c0       0x4  startup_stm32h743xx.o [1]
  .text              ro code   0x801'84c4       0x4  startup_stm32h743xx.o [1]
  .text              ro code   0x801'84c8       0x4  startup_stm32h743xx.o [1]
  .text              ro code   0x801'84cc       0x4  startup_stm32h743xx.o [1]
  .text              ro code   0x801'84d0       0x4  startup_stm32h743xx.o [1]
  .text              ro code   0x801'84d4       0x4  startup_stm32h743xx.o [1]
  .text              ro code   0x801'84d8       0x4  startup_stm32h743xx.o [1]
  .text              ro code   0x801'84dc       0x4  startup_stm32h743xx.o [1]
  .text              ro code   0x801'84e0       0x4  startup_stm32h743xx.o [1]
  .text              ro code   0x801'84e4       0x4  startup_stm32h743xx.o [1]
  .text              ro code   0x801'84e8       0x4  startup_stm32h743xx.o [1]
  .text              ro code   0x801'84ec       0x4  startup_stm32h743xx.o [1]
  .text              ro code   0x801'84f0       0x4  startup_stm32h743xx.o [1]
  .text              ro code   0x801'84f4       0x4  startup_stm32h743xx.o [1]
  .text              ro code   0x801'84f8       0x4  startup_stm32h743xx.o [1]
  .text              ro code   0x801'84fc       0x4  startup_stm32h743xx.o [1]
  .text              ro code   0x801'8500       0x4  startup_stm32h743xx.o [1]
  .text              ro code   0x801'8504       0x4  startup_stm32h743xx.o [1]
  .text              ro code   0x801'8508       0x4  startup_stm32h743xx.o [1]
  .text              ro code   0x801'850c       0x4  startup_stm32h743xx.o [1]
  .text              ro code   0x801'8510       0x4  startup_stm32h743xx.o [1]
  .text              ro code   0x801'8514       0x4  startup_stm32h743xx.o [1]
  .text              ro code   0x801'8518       0x4  startup_stm32h743xx.o [1]
  .text              ro code   0x801'851c       0x4  startup_stm32h743xx.o [1]
  .text              ro code   0x801'8520       0x4  startup_stm32h743xx.o [1]
  .text              ro code   0x801'8524       0x4  startup_stm32h743xx.o [1]
  .text              ro code   0x801'8528       0x4  startup_stm32h743xx.o [1]
  .text              ro code   0x801'852c       0x4  startup_stm32h743xx.o [1]
  .text              ro code   0x801'8530       0x4  startup_stm32h743xx.o [1]
  .text              ro code   0x801'8534       0x4  startup_stm32h743xx.o [1]
  .text              ro code   0x801'8538       0x4  startup_stm32h743xx.o [1]
  .text              ro code   0x801'853c       0x4  startup_stm32h743xx.o [1]
  .text              ro code   0x801'8540       0x4  startup_stm32h743xx.o [1]
  .text              ro code   0x801'8544       0x4  startup_stm32h743xx.o [1]
  .text              ro code   0x801'8548       0x4  startup_stm32h743xx.o [1]
  .text              ro code   0x801'854c       0x4  startup_stm32h743xx.o [1]
  .text              ro code   0x801'8550       0x4  startup_stm32h743xx.o [1]
  .text              ro code   0x801'8554       0x4  startup_stm32h743xx.o [1]
  .text              ro code   0x801'8558       0x4  startup_stm32h743xx.o [1]
  .text              ro code   0x801'855c       0x4  startup_stm32h743xx.o [1]
  .text              ro code   0x801'8560       0x4  startup_stm32h743xx.o [1]
  .text              ro code   0x801'8564       0x4  startup_stm32h743xx.o [1]
  .text              ro code   0x801'8568       0x4  startup_stm32h743xx.o [1]
  .text              ro code   0x801'856c       0x4  startup_stm32h743xx.o [1]
  .text              ro code   0x801'8570       0x4  startup_stm32h743xx.o [1]
  .text              ro code   0x801'8574       0x4  startup_stm32h743xx.o [1]
  .text              ro code   0x801'8578       0x4  startup_stm32h743xx.o [1]
  .text              ro code   0x801'857c       0x4  startup_stm32h743xx.o [1]
  .text              ro code   0x801'8580       0x4  startup_stm32h743xx.o [1]
  .text              ro code   0x801'8584       0x4  startup_stm32h743xx.o [1]
  .text              ro code   0x801'8588       0x4  startup_stm32h743xx.o [1]
  .text              ro code   0x801'858c       0x4  startup_stm32h743xx.o [1]
  .text              ro code   0x801'8590       0x4  startup_stm32h743xx.o [1]
  .text              ro code   0x801'8594       0x4  startup_stm32h743xx.o [1]
  .text              ro code   0x801'8598       0x4  startup_stm32h743xx.o [1]
  .text              ro code   0x801'859c       0x4  startup_stm32h743xx.o [1]
  .text              ro code   0x801'85a0       0x4  startup_stm32h743xx.o [1]
  .text              ro code   0x801'85a4       0x4  startup_stm32h743xx.o [1]
  .text              ro code   0x801'85a8       0x4  startup_stm32h743xx.o [1]
  .text              ro code   0x801'85ac       0x4  startup_stm32h743xx.o [1]
  .text              ro code   0x801'85b0       0x4  startup_stm32h743xx.o [1]
  .text              ro code   0x801'85b4       0x4  startup_stm32h743xx.o [1]
  .text              ro code   0x801'85b8       0x4  startup_stm32h743xx.o [1]
  .text              ro code   0x801'85bc       0x4  startup_stm32h743xx.o [1]
  .text              ro code   0x801'85c0       0x4  startup_stm32h743xx.o [1]
  .text              ro code   0x801'85c4       0x4  startup_stm32h743xx.o [1]
  .text              ro code   0x801'85c8       0x4  startup_stm32h743xx.o [1]
  .text              ro code   0x801'85cc       0x4  startup_stm32h743xx.o [1]
  .text              ro code   0x801'85d0       0x4  startup_stm32h743xx.o [1]
  .rodata            const     0x801'85d4       0x0  zero_init3.o [12]
  .rodata            const     0x801'85d4       0x0  lz77_init.o [12]
  Initializer bytes  const     0x801'85d4     0x343  <for P4 s0>
                             - 0x801'8917  0x1'867f

"P4", part 1 of 3:                            0x543
  P4 s0                       0x2000'0000     0x543  <Init block>
    .data            inited   0x2000'0000     0x108  peref.o [6]
    .data            inited   0x2000'0108     0x108  peref.o [6]
    .data            inited   0x2000'0210      0xf0  g_InterruptUpdate.o [5]
    .data            inited   0x2000'0300      0x84  g_InterruptUpdate.o [5]
    .data            inited   0x2000'0384      0x70  peref_display.o [6]
    .data            inited   0x2000'03f4      0x44  peref_display.o [6]
    .data            inited   0x2000'0438      0x30  g_InterruptUpdate.o [5]
    .data            inited   0x2000'0468      0x30  g_InterruptUpdate.o [5]
    .data            inited   0x2000'0498      0x24  g_InterruptUpdate.o [5]
    .data            inited   0x2000'04bc      0x24  peref.o [6]
    .data            inited   0x2000'04e0      0x18  stm32h7xx_hal_hrtim.o [9]
    .data            inited   0x2000'04f8       0x4  g_Core.o [4]
    .data            inited   0x2000'04fc       0x4  g_Core.o [4]
    .data            inited   0x2000'0500       0x4  g_Core.o [4]
    .data            inited   0x2000'0504       0x4  g_Core.o [4]
    .data            inited   0x2000'0508       0x4  g_InterruptUpdate.o [5]
    .data            inited   0x2000'050c       0x4  g_InterruptUpdate.o [5]
    .data            inited   0x2000'0510       0x4  g_InterruptUpdate.o [5]
    .data            inited   0x2000'0514       0x4  g_InterruptUpdate.o [5]
    .data            inited   0x2000'0518       0x4  g_InterruptUpdate.o [5]
    .data            inited   0x2000'051c       0x4  peref.o [6]
    .data            inited   0x2000'0520       0x4  peref.o [6]
    .data            inited   0x2000'0524       0x4  peref.o [6]
    .data            inited   0x2000'0528       0x4  peref.o [6]
    .data            inited   0x2000'052c       0x4  peref_Calibs.o [6]
    .data            inited   0x2000'0530       0x4  stm32h7xx_hal.o [9]
    .data            inited   0x2000'0534       0x4  system_stm32h7xx.o [8]
    .data            inited   0x2000'0538       0x4  system_stm32h7xx.o [8]
    .data            inited   0x2000'053c       0x1  add_ValueConv.o [2]
    .data            inited   0x2000'053d       0x1  add_ValueConv.o [2]
    .data            inited   0x2000'053e       0x1  add_ValueConv.o [2]
    .data            inited   0x2000'053f       0x1  add_ValueConv.o [2]
    .data            inited   0x2000'0540       0x1  g_Core.o [4]
    .data            inited   0x2000'0541       0x1  peref.o [6]
    .data            inited   0x2000'0542       0x1  stm32h7xx_hal.o [9]
                            - 0x2000'0543     0x543

"P4", part 2 of 3:                           0x28e0
  .bss               zero     0x2000'0544     0x8d4  g_Ram.o [5]
  .bss               zero     0x2000'0e18     0x7e8  peref.o [6]
  .bss               zero     0x2000'1600     0x728  comm.o [3]
  .bss               zero     0x2000'1d28      0x64  main.o [2]
  .bss               zero     0x2000'1d90     0x540  g_Core.o [4]
  .bss               zero     0x2000'22d0     0x218  core_Menu.o [4]
  .bss               zero     0x2000'24e8      0xdc  main.o [2]
  .bss               zero     0x2000'25c4      0xc0  stat.o [7]
  .bss               zero     0x2000'2684      0xa0  main.o [2]
  .bss               zero     0x2000'2724      0x90  main.o [2]
  .bss               zero     0x2000'27b4      0x90  main.o [2]
  .bss               zero     0x2000'2844      0x90  main.o [2]
  .bss               zero     0x2000'28d4      0x90  main.o [2]
  .bss               zero     0x2000'2964      0x88  main.o [2]
  .bss               zero     0x2000'29ec      0x88  main.o [2]
  .bss               zero     0x2000'2a74      0x78  main.o [2]
  .bss               zero     0x2000'2aec      0x78  main.o [2]
  .bss               zero     0x2000'2b64      0x64  main.o [2]
  .bss               zero     0x2000'2bc8      0x4c  main.o [2]
  .bss               zero     0x2000'2c14      0x4c  main.o [2]
  .bss               zero     0x2000'2c60      0x34  g_Core.o [4]
  .bss               zero     0x2000'2c94      0x2c  peref.o [6]
  .bss               zero     0x2000'2cc0      0x28  CMS58M.o [6]
  .bss               zero     0x2000'2ce8      0x24  CMS58M.o [6]
  .bss               zero     0x2000'2d0c      0x24  main.o [2]
  .bss               zero     0x2000'2d30      0x10  peref.o [6]
  .bss               zero     0x2000'2d40       0x8  g_Core.o [4]
  .bss               zero     0x2000'2d48       0x8  g_Core.o [4]
  .bss               zero     0x2000'2d50       0x4  comm_ModbusRtu.o [3]
  .bss               zero     0x2000'2d54       0x4  comm_ModbusRtu.o [3]
  .bss               zero     0x2000'2d58       0x4  core_Menu.o [4]
  .bss               zero     0x2000'2d5c       0x4  core_Menu.o [4]
  .bss               zero     0x2000'2d60       0x4  core_Menu.o [4]
  .bss               zero     0x2000'2d64       0x4  core_Menu.o [4]
  .bss               zero     0x2000'2d68       0x4  g_Core.o [4]
  .bss               zero     0x2000'2d6c       0x4  g_Core.o [4]
  .bss               zero     0x2000'2d70       0x4  g_Core.o [4]
  .bss               zero     0x2000'2d74       0x4  g_Core.o [4]
  .bss               zero     0x2000'2d78       0x4  g_Core.o [4]
  .bss               zero     0x2000'2d7c       0x4  g_Core.o [4]
  .bss               zero     0x2000'2d80       0x4  g_Core.o [4]
  .bss               zero     0x2000'2d84       0x4  g_Core.o [4]
  .bss               zero     0x2000'2d88       0x4  g_Core.o [4]
  .bss               zero     0x2000'2d8c       0x4  g_Core.o [4]
  .bss               zero     0x2000'2d90       0x4  g_Core.o [4]
  .bss               zero     0x2000'2d94       0x4  g_Core.o [4]
  .bss               zero     0x2000'2d98       0x4  g_Core.o [4]
  .bss               zero     0x2000'2d9c       0x4  g_Core.o [4]
  .bss               zero     0x2000'2da0       0x4  g_Core.o [4]
  .bss               zero     0x2000'2da4       0x4  g_Core.o [4]
  .bss               zero     0x2000'2da8       0x4  g_Core.o [4]
  .bss               zero     0x2000'2dac       0x4  g_Core.o [4]
  .bss               zero     0x2000'2db0       0x4  g_InterruptUpdate.o [5]
  .bss               zero     0x2000'2db4       0x4  g_InterruptUpdate.o [5]
  .bss               zero     0x2000'2db8       0x4  g_InterruptUpdate.o [5]
  .bss               zero     0x2000'2dbc       0x4  g_InterruptUpdate.o [5]
  .bss               zero     0x2000'2dc0       0x4  g_InterruptUpdate.o [5]
  .bss               zero     0x2000'2dc4       0x4  g_InterruptUpdate.o [5]
  .bss               zero     0x2000'2dc8       0x4  g_InterruptUpdate.o [5]
  .bss               zero     0x2000'2dcc       0x4  g_InterruptUpdate.o [5]
  .bss               zero     0x2000'2dd0       0x4  peref.o [6]
  .bss               zero     0x2000'2dd4       0x4  peref.o [6]
  .bss               zero     0x2000'2dd8       0x4  peref.o [6]
  .bss               zero     0x2000'2ddc       0x4  peref.o [6]
  .bss               zero     0x2000'2de0       0x4  peref.o [6]
  .bss               zero     0x2000'2de4       0x4  peref.o [6]
  .bss               zero     0x2000'2de8       0x4  peref.o [6]
  .bss               zero     0x2000'2dec       0x4  peref.o [6]
  .bss               zero     0x2000'2df0       0x4  peref.o [6]
  .bss               zero     0x2000'2df4       0x4  peref.o [6]
  .bss               zero     0x2000'2df8       0x4  peref.o [6]
  .bss               zero     0x2000'2dfc       0x4  peref.o [6]
  .bss               zero     0x2000'2e00       0x4  peref.o [6]
  .bss               zero     0x2000'2e04       0x4  peref.o [6]
  .bss               zero     0x2000'2e08       0x4  peref.o [6]
  .bss               zero     0x2000'2e0c       0x4  peref_Calibs.o [6]
  .bss               zero     0x2000'2e10       0x4  stm32h7xx_hal.o [9]
  .bss               zero     0x2000'2e14       0x4  stm32h7xx_it.o [2]
  .bss               zero     0x2000'2e18       0x2  peref.o [6]
  .bss               zero     0x2000'2e1a       0x2  peref.o [6]
  .bss               zero     0x2000'2e1c       0x1  CMS58M.o [6]
  .bss               zero     0x2000'2e1d       0x1  CMS58M.o [6]
  .bss               zero     0x2000'2e1e       0x1  core_Protections.o [4]
  .bss               zero     0x2000'2e1f       0x1  core_VlvDrvCtrl.o [4]
  .bss               zero     0x2000'2e20       0x1  peref.o [6]
                            - 0x2000'2e21    0x28dd

"P4", part 3 of 3:                           0x2000
  CSTACK                      0x2000'2e28    0x2000  <Block>
    CSTACK           uninit   0x2000'2e28    0x2000  <Block tail>
                            - 0x2000'4e28    0x2000

Unused ranges:

         From           To       Size
         ----           --       ----
   0x801'8917   0x80f'ffff   0xe'76e9
   0x810'0000   0x81f'ffff  0x10'0000
  0x2000'0543  0x2000'0543        0x1
  0x2000'2e24  0x2000'2e27        0x4
  0x2000'4e28  0x2000'ffff     0xb1d8
  0x2001'0000  0x2001'ffff   0x1'0000


*******************************************************************************
*** INIT TABLE
***

          Address      Size
          -------      ----
Zero (__iar_zero_init3)
    1 destination range, total size 0x28dd:
          0x2000'0544  0x28dd

Copy/lz77 (__iar_lz77_init3)
    1 source range, total size 0x343 (61% of destination):
           0x801'85d4   0x343
    1 destination range, total size 0x543:
          0x2000'0000   0x543



*******************************************************************************
*** MODULE SUMMARY
***

    Module                   ro code  ro data  rw data
    ------                   -------  -------  -------
command line/config:
    --------------------------------------------------
    Total:

D:\WorkOther\EBU6\EWARM\EBU6\Obj\Application\EWARM: [1]
    startup_stm32h743xx.o      1'208
    --------------------------------------------------
    Total:                     1'208

D:\WorkOther\EBU6\EWARM\EBU6\Obj\Application\User\Core: [2]
    add_ValueConv.o              498        3        4
    main.o                     4'376             1'856
    stm32h7xx_hal_msp.o        2'312
    stm32h7xx_it.o               168                 4
    --------------------------------------------------
    Total:                     7'354        3    1'864

D:\WorkOther\EBU6\EWARM\EBU6\Obj\Application\User\Core\Comm: [3]
    comm.o                         6             1'832
    comm_ModbusRtu.o             408                 8
    comm_SerialComm.o             12
    --------------------------------------------------
    Total:                       426             1'840

D:\WorkOther\EBU6\EWARM\EBU6\Obj\Application\User\Core\Core: [4]
    core_Menu.o                6'236   24'028      552
    core_Protections.o           196                 1
    core_VlvDrvCtrl.o          1'454                 1
    g_Core.o                   5'668       10    1'501
    --------------------------------------------------
    Total:                    13'554   24'038    2'055

D:\WorkOther\EBU6\EWARM\EBU6\Obj\Application\User\Core\Global: [5]
    g_InterruptUpdate.o          508      324      556
    g_Ram.o                      336             2'260
    --------------------------------------------------
    Total:                       844      324    2'816

D:\WorkOther\EBU6\EWARM\EBU6\Obj\Application\User\Core\Peref: [6]
    CMS58M.o                     652       12       78
    peref.o                    4'484      360    2'730
    peref_ApFilter1.o            116
    peref_Calibs.o             1'196        3        8
    peref_Clock.o                 62
    peref_SensObserver.o         712
    peref_SinObserver.o          364
    peref_display.o              928      112      180
    --------------------------------------------------
    Total:                     8'514      487    2'996

D:\WorkOther\EBU6\EWARM\EBU6\Obj\Application\User\Core\Stat: [7]
    stat.o                        50               192
    stat_fm25v10.o               708
    --------------------------------------------------
    Total:                       758               192

D:\WorkOther\EBU6\EWARM\EBU6\Obj\Drivers\CMSIS: [8]
    system_stm32h7xx.o           316       21        8
    --------------------------------------------------
    Total:                       316       21        8

D:\WorkOther\EBU6\EWARM\EBU6\Obj\Drivers\STM32H7xx_HAL_Driver: [9]
    stm32h7xx_hal.o              292        3        9
    stm32h7xx_hal_adc.o        4'196
    stm32h7xx_hal_adc_ex.o       382
    stm32h7xx_hal_cortex.o       344
    stm32h7xx_hal_dma.o        7'764        8
    stm32h7xx_hal_fdcan.o      2'396       92
    stm32h7xx_hal_gpio.o         692
    stm32h7xx_hal_hrtim.o      2'234       15       24
    stm32h7xx_hal_pwr.o           20
    stm32h7xx_hal_pwr_ex.o       100
    stm32h7xx_hal_rcc.o        3'376
    stm32h7xx_hal_rcc_ex.o     6'976
    stm32h7xx_hal_rtc.o          922
    stm32h7xx_hal_spi.o        3'894
    stm32h7xx_hal_tim.o        3'370
    stm32h7xx_hal_tim_ex.o       762
    stm32h7xx_hal_uart.o       2'152       24
    stm32h7xx_hal_uart_ex.o      364       16
    --------------------------------------------------
    Total:                    40'236      158       33

dl7M_tln.a: [10]
    abort.o                        6
    abs.o                          8
    exit.o                         4
    labs.o                         8
    low_level_init.o               4
    --------------------------------------------------
    Total:                        30

m7M_tlv.a: [11]
    cos_sin32.o                  468
    fmax.o                        46
    fmin.o                        42
    fpinit_M.o                    34
    sqrt.o                        30
    sqrtf.o                       30
    --------------------------------------------------
    Total:                       650

rt7M_tl.a: [12]
    ABImemcpy.o                  166
    ABImemset.o                  102
    I64DivMod.o                  560
    I64DivZer.o                    2
    cexit.o                       10
    cmain.o                       30
    cstartup_M.o                  28
    data_init.o                   40
    lz77_init.o                  496
    strchr.o                      22
    strcmp.o                      18
    strcpy.o                      24
    strlen.o                      54
    zero_init3.o                  56
    --------------------------------------------------
    Total:                     1'608

shb_l.a: [13]
    exit.o                        20
    --------------------------------------------------
    Total:                        20

    Gaps                          34        4        4
    Linker created                         44    8'192
------------------------------------------------------
    Grand Total:              75'552   25'079   20'000


*******************************************************************************
*** ENTRY LIST
***

Entry                       Address    Size  Type      Object
-----                       -------    ----  ----      ------
.iar.init_table$$Base    0x801'82c8           --   Gb  - Linker created -
.iar.init_table$$Limit   0x801'82f4           --   Gb  - Linker created -
?main                    0x801'82f5          Code  Gb  cmain.o [12]
ADC3_IRQHandler          0x801'8111     0xa  Code  Gb  stm32h7xx_it.o [2]
ADC_ConfigureBoostMode   0x801'1ce5   0x158  Code  Gb  stm32h7xx_hal_adc.o [9]
ADC_DMAConvCplt          0x801'1c31    0x88  Code  Gb  stm32h7xx_hal_adc.o [9]
ADC_DMAError             0x801'1cc7    0x1e  Code  Gb  stm32h7xx_hal_adc.o [9]
ADC_DMAHalfConvCplt      0x801'1cb9     0xe  Code  Gb  stm32h7xx_hal_adc.o [9]
ADC_Enable               0x801'1b65    0xbc  Code  Gb  stm32h7xx_hal_adc.o [9]
ADC_IRQHandler           0x801'80c5     0xa  Code  Gb  stm32h7xx_it.o [2]
ADS1118_init             0x800'c1b3    0xae  Code  Gb  peref.o [6]
ADS1118_update           0x800'c275    0x54  Code  Gb  peref.o [6]
AcknoledgeEvent          0x801'7e4d    0x7a  Code  Gb  comm_ModbusRtu.o [3]
AngleInterp              0x801'31e1   0x272  Code  Gb  g_Core.o [4]
BreakFrameEvent          0x801'7dc5     0x2  Code  Gb  comm_ModbusRtu.o [3]
BtnLevel                0x2000'0520     0x4  Data  Gb  peref.o [6]
BtnTout                 0x2000'051c     0x4  Data  Gb  peref.o [6]
BusFault_Handler         0x801'809f     0x2  Code  Gb  stm32h7xx_it.o [2]
ByteToStr                0x800'ac9d    0x1e  Code  Gb  add_ValueConv.o [2]
CAN1RxMsg               0x2000'2e1c     0x1  Data  Gb  CMS58M.o [6]
CAN1TxMsg               0x2000'2e1d     0x1  Data  Gb  CMS58M.o [6]
CPU_led_timer           0x2000'2e14     0x4  Data  Gb  stm32h7xx_it.o [2]
CSTACK$$Base            0x2000'2e28           --   Gb  - Linker created -
CSTACK$$Limit           0x2000'4e28           --   Gb  - Linker created -
CalcClbCycle             0x800'e4db    0x70  Code  Gb  peref_Calibs.o [6]
CalcClbGearInv           0x800'e1e1    0x14  Code  Gb  peref_Calibs.o [6]
CalcClbGearRev           0x800'e1f5    0x18  Code  Gb  peref_Calibs.o [6]
ChangeCoordinate         0x800'9e59   0x194  Code  Lc  core_Menu.o [4]
CheckRange               0x800'ab9d    0x22  Code  Gb  add_ValueConv.o [2]
CheckStatus              0x800'e4bf    0x1c  Code  Lc  peref_Calibs.o [6]
Cms58mConfig             0x800'def1    0x50  Code  Gb  CMS58M.o [6]
Cms58mInir               0x800'decd    0x24  Code  Gb  CMS58M.o [6]
Cms58mRxHandler          0x800'df4f    0x2c  Code  Gb  CMS58M.o [6]
Cms58mStart              0x800'df41     0xe  Code  Gb  CMS58M.o [6]
Comm_50HzCalc            0x801'349f     0x2  Code  Gb  comm.o [3]
Comm_CommandUpdate       0x801'34a1     0x2  Code  Gb  comm.o [3]
Comm_Init                0x801'349d     0x2  Code  Gb  comm.o [3]
ConnTimeoutEvent         0x801'7e39    0x14  Code  Gb  comm_ModbusRtu.o [3]
Core_CalibControl        0x801'2055   0x148  Code  Gb  g_Core.o [4]
Core_CalibStop           0x801'1fb1    0x9a  Code  Gb  g_Core.o [4]
Core_ControlMode         0x801'24f7    0x32  Code  Gb  g_Core.o [4]
Core_Init                0x801'1e79   0x138  Code  Gb  g_Core.o [4]
Core_MENU_Display        0x800'9659    0x88  Code  Gb  core_Menu.o [4]
Core_MenuInit            0x800'92c1   0x336  Code  Gb  core_Menu.o [4]
Core_MenuReadDcr         0x800'a6f1    0x6e  Code  Gb  core_Menu.o [4]
Core_MenuUpdate          0x800'960d    0x4c  Code  Gb  core_Menu.o [4]
Core_Protections18kHzUpdate
                         0x801'60db    0x60  Code  Gb  core_Protections.o [4]
Core_Protections50HZUpdate
                         0x801'60cb    0x10  Code  Gb  core_Protections.o [4]
Core_ProtectionsClear    0x801'60b9    0x12  Code  Gb  core_Protections.o [4]
Core_ProtectionsEnable   0x801'608b    0x2e  Code  Gb  core_Protections.o [4]
Core_ProtectionsEnable::State
                        0x2000'2e1e     0x1  Data  Lc  core_Protections.o [4]
Core_ProtectionsInit     0x801'6085     0x6  Code  Gb  core_Protections.o [4]
Core_SetDeff             0x800'a81b    0xd4  Code  Gb  core_Menu.o [4]
Core_ValveDriveInit      0x801'6149    0x96  Code  Gb  core_VlvDrvCtrl.o [4]
Core_ValveDriveMove      0x801'6243    0x94  Code  Gb  core_VlvDrvCtrl.o [4]
Core_ValveDriveStop      0x801'61df    0x34  Code  Gb  core_VlvDrvCtrl.o [4]
Core_ValveDriveUpdate    0x801'6213    0x30  Code  Gb  core_VlvDrvCtrl.o [4]
CyclicTimer              0x801'8398     0x8  Data  Gb  CMS58M.o [6]
D1CorePrescTable         0x801'836c    0x10  Data  Gb  system_stm32h7xx.o [8]
DAC_on_off              0x2000'0541     0x1  Data  Gb  peref.o [6]
DAC_tmp                 0x2000'2dec     0x4  Data  Gb  peref.o [6]
DAC_tmp_16              0x2000'2e1a     0x2  Data  Gb  peref.o [6]
DISPL_AddSymb            0x800'd72d    0x36  Code  Gb  peref_display.o [6]
DISPL_Update             0x800'd6ff    0x2e  Code  Gb  peref_display.o [6]
DISPL_init               0x800'd685    0x3e  Code  Gb  peref_display.o [6]
DLCtoBytes               0x801'835c    0x10  Data  Lc  stm32h7xx_hal_fdcan.o [9]
DMA1_Stream1_IRQHandler
                         0x801'80b1     0xa  Code  Gb  stm32h7xx_it.o [2]
DMA1_Stream3_IRQHandler
                         0x801'80bb     0xa  Code  Gb  stm32h7xx_it.o [2]
DMA_CalcBaseAndBitshift
                         0x800'6c8b    0xd2  Code  Lc  stm32h7xx_hal_dma.o [9]
DMA_CalcBaseAndBitshift{1}{2}::flagBitshiftOffset
                         0x801'83a8     0x8  Data  Lc  stm32h7xx_hal_dma.o [9]
DMA_CalcDMAMUXChannelBaseAndMask
                         0x800'6e1b    0xac  Code  Lc  stm32h7xx_hal_dma.o [9]
DMA_CalcDMAMUXRequestGenBaseAndMask
                         0x800'6ec7    0x80  Code  Lc  stm32h7xx_hal_dma.o [9]
DMA_CheckFifoParam       0x800'6d81    0x9a  Code  Lc  stm32h7xx_hal_dma.o [9]
DMA_SetConfig            0x800'6a25   0x266  Code  Lc  stm32h7xx_hal_dma.o [9]
DateSeparator           0x2000'053f     0x1  Data  Gb  add_ValueConv.o [2]
DateToStr                0x800'ace3    0x3e  Code  Gb  add_ValueConv.o [2]
DebugMon_Handler         0x801'80a5     0x2  Code  Gb  stm32h7xx_it.o [2]
DecToStr                 0x800'abbf    0xde  Code  Gb  add_ValueConv.o [2]
DefineBit                0x800'a185    0x5c  Code  Gb  core_Menu.o [4]
DisplayOff               0x800'd79f    0x34  Code  Gb  peref_display.o [6]
DisplayOn                0x800'd7d3    0xc4  Code  Gb  peref_display.o [6]
DisplayPutText           0x800'd897    0x60  Code  Gb  peref_display.o [6]
DisplayRestart           0x800'd763    0x3c  Code  Gb  peref_display.o [6]
DisplayStart             0x800'd9d7    0x2c  Code  Gb  peref_display.o [6]
DriveClose               0x801'659d    0x92  Code  Gb  core_VlvDrvCtrl.o [4]
DriveOpen                0x801'662f    0x98  Code  Gb  core_VlvDrvCtrl.o [4]
DriveStop                0x801'658d    0x10  Code  Gb  core_VlvDrvCtrl.o [4]
DynBreakMode             0x801'2613    0x68  Code  Lc  g_Core.o [4]
EditBin                  0x800'9e3b    0x1e  Code  Gb  core_Menu.o [4]
EditDate                 0x800'9ce9   0x152  Code  Gb  core_Menu.o [4]
EditDec                  0x800'99b5   0x186  Code  Gb  core_Menu.o [4]
EditParam                0x800'98b7    0xfe  Code  Gb  core_Menu.o [4]
EditStr                  0x800'9b3b    0xe0  Code  Gb  core_Menu.o [4]
EditTime                 0x800'9c1b    0xce  Code  Gb  core_Menu.o [4]
Eeprom1                 0x2000'2c60    0x34  Data  Gb  g_Core.o [4]
EnableEdit               0x800'a7e7    0x34  Code  Gb  core_Menu.o [4]
EncodeData               0x800'd9bb    0x1c  Code  Gb  peref_display.o [6]
Error_Handler            0x801'0d71     0x4  Code  Gb  main.o [2]
FDCANStatus             0x2000'2c94    0x2c  Data  Gb  peref.o [6]
FDCAN_CalcultateRamBlockAddresses
                         0x800'ecb1   0x208  Code  Lc  stm32h7xx_hal_fdcan.o [9]
FDCAN_CopyMessageToRAM   0x800'eeb9    0x9a  Code  Lc  stm32h7xx_hal_fdcan.o [9]
FDCANerrCount           0x2000'2d30    0x10  Data  Gb  peref.o [6]
FM25V10_Init             0x800'b059    0x3e  Code  Gb  stat_fm25v10.o [7]
FM25V10_ReadByte         0x800'b201    0x58  Code  Gb  stat_fm25v10.o [7]
FM25V10_ReadSN           0x800'b2d3    0x3e  Code  Gb  stat_fm25v10.o [7]
FM25V10_ReadStatus       0x800'b1c5    0x3c  Code  Gb  stat_fm25v10.o [7]
FM25V10_Update           0x800'b097   0x12e  Code  Gb  stat_fm25v10.o [7]
FM25V10_WriteByte        0x800'b259    0x4e  Code  Gb  stat_fm25v10.o [7]
FM25V10_WriteEnable      0x800'b2a7    0x2c  Code  Gb  stat_fm25v10.o [7]
Flag                    0x2000'2e1f     0x1  Data  Gb  core_VlvDrvCtrl.o [4]
FloatPositive           0x2000'053d     0x1  Data  Gb  add_ValueConv.o [2]
FloatSeparator          0x2000'053c     0x1  Data  Gb  add_ValueConv.o [2]
GetActiveControls        0x801'62d7    0xf8  Code  Gb  core_VlvDrvCtrl.o [4]
HAL_ADCEx_EndOfSamplingCallback
                         0x801'6071     0x2  Code  Gb  stm32h7xx_hal_adc_ex.o [9]
HAL_ADCEx_InjectedConvCpltCallback
                         0x801'6075     0x2  Code  Gb  stm32h7xx_hal_adc_ex.o [9]
HAL_ADCEx_InjectedQueueOverflowCallback
                         0x801'607f     0x2  Code  Gb  stm32h7xx_hal_adc_ex.o [9]
HAL_ADCEx_LevelOutOfWindow2Callback
                         0x801'6079     0x2  Code  Gb  stm32h7xx_hal_adc_ex.o [9]
HAL_ADCEx_LevelOutOfWindow3Callback
                         0x801'607b     0x2  Code  Gb  stm32h7xx_hal_adc_ex.o [9]
HAL_ADCEx_MultiModeConfigChannel
                         0x801'498b   0x148  Code  Gb  stm32h7xx_hal_adc_ex.o [9]
HAL_ADC_ConfigChannel    0x801'16a1   0x4a6  Code  Gb  stm32h7xx_hal_adc.o [9]
HAL_ADC_ConvCpltCallback
                         0x801'6073     0x2  Code  Gb  stm32h7xx_hal_adc.o [9]
HAL_ADC_ConvHalfCpltCallback
                         0x801'6081     0x2  Code  Gb  stm32h7xx_hal_adc.o [9]
HAL_ADC_ErrorCallback    0x801'607d     0x2  Code  Gb  stm32h7xx_hal_adc.o [9]
HAL_ADC_IRQHandler       0x801'1381   0x31a  Code  Gb  stm32h7xx_hal_adc.o [9]
HAL_ADC_Init             0x801'0fbb   0x27e  Code  Gb  stm32h7xx_hal_adc.o [9]
HAL_ADC_LevelOutOfWindowCallback
                         0x801'6077     0x2  Code  Gb  stm32h7xx_hal_adc.o [9]
HAL_ADC_MspInit          0x800'f357   0x268  Code  Gb  stm32h7xx_hal_msp.o [2]
HAL_ADC_Start_DMA        0x801'1245   0x112  Code  Gb  stm32h7xx_hal_adc.o [9]
HAL_DMA_Abort_IT         0x800'5b65   0x39e  Code  Gb  stm32h7xx_hal_dma.o [9]
HAL_DMA_IRQHandler       0x800'5f65   0xa7a  Code  Gb  stm32h7xx_hal_dma.o [9]
HAL_DMA_Init             0x800'517d   0x532  Code  Gb  stm32h7xx_hal_dma.o [9]
HAL_DMA_Start_IT         0x800'5719   0x3ea  Code  Gb  stm32h7xx_hal_dma.o [9]
HAL_FDCAN_AddMessageToTxBuffer
                         0x800'e99f    0x8e  Code  Gb  stm32h7xx_hal_fdcan.o [9]
HAL_FDCAN_AddMessageToTxFifoQ
                         0x800'e917    0x88  Code  Gb  stm32h7xx_hal_fdcan.o [9]
HAL_FDCAN_EnableTxBufferRequest
                         0x800'ea2d    0x24  Code  Gb  stm32h7xx_hal_fdcan.o [9]
HAL_FDCAN_GetErrorCounters
                         0x800'ec89    0x22  Code  Gb  stm32h7xx_hal_fdcan.o [9]
HAL_FDCAN_GetProtocolStatus
                         0x800'ec3d    0x4c  Code  Gb  stm32h7xx_hal_fdcan.o [9]
HAL_FDCAN_GetRxMessage   0x800'ea51   0x1e6  Code  Gb  stm32h7xx_hal_fdcan.o [9]
HAL_FDCAN_Init           0x800'e605   0x2d8  Code  Gb  stm32h7xx_hal_fdcan.o [9]
HAL_FDCAN_MspInit        0x800'f5bf    0xa2  Code  Gb  stm32h7xx_hal_msp.o [2]
HAL_FDCAN_Start          0x800'e8e1    0x36  Code  Gb  stm32h7xx_hal_fdcan.o [9]
HAL_GPIO_Init            0x800'c4a1   0x232  Code  Gb  stm32h7xx_hal_gpio.o [9]
HAL_GPIO_ReadPin         0x800'c6d3    0x16  Code  Gb  stm32h7xx_hal_gpio.o [9]
HAL_GPIO_TogglePin       0x800'c703    0x1a  Code  Gb  stm32h7xx_hal_gpio.o [9]
HAL_GPIO_WritePin        0x800'c6e9    0x1a  Code  Gb  stm32h7xx_hal_gpio.o [9]
HAL_GetREVID             0x801'0dd3     0xa  Code  Gb  stm32h7xx_hal.o [9]
HAL_GetTick              0x800'6fd1     0xc  Code  Gb  stm32h7xx_hal.o [9]
HAL_HRTIM_Init           0x801'4aed   0x126  Code  Gb  stm32h7xx_hal_hrtim.o [9]
HAL_HRTIM_MspInit        0x800'f661    0x56  Code  Gb  stm32h7xx_hal_msp.o [2]
HAL_HRTIM_MspPostInit    0x800'f6b7    0x5e  Code  Gb  stm32h7xx_hal_msp.o [2]
HAL_HRTIM_SimplePWMStart
                         0x801'4c59    0x4e  Code  Gb  stm32h7xx_hal_hrtim.o [9]
HAL_HRTIM_TimeBaseConfig
                         0x801'4c13    0x3c  Code  Gb  stm32h7xx_hal_hrtim.o [9]
HAL_HRTIM_WaveformCompareConfig
                         0x801'4d45   0x236  Code  Gb  stm32h7xx_hal_hrtim.o [9]
HAL_HRTIM_WaveformOutputConfig
                         0x801'4f7b    0x4a  Code  Gb  stm32h7xx_hal_hrtim.o [9]
HAL_HRTIM_WaveformTimerConfig
                         0x801'4cad    0x98  Code  Gb  stm32h7xx_hal_hrtim.o [9]
HAL_IncTick              0x801'8141    0x18  Code  Gb  stm32h7xx_hal.o [9]
HAL_Init                 0x801'0d75    0x5e  Code  Gb  stm32h7xx_hal.o [9]
HAL_InitTick             0x800'9111    0x58  Code  Gb  stm32h7xx_hal.o [9]
HAL_MspInit              0x800'f30d    0x4a  Code  Gb  stm32h7xx_hal_msp.o [2]
HAL_NVIC_EnableIRQ       0x800'9287     0xe  Code  Gb  stm32h7xx_hal_cortex.o [9]
HAL_NVIC_SetPriority     0x800'9263    0x24  Code  Gb  stm32h7xx_hal_cortex.o [9]
HAL_NVIC_SetPriorityGrouping
                         0x800'9257     0xc  Code  Gb  stm32h7xx_hal_cortex.o [9]
HAL_PWREx_ConfigSupply   0x801'41c5    0x5c  Code  Gb  stm32h7xx_hal_pwr_ex.o [9]
HAL_PWR_EnableBkUpAccess
                         0x801'4229     0xe  Code  Gb  stm32h7xx_hal_pwr.o [9]
HAL_RCCEx_GetD3PCLK1Freq
                         0x800'8195    0x1e  Code  Gb  stm32h7xx_hal_rcc_ex.o [9]
HAL_RCCEx_GetPLL1ClockFreq
                         0x800'864d   0x22c  Code  Gb  stm32h7xx_hal_rcc_ex.o [9]
HAL_RCCEx_GetPLL2ClockFreq
                         0x800'81b5   0x226  Code  Gb  stm32h7xx_hal_rcc_ex.o [9]
HAL_RCCEx_GetPLL3ClockFreq
                         0x800'83fd   0x226  Code  Gb  stm32h7xx_hal_rcc_ex.o [9]
HAL_RCCEx_GetPeriphCLKFreq
                         0x800'7b0d   0x688  Code  Gb  stm32h7xx_hal_rcc_ex.o [9]
HAL_RCCEx_PeriphCLKConfig
                         0x800'6fdd   0xb0c  Code  Gb  stm32h7xx_hal_rcc_ex.o [9]
HAL_RCC_ClockConfig      0x800'8b1d   0x306  Code  Gb  stm32h7xx_hal_rcc.o [9]
HAL_RCC_GetHCLKFreq      0x800'904b    0x3c  Code  Gb  stm32h7xx_hal_rcc.o [9]
HAL_RCC_GetPCLK1Freq     0x800'9087    0x1a  Code  Gb  stm32h7xx_hal_rcc.o [9]
HAL_RCC_GetPCLK2Freq     0x800'90a1    0x1a  Code  Gb  stm32h7xx_hal_rcc.o [9]
HAL_RCC_GetSysClockFreq
                         0x800'8e25   0x226  Code  Gb  stm32h7xx_hal_rcc.o [9]
HAL_RCC_OscConfig        0x801'423d   0x73c  Code  Gb  stm32h7xx_hal_rcc.o [9]
HAL_RTC_GetDate          0x800'f199    0x52  Code  Gb  stm32h7xx_hal_rtc.o [9]
HAL_RTC_GetTime          0x800'f067    0x66  Code  Gb  stm32h7xx_hal_rtc.o [9]
HAL_RTC_SetDate          0x800'f0cd    0xcc  Code  Gb  stm32h7xx_hal_rtc.o [9]
HAL_RTC_SetTime          0x800'ef71    0xf6  Code  Gb  stm32h7xx_hal_rtc.o [9]
HAL_RTC_WaitForSynchro   0x800'f1eb    0x34  Code  Gb  stm32h7xx_hal_rtc.o [9]
HAL_SPI_ErrorCallback    0x800'fc15     0x2  Code  Gb  stm32h7xx_hal_spi.o [9]
HAL_SPI_IRQHandler       0x800'd2a5   0x28c  Code  Gb  stm32h7xx_hal_spi.o [9]
HAL_SPI_Init             0x800'c755   0x182  Code  Gb  stm32h7xx_hal_spi.o [9]
HAL_SPI_MspInit          0x800'f715   0x17c  Code  Gb  stm32h7xx_hal_msp.o [2]
HAL_SPI_Receive          0x800'cb93   0x2c2  Code  Gb  stm32h7xx_hal_spi.o [9]
HAL_SPI_RxCpltCallback   0x800'fc19     0x2  Code  Gb  stm32h7xx_hal_spi.o [9]
HAL_SPI_Transmit         0x800'c8d7   0x2bc  Code  Gb  stm32h7xx_hal_spi.o [9]
HAL_SPI_TransmitReceive
                         0x800'ce55   0x444  Code  Gb  stm32h7xx_hal_spi.o [9]
HAL_SPI_TxCpltCallback   0x800'fc1b     0x2  Code  Gb  stm32h7xx_hal_spi.o [9]
HAL_SPI_TxRxCpltCallback
                         0x800'fc17     0x2  Code  Gb  stm32h7xx_hal_spi.o [9]
HAL_SYSCFG_DisableVREFBUF
                         0x801'0df1    0x12  Code  Gb  stm32h7xx_hal.o [9]
HAL_SYSCFG_VREFBUF_HighImpedanceConfig
                         0x801'0ddd    0x14  Code  Gb  stm32h7xx_hal.o [9]
HAL_SYSTICK_Config       0x800'9295     0xc  Code  Gb  stm32h7xx_hal_cortex.o [9]
HAL_TIMEx_Break2Callback
                         0x801'6933     0x2  Code  Gb  stm32h7xx_hal_tim_ex.o [9]
HAL_TIMEx_BreakCallback
                         0x801'6931     0x2  Code  Gb  stm32h7xx_hal_tim_ex.o [9]
HAL_TIMEx_CommutCallback
                         0x801'6937     0x2  Code  Gb  stm32h7xx_hal_tim_ex.o [9]
HAL_TIMEx_ConfigBreakDeadTime
                         0x801'55cd    0x94  Code  Gb  stm32h7xx_hal_tim_ex.o [9]
HAL_TIMEx_MasterConfigSynchronization
                         0x801'552f    0x9e  Code  Gb  stm32h7xx_hal_tim_ex.o [9]
HAL_TIMEx_PWMN_Start     0x801'53a9    0xea  Code  Gb  stm32h7xx_hal_tim_ex.o [9]
HAL_TIMEx_PWMN_Stop      0x801'54a1    0x8e  Code  Gb  stm32h7xx_hal_tim_ex.o [9]
HAL_TIM_Base_Init        0x801'34a5    0x7a  Code  Gb  stm32h7xx_hal_tim.o [9]
HAL_TIM_Base_MspInit     0x800'f891    0x66  Code  Gb  stm32h7xx_hal_msp.o [2]
HAL_TIM_Base_Start       0x801'351f    0x8c  Code  Gb  stm32h7xx_hal_tim.o [9]
HAL_TIM_Base_Start_IT    0x801'35ab    0x98  Code  Gb  stm32h7xx_hal_tim.o [9]
HAL_TIM_ConfigClockSource
                         0x801'3c37   0x112  Code  Gb  stm32h7xx_hal_tim.o [9]
HAL_TIM_IC_CaptureCallback
                         0x801'6929     0x2  Code  Gb  stm32h7xx_hal_tim.o [9]
HAL_TIM_IRQHandler       0x801'3949   0x194  Code  Gb  stm32h7xx_hal_tim.o [9]
HAL_TIM_MspPostInit      0x800'f8f7    0x5e  Code  Gb  stm32h7xx_hal_msp.o [2]
HAL_TIM_OC_DelayElapsedCallback
                         0x801'692b     0x2  Code  Gb  stm32h7xx_hal_tim.o [9]
HAL_TIM_PWM_ConfigChannel
                         0x801'3add   0x15a  Code  Gb  stm32h7xx_hal_tim.o [9]
HAL_TIM_PWM_Init         0x801'3661    0x7a  Code  Gb  stm32h7xx_hal_tim.o [9]
HAL_TIM_PWM_MspInit      0x801'6927     0x2  Code  Gb  stm32h7xx_hal_tim.o [9]
HAL_TIM_PWM_PulseFinishedCallback
                         0x801'692d     0x2  Code  Gb  stm32h7xx_hal_tim.o [9]
HAL_TIM_PWM_Start        0x801'36db   0x15e  Code  Gb  stm32h7xx_hal_tim.o [9]
HAL_TIM_PWM_Stop         0x801'3839    0xe8  Code  Gb  stm32h7xx_hal_tim.o [9]
HAL_TIM_PeriodElapsedCallback
                         0x801'692f     0x2  Code  Gb  stm32h7xx_hal_tim.o [9]
HAL_TIM_TriggerCallback
                         0x801'6935     0x2  Code  Gb  stm32h7xx_hal_tim.o [9]
HAL_UARTEx_DisableFifoMode
                         0x801'5f05    0x46  Code  Gb  stm32h7xx_hal_uart_ex.o [9]
HAL_UARTEx_SetRxFifoThreshold
                         0x801'5fa1    0x56  Code  Gb  stm32h7xx_hal_uart_ex.o [9]
HAL_UARTEx_SetTxFifoThreshold
                         0x801'5f4b    0x56  Code  Gb  stm32h7xx_hal_uart_ex.o [9]
HAL_UART_Init            0x801'569d    0x7e  Code  Gb  stm32h7xx_hal_uart.o [9]
HAL_UART_MspInit         0x800'f955   0x250  Code  Gb  stm32h7xx_hal_msp.o [2]
HRTIM_ForceRegistersUpdate
                         0x801'5325    0x82  Code  Lc  stm32h7xx_hal_hrtim.o [9]
HRTIM_MasterBase_Config
                         0x801'4fc5    0x2a  Code  Lc  stm32h7xx_hal_hrtim.o [9]
HRTIM_MasterWaveform_Config
                         0x801'5041    0x5c  Code  Lc  stm32h7xx_hal_hrtim.o [9]
HRTIM_OutputConfig       0x801'5235    0xf0  Code  Lc  stm32h7xx_hal_hrtim.o [9]
HRTIM_TimingUnitBase_Config
                         0x801'4fef    0x52  Code  Lc  stm32h7xx_hal_hrtim.o [9]
HRTIM_TimingUnitWaveform_Config
                         0x801'509d   0x198  Code  Lc  stm32h7xx_hal_hrtim.o [9]
HardFault_Handler        0x801'809b     0x2  Code  Gb  stm32h7xx_it.o [2]
IDC                     0x2000'2d80     0x4  Data  Gb  g_Core.o [4]
Icons                   0x2000'04bc    0x24  Data  Gb  peref.o [6]
InStream_Read            0x801'7bcd    0x20  Code  Lc  lz77_init.o [12]
InStream_StepRegion      0x801'7bb9    0x14  Code  Lc  lz77_init.o [12]
InterruptUpdate          0x801'79bd   0x1fc  Code  Gb  g_InterruptUpdate.o [5]
InvCtrlTimer            0x2000'2d78     0x4  Data  Gb  g_Core.o [4]
LL_ADC_DisableDeepPowerDown
                         0x801'0f4f     0xc  Code  Lc  stm32h7xx_hal_adc.o [9]
LL_ADC_Enable            0x801'0f7f    0x10  Code  Lc  stm32h7xx_hal_adc.o [9]
LL_ADC_EnableInternalRegulator
                         0x801'0f65    0x10  Code  Lc  stm32h7xx_hal_adc.o [9]
LL_ADC_GetCommonPathInternalCh
                         0x801'0e35     0x8  Code  Lc  stm32h7xx_hal_adc.o [9]
LL_ADC_GetMultiDMATransfer
                         0x801'0f47     0x8  Code  Lc  stm32h7xx_hal_adc.o [9]
LL_ADC_GetMultimode      0x801'0f3f     0x8  Code  Lc  stm32h7xx_hal_adc.o [9]
LL_ADC_INJ_IsConversionOngoing
                         0x801'0fb1     0xa  Code  Lc  stm32h7xx_hal_adc.o [9]
LL_ADC_INJ_IsTriggerSourceSWStart
                         0x801'0ed5    0x10  Code  Lc  stm32h7xx_hal_adc.o [9]
LL_ADC_IsDeepPowerDownEnabled
                         0x801'0f5b     0xa  Code  Lc  stm32h7xx_hal_adc.o [9]
LL_ADC_IsEnabled         0x801'0f8f     0x8  Code  Lc  stm32h7xx_hal_adc.o [9]
LL_ADC_IsEnabled         0x801'4979     0x8  Code  Lc  stm32h7xx_hal_adc_ex.o [9]
LL_ADC_IsInternalRegulatorEnabled
                         0x801'0f75     0xa  Code  Lc  stm32h7xx_hal_adc.o [9]
LL_ADC_REG_IsConversionOngoing
                         0x801'0fa7     0xa  Code  Lc  stm32h7xx_hal_adc.o [9]
LL_ADC_REG_IsConversionOngoing
                         0x801'4981     0xa  Code  Lc  stm32h7xx_hal_adc_ex.o [9]
LL_ADC_REG_IsTriggerSourceSWStart
                         0x801'0e8b    0x10  Code  Lc  stm32h7xx_hal_adc.o [9]
LL_ADC_REG_SetDataTransferMode
                         0x801'0ec9     0xc  Code  Lc  stm32h7xx_hal_adc.o [9]
LL_ADC_REG_SetSequencerRanks
                         0x801'0e9b    0x2e  Code  Lc  stm32h7xx_hal_adc.o [9]
LL_ADC_REG_StartConversion
                         0x801'0f97    0x10  Code  Lc  stm32h7xx_hal_adc.o [9]
LL_ADC_SetChannelSamplingTime
                         0x801'0ee5    0x34  Code  Lc  stm32h7xx_hal_adc.o [9]
LL_ADC_SetChannelSingleDiff
                         0x801'0f19    0x26  Code  Lc  stm32h7xx_hal_adc.o [9]
LL_ADC_SetCommonClock    0x801'0e1d     0xc  Code  Lc  stm32h7xx_hal_adc.o [9]
LL_ADC_SetCommonPathInternalCh
                         0x801'0e29     0xc  Code  Lc  stm32h7xx_hal_adc.o [9]
LL_ADC_SetDataRightShift
                         0x801'0e5b    0x18  Code  Lc  stm32h7xx_hal_adc.o [9]
LL_ADC_SetOffset         0x801'0e3d    0x1e  Code  Lc  stm32h7xx_hal_adc.o [9]
LL_ADC_SetOffsetSignedSaturation
                         0x801'0e73    0x18  Code  Lc  stm32h7xx_hal_adc.o [9]
LogInputCalc             0x800'be69   0x12c  Code  Gb  peref.o [6]
MCP23S17_init            0x800'c19d    0x14  Code  Gb  peref.o [6]
MCP23S17_update          0x800'c1b1     0x2  Code  Gb  peref.o [6]
MCP23S17_write           0x800'c155    0x3c  Code  Gb  peref.o [6]
MX_ADC1_Init             0x800'fef1   0x18a  Code  Lc  main.o [2]
MX_ADC3_Init             0x801'007b   0x12a  Code  Lc  main.o [2]
MX_DMA_Init              0x801'0a19    0x3c  Code  Lc  main.o [2]
MX_FDCAN2_Init           0x801'01a5    0xf6  Code  Lc  main.o [2]
MX_GPIO_Init             0x801'0a89   0x250  Code  Lc  main.o [2]
MX_HRTIM_Init            0x801'029b   0x14c  Code  Lc  main.o [2]
MX_SPI1_Init             0x801'03e7    0xce  Code  Lc  main.o [2]
MX_SPI6_Init             0x801'04b5    0xd0  Code  Lc  main.o [2]
MX_TIM1_Init             0x801'0585   0x16e  Code  Lc  main.o [2]
MX_TIM2_Init             0x801'06f3    0x84  Code  Lc  main.o [2]
MX_UART4_Init            0x801'0777    0xa4  Code  Lc  main.o [2]
MX_UART5_Init            0x801'081b    0xa4  Code  Lc  main.o [2]
MX_UART8_Init            0x801'08bf    0xa4  Code  Lc  main.o [2]
MX_USART3_UART_Init      0x801'0971    0x9e  Code  Lc  main.o [2]
MemManage_Handler        0x801'809d     0x2  Code  Gb  stm32h7xx_it.o [2]
ModBusTimings            0x801'7ec7    0x72  Code  Gb  comm_ModbusRtu.o [3]
ModFault                0x2000'0504     0x4  Data  Gb  g_Core.o [4]
ModuleTemper            0x2000'2d7c     0x4  Data  Gb  g_Core.o [4]
MoveMode                 0x801'2555    0xbe  Code  Lc  g_Core.o [4]
MpuControl               0x801'6415    0x78  Code  Gb  core_VlvDrvCtrl.o [4]
NMI_Handler              0x801'8099     0x2  Code  Gb  stm32h7xx_it.o [2]
NVIC_EncodePriority      0x800'91e5    0x42  Code  Lc  stm32h7xx_hal_cortex.o [9]
NewFrameEvent            0x801'7dc7    0x2a  Code  Gb  comm_ModbusRtu.o [3]
OutStream_Write          0x801'7bed    0x46  Code  Lc  lz77_init.o [12]
OutVolt                 0x2000'2d74     0x4  Data  Gb  g_Core.o [4]
OutputQ15               0x2000'2da4     0x4  Data  Gb  g_Core.o [4]
PFUNC_blkRead            0x800'ad6d    0x1e  Code  Gb  add_ValueConv.o [2]
PFUNC_wordRead           0x800'ad8b     0x4  Code  Gb  add_ValueConv.o [2]
PWMPreScale             0x2000'04f8     0x4  Data  Gb  g_Core.o [4]
PWM_keys_disable         0x801'2c35    0x40  Code  Gb  g_Core.o [4]
PWM_keys_enable          0x801'2c75    0x40  Code  Gb  g_Core.o [4]
PendSV_Handler           0x801'80a7     0x2  Code  Gb  stm32h7xx_it.o [2]
Peref_CalibInit          0x800'e159    0x88  Code  Gb  peref_Calibs.o [6]
Peref_CalibUpdate        0x800'e30d   0x1b2  Code  Gb  peref_Calibs.o [6]
Peref_Calibration        0x800'e20d   0x100  Code  Gb  peref_Calibs.o [6]
Peref_SensObserverInit   0x800'da99    0x48  Code  Gb  peref_SensObserver.o [6]
Peref_SensObserverUpdate
                         0x800'dae1   0x232  Code  Gb  peref_SensObserver.o [6]
Peref_SinObserverInitFloat
                         0x800'dd61    0x10  Code  Gb  peref_SinObserver.o [6]
Peref_SinObserverUpdateFloat
                         0x800'dd71    0xa0  Code  Gb  peref_SinObserver.o [6]
Peref_SpeedCalc          0x800'e54b    0x78  Code  Gb  peref_Calibs.o [6]
Peref_SpeedCalc::RevPrev
                        0x2000'052c     0x4  Data  Lc  peref_Calibs.o [6]
Peref_SpeedCalc::Timer  0x2000'2e0c     0x4  Data  Lc  peref_Calibs.o [6]
PeriphCommonClock_Config
                         0x800'fea3    0x4e  Code  Gb  main.o [2]
PostambleEvent           0x801'7dfb    0x3e  Code  Gb  comm_ModbusRtu.o [3]
PreambleEvent            0x801'7df1     0xa  Code  Gb  comm_ModbusRtu.o [3]
PutChar                  0x800'd6e1    0x1e  Code  Gb  peref_display.o [6]
PutComm                  0x800'd6c3    0x1e  Code  Gb  peref_display.o [6]
PutData                  0x800'd971    0x4a  Code  Lc  peref_display.o [6]
PwmDeltat               0x2000'2d6c     0x4  Data  Gb  g_Core.o [4]
PwmFreq                 0x2000'2d68     0x4  Data  Gb  g_Core.o [4]
RCCEx_PLL2_Config        0x800'8889   0x130  Code  Lc  stm32h7xx_hal_rcc_ex.o [9]
RCCEx_PLL3_Config        0x800'89c1   0x130  Code  Lc  stm32h7xx_hal_rcc_ex.o [9]
RTC_Bcd2ToByte           0x800'f2f5    0x16  Code  Gb  stm32h7xx_hal_rtc.o [9]
RTC_ByteToBcd2           0x800'f2d9    0x1c  Code  Gb  stm32h7xx_hal_rtc.o [9]
RTC_DefMaxDay            0x800'addb    0x3e  Code  Gb  peref_Clock.o [6]
RTC_EnterInitMode        0x800'f21f    0x44  Code  Gb  stm32h7xx_hal_rtc.o [9]
RTC_ExitInitMode         0x800'f263    0x62  Code  Gb  stm32h7xx_hal_rtc.o [9]
ReWriteParams            0x800'b015     0x2  Code  Gb  g_Ram.o [5]
ReadDcrFull              0x800'a6b3    0x3e  Code  Lc  core_Menu.o [4]
ReadWriteAllParams       0x800'aa05    0x9a  Code  Gb  core_Menu.o [4]
ReadWriteEeprom          0x800'aedb    0x2e  Code  Gb  stat.o [7]
RefreshParams            0x800'b017    0x26  Code  Gb  g_Ram.o [5]
Region$$Table$$Base      0x801'82c8           --   Gb  - Linker created -
Region$$Table$$Limit     0x801'82f4           --   Gb  - Linker created -
RtcControl               0x800'bf95   0x156  Code  Gb  peref.o [6]
RtcControl::PrevDate    0x2000'2e04     0x4  Data  Lc  peref.o [6]
RtcControl::PrevTime    0x2000'2e00     0x4  Data  Lc  peref.o [6]
RtcStart                0x2000'2e20     0x1  Data  Gb  peref.o [6]
RtcUpdateFlag           0x2000'2dd0     0x4  Data  Gb  peref.o [6]
RxHeader                0x2000'2cc0    0x28  Data  Gb  CMS58M.o [6]
SPI1_IRQHandler          0x801'80fd     0xa  Code  Gb  stm32h7xx_it.o [2]
SPI6_IRQHandler          0x801'8107     0xa  Code  Gb  stm32h7xx_it.o [2]
SPI_CloseTransfer        0x800'd551    0xce  Code  Lc  stm32h7xx_hal_spi.o [9]
SPI_DMAAbortOnError      0x800'd531    0x20  Code  Lc  stm32h7xx_hal_spi.o [9]
SPI_GetPacketSize        0x800'd66d    0x16  Code  Lc  stm32h7xx_hal_spi.o [9]
SPI_WaitOnFlagUntilTimeout
                         0x800'd629    0x44  Code  Lc  stm32h7xx_hal_spi.o [9]
SVC_Handler              0x801'80a3     0x2  Code  Gb  stm32h7xx_it.o [2]
SelectGroup              0x800'9779    0xe0  Code  Gb  core_Menu.o [4]
SelectParam              0x800'9859    0x5e  Code  Gb  core_Menu.o [4]
SendData                 0x800'd8f7    0x78  Code  Lc  peref_display.o [6]
SerialCommTimings        0x801'838d     0xc  Code  Gb  comm_SerialComm.o [3]
SetDefaultValues         0x800'a8ef   0x114  Code  Gb  core_Menu.o [4]
SetDefaultValues::DefAddr
                        0x2000'2d60     0x4  Data  Lc  core_Menu.o [4]
SetModBusParams          0x800'aa9f    0x52  Code  Gb  core_Menu.o [4]
ShowGroup                0x800'a02f   0x138  Code  Lc  core_Menu.o [4]
ShowParam                0x800'a599    0x38  Code  Lc  core_Menu.o [4]
ShowStart                0x800'9fed    0x42  Code  Gb  core_Menu.o [4]
ShowValue                0x800'a1e1   0x3b8  Code  Lc  core_Menu.o [4]
SleepMode                0x800'96e1    0x5a  Code  Gb  core_Menu.o [4]
SpeedEnable             0x2000'2d8c     0x4  Data  Gb  g_Core.o [4]
SpeedMax                0x2000'2d88     0x4  Data  Gb  g_Core.o [4]
SpeedRef                0x2000'2d70     0x4  Data  Gb  g_Core.o [4]
StartDispl               0x800'a5d1    0x44  Code  Gb  core_Menu.o [4]
StartMode                0x801'2549     0xc  Code  Lc  g_Core.o [4]
StartPowerControl        0x801'23ed   0x10a  Code  Gb  g_Core.o [4]
StartState               0x800'973b    0x3e  Code  Gb  core_Menu.o [4]
StartTimer              0x2000'0500     0x4  Data  Gb  g_Core.o [4]
Stat_Init                0x800'aed7     0x4  Code  Gb  stat.o [7]
StopMode                 0x801'2529    0x20  Code  Lc  g_Core.o [4]
StopPowerControl         0x801'234b    0xa0  Code  Gb  g_Core.o [4]
StrToDec                 0x800'ad21    0x3a  Code  Gb  add_ValueConv.o [2]
Symbols                 0x2000'0384    0x70  Data  Lc  peref_display.o [6]
SysTick_Config           0x800'9227    0x30  Code  Lc  stm32h7xx_hal_cortex.o [9]
SysTick_Handler          0x801'80a9     0x8  Code  Gb  stm32h7xx_it.o [2]
SystemClock_Config       0x800'fd93   0x110  Code  Gb  main.o [2]
SystemCoreClock         0x2000'0534     0x4  Data  Gb  system_stm32h7xx.o [8]
SystemD2Clock           0x2000'0538     0x4  Data  Gb  system_stm32h7xx.o [8]
SystemInit               0x801'7f5d    0xdc  Code  Gb  system_stm32h7xx.o [8]
TIM2_IRQHandler          0x801'80cf    0x2e  Code  Gb  stm32h7xx_it.o [2]
TIM_Base_SetConfig       0x801'3d4b    0xca  Code  Gb  stm32h7xx_hal_tim.o [9]
TIM_CCxChannelCmd        0x801'419f    0x24  Code  Gb  stm32h7xx_hal_tim.o [9]
TIM_CCxNChannelCmd       0x801'5679    0x24  Code  Lc  stm32h7xx_hal_tim_ex.o [9]
TIM_ETR_SetConfig        0x801'4189    0x16  Code  Gb  stm32h7xx_hal_tim.o [9]
TIM_ITRx_SetConfig       0x801'413f    0x10  Code  Lc  stm32h7xx_hal_tim.o [9]
TIM_OC1_SetConfig        0x801'3e15    0xa0  Code  Lc  stm32h7xx_hal_tim.o [9]
TIM_OC2_SetConfig        0x801'3eb5    0x92  Code  Gb  stm32h7xx_hal_tim.o [9]
TIM_OC3_SetConfig        0x801'3f49    0x8e  Code  Lc  stm32h7xx_hal_tim.o [9]
TIM_OC4_SetConfig        0x801'3fd7    0x68  Code  Lc  stm32h7xx_hal_tim.o [9]
TIM_OC5_SetConfig        0x801'403f    0x58  Code  Lc  stm32h7xx_hal_tim.o [9]
TIM_OC6_SetConfig        0x801'4097    0x5a  Code  Lc  stm32h7xx_hal_tim.o [9]
TIM_TI1_ConfigInputStage
                         0x801'40f5    0x24  Code  Lc  stm32h7xx_hal_tim.o [9]
TIM_TI2_ConfigInputStage
                         0x801'4119    0x26  Code  Lc  stm32h7xx_hal_tim.o [9]
Task10Hz                0x2000'0300    0x84  Data  Gb  g_InterruptUpdate.o [5]
Task18kHz               0x2000'0498    0x24  Data  Gb  g_InterruptUpdate.o [5]
Task200Hz               0x2000'0468    0x30  Data  Gb  g_InterruptUpdate.o [5]
Task2kHz                0x2000'0438    0x30  Data  Gb  g_InterruptUpdate.o [5]
Task50Hz                0x2000'0210    0xf0  Data  Gb  g_InterruptUpdate.o [5]
TeleControl              0x801'648d    0xa8  Code  Gb  core_VlvDrvCtrl.o [4]
TestCount               0x2000'2d54     0x4  Data  Gb  comm_ModbusRtu.o [3]
TimeSeparator           0x2000'053e     0x1  Data  Gb  add_ValueConv.o [2]
TimeSpeedStop           0x2000'2d94     0x4  Data  Gb  g_Core.o [4]
TimeToStr                0x800'acbb    0x28  Code  Gb  add_ValueConv.o [2]
TimerIdxToTimerId       0x2000'04e0    0x18  Data  Lc  stm32h7xx_hal_hrtim.o [9]
TimerInterp             0x2000'2d90     0x4  Data  Gb  g_Core.o [4]
TimerPending             0x801'7f41    0x1c  Code  Gb  comm_ModbusRtu.o [3]
TxHeader                0x2000'2ce8    0x24  Data  Gb  CMS58M.o [6]
UARTEx_SetNbDataToProcess
                         0x801'5ff7    0x72  Code  Lc  stm32h7xx_hal_uart_ex.o [9]
UARTEx_SetNbDataToProcess::denominator
                         0x801'83b8     0x8  Data  Lc  stm32h7xx_hal_uart_ex.o [9]
UARTEx_SetNbDataToProcess::numerator
                         0x801'83b0     0x8  Data  Lc  stm32h7xx_hal_uart_ex.o [9]
UARTPrescTable           0x801'8344    0x18  Data  Gb  stm32h7xx_hal_uart.o [9]
UART_AdvFeatureConfig    0x801'5cbb    0xda  Code  Gb  stm32h7xx_hal_uart.o [9]
UART_CheckIdleState      0x801'5d95    0x72  Code  Gb  stm32h7xx_hal_uart.o [9]
UART_SetConfig           0x801'571b   0x59e  Code  Gb  stm32h7xx_hal_uart.o [9]
UART_WaitOnFlagUntilTimeout
                         0x801'5e07    0xba  Code  Gb  stm32h7xx_hal_uart.o [9]
UnitControl              0x801'6535    0x58  Code  Gb  core_VlvDrvCtrl.o [4]
UpdateCode               0x800'a615    0x9e  Code  Gb  core_Menu.o [4]
UpdateComm               0x801'66c7    0x30  Code  Gb  core_VlvDrvCtrl.o [4]
UsageFault_Handler       0x801'80a1     0x2  Code  Gb  stm32h7xx_it.o [2]
WINSTAR_RusTable        0x2000'03f4    0x44  Data  Lc  peref_display.o [6]
WriteValue               0x800'a75f    0x88  Code  Gb  core_Menu.o [4]
__NVIC_EnableIRQ         0x800'9199    0x20  Code  Lc  stm32h7xx_hal_cortex.o [9]
__NVIC_GetPriorityGrouping
                         0x800'918b     0xc  Code  Lc  stm32h7xx_hal_cortex.o [9]
__NVIC_SetPriority       0x800'91b9    0x2c  Code  Lc  stm32h7xx_hal_cortex.o [9]
__NVIC_SetPriorityGrouping
                         0x800'9169    0x22  Code  Lc  stm32h7xx_hal_cortex.o [9]
__aeabi_ldiv0            0x801'6b69          Code  Gb  I64DivZer.o [12]
__aeabi_memcpy           0x800'ae31          Code  Gb  ABImemcpy.o [12]
__aeabi_memcpy4          0x800'ae51          Code  Gb  ABImemcpy.o [12]
__aeabi_memcpy8          0x800'ae51          Code  Gb  ABImemcpy.o [12]
__aeabi_memset           0x800'ab35          Code  Gb  ABImemset.o [12]
__aeabi_uldivmod         0x801'6939          Code  Gb  I64DivMod.o [12]
__cmain                  0x801'82f5          Code  Gb  cmain.o [12]
__exit                   0x801'7db1    0x14  Code  Gb  exit.o [13]
__iar_Memset             0x800'ab35          Code  Gb  ABImemset.o [12]
__iar_Memset_word        0x800'ab3d          Code  Gb  ABImemset.o [12]
__iar_Sin32              0x801'66f9   0x18c  Code  Lc  cos_sin32.o [11]
__iar_Strchr             0x800'ae19          Code  Gb  strchr.o [12]
__iar_cos32              0x801'68c5     0x4  Code  Gb  cos_sin32.o [11]
__iar_cos_medium32       0x801'68c5     0x4  Code  Gb  cos_sin32.o [11]
__iar_cos_mediumf        0x801'68c5     0x4  Code  Gb  cos_sin32.o [11]
__iar_data_init3         0x801'827d    0x28  Code  Gb  data_init.o [12]
__iar_fmax64             0x801'68f9          Code  Gb  fmax.o [11]
__iar_fmin64             0x801'68cd          Code  Gb  fmin.o [11]
__iar_init_vfp           0x801'82a5          Code  Gb  fpinit_M.o [11]
__iar_lz77_init3         0x801'7c33   0x176  Code  Gb  lz77_init.o [12]
__iar_program_start      0x801'8329          Code  Gb  cstartup_M.o [12]
__iar_sin32              0x801'68c9     0x4  Code  Gb  cos_sin32.o [11]
__iar_sin_medium32       0x801'68c9     0x4  Code  Gb  cos_sin32.o [11]
__iar_sin_mediumf        0x801'68c9     0x4  Code  Gb  cos_sin32.o [11]
__iar_sqrt32             0x800'fc3d          Code  Gb  sqrtf.o [11]
__iar_sqrt64             0x800'fc1d          Code  Gb  sqrt.o [11]
__iar_zero_init3         0x801'8245    0x38  Code  Gb  zero_init3.o [12]
__low_level_init         0x801'8313     0x4  Code  Gb  low_level_init.o [10]
__vector_table           0x800'0000          Data  Gb  startup_stm32h743xx.o [1]
_call_main               0x801'8301          Code  Gb  cmain.o [12]
_exit                    0x801'831d          Code  Gb  cexit.o [12]
a                       0x2000'2d5c     0x4  Data  Gb  core_Menu.o [4]
abort                    0x801'7da9     0x6  Code  Gb  abort.o [10]
abs                      0x800'ef69     0x8  Code  Gb  abs.o [10]
addr1                   0x2000'2d98     0x4  Data  Gb  g_Core.o [4]
addrtmp                 0x2000'2d64     0x4  Data  Gb  core_Menu.o [4]
addrtmp2                0x2000'2d58     0x4  Data  Gb  core_Menu.o [4]
btnClose                0x2000'2dd8     0x4  Data  Gb  peref.o [6]
btnOpen                 0x2000'2dd4     0x4  Data  Gb  peref.o [6]
btnProg1                0x2000'2de4     0x4  Data  Gb  peref.o [6]
btnProg2                0x2000'2de8     0x4  Data  Gb  peref.o [6]
btnStop1                0x2000'2ddc     0x4  Data  Gb  peref.o [6]
btnStop2                0x2000'2de0     0x4  Data  Gb  peref.o [6]
core10HZupdate           0x801'2dcd    0x2a  Code  Gb  g_Core.o [4]
core18kHZupdate          0x801'21a1   0x1aa  Code  Gb  g_Core.o [4]
core200HZupdate          0x801'2cb5     0x2  Code  Gb  g_Core.o [4]
core50HZupdate           0x801'2cb7    0x3c  Code  Gb  g_Core.o [4]
coreTLocalControl        0x801'2fe5   0x1f4  Code  Gb  g_Core.o [4]
coreTLocalControl::prevHalls
                        0x2000'2da0     0x4  Data  Lc  g_Core.o [4]
coreTLocalControl::readyForNewCmd
                        0x2000'0540     0x1  Data  Lc  g_Core.o [4]
coreTS                   0x801'2ec5    0xf0  Code  Gb  g_Core.o [4]
coreTU                   0x801'2e1d    0x8a  Code  Gb  g_Core.o [4]
corr                    0x2000'04fc     0x4  Data  Gb  g_Core.o [4]
cosf                     0x801'68c5     0x4  Code  Gb  cos_sin32.o [11]
count1                  0x2000'2d9c     0x4  Data  Gb  g_Core.o [4]
count18kHz              0x2000'2db0     0x4  Data  Gb  g_InterruptUpdate.o [5]
count200Hz              0x2000'2db8     0x4  Data  Gb  g_InterruptUpdate.o [5]
count2kHz               0x2000'2db4     0x4  Data  Gb  g_InterruptUpdate.o [5]
count50Hz               0x2000'2dbc     0x4  Data  Gb  g_InterruptUpdate.o [5]
data1                   0x2000'2da8     0x4  Data  Gb  g_Core.o [4]
data2                   0x2000'2dac     0x4  Data  Gb  g_Core.o [4]
dotsADC                 0x2000'0000   0x108  Data  Gb  peref.o [6]
dotsDAC                 0x2000'0108   0x108  Data  Gb  peref.o [6]
exit                     0x801'8317     0x4  Code  Gb  exit.o [10]
fmax                     0x801'68f9          Code  Gb  fmax.o [11]
fmaxl                    0x801'68f9          Code  Gb  fmax.o [11]
fmin                     0x801'68cd          Code  Gb  fmin.o [11]
fminl                    0x801'68cd          Code  Gb  fmin.o [11]
g_Comm                  0x2000'1600   0x728  Data  Gb  comm.o [3]
g_Core                  0x2000'1d90   0x540  Data  Gb  g_Core.o [4]
g_Peref                 0x2000'0e18   0x7e8  Data  Gb  peref.o [6]
g_Ram                   0x2000'0544   0x8d4  Data  Gb  g_Ram.o [5]
g_Ram_Init               0x800'af09    0x30  Code  Gb  g_Ram.o [5]
g_Ram_Update             0x800'af39    0xdc  Code  Gb  g_Ram.o [5]
g_Stat                  0x2000'25c4    0xc0  Data  Gb  stat.o [7]
groups                   0x801'8158    0xa0  Data  Gb  core_Menu.o [4]
hadc1                   0x2000'1d28    0x64  Data  Gb  main.o [2]
hadc3                   0x2000'2b64    0x64  Data  Gb  main.o [2]
hdma_adc1               0x2000'2a74    0x78  Data  Gb  main.o [2]
hdma_adc3               0x2000'2aec    0x78  Data  Gb  main.o [2]
hfdcan2                 0x2000'2684    0xa0  Data  Gb  main.o [2]
hhrtim                  0x2000'24e8    0xdc  Data  Gb  main.o [2]
hrtc                    0x2000'2d0c    0x24  Data  Gb  main.o [2]
hspi1                   0x2000'2964    0x88  Data  Gb  main.o [2]
hspi6                   0x2000'29ec    0x88  Data  Gb  main.o [2]
htim1                   0x2000'2bc8    0x4c  Data  Gb  main.o [2]
htim2                   0x2000'2c14    0x4c  Data  Gb  main.o [2]
huart3                  0x2000'28d4    0x90  Data  Gb  main.o [2]
huart4                  0x2000'2724    0x90  Data  Gb  main.o [2]
huart5                  0x2000'27b4    0x90  Data  Gb  main.o [2]
huart8                  0x2000'2844    0x90  Data  Gb  main.o [2]
ileg_fq_calc             0x800'de11    0xb4  Code  Gb  peref_SinObserver.o [6]
interp2D_calc            0x801'2a61    0xc6  Code  Gb  g_Core.o [4]
ipark_calc               0x801'2b29    0x6a  Code  Gb  g_Core.o [4]
labs                     0x800'ef61     0x8  Code  Gb  labs.o [10]
main                     0x800'fc5d   0x136  Code  Gb  main.o [2]
max                     0x2000'0528     0x4  Data  Gb  peref.o [6]
menu                    0x2000'22d0   0x218  Data  Gb  core_Menu.o [4]
pADS1118_ConfRegData    0x2000'2e18     0x2  Data  Gb  peref.o [6]
p_Controller             0x801'2d09    0xc0  Code  Gb  g_Core.o [4]
params                   0x800'0298  0x4ee4  Data  Gb  core_Menu.o [4]
park_calc                0x801'2bb1    0x7e  Code  Gb  g_Core.o [4]
peref_10HzCalc           0x800'bb81   0x2d0  Code  Gb  peref.o [6]
peref_18KHzCalc          0x800'b8d9    0xde  Code  Gb  peref.o [6]
peref_200HzCalc          0x800'b9b9   0x100  Code  Gb  peref.o [6]
peref_2KHzCalc           0x800'b9b7     0x2  Code  Gb  peref.o [6]
peref_50HzCalc           0x800'bab9    0xc8  Code  Gb  peref.o [6]
peref_74HC595D           0x800'c0eb    0x66  Code  Gb  peref.o [6]
peref_ADCDACtoPRCObserverUpdate
                         0x800'c2f5   0x108  Code  Gb  peref.o [6]
peref_ADCDACtoPRCObserverUpdate::i
                        0x2000'2e08     0x4  Data  Lc  peref.o [6]
peref_ADCtoPRCObserverInit
                         0x800'b85d    0x3e  Code  Gb  peref.o [6]
peref_ApFilter1Calc      0x800'da77    0x22  Code  Gb  peref_ApFilter1.o [6]
peref_ApFilter1Init      0x800'da25    0x52  Code  Gb  peref_ApFilter1.o [6]
peref_Init               0x800'b31d   0x540  Code  Gb  peref.o [6]
peref_ProctoDACObserverInit
                         0x800'b89b    0x3e  Code  Gb  peref.o [6]
pwm_calc                 0x801'2855    0xea  Code  Gb  g_Core.o [4]
rampgen_calc             0x801'293f    0xc6  Code  Gb  g_Core.o [4]
sinf                     0x801'68c9     0x4  Code  Gb  cos_sin32.o [11]
speedstart              0x2000'2d84     0x4  Data  Gb  g_Core.o [4]
sqrt                     0x800'fc1d          Code  Gb  sqrt.o [11]
sqrtf                    0x800'fc3d          Code  Gb  sqrtf.o [11]
sqrtl                    0x800'fc1d          Code  Gb  sqrt.o [11]
strchr                   0x800'ae19          Code  Gb  strchr.o [12]
strcmp                   0x800'adc9          Code  Gb  strcmp.o [12]
strcpy                   0x800'ab1d          Code  Gb  strcpy.o [12]
strlen                   0x800'ad91          Code  Gb  strlen.o [12]
svgendq3ph_calc          0x801'2689   0x1c6  Code  Gb  g_Core.o [4]
testPreamble            0x2000'2d50     0x4  Data  Gb  comm_ModbusRtu.o [3]
tmpData                 0x2000'2dfc     0x4  Data  Gb  peref.o [6]
tmpData2                0x2000'0524     0x4  Data  Gb  peref.o [6]
tmpDelta                0x2000'2df0     0x4  Data  Gb  peref.o [6]
tmpDelta2               0x2000'2df4     0x4  Data  Gb  peref.o [6]
tmpDelta3               0x2000'2df8     0x4  Data  Gb  peref.o [6]
tmpdata                 0x2000'2d40     0x8  Data  Gb  g_Core.o [4]
tmpdata2                0x2000'2d48     0x8  Data  Gb  g_Core.o [4]
tskCnt10Hz              0x2000'2dcc     0x4  Data  Gb  g_InterruptUpdate.o [5]
tskCnt200Hz             0x2000'2dc4     0x4  Data  Gb  g_InterruptUpdate.o [5]
tskCnt2kHz              0x2000'2dc0     0x4  Data  Gb  g_InterruptUpdate.o [5]
tskCnt50Hz              0x2000'2dc8     0x4  Data  Gb  g_InterruptUpdate.o [5]
tskMaxCnt10Hz           0x2000'0518     0x4  Data  Gb  g_InterruptUpdate.o [5]
tskMaxCnt18kHz          0x2000'0508     0x4  Data  Gb  g_InterruptUpdate.o [5]
tskMaxCnt200Hz          0x2000'0510     0x4  Data  Gb  g_InterruptUpdate.o [5]
tskMaxCnt2kHz           0x2000'050c     0x4  Data  Gb  g_InterruptUpdate.o [5]
tskMaxCnt50Hz           0x2000'0514     0x4  Data  Gb  g_InterruptUpdate.o [5]
txReadSdo                0x800'e0ab    0x8e  Code  Gb  CMS58M.o [6]
txWriteNmt               0x800'df7b    0x60  Code  Gb  CMS58M.o [6]
txWriteSdo               0x800'dfdb    0xd0  Code  Gb  CMS58M.o [6]
uwTick                  0x2000'2e10     0x4  Data  Gb  stm32h7xx_hal.o [9]
uwTickFreq              0x2000'0542     0x1  Data  Gb  stm32h7xx_hal.o [9]
uwTickPrio              0x2000'0530     0x4  Data  Gb  stm32h7xx_hal.o [9]
values                   0x801'6b6c   0xe50  Data  Gb  core_Menu.o [4]


[1] = D:\WorkOther\EBU6\EWARM\EBU6\Obj\Application\EWARM
[2] = D:\WorkOther\EBU6\EWARM\EBU6\Obj\Application\User\Core
[3] = D:\WorkOther\EBU6\EWARM\EBU6\Obj\Application\User\Core\Comm
[4] = D:\WorkOther\EBU6\EWARM\EBU6\Obj\Application\User\Core\Core
[5] = D:\WorkOther\EBU6\EWARM\EBU6\Obj\Application\User\Core\Global
[6] = D:\WorkOther\EBU6\EWARM\EBU6\Obj\Application\User\Core\Peref
[7] = D:\WorkOther\EBU6\EWARM\EBU6\Obj\Application\User\Core\Stat
[8] = D:\WorkOther\EBU6\EWARM\EBU6\Obj\Drivers\CMSIS
[9] = D:\WorkOther\EBU6\EWARM\EBU6\Obj\Drivers\STM32H7xx_HAL_Driver
[10] = dl7M_tln.a
[11] = m7M_tlv.a
[12] = rt7M_tl.a
[13] = shb_l.a

  75'552 bytes of readonly  code memory
  25'079 bytes of readonly  data memory
  20'000 bytes of readwrite data memory

Errors: none
Warnings: none
