###############################################################################
#
# IAR ELF Linker V9.10.2.313/W64 for ARM                  23/Jul/2022  11:48:13
# Copyright 2007-2021 IAR Systems AB.
#
#    Output file  =  C:\work\ebu6\EBU6\EWARM\EBU6\Exe\EBU6.out
#    Map file     =  C:\work\ebu6\EBU6\EWARM\EBU6\List\EBU6.map
#    Command line =
#        -f C:\work\ebu6\EBU6\EWARM\EBU6\List\EBU6.map.rsp
#        (C:\work\ebu6\EBU6\EWARM\EBU6\Obj\Application\User\Core\add_ValueConv.o
#        C:\work\ebu6\EBU6\EWARM\EBU6\Obj\Application\User\Core\Peref\CMS58M.o
#        C:\work\ebu6\EBU6\EWARM\EBU6\Obj\Application\User\Core\Comm\comm.o
#        C:\work\ebu6\EBU6\EWARM\EBU6\Obj\Application\User\Core\Comm\comm_ModbusRtu.o
#        C:\work\ebu6\EBU6\EWARM\EBU6\Obj\Application\User\Core\Comm\comm_SerialComm.o
#        C:\work\ebu6\EBU6\EWARM\EBU6\Obj\Application\User\Core\Core\core_InverterControl.o
#        C:\work\ebu6\EBU6\EWARM\EBU6\Obj\Application\User\Core\Core\core_Menu.o
#        C:\work\ebu6\EBU6\EWARM\EBU6\Obj\Application\User\Core\Core\core_Protections.o
#        C:\work\ebu6\EBU6\EWARM\EBU6\Obj\Application\User\Core\Core\core_VlvDrvCtrl.o
#        C:\work\ebu6\EBU6\EWARM\EBU6\Obj\Application\User\Core\Core\g_Core.o
#        C:\work\ebu6\EBU6\EWARM\EBU6\Obj\Application\User\Core\Global\g_InterruptUpdate.o
#        C:\work\ebu6\EBU6\EWARM\EBU6\Obj\Application\User\Core\Global\g_Ram.o
#        C:\work\ebu6\EBU6\EWARM\EBU6\Obj\Application\User\Core\main.o
#        C:\work\ebu6\EBU6\EWARM\EBU6\Obj\Application\User\Core\Peref\peref.o
#        C:\work\ebu6\EBU6\EWARM\EBU6\Obj\Application\User\Core\Peref\peref_ApFilter1.o
#        C:\work\ebu6\EBU6\EWARM\EBU6\Obj\Application\User\Core\Peref\peref_ApFilter3.o
#        C:\work\ebu6\EBU6\EWARM\EBU6\Obj\Application\User\Core\Peref\peref_Calibs.o
#        C:\work\ebu6\EBU6\EWARM\EBU6\Obj\Application\User\Core\Peref\peref_Clock.o
#        C:\work\ebu6\EBU6\EWARM\EBU6\Obj\Application\User\Core\Peref\peref_display.o
#        C:\work\ebu6\EBU6\EWARM\EBU6\Obj\Application\User\Core\Peref\peref_SensObserver.o
#        C:\work\ebu6\EBU6\EWARM\EBU6\Obj\Application\User\Core\Peref\peref_SinObserver.o
#        C:\work\ebu6\EBU6\EWARM\EBU6\Obj\Application\EWARM\startup_stm32h743xx.o
#        C:\work\ebu6\EBU6\EWARM\EBU6\Obj\Application\User\Core\Stat\stat.o
#        C:\work\ebu6\EBU6\EWARM\EBU6\Obj\Application\User\Core\Stat\stat_fm25v10.o
#        C:\work\ebu6\EBU6\EWARM\EBU6\Obj\Drivers\STM32H7xx_HAL_Driver\stm32h7xx_hal.o
#        C:\work\ebu6\EBU6\EWARM\EBU6\Obj\Drivers\STM32H7xx_HAL_Driver\stm32h7xx_hal_adc.o
#        C:\work\ebu6\EBU6\EWARM\EBU6\Obj\Drivers\STM32H7xx_HAL_Driver\stm32h7xx_hal_adc_ex.o
#        C:\work\ebu6\EBU6\EWARM\EBU6\Obj\Drivers\STM32H7xx_HAL_Driver\stm32h7xx_hal_cortex.o
#        C:\work\ebu6\EBU6\EWARM\EBU6\Obj\Drivers\STM32H7xx_HAL_Driver\stm32h7xx_hal_dma.o
#        C:\work\ebu6\EBU6\EWARM\EBU6\Obj\Drivers\STM32H7xx_HAL_Driver\stm32h7xx_hal_dma_ex.o
#        C:\work\ebu6\EBU6\EWARM\EBU6\Obj\Drivers\STM32H7xx_HAL_Driver\stm32h7xx_hal_exti.o
#        C:\work\ebu6\EBU6\EWARM\EBU6\Obj\Drivers\STM32H7xx_HAL_Driver\stm32h7xx_hal_fdcan.o
#        C:\work\ebu6\EBU6\EWARM\EBU6\Obj\Drivers\STM32H7xx_HAL_Driver\stm32h7xx_hal_flash.o
#        C:\work\ebu6\EBU6\EWARM\EBU6\Obj\Drivers\STM32H7xx_HAL_Driver\stm32h7xx_hal_flash_ex.o
#        C:\work\ebu6\EBU6\EWARM\EBU6\Obj\Drivers\STM32H7xx_HAL_Driver\stm32h7xx_hal_gpio.o
#        C:\work\ebu6\EBU6\EWARM\EBU6\Obj\Drivers\STM32H7xx_HAL_Driver\stm32h7xx_hal_hrtim.o
#        C:\work\ebu6\EBU6\EWARM\EBU6\Obj\Drivers\STM32H7xx_HAL_Driver\stm32h7xx_hal_hsem.o
#        C:\work\ebu6\EBU6\EWARM\EBU6\Obj\Drivers\STM32H7xx_HAL_Driver\stm32h7xx_hal_i2c.o
#        C:\work\ebu6\EBU6\EWARM\EBU6\Obj\Drivers\STM32H7xx_HAL_Driver\stm32h7xx_hal_i2c_ex.o
#        C:\work\ebu6\EBU6\EWARM\EBU6\Obj\Drivers\STM32H7xx_HAL_Driver\stm32h7xx_hal_mdma.o
#        C:\work\ebu6\EBU6\EWARM\EBU6\Obj\Application\User\Core\stm32h7xx_hal_msp.o
#        C:\work\ebu6\EBU6\EWARM\EBU6\Obj\Drivers\STM32H7xx_HAL_Driver\stm32h7xx_hal_pwr.o
#        C:\work\ebu6\EBU6\EWARM\EBU6\Obj\Drivers\STM32H7xx_HAL_Driver\stm32h7xx_hal_pwr_ex.o
#        C:\work\ebu6\EBU6\EWARM\EBU6\Obj\Drivers\STM32H7xx_HAL_Driver\stm32h7xx_hal_rcc.o
#        C:\work\ebu6\EBU6\EWARM\EBU6\Obj\Drivers\STM32H7xx_HAL_Driver\stm32h7xx_hal_rcc_ex.o
#        C:\work\ebu6\EBU6\EWARM\EBU6\Obj\Drivers\STM32H7xx_HAL_Driver\stm32h7xx_hal_rtc.o
#        C:\work\ebu6\EBU6\EWARM\EBU6\Obj\Drivers\STM32H7xx_HAL_Driver\stm32h7xx_hal_rtc_ex.o
#        C:\work\ebu6\EBU6\EWARM\EBU6\Obj\Drivers\STM32H7xx_HAL_Driver\stm32h7xx_hal_spi.o
#        C:\work\ebu6\EBU6\EWARM\EBU6\Obj\Drivers\STM32H7xx_HAL_Driver\stm32h7xx_hal_spi_ex.o
#        C:\work\ebu6\EBU6\EWARM\EBU6\Obj\Drivers\STM32H7xx_HAL_Driver\stm32h7xx_hal_tim.o
#        C:\work\ebu6\EBU6\EWARM\EBU6\Obj\Drivers\STM32H7xx_HAL_Driver\stm32h7xx_hal_tim_ex.o
#        C:\work\ebu6\EBU6\EWARM\EBU6\Obj\Drivers\STM32H7xx_HAL_Driver\stm32h7xx_hal_uart.o
#        C:\work\ebu6\EBU6\EWARM\EBU6\Obj\Drivers\STM32H7xx_HAL_Driver\stm32h7xx_hal_uart_ex.o
#        C:\work\ebu6\EBU6\EWARM\EBU6\Obj\Application\User\Core\stm32h7xx_it.o
#        C:\work\ebu6\EBU6\EWARM\EBU6\Obj\Drivers\CMSIS\system_stm32h7xx.o
#        --no_out_extension -o C:\work\ebu6\EBU6\EWARM\EBU6\Exe\EBU6.out --map
#        C:\work\ebu6\EBU6\EWARM\EBU6\List\EBU6.map --config
#        C:\work\ebu6\EBU6\EWARM\stm32h743xx_flash.icf --semihosting --entry
#        __iar_program_start --vfe --text_out locale)
#
###############################################################################

*******************************************************************************
*** RUNTIME MODEL ATTRIBUTES
***

CppFlavor       = *
__SystemLibrary = DLib
__dlib_version  = 6


*******************************************************************************
*** HEAP SELECTION
***

The basic heap was selected because no calls to memory allocation
functions were found in the application outside of system library
functions, and there are calls to deallocation functions in the
application.


*******************************************************************************
*** PLACEMENT SUMMARY
***

"A0":  place at address 0x800'0000 { ro section .intvec };
"P1":  place in [from 0x800'0000 to 0x81f'ffff] { ro };
define block CSTACK with size = 16K, alignment = 8 { };
define block HEAP with size = 8K, alignment = 8 { };
"P2":  place in [from 0x2400'0000 to 0x2407'ffff] {
          rw, block CSTACK, block HEAP };
initialize by copy { rw };

  Section            Kind         Address      Size  Object
  -------            ----         -------      ----  ------
"A0":                                         0x298
  .intvec            ro code   0x800'0000     0x298  startup_stm32h743xx.o [1]
                             - 0x800'0298     0x298

"P1":                                      0x1'8488
  .rodata            const     0x800'0298    0x4ee4  core_Menu.o [4]
  .text              ro code   0x800'517c    0x1e54  stm32h7xx_hal_dma.o [9]
  .text              ro code   0x800'6fd0       0xc  stm32h7xx_hal.o [9]
  .text              ro code   0x800'6fdc    0x1b40  stm32h7xx_hal_rcc_ex.o [9]
  .text              ro code   0x800'8b1c     0x5f4  stm32h7xx_hal_rcc.o [9]
  .text              ro code   0x800'9110      0x58  stm32h7xx_hal.o [9]
  .text              ro code   0x800'9168     0x158  stm32h7xx_hal_cortex.o [9]
  .text              ro code   0x800'92c0    0x185c  core_Menu.o [4]
  .text              ro code   0x800'ab1c      0x18  strcpy.o [12]
  .text              ro code   0x800'ab34      0x66  ABImemset.o [12]
  .text              ro code   0x800'ab9c     0x1f2  add_ValueConv.o [2]
  .text              ro code   0x800'ad90      0x36  strlen.o [12]
  .text              ro code   0x800'adc8      0x12  strcmp.o [12]
  .text              ro code   0x800'adda      0x3e  peref_Clock.o [6]
  .text              ro code   0x800'ae18      0x16  strchr.o [12]
  .text              ro code   0x800'ae30      0xa6  ABImemcpy.o [12]
  .text              ro code   0x800'aed6      0x32  stat.o [7]
  .text              ro code   0x800'af08     0x168  g_Ram.o [5]
  .text              ro code   0x800'b070     0x2c4  stat_fm25v10.o [7]
  .text              ro code   0x800'b334    0x1328  peref.o [6]
  .text              ro code   0x800'c65c     0x2b4  stm32h7xx_hal_gpio.o [9]
  .text              ro code   0x800'c910     0xf2e  stm32h7xx_hal_spi.o [9]
  .text              ro code   0x800'd840     0x3a0  peref_display.o [6]
  .text              ro code   0x800'dbe0      0x74  peref_ApFilter1.o [6]
  .text              ro code   0x800'dc54     0x2c8  peref_SensObserver.o [6]
  .text              ro code   0x800'df1c     0x168  peref_SinObserver.o [6]
  .text              ro code   0x800'e084     0x28c  CMS58M.o [6]
  .text              ro code   0x800'e310     0x4ac  peref_Calibs.o [6]
  .text              ro code   0x800'e7bc     0x95c  stm32h7xx_hal_fdcan.o [9]
  .text              ro code   0x800'f118       0x8  labs.o [10]
  .text              ro code   0x800'f120       0x8  abs.o [10]
  .text              ro code   0x800'f128     0x39a  stm32h7xx_hal_rtc.o [9]
  .text              ro code   0x800'f4c4     0x908  stm32h7xx_hal_msp.o [2]
  .text              ro code   0x800'fdcc       0x2  stm32h7xx_hal_spi.o [9]
  .text              ro code   0x800'fdce       0x2  stm32h7xx_hal_spi.o [9]
  .text              ro code   0x800'fdd0       0x2  stm32h7xx_hal_spi.o [9]
  .text              ro code   0x800'fdd2       0x2  stm32h7xx_hal_spi.o [9]
  .text              ro code   0x800'fdd4      0x1e  sqrtf.o [11]
  .text              ro code   0x800'fdf4    0x1118  main.o [2]
  .text              ro code   0x801'0f0c      0xa8  stm32h7xx_hal.o [9]
  .text              ro code   0x801'0fb4    0x105c  stm32h7xx_hal_adc.o [9]
  .text              ro code   0x801'2010    0x13f8  g_Core.o [4]
  .text              ro code   0x801'3408       0x6  comm.o [3]
  .text              ro code   0x801'3410     0xd1e  stm32h7xx_hal_tim.o [9]
  .text              ro code   0x801'4130      0x64  stm32h7xx_hal_pwr_ex.o [9]
  .text              ro code   0x801'4194      0x14  stm32h7xx_hal_pwr.o [9]
  .text              ro code   0x801'41a8     0x73c  stm32h7xx_hal_rcc.o [9]
  .text              ro code   0x801'48e4     0x174  stm32h7xx_hal_adc_ex.o [9]
  .text              ro code   0x801'4a58     0x8ba  stm32h7xx_hal_hrtim.o [9]
  .text              ro code   0x801'5314     0x2f4  stm32h7xx_hal_tim_ex.o [9]
  .text              ro code   0x801'5608     0x868  stm32h7xx_hal_uart.o [9]
  .text              ro code   0x801'5e70     0x16c  stm32h7xx_hal_uart_ex.o [9]
  .text              ro code   0x801'5fdc       0x2  stm32h7xx_hal_adc_ex.o [9]
  .text              ro code   0x801'5fde       0x2  stm32h7xx_hal_adc.o [9]
  .text              ro code   0x801'5fe0       0x2  stm32h7xx_hal_adc_ex.o [9]
  .text              ro code   0x801'5fe2       0x2  stm32h7xx_hal_adc.o [9]
  .text              ro code   0x801'5fe4       0x2  stm32h7xx_hal_adc_ex.o [9]
  .text              ro code   0x801'5fe6       0x2  stm32h7xx_hal_adc_ex.o [9]
  .text              ro code   0x801'5fe8       0x2  stm32h7xx_hal_adc.o [9]
  .text              ro code   0x801'5fea       0x2  stm32h7xx_hal_adc_ex.o [9]
  .text              ro code   0x801'5fec       0x2  stm32h7xx_hal_adc.o [9]
  .text              ro code   0x801'5ff0      0xc4  core_Protections.o [4]
  .text              ro code   0x801'60b4     0x5aa  core_VlvDrvCtrl.o [4]
  .text              ro code   0x801'6660     0x1d4  cos_sin32.o [11]
  .text              ro code   0x801'6834      0x2a  fmin.o [11]
  .text              ro code   0x801'6860      0x2e  fmax.o [11]
  .text              ro code   0x801'688e       0x2  stm32h7xx_hal_tim.o [9]
  .text              ro code   0x801'6890       0x2  stm32h7xx_hal_tim.o [9]
  .text              ro code   0x801'6892       0x2  stm32h7xx_hal_tim.o [9]
  .text              ro code   0x801'6894       0x2  stm32h7xx_hal_tim.o [9]
  .text              ro code   0x801'6896       0x2  stm32h7xx_hal_tim.o [9]
  .text              ro code   0x801'6898       0x2  stm32h7xx_hal_tim_ex.o [9]
  .text              ro code   0x801'689a       0x2  stm32h7xx_hal_tim_ex.o [9]
  .text              ro code   0x801'689c       0x2  stm32h7xx_hal_tim.o [9]
  .text              ro code   0x801'689e       0x2  stm32h7xx_hal_tim_ex.o [9]
  .text              ro code   0x801'68a0     0x230  I64DivMod.o [12]
  .text              ro code   0x801'6ad0       0x2  I64DivZer.o [12]
  .rodata            const     0x801'6ad4     0xe60  core_Menu.o [4]
  .text              ro code   0x801'7934     0x1fc  g_InterruptUpdate.o [5]
  .text              ro code   0x801'7b30     0x198  comm_ModbusRtu.o [3]
  .text              ro code   0x801'7cc8     0x13c  system_stm32h7xx.o [8]
  .text              ro code   0x801'7e04      0xa8  stm32h7xx_it.o [2]
  .text              ro code   0x801'7eac      0x18  stm32h7xx_hal.o [9]
  .rodata            const     0x801'7ec4      0xa0  core_Menu.o [4]
  .text              ro code   0x801'7f64      0x78  lz77_init_single.o [12]
  .rodata            const     0x801'7fdc      0x4c  stm32h7xx_hal_fdcan.o [9]
  .text              ro code   0x801'8028      0x38  zero_init3.o [12]
  .text              ro code   0x801'8060      0x28  data_init.o [12]
  .text              ro code   0x801'8088      0x22  fpinit_M.o [11]
  .iar.init_table    const     0x801'80ac      0x20  - Linker created -
  .text              ro code   0x801'80cc      0x1e  cmain.o [12]
  .text              ro code   0x801'80ea       0x4  low_level_init.o [10]
  .text              ro code   0x801'80ee       0x4  exit.o [10]
  .text              ro code   0x801'80f4       0xa  cexit.o [12]
  .text              ro code   0x801'8100      0x14  exit.o [13]
  .text              ro code   0x801'8114      0x1c  cstartup_M.o [12]
  .rodata            const     0x801'8130      0x18  stm32h7xx_hal_uart.o [9]
  .rodata            const     0x801'8148      0x10  stm32h7xx_hal_fdcan.o [9]
  .rodata            const     0x801'8158      0x10  system_stm32h7xx.o [8]
  .text              ro code   0x801'8168      0x10  startup_stm32h743xx.o [1]
  .text              ro code   0x801'8178       0xc  comm_SerialComm.o [3]
  .rodata            const     0x801'8184       0x8  CMS58M.o [6]
  .rodata            const     0x801'818c       0x8  core_Menu.o [4]
  .rodata            const     0x801'8194       0x8  stm32h7xx_hal_dma.o [9]
  .rodata            const     0x801'819c       0x8  stm32h7xx_hal_uart_ex.o [9]
  .rodata            const     0x801'81a4       0x8  stm32h7xx_hal_uart_ex.o [9]
  .rodata            const     0x801'81ac       0x4  CMS58M.o [6]
  .text              ro code   0x801'81b0       0x4  startup_stm32h743xx.o [1]
  .text              ro code   0x801'81b4       0x4  startup_stm32h743xx.o [1]
  .text              ro code   0x801'81b8       0x4  startup_stm32h743xx.o [1]
  .text              ro code   0x801'81bc       0x4  startup_stm32h743xx.o [1]
  .text              ro code   0x801'81c0       0x4  startup_stm32h743xx.o [1]
  .text              ro code   0x801'81c4       0x4  startup_stm32h743xx.o [1]
  .text              ro code   0x801'81c8       0x4  startup_stm32h743xx.o [1]
  .text              ro code   0x801'81cc       0x4  startup_stm32h743xx.o [1]
  .text              ro code   0x801'81d0       0x4  startup_stm32h743xx.o [1]
  .text              ro code   0x801'81d4       0x4  startup_stm32h743xx.o [1]
  .text              ro code   0x801'81d8       0x4  startup_stm32h743xx.o [1]
  .text              ro code   0x801'81dc       0x4  startup_stm32h743xx.o [1]
  .text              ro code   0x801'81e0       0x4  startup_stm32h743xx.o [1]
  .text              ro code   0x801'81e4       0x4  startup_stm32h743xx.o [1]
  .text              ro code   0x801'81e8       0x4  startup_stm32h743xx.o [1]
  .text              ro code   0x801'81ec       0x4  startup_stm32h743xx.o [1]
  .text              ro code   0x801'81f0       0x4  startup_stm32h743xx.o [1]
  .text              ro code   0x801'81f4       0x4  startup_stm32h743xx.o [1]
  .text              ro code   0x801'81f8       0x4  startup_stm32h743xx.o [1]
  .text              ro code   0x801'81fc       0x4  startup_stm32h743xx.o [1]
  .text              ro code   0x801'8200       0x4  startup_stm32h743xx.o [1]
  .text              ro code   0x801'8204       0x4  startup_stm32h743xx.o [1]
  .text              ro code   0x801'8208       0x4  startup_stm32h743xx.o [1]
  .text              ro code   0x801'820c       0x4  startup_stm32h743xx.o [1]
  .text              ro code   0x801'8210       0x4  startup_stm32h743xx.o [1]
  .text              ro code   0x801'8214       0x4  startup_stm32h743xx.o [1]
  .text              ro code   0x801'8218       0x4  startup_stm32h743xx.o [1]
  .text              ro code   0x801'821c       0x4  startup_stm32h743xx.o [1]
  .text              ro code   0x801'8220       0x4  startup_stm32h743xx.o [1]
  .text              ro code   0x801'8224       0x4  startup_stm32h743xx.o [1]
  .text              ro code   0x801'8228       0x4  startup_stm32h743xx.o [1]
  .text              ro code   0x801'822c       0x4  startup_stm32h743xx.o [1]
  .text              ro code   0x801'8230       0x4  startup_stm32h743xx.o [1]
  .text              ro code   0x801'8234       0x4  startup_stm32h743xx.o [1]
  .text              ro code   0x801'8238       0x4  startup_stm32h743xx.o [1]
  .text              ro code   0x801'823c       0x4  startup_stm32h743xx.o [1]
  .text              ro code   0x801'8240       0x4  startup_stm32h743xx.o [1]
  .text              ro code   0x801'8244       0x4  startup_stm32h743xx.o [1]
  .text              ro code   0x801'8248       0x4  startup_stm32h743xx.o [1]
  .text              ro code   0x801'824c       0x4  startup_stm32h743xx.o [1]
  .text              ro code   0x801'8250       0x4  startup_stm32h743xx.o [1]
  .text              ro code   0x801'8254       0x4  startup_stm32h743xx.o [1]
  .text              ro code   0x801'8258       0x4  startup_stm32h743xx.o [1]
  .text              ro code   0x801'825c       0x4  startup_stm32h743xx.o [1]
  .text              ro code   0x801'8260       0x4  startup_stm32h743xx.o [1]
  .text              ro code   0x801'8264       0x4  startup_stm32h743xx.o [1]
  .text              ro code   0x801'8268       0x4  startup_stm32h743xx.o [1]
  .text              ro code   0x801'826c       0x4  startup_stm32h743xx.o [1]
  .text              ro code   0x801'8270       0x4  startup_stm32h743xx.o [1]
  .text              ro code   0x801'8274       0x4  startup_stm32h743xx.o [1]
  .text              ro code   0x801'8278       0x4  startup_stm32h743xx.o [1]
  .text              ro code   0x801'827c       0x4  startup_stm32h743xx.o [1]
  .text              ro code   0x801'8280       0x4  startup_stm32h743xx.o [1]
  .text              ro code   0x801'8284       0x4  startup_stm32h743xx.o [1]
  .text              ro code   0x801'8288       0x4  startup_stm32h743xx.o [1]
  .text              ro code   0x801'828c       0x4  startup_stm32h743xx.o [1]
  .text              ro code   0x801'8290       0x4  startup_stm32h743xx.o [1]
  .text              ro code   0x801'8294       0x4  startup_stm32h743xx.o [1]
  .text              ro code   0x801'8298       0x4  startup_stm32h743xx.o [1]
  .text              ro code   0x801'829c       0x4  startup_stm32h743xx.o [1]
  .text              ro code   0x801'82a0       0x4  startup_stm32h743xx.o [1]
  .text              ro code   0x801'82a4       0x4  startup_stm32h743xx.o [1]
  .text              ro code   0x801'82a8       0x4  startup_stm32h743xx.o [1]
  .text              ro code   0x801'82ac       0x4  startup_stm32h743xx.o [1]
  .text              ro code   0x801'82b0       0x4  startup_stm32h743xx.o [1]
  .text              ro code   0x801'82b4       0x4  startup_stm32h743xx.o [1]
  .text              ro code   0x801'82b8       0x4  startup_stm32h743xx.o [1]
  .text              ro code   0x801'82bc       0x4  startup_stm32h743xx.o [1]
  .text              ro code   0x801'82c0       0x4  startup_stm32h743xx.o [1]
  .text              ro code   0x801'82c4       0x4  startup_stm32h743xx.o [1]
  .text              ro code   0x801'82c8       0x4  startup_stm32h743xx.o [1]
  .text              ro code   0x801'82cc       0x4  startup_stm32h743xx.o [1]
  .text              ro code   0x801'82d0       0x4  startup_stm32h743xx.o [1]
  .text              ro code   0x801'82d4       0x4  startup_stm32h743xx.o [1]
  .text              ro code   0x801'82d8       0x4  startup_stm32h743xx.o [1]
  .text              ro code   0x801'82dc       0x4  startup_stm32h743xx.o [1]
  .text              ro code   0x801'82e0       0x4  startup_stm32h743xx.o [1]
  .text              ro code   0x801'82e4       0x4  startup_stm32h743xx.o [1]
  .text              ro code   0x801'82e8       0x4  startup_stm32h743xx.o [1]
  .text              ro code   0x801'82ec       0x4  startup_stm32h743xx.o [1]
  .text              ro code   0x801'82f0       0x4  startup_stm32h743xx.o [1]
  .text              ro code   0x801'82f4       0x4  startup_stm32h743xx.o [1]
  .text              ro code   0x801'82f8       0x4  startup_stm32h743xx.o [1]
  .text              ro code   0x801'82fc       0x4  startup_stm32h743xx.o [1]
  .text              ro code   0x801'8300       0x4  startup_stm32h743xx.o [1]
  .text              ro code   0x801'8304       0x4  startup_stm32h743xx.o [1]
  .text              ro code   0x801'8308       0x4  startup_stm32h743xx.o [1]
  .text              ro code   0x801'830c       0x4  startup_stm32h743xx.o [1]
  .text              ro code   0x801'8310       0x4  startup_stm32h743xx.o [1]
  .text              ro code   0x801'8314       0x4  startup_stm32h743xx.o [1]
  .text              ro code   0x801'8318       0x4  startup_stm32h743xx.o [1]
  .text              ro code   0x801'831c       0x4  startup_stm32h743xx.o [1]
  .text              ro code   0x801'8320       0x4  startup_stm32h743xx.o [1]
  .text              ro code   0x801'8324       0x4  startup_stm32h743xx.o [1]
  .text              ro code   0x801'8328       0x4  startup_stm32h743xx.o [1]
  .text              ro code   0x801'832c       0x4  startup_stm32h743xx.o [1]
  .text              ro code   0x801'8330       0x4  startup_stm32h743xx.o [1]
  .text              ro code   0x801'8334       0x4  startup_stm32h743xx.o [1]
  .text              ro code   0x801'8338       0x4  startup_stm32h743xx.o [1]
  .text              ro code   0x801'833c       0x4  startup_stm32h743xx.o [1]
  .text              ro code   0x801'8340       0x4  startup_stm32h743xx.o [1]
  .text              ro code   0x801'8344       0x4  startup_stm32h743xx.o [1]
  .text              ro code   0x801'8348       0x4  startup_stm32h743xx.o [1]
  .text              ro code   0x801'834c       0x4  startup_stm32h743xx.o [1]
  .text              ro code   0x801'8350       0x4  startup_stm32h743xx.o [1]
  .text              ro code   0x801'8354       0x4  startup_stm32h743xx.o [1]
  .text              ro code   0x801'8358       0x4  startup_stm32h743xx.o [1]
  .text              ro code   0x801'835c       0x4  startup_stm32h743xx.o [1]
  .text              ro code   0x801'8360       0x4  startup_stm32h743xx.o [1]
  .text              ro code   0x801'8364       0x4  startup_stm32h743xx.o [1]
  .text              ro code   0x801'8368       0x4  startup_stm32h743xx.o [1]
  .text              ro code   0x801'836c       0x4  startup_stm32h743xx.o [1]
  .text              ro code   0x801'8370       0x4  startup_stm32h743xx.o [1]
  .text              ro code   0x801'8374       0x4  startup_stm32h743xx.o [1]
  .text              ro code   0x801'8378       0x4  startup_stm32h743xx.o [1]
  .text              ro code   0x801'837c       0x4  startup_stm32h743xx.o [1]
  .text              ro code   0x801'8380       0x4  startup_stm32h743xx.o [1]
  .text              ro code   0x801'8384       0x4  startup_stm32h743xx.o [1]
  .text              ro code   0x801'8388       0x4  startup_stm32h743xx.o [1]
  .text              ro code   0x801'838c       0x4  startup_stm32h743xx.o [1]
  .text              ro code   0x801'8390       0x4  startup_stm32h743xx.o [1]
  .text              ro code   0x801'8394       0x4  startup_stm32h743xx.o [1]
  .text              ro code   0x801'8398       0x4  startup_stm32h743xx.o [1]
  .text              ro code   0x801'839c       0x4  startup_stm32h743xx.o [1]
  .text              ro code   0x801'83a0       0x4  startup_stm32h743xx.o [1]
  .text              ro code   0x801'83a4       0x4  startup_stm32h743xx.o [1]
  .text              ro code   0x801'83a8       0x4  startup_stm32h743xx.o [1]
  .text              ro code   0x801'83ac       0x4  startup_stm32h743xx.o [1]
  .text              ro code   0x801'83b0       0x4  startup_stm32h743xx.o [1]
  .text              ro code   0x801'83b4       0x4  startup_stm32h743xx.o [1]
  .text              ro code   0x801'83b8       0x4  startup_stm32h743xx.o [1]
  .text              ro code   0x801'83bc       0x4  startup_stm32h743xx.o [1]
  .rodata            const     0x801'83c0       0x0  zero_init3.o [12]
  .rodata            const     0x801'83c0       0x0  lz77_init_single.o [12]
  Initializer bytes  const     0x801'83c0     0x360  <for P2-1>
                             - 0x801'8720  0x1'8488

"P2", part 1 of 3:                            0x583
  P2-1                        0x2400'0000     0x583  <Init block>
    .data            inited   0x2400'0000       0x4  g_Core.o [4]
    .data            inited   0x2400'0004       0x4  g_Core.o [4]
    .data            inited   0x2400'0008       0x4  g_Core.o [4]
    .data            inited   0x2400'000c       0x4  g_Core.o [4]
    .data            inited   0x2400'0010      0x24  g_InterruptUpdate.o [5]
    .data            inited   0x2400'0034      0x30  g_InterruptUpdate.o [5]
    .data            inited   0x2400'0064      0x30  g_InterruptUpdate.o [5]
    .data            inited   0x2400'0094      0xf0  g_InterruptUpdate.o [5]
    .data            inited   0x2400'0184      0x84  g_InterruptUpdate.o [5]
    .data            inited   0x2400'0208       0x4  g_InterruptUpdate.o [5]
    .data            inited   0x2400'020c       0x4  g_InterruptUpdate.o [5]
    .data            inited   0x2400'0210       0x4  g_InterruptUpdate.o [5]
    .data            inited   0x2400'0214       0x4  g_InterruptUpdate.o [5]
    .data            inited   0x2400'0218       0x4  g_InterruptUpdate.o [5]
    .data            inited   0x2400'021c       0x4  peref.o [6]
    .data            inited   0x2400'0220       0x4  peref.o [6]
    .data            inited   0x2400'0224     0x108  peref.o [6]
    .data            inited   0x2400'032c     0x108  peref.o [6]
    .data            inited   0x2400'0434      0x40  peref.o [6]
    .data            inited   0x2400'0474      0x24  peref.o [6]
    .data            inited   0x2400'0498       0x4  peref.o [6]
    .data            inited   0x2400'049c       0x4  peref.o [6]
    .data            inited   0x2400'04a0       0x4  peref_Calibs.o [6]
    .data            inited   0x2400'04a4      0x70  peref_display.o [6]
    .data            inited   0x2400'0514      0x44  peref_display.o [6]
    .data            inited   0x2400'0558       0x4  stm32h7xx_hal.o [9]
    .data            inited   0x2400'055c      0x18  stm32h7xx_hal_hrtim.o [9]
    .data            inited   0x2400'0574       0x4  system_stm32h7xx.o [8]
    .data            inited   0x2400'0578       0x4  system_stm32h7xx.o [8]
    .data            inited   0x2400'057c       0x1  add_ValueConv.o [2]
    .data            inited   0x2400'057d       0x1  add_ValueConv.o [2]
    .data            inited   0x2400'057e       0x1  add_ValueConv.o [2]
    .data            inited   0x2400'057f       0x1  add_ValueConv.o [2]
    .data            inited   0x2400'0580       0x1  g_Core.o [4]
    .data            inited   0x2400'0581       0x1  peref.o [6]
    .data            inited   0x2400'0582       0x1  stm32h7xx_hal.o [9]
                            - 0x2400'0583     0x583

"P2", part 2 of 3:                           0x2928
  .bss               zero     0x2400'0584     0x8d4  g_Ram.o [5]
  .bss               zero     0x2400'0e58     0x838  peref.o [6]
  .bss               zero     0x2400'1690     0x728  comm.o [3]
  .bss               zero     0x2400'1db8      0x64  main.o [2]
  .bss               zero     0x2400'1e20     0x540  g_Core.o [4]
  .bss               zero     0x2400'2360     0x218  core_Menu.o [4]
  .bss               zero     0x2400'2578      0xdc  main.o [2]
  .bss               zero     0x2400'2654      0xc0  stat.o [7]
  .bss               zero     0x2400'2714      0xa0  main.o [2]
  .bss               zero     0x2400'27b4      0x90  main.o [2]
  .bss               zero     0x2400'2844      0x90  main.o [2]
  .bss               zero     0x2400'28d4      0x90  main.o [2]
  .bss               zero     0x2400'2964      0x90  main.o [2]
  .bss               zero     0x2400'29f4      0x88  main.o [2]
  .bss               zero     0x2400'2a7c      0x88  main.o [2]
  .bss               zero     0x2400'2b04      0x78  main.o [2]
  .bss               zero     0x2400'2b7c      0x78  main.o [2]
  .bss               zero     0x2400'2bf4      0x64  main.o [2]
  .bss               zero     0x2400'2c58      0x4c  main.o [2]
  .bss               zero     0x2400'2ca4      0x4c  main.o [2]
  .bss               zero     0x2400'2cf0      0x34  g_Core.o [4]
  .bss               zero     0x2400'2d24      0x2c  peref.o [6]
  .bss               zero     0x2400'2d50      0x28  CMS58M.o [6]
  .bss               zero     0x2400'2d78      0x24  CMS58M.o [6]
  .bss               zero     0x2400'2d9c      0x24  main.o [2]
  .bss               zero     0x2400'2dc0      0x10  peref.o [6]
  .bss               zero     0x2400'2dd0       0x8  g_Core.o [4]
  .bss               zero     0x2400'2dd8       0x8  g_Core.o [4]
  .bss               zero     0x2400'2de0       0x4  comm_ModbusRtu.o [3]
  .bss               zero     0x2400'2de4       0x4  comm_ModbusRtu.o [3]
  .bss               zero     0x2400'2de8       0x4  core_Menu.o [4]
  .bss               zero     0x2400'2dec       0x4  core_Menu.o [4]
  .bss               zero     0x2400'2df0       0x4  core_Menu.o [4]
  .bss               zero     0x2400'2df4       0x4  core_Menu.o [4]
  .bss               zero     0x2400'2df8       0x4  g_Core.o [4]
  .bss               zero     0x2400'2dfc       0x4  g_Core.o [4]
  .bss               zero     0x2400'2e00       0x4  g_Core.o [4]
  .bss               zero     0x2400'2e04       0x4  g_Core.o [4]
  .bss               zero     0x2400'2e08       0x4  g_Core.o [4]
  .bss               zero     0x2400'2e0c       0x4  g_Core.o [4]
  .bss               zero     0x2400'2e10       0x4  g_Core.o [4]
  .bss               zero     0x2400'2e14       0x4  g_Core.o [4]
  .bss               zero     0x2400'2e18       0x4  g_Core.o [4]
  .bss               zero     0x2400'2e1c       0x4  g_Core.o [4]
  .bss               zero     0x2400'2e20       0x4  g_Core.o [4]
  .bss               zero     0x2400'2e24       0x4  g_Core.o [4]
  .bss               zero     0x2400'2e28       0x4  g_Core.o [4]
  .bss               zero     0x2400'2e2c       0x4  g_Core.o [4]
  .bss               zero     0x2400'2e30       0x4  g_Core.o [4]
  .bss               zero     0x2400'2e34       0x4  g_InterruptUpdate.o [5]
  .bss               zero     0x2400'2e38       0x4  g_InterruptUpdate.o [5]
  .bss               zero     0x2400'2e3c       0x4  g_InterruptUpdate.o [5]
  .bss               zero     0x2400'2e40       0x4  g_InterruptUpdate.o [5]
  .bss               zero     0x2400'2e44       0x4  g_InterruptUpdate.o [5]
  .bss               zero     0x2400'2e48       0x4  g_InterruptUpdate.o [5]
  .bss               zero     0x2400'2e4c       0x4  g_InterruptUpdate.o [5]
  .bss               zero     0x2400'2e50       0x4  g_InterruptUpdate.o [5]
  .bss               zero     0x2400'2e54       0x4  peref.o [6]
  .bss               zero     0x2400'2e58       0x4  peref.o [6]
  .bss               zero     0x2400'2e5c       0x4  peref.o [6]
  .bss               zero     0x2400'2e60       0x4  peref.o [6]
  .bss               zero     0x2400'2e64       0x4  peref.o [6]
  .bss               zero     0x2400'2e68       0x4  peref.o [6]
  .bss               zero     0x2400'2e6c       0x4  peref.o [6]
  .bss               zero     0x2400'2e70       0x4  peref.o [6]
  .bss               zero     0x2400'2e74       0x4  peref.o [6]
  .bss               zero     0x2400'2e78       0x4  peref.o [6]
  .bss               zero     0x2400'2e7c       0x4  peref.o [6]
  .bss               zero     0x2400'2e80       0x4  peref.o [6]
  .bss               zero     0x2400'2e84       0x4  peref.o [6]
  .bss               zero     0x2400'2e88       0x4  peref.o [6]
  .bss               zero     0x2400'2e8c       0x4  peref.o [6]
  .bss               zero     0x2400'2e90       0x4  peref.o [6]
  .bss               zero     0x2400'2e94       0x4  peref_Calibs.o [6]
  .bss               zero     0x2400'2e98       0x4  stm32h7xx_hal.o [9]
  .bss               zero     0x2400'2e9c       0x4  stm32h7xx_it.o [2]
  .bss               zero     0x2400'2ea0       0x2  peref.o [6]
  .bss               zero     0x2400'2ea2       0x2  peref.o [6]
  .bss               zero     0x2400'2ea4       0x1  CMS58M.o [6]
  .bss               zero     0x2400'2ea5       0x1  CMS58M.o [6]
  .bss               zero     0x2400'2ea6       0x1  core_Protections.o [4]
  .bss               zero     0x2400'2ea7       0x1  core_VlvDrvCtrl.o [4]
  .bss               zero     0x2400'2ea8       0x1  peref.o [6]
                            - 0x2400'2ea9    0x2925

"P2", part 3 of 3:                           0x4000
  CSTACK                      0x2400'2eb0    0x4000  <Block>
    CSTACK           uninit   0x2400'2eb0    0x4000  <Block tail>
                            - 0x2400'6eb0    0x4000

Unused ranges:

         From           To       Size
         ----           --       ----
   0x801'8720   0x81f'ffff  0x1e'78e0
  0x2400'0583  0x2400'0583        0x1
  0x2400'2eac  0x2400'2eaf        0x4
  0x2400'6eb0  0x2407'ffff   0x7'9150


*******************************************************************************
*** INIT TABLE
***

          Address      Size
          -------      ----
Zero (__iar_zero_init3)
    1 destination range, total size 0x2925:
          0x2400'0584  0x2925

Copy/lz77 (__iar_lz77_init_single3)
    1 source range, total size 0x360 (61% of destination):
           0x801'83c0   0x360
    1 destination range, total size 0x583:
          0x2400'0000   0x583



*******************************************************************************
*** MODULE SUMMARY
***

    Module                   ro code  ro data  rw data
    ------                   -------  -------  -------
command line/config:
    --------------------------------------------------
    Total:

C:\work\ebu6\EBU6\EWARM\EBU6\Obj\Application\EWARM: [1]
    startup_stm32h743xx.o      1'208
    --------------------------------------------------
    Total:                     1'208

C:\work\ebu6\EBU6\EWARM\EBU6\Obj\Application\User\Core: [2]
    add_ValueConv.o              498        3        4
    main.o                     4'376             1'856
    stm32h7xx_hal_msp.o        2'312
    stm32h7xx_it.o               168                 4
    --------------------------------------------------
    Total:                     7'354        3    1'864

C:\work\ebu6\EBU6\EWARM\EBU6\Obj\Application\User\Core\Comm: [3]
    comm.o                         6             1'832
    comm_ModbusRtu.o             408                 8
    comm_SerialComm.o             12
    --------------------------------------------------
    Total:                       426             1'840

C:\work\ebu6\EBU6\EWARM\EBU6\Obj\Application\User\Core\Core: [4]
    core_Menu.o                6'236   24'044      552
    core_Protections.o           196                 1
    core_VlvDrvCtrl.o          1'450                 1
    g_Core.o                   5'112        9    1'489
    --------------------------------------------------
    Total:                    12'994   24'053    2'043

C:\work\ebu6\EBU6\EWARM\EBU6\Obj\Application\User\Core\Global: [5]
    g_InterruptUpdate.o          508      321      556
    g_Ram.o                      360             2'260
    --------------------------------------------------
    Total:                       868      321    2'816

C:\work\ebu6\EBU6\EWARM\EBU6\Obj\Application\User\Core\Peref: [6]
    CMS58M.o                     652       12       78
    peref.o                    4'904      396    2'878
    peref_ApFilter1.o            116
    peref_Calibs.o             1'196        2        8
    peref_Clock.o                 62
    peref_SensObserver.o         712
    peref_SinObserver.o          360
    peref_display.o              928      110      180
    --------------------------------------------------
    Total:                     8'930      520    3'144

C:\work\ebu6\EBU6\EWARM\EBU6\Obj\Application\User\Core\Stat: [7]
    stat.o                        50               192
    stat_fm25v10.o               708
    --------------------------------------------------
    Total:                       758               192

C:\work\ebu6\EBU6\EWARM\EBU6\Obj\Drivers\CMSIS: [8]
    system_stm32h7xx.o           316       21        8
    --------------------------------------------------
    Total:                       316       21        8

C:\work\ebu6\EBU6\EWARM\EBU6\Obj\Drivers\STM32H7xx_HAL_Driver: [9]
    stm32h7xx_hal.o              292        4        9
    stm32h7xx_hal_adc.o        4'196
    stm32h7xx_hal_adc_ex.o       382
    stm32h7xx_hal_cortex.o       344
    stm32h7xx_hal_dma.o        7'764        8
    stm32h7xx_hal_fdcan.o      2'396       92
    stm32h7xx_hal_gpio.o         692
    stm32h7xx_hal_hrtim.o      2'234       14       24
    stm32h7xx_hal_pwr.o           20
    stm32h7xx_hal_pwr_ex.o       100
    stm32h7xx_hal_rcc.o        3'376
    stm32h7xx_hal_rcc_ex.o     6'976
    stm32h7xx_hal_rtc.o          922
    stm32h7xx_hal_spi.o        3'894
    stm32h7xx_hal_tim.o        3'370
    stm32h7xx_hal_tim_ex.o       762
    stm32h7xx_hal_uart.o       2'152       24
    stm32h7xx_hal_uart_ex.o      364       16
    --------------------------------------------------
    Total:                    40'236      158       33

dl7M_tln.a: [10]
    abs.o                          8
    exit.o                         4
    labs.o                         8
    low_level_init.o               4
    --------------------------------------------------
    Total:                        24

m7M_tlv.a: [11]
    cos_sin32.o                  468
    fmax.o                        46
    fmin.o                        42
    fpinit_M.o                    34
    sqrtf.o                       30
    --------------------------------------------------
    Total:                       620

rt7M_tl.a: [12]
    ABImemcpy.o                  166
    ABImemset.o                  102
    I64DivMod.o                  560
    I64DivZer.o                    2
    cexit.o                       10
    cmain.o                       30
    cstartup_M.o                  28
    data_init.o                   40
    lz77_init_single.o           120
    strchr.o                      22
    strcmp.o                      18
    strcpy.o                      24
    strlen.o                      54
    zero_init3.o                  56
    --------------------------------------------------
    Total:                     1'232

shb_l.a: [13]
    exit.o                        20
    --------------------------------------------------
    Total:                        20

    Gaps                          30        4        4
    Linker created                         32   16'384
------------------------------------------------------
    Grand Total:              75'016   25'112   28'328


*******************************************************************************
*** ENTRY LIST
***

Entry                       Address    Size  Type      Object
-----                       -------    ----  ----      ------
.iar.init_table$$Base    0x801'80ac           --   Gb  - Linker created -
.iar.init_table$$Limit   0x801'80cc           --   Gb  - Linker created -
?main                    0x801'80cd          Code  Gb  cmain.o [12]
ADC3_IRQHandler          0x801'7e7d     0xa  Code  Gb  stm32h7xx_it.o [2]
ADC_ConfigureBoostMode   0x801'1e7d   0x158  Code  Gb  stm32h7xx_hal_adc.o [9]
ADC_DMAConvCplt          0x801'1dc9    0x88  Code  Gb  stm32h7xx_hal_adc.o [9]
ADC_DMAError             0x801'1e5f    0x1e  Code  Gb  stm32h7xx_hal_adc.o [9]
ADC_DMAHalfConvCplt      0x801'1e51     0xe  Code  Gb  stm32h7xx_hal_adc.o [9]
ADC_Enable               0x801'1cfd    0xbc  Code  Gb  stm32h7xx_hal_adc.o [9]
ADC_IRQHandler           0x801'7e31     0xa  Code  Gb  stm32h7xx_it.o [2]
ADS1118_init             0x800'c217    0xbe  Code  Gb  peref.o [6]
ADS1118_update           0x800'c2e9    0x60  Code  Gb  peref.o [6]
AcknoledgeEvent          0x801'7bb9    0x7a  Code  Gb  comm_ModbusRtu.o [3]
BreakFrameEvent          0x801'7b31     0x2  Code  Gb  comm_ModbusRtu.o [3]
BtnLevel                0x2400'0220     0x4  Data  Gb  peref.o [6]
BtnTout                 0x2400'021c     0x4  Data  Gb  peref.o [6]
BusFault_Handler         0x801'7e0b     0x2  Code  Gb  stm32h7xx_it.o [2]
ByteToStr                0x800'ac9d    0x1e  Code  Gb  add_ValueConv.o [2]
CAN1RxMsg               0x2400'2ea4     0x1  Data  Gb  CMS58M.o [6]
CAN1TxMsg               0x2400'2ea5     0x1  Data  Gb  CMS58M.o [6]
CPU_led_timer           0x2400'2e9c     0x4  Data  Gb  stm32h7xx_it.o [2]
CSTACK$$Base            0x2400'2eb0           --   Gb  - Linker created -
CSTACK$$Limit           0x2400'6eb0           --   Gb  - Linker created -
CalcClbCycle             0x800'e693    0x70  Code  Gb  peref_Calibs.o [6]
CalcClbGearInv           0x800'e399    0x14  Code  Gb  peref_Calibs.o [6]
CalcClbGearRev           0x800'e3ad    0x18  Code  Gb  peref_Calibs.o [6]
ChangeCoordinate         0x800'9e59   0x194  Code  Lc  core_Menu.o [4]
CheckRange               0x800'ab9d    0x22  Code  Gb  add_ValueConv.o [2]
CheckStatus              0x800'e677    0x1c  Code  Lc  peref_Calibs.o [6]
Cms58mConfig             0x800'e0a9    0x50  Code  Gb  CMS58M.o [6]
Cms58mInir               0x800'e085    0x24  Code  Gb  CMS58M.o [6]
Cms58mRxHandler          0x800'e107    0x2c  Code  Gb  CMS58M.o [6]
Cms58mStart              0x800'e0f9     0xe  Code  Gb  CMS58M.o [6]
Comm_50HzCalc            0x801'340b     0x2  Code  Gb  comm.o [3]
Comm_CommandUpdate       0x801'340d     0x2  Code  Gb  comm.o [3]
Comm_Init                0x801'3409     0x2  Code  Gb  comm.o [3]
ConnTimeoutEvent         0x801'7ba5    0x14  Code  Gb  comm_ModbusRtu.o [3]
Core_CalibControl        0x801'2239   0x148  Code  Gb  g_Core.o [4]
Core_CalibStop           0x801'2197    0x9a  Code  Gb  g_Core.o [4]
Core_ControlMode         0x801'2703    0x32  Code  Gb  g_Core.o [4]
Core_Init                0x801'2011   0x186  Code  Gb  g_Core.o [4]
Core_MENU_Display        0x800'9659    0x88  Code  Gb  core_Menu.o [4]
Core_MenuInit            0x800'92c1   0x336  Code  Gb  core_Menu.o [4]
Core_MenuReadDcr         0x800'a6f1    0x6e  Code  Gb  core_Menu.o [4]
Core_MenuUpdate          0x800'960d    0x4c  Code  Gb  core_Menu.o [4]
Core_Protections18kHzUpdate
                         0x801'6047    0x60  Code  Gb  core_Protections.o [4]
Core_Protections50HZUpdate
                         0x801'6037    0x10  Code  Gb  core_Protections.o [4]
Core_ProtectionsClear    0x801'6025    0x12  Code  Gb  core_Protections.o [4]
Core_ProtectionsEnable   0x801'5ff7    0x2e  Code  Gb  core_Protections.o [4]
Core_ProtectionsEnable::State
                        0x2400'2ea6     0x1  Data  Lc  core_Protections.o [4]
Core_ProtectionsInit     0x801'5ff1     0x6  Code  Gb  core_Protections.o [4]
Core_SetDeff             0x800'a81b    0xd4  Code  Gb  core_Menu.o [4]
Core_ValveDriveInit      0x801'60b5    0x96  Code  Gb  core_VlvDrvCtrl.o [4]
Core_ValveDriveMove      0x801'61af    0x94  Code  Gb  core_VlvDrvCtrl.o [4]
Core_ValveDriveStop      0x801'614b    0x34  Code  Gb  core_VlvDrvCtrl.o [4]
Core_ValveDriveUpdate    0x801'617f    0x30  Code  Gb  core_VlvDrvCtrl.o [4]
CyclicTimer              0x801'8184     0x8  Data  Gb  CMS58M.o [6]
D1CorePrescTable         0x801'8158    0x10  Data  Gb  system_stm32h7xx.o [8]
DAC_on_off              0x2400'0581     0x1  Data  Gb  peref.o [6]
DAC_tmp                 0x2400'2e70     0x4  Data  Gb  peref.o [6]
DAC_tmp_16              0x2400'2ea2     0x2  Data  Gb  peref.o [6]
DISPL_AddSymb            0x800'd8e9    0x36  Code  Gb  peref_display.o [6]
DISPL_Update             0x800'd8bb    0x2e  Code  Gb  peref_display.o [6]
DISPL_init               0x800'd841    0x3e  Code  Gb  peref_display.o [6]
DLCtoBytes               0x801'8148    0x10  Data  Lc  stm32h7xx_hal_fdcan.o [9]
DMA1_Stream1_IRQHandler
                         0x801'7e1d     0xa  Code  Gb  stm32h7xx_it.o [2]
DMA1_Stream3_IRQHandler
                         0x801'7e27     0xa  Code  Gb  stm32h7xx_it.o [2]
DMA_CalcBaseAndBitshift
                         0x800'6c8b    0xd2  Code  Lc  stm32h7xx_hal_dma.o [9]
DMA_CalcBaseAndBitshift{1}{2}::flagBitshiftOffset
                         0x801'8194     0x8  Data  Lc  stm32h7xx_hal_dma.o [9]
DMA_CalcDMAMUXChannelBaseAndMask
                         0x800'6e1b    0xac  Code  Lc  stm32h7xx_hal_dma.o [9]
DMA_CalcDMAMUXRequestGenBaseAndMask
                         0x800'6ec7    0x80  Code  Lc  stm32h7xx_hal_dma.o [9]
DMA_CheckFifoParam       0x800'6d81    0x9a  Code  Lc  stm32h7xx_hal_dma.o [9]
DMA_SetConfig            0x800'6a25   0x266  Code  Lc  stm32h7xx_hal_dma.o [9]
DateSeparator           0x2400'057f     0x1  Data  Gb  add_ValueConv.o [2]
DateToStr                0x800'ace3    0x3e  Code  Gb  add_ValueConv.o [2]
DebugMon_Handler         0x801'7e11     0x2  Code  Gb  stm32h7xx_it.o [2]
DecToStr                 0x800'abbf    0xde  Code  Gb  add_ValueConv.o [2]
DefineBit                0x800'a185    0x5c  Code  Gb  core_Menu.o [4]
DisplayOff               0x800'd95b    0x34  Code  Gb  peref_display.o [6]
DisplayOn                0x800'd98f    0xc4  Code  Gb  peref_display.o [6]
DisplayPutText           0x800'da53    0x60  Code  Gb  peref_display.o [6]
DisplayRestart           0x800'd91f    0x3c  Code  Gb  peref_display.o [6]
DisplayStart             0x800'db93    0x2c  Code  Gb  peref_display.o [6]
DriveClose               0x801'6505    0x92  Code  Gb  core_VlvDrvCtrl.o [4]
DriveOpen                0x801'6597    0x98  Code  Gb  core_VlvDrvCtrl.o [4]
DriveStop                0x801'64f5    0x10  Code  Gb  core_VlvDrvCtrl.o [4]
DynBreakMode             0x801'2817    0x42  Code  Lc  g_Core.o [4]
EditBin                  0x800'9e3b    0x1e  Code  Gb  core_Menu.o [4]
EditDate                 0x800'9ce9   0x152  Code  Gb  core_Menu.o [4]
EditDec                  0x800'99b5   0x186  Code  Gb  core_Menu.o [4]
EditParam                0x800'98b7    0xfe  Code  Gb  core_Menu.o [4]
EditStr                  0x800'9b3b    0xe0  Code  Gb  core_Menu.o [4]
EditTime                 0x800'9c1b    0xce  Code  Gb  core_Menu.o [4]
Eeprom1                 0x2400'2cf0    0x34  Data  Gb  g_Core.o [4]
EnableEdit               0x800'a7e7    0x34  Code  Gb  core_Menu.o [4]
EncodeData               0x800'db77    0x1c  Code  Gb  peref_display.o [6]
Error_Handler            0x801'0f09     0x4  Code  Gb  main.o [2]
FDCANStatus             0x2400'2d24    0x2c  Data  Gb  peref.o [6]
FDCAN_CalcultateRamBlockAddresses
                         0x800'ee69   0x208  Code  Lc  stm32h7xx_hal_fdcan.o [9]
FDCAN_CopyMessageToRAM   0x800'f071    0x9a  Code  Lc  stm32h7xx_hal_fdcan.o [9]
FDCANerrCount           0x2400'2dc0    0x10  Data  Gb  peref.o [6]
FM25V10_Init             0x800'b071    0x3e  Code  Gb  stat_fm25v10.o [7]
FM25V10_ReadByte         0x800'b219    0x58  Code  Gb  stat_fm25v10.o [7]
FM25V10_ReadSN           0x800'b2eb    0x3e  Code  Gb  stat_fm25v10.o [7]
FM25V10_ReadStatus       0x800'b1dd    0x3c  Code  Gb  stat_fm25v10.o [7]
FM25V10_Update           0x800'b0af   0x12e  Code  Gb  stat_fm25v10.o [7]
FM25V10_WriteByte        0x800'b271    0x4e  Code  Gb  stat_fm25v10.o [7]
FM25V10_WriteEnable      0x800'b2bf    0x2c  Code  Gb  stat_fm25v10.o [7]
Flag                    0x2400'2ea7     0x1  Data  Gb  core_VlvDrvCtrl.o [4]
FloatPositive           0x2400'057d     0x1  Data  Gb  add_ValueConv.o [2]
FloatSeparator          0x2400'057c     0x1  Data  Gb  add_ValueConv.o [2]
GetActiveControls        0x801'6243    0xf6  Code  Gb  core_VlvDrvCtrl.o [4]
HAL_ADCEx_EndOfSamplingCallback
                         0x801'5fdd     0x2  Code  Gb  stm32h7xx_hal_adc_ex.o [9]
HAL_ADCEx_InjectedConvCpltCallback
                         0x801'5fe1     0x2  Code  Gb  stm32h7xx_hal_adc_ex.o [9]
HAL_ADCEx_InjectedQueueOverflowCallback
                         0x801'5feb     0x2  Code  Gb  stm32h7xx_hal_adc_ex.o [9]
HAL_ADCEx_LevelOutOfWindow2Callback
                         0x801'5fe5     0x2  Code  Gb  stm32h7xx_hal_adc_ex.o [9]
HAL_ADCEx_LevelOutOfWindow3Callback
                         0x801'5fe7     0x2  Code  Gb  stm32h7xx_hal_adc_ex.o [9]
HAL_ADCEx_MultiModeConfigChannel
                         0x801'48f7   0x148  Code  Gb  stm32h7xx_hal_adc_ex.o [9]
HAL_ADC_ConfigChannel    0x801'1839   0x4a6  Code  Gb  stm32h7xx_hal_adc.o [9]
HAL_ADC_ConvCpltCallback
                         0x801'5fdf     0x2  Code  Gb  stm32h7xx_hal_adc.o [9]
HAL_ADC_ConvHalfCpltCallback
                         0x801'5fed     0x2  Code  Gb  stm32h7xx_hal_adc.o [9]
HAL_ADC_ErrorCallback    0x801'5fe9     0x2  Code  Gb  stm32h7xx_hal_adc.o [9]
HAL_ADC_IRQHandler       0x801'1519   0x31a  Code  Gb  stm32h7xx_hal_adc.o [9]
HAL_ADC_Init             0x801'1153   0x27e  Code  Gb  stm32h7xx_hal_adc.o [9]
HAL_ADC_LevelOutOfWindowCallback
                         0x801'5fe3     0x2  Code  Gb  stm32h7xx_hal_adc.o [9]
HAL_ADC_MspInit          0x800'f50f   0x268  Code  Gb  stm32h7xx_hal_msp.o [2]
HAL_ADC_Start_DMA        0x801'13dd   0x112  Code  Gb  stm32h7xx_hal_adc.o [9]
HAL_DMA_Abort_IT         0x800'5b65   0x39e  Code  Gb  stm32h7xx_hal_dma.o [9]
HAL_DMA_IRQHandler       0x800'5f65   0xa7a  Code  Gb  stm32h7xx_hal_dma.o [9]
HAL_DMA_Init             0x800'517d   0x532  Code  Gb  stm32h7xx_hal_dma.o [9]
HAL_DMA_Start_IT         0x800'5719   0x3ea  Code  Gb  stm32h7xx_hal_dma.o [9]
HAL_FDCAN_AddMessageToTxBuffer
                         0x800'eb57    0x8e  Code  Gb  stm32h7xx_hal_fdcan.o [9]
HAL_FDCAN_AddMessageToTxFifoQ
                         0x800'eacf    0x88  Code  Gb  stm32h7xx_hal_fdcan.o [9]
HAL_FDCAN_EnableTxBufferRequest
                         0x800'ebe5    0x24  Code  Gb  stm32h7xx_hal_fdcan.o [9]
HAL_FDCAN_GetErrorCounters
                         0x800'ee41    0x22  Code  Gb  stm32h7xx_hal_fdcan.o [9]
HAL_FDCAN_GetProtocolStatus
                         0x800'edf5    0x4c  Code  Gb  stm32h7xx_hal_fdcan.o [9]
HAL_FDCAN_GetRxMessage   0x800'ec09   0x1e6  Code  Gb  stm32h7xx_hal_fdcan.o [9]
HAL_FDCAN_Init           0x800'e7bd   0x2d8  Code  Gb  stm32h7xx_hal_fdcan.o [9]
HAL_FDCAN_MspInit        0x800'f777    0xa2  Code  Gb  stm32h7xx_hal_msp.o [2]
HAL_FDCAN_Start          0x800'ea99    0x36  Code  Gb  stm32h7xx_hal_fdcan.o [9]
HAL_GPIO_Init            0x800'c65d   0x232  Code  Gb  stm32h7xx_hal_gpio.o [9]
HAL_GPIO_ReadPin         0x800'c88f    0x16  Code  Gb  stm32h7xx_hal_gpio.o [9]
HAL_GPIO_TogglePin       0x800'c8bf    0x1a  Code  Gb  stm32h7xx_hal_gpio.o [9]
HAL_GPIO_WritePin        0x800'c8a5    0x1a  Code  Gb  stm32h7xx_hal_gpio.o [9]
HAL_GetREVID             0x801'0f6b     0xa  Code  Gb  stm32h7xx_hal.o [9]
HAL_GetTick              0x800'6fd1     0xc  Code  Gb  stm32h7xx_hal.o [9]
HAL_HRTIM_Init           0x801'4a59   0x126  Code  Gb  stm32h7xx_hal_hrtim.o [9]
HAL_HRTIM_MspInit        0x800'f819    0x56  Code  Gb  stm32h7xx_hal_msp.o [2]
HAL_HRTIM_MspPostInit    0x800'f86f    0x5e  Code  Gb  stm32h7xx_hal_msp.o [2]
HAL_HRTIM_SimplePWMStart
                         0x801'4bc5    0x4e  Code  Gb  stm32h7xx_hal_hrtim.o [9]
HAL_HRTIM_TimeBaseConfig
                         0x801'4b7f    0x3c  Code  Gb  stm32h7xx_hal_hrtim.o [9]
HAL_HRTIM_WaveformCompareConfig
                         0x801'4cb1   0x236  Code  Gb  stm32h7xx_hal_hrtim.o [9]
HAL_HRTIM_WaveformOutputConfig
                         0x801'4ee7    0x4a  Code  Gb  stm32h7xx_hal_hrtim.o [9]
HAL_HRTIM_WaveformTimerConfig
                         0x801'4c19    0x98  Code  Gb  stm32h7xx_hal_hrtim.o [9]
HAL_IncTick              0x801'7ead    0x18  Code  Gb  stm32h7xx_hal.o [9]
HAL_Init                 0x801'0f0d    0x5e  Code  Gb  stm32h7xx_hal.o [9]
HAL_InitTick             0x800'9111    0x58  Code  Gb  stm32h7xx_hal.o [9]
HAL_MspInit              0x800'f4c5    0x4a  Code  Gb  stm32h7xx_hal_msp.o [2]
HAL_NVIC_EnableIRQ       0x800'9287     0xe  Code  Gb  stm32h7xx_hal_cortex.o [9]
HAL_NVIC_SetPriority     0x800'9263    0x24  Code  Gb  stm32h7xx_hal_cortex.o [9]
HAL_NVIC_SetPriorityGrouping
                         0x800'9257     0xc  Code  Gb  stm32h7xx_hal_cortex.o [9]
HAL_PWREx_ConfigSupply   0x801'4131    0x5c  Code  Gb  stm32h7xx_hal_pwr_ex.o [9]
HAL_PWR_EnableBkUpAccess
                         0x801'4195     0xe  Code  Gb  stm32h7xx_hal_pwr.o [9]
HAL_RCCEx_GetD3PCLK1Freq
                         0x800'8195    0x1e  Code  Gb  stm32h7xx_hal_rcc_ex.o [9]
HAL_RCCEx_GetPLL1ClockFreq
                         0x800'864d   0x22c  Code  Gb  stm32h7xx_hal_rcc_ex.o [9]
HAL_RCCEx_GetPLL2ClockFreq
                         0x800'81b5   0x226  Code  Gb  stm32h7xx_hal_rcc_ex.o [9]
HAL_RCCEx_GetPLL3ClockFreq
                         0x800'83fd   0x226  Code  Gb  stm32h7xx_hal_rcc_ex.o [9]
HAL_RCCEx_GetPeriphCLKFreq
                         0x800'7b0d   0x688  Code  Gb  stm32h7xx_hal_rcc_ex.o [9]
HAL_RCCEx_PeriphCLKConfig
                         0x800'6fdd   0xb0c  Code  Gb  stm32h7xx_hal_rcc_ex.o [9]
HAL_RCC_ClockConfig      0x800'8b1d   0x306  Code  Gb  stm32h7xx_hal_rcc.o [9]
HAL_RCC_GetHCLKFreq      0x800'904b    0x3c  Code  Gb  stm32h7xx_hal_rcc.o [9]
HAL_RCC_GetPCLK1Freq     0x800'9087    0x1a  Code  Gb  stm32h7xx_hal_rcc.o [9]
HAL_RCC_GetPCLK2Freq     0x800'90a1    0x1a  Code  Gb  stm32h7xx_hal_rcc.o [9]
HAL_RCC_GetSysClockFreq
                         0x800'8e25   0x226  Code  Gb  stm32h7xx_hal_rcc.o [9]
HAL_RCC_OscConfig        0x801'41a9   0x73c  Code  Gb  stm32h7xx_hal_rcc.o [9]
HAL_RTC_GetDate          0x800'f351    0x52  Code  Gb  stm32h7xx_hal_rtc.o [9]
HAL_RTC_GetTime          0x800'f21f    0x66  Code  Gb  stm32h7xx_hal_rtc.o [9]
HAL_RTC_SetDate          0x800'f285    0xcc  Code  Gb  stm32h7xx_hal_rtc.o [9]
HAL_RTC_SetTime          0x800'f129    0xf6  Code  Gb  stm32h7xx_hal_rtc.o [9]
HAL_RTC_WaitForSynchro   0x800'f3a3    0x34  Code  Gb  stm32h7xx_hal_rtc.o [9]
HAL_SPI_ErrorCallback    0x800'fdcd     0x2  Code  Gb  stm32h7xx_hal_spi.o [9]
HAL_SPI_IRQHandler       0x800'd461   0x28c  Code  Gb  stm32h7xx_hal_spi.o [9]
HAL_SPI_Init             0x800'c911   0x182  Code  Gb  stm32h7xx_hal_spi.o [9]
HAL_SPI_MspInit          0x800'f8cd   0x17c  Code  Gb  stm32h7xx_hal_msp.o [2]
HAL_SPI_Receive          0x800'cd4f   0x2c2  Code  Gb  stm32h7xx_hal_spi.o [9]
HAL_SPI_RxCpltCallback   0x800'fdd1     0x2  Code  Gb  stm32h7xx_hal_spi.o [9]
HAL_SPI_Transmit         0x800'ca93   0x2bc  Code  Gb  stm32h7xx_hal_spi.o [9]
HAL_SPI_TransmitReceive
                         0x800'd011   0x444  Code  Gb  stm32h7xx_hal_spi.o [9]
HAL_SPI_TxCpltCallback   0x800'fdd3     0x2  Code  Gb  stm32h7xx_hal_spi.o [9]
HAL_SPI_TxRxCpltCallback
                         0x800'fdcf     0x2  Code  Gb  stm32h7xx_hal_spi.o [9]
HAL_SYSCFG_DisableVREFBUF
                         0x801'0f89    0x12  Code  Gb  stm32h7xx_hal.o [9]
HAL_SYSCFG_VREFBUF_HighImpedanceConfig
                         0x801'0f75    0x14  Code  Gb  stm32h7xx_hal.o [9]
HAL_SYSTICK_Config       0x800'9295     0xc  Code  Gb  stm32h7xx_hal_cortex.o [9]
HAL_TIMEx_Break2Callback
                         0x801'689b     0x2  Code  Gb  stm32h7xx_hal_tim_ex.o [9]
HAL_TIMEx_BreakCallback
                         0x801'6899     0x2  Code  Gb  stm32h7xx_hal_tim_ex.o [9]
HAL_TIMEx_CommutCallback
                         0x801'689f     0x2  Code  Gb  stm32h7xx_hal_tim_ex.o [9]
HAL_TIMEx_ConfigBreakDeadTime
                         0x801'5539    0x94  Code  Gb  stm32h7xx_hal_tim_ex.o [9]
HAL_TIMEx_MasterConfigSynchronization
                         0x801'549b    0x9e  Code  Gb  stm32h7xx_hal_tim_ex.o [9]
HAL_TIMEx_PWMN_Start     0x801'5315    0xea  Code  Gb  stm32h7xx_hal_tim_ex.o [9]
HAL_TIMEx_PWMN_Stop      0x801'540d    0x8e  Code  Gb  stm32h7xx_hal_tim_ex.o [9]
HAL_TIM_Base_Init        0x801'3411    0x7a  Code  Gb  stm32h7xx_hal_tim.o [9]
HAL_TIM_Base_MspInit     0x800'fa49    0x66  Code  Gb  stm32h7xx_hal_msp.o [2]
HAL_TIM_Base_Start       0x801'348b    0x8c  Code  Gb  stm32h7xx_hal_tim.o [9]
HAL_TIM_Base_Start_IT    0x801'3517    0x98  Code  Gb  stm32h7xx_hal_tim.o [9]
HAL_TIM_ConfigClockSource
                         0x801'3ba3   0x112  Code  Gb  stm32h7xx_hal_tim.o [9]
HAL_TIM_IC_CaptureCallback
                         0x801'6891     0x2  Code  Gb  stm32h7xx_hal_tim.o [9]
HAL_TIM_IRQHandler       0x801'38b5   0x194  Code  Gb  stm32h7xx_hal_tim.o [9]
HAL_TIM_MspPostInit      0x800'faaf    0x5e  Code  Gb  stm32h7xx_hal_msp.o [2]
HAL_TIM_OC_DelayElapsedCallback
                         0x801'6893     0x2  Code  Gb  stm32h7xx_hal_tim.o [9]
HAL_TIM_PWM_ConfigChannel
                         0x801'3a49   0x15a  Code  Gb  stm32h7xx_hal_tim.o [9]
HAL_TIM_PWM_Init         0x801'35cd    0x7a  Code  Gb  stm32h7xx_hal_tim.o [9]
HAL_TIM_PWM_MspInit      0x801'688f     0x2  Code  Gb  stm32h7xx_hal_tim.o [9]
HAL_TIM_PWM_PulseFinishedCallback
                         0x801'6895     0x2  Code  Gb  stm32h7xx_hal_tim.o [9]
HAL_TIM_PWM_Start        0x801'3647   0x15e  Code  Gb  stm32h7xx_hal_tim.o [9]
HAL_TIM_PWM_Stop         0x801'37a5    0xe8  Code  Gb  stm32h7xx_hal_tim.o [9]
HAL_TIM_PeriodElapsedCallback
                         0x801'6897     0x2  Code  Gb  stm32h7xx_hal_tim.o [9]
HAL_TIM_TriggerCallback
                         0x801'689d     0x2  Code  Gb  stm32h7xx_hal_tim.o [9]
HAL_UARTEx_DisableFifoMode
                         0x801'5e71    0x46  Code  Gb  stm32h7xx_hal_uart_ex.o [9]
HAL_UARTEx_SetRxFifoThreshold
                         0x801'5f0d    0x56  Code  Gb  stm32h7xx_hal_uart_ex.o [9]
HAL_UARTEx_SetTxFifoThreshold
                         0x801'5eb7    0x56  Code  Gb  stm32h7xx_hal_uart_ex.o [9]
HAL_UART_Init            0x801'5609    0x7e  Code  Gb  stm32h7xx_hal_uart.o [9]
HAL_UART_MspInit         0x800'fb0d   0x250  Code  Gb  stm32h7xx_hal_msp.o [2]
HRTIM_ForceRegistersUpdate
                         0x801'5291    0x82  Code  Lc  stm32h7xx_hal_hrtim.o [9]
HRTIM_MasterBase_Config
                         0x801'4f31    0x2a  Code  Lc  stm32h7xx_hal_hrtim.o [9]
HRTIM_MasterWaveform_Config
                         0x801'4fad    0x5c  Code  Lc  stm32h7xx_hal_hrtim.o [9]
HRTIM_OutputConfig       0x801'51a1    0xf0  Code  Lc  stm32h7xx_hal_hrtim.o [9]
HRTIM_TimingUnitBase_Config
                         0x801'4f5b    0x52  Code  Lc  stm32h7xx_hal_hrtim.o [9]
HRTIM_TimingUnitWaveform_Config
                         0x801'5009   0x198  Code  Lc  stm32h7xx_hal_hrtim.o [9]
HardFault_Handler        0x801'7e07     0x2  Code  Gb  stm32h7xx_it.o [2]
IDC                     0x2400'2e10     0x4  Data  Gb  g_Core.o [4]
Icons                   0x2400'0474    0x24  Data  Gb  peref.o [6]
InterruptUpdate          0x801'7935   0x1fc  Code  Gb  g_InterruptUpdate.o [5]
InvCtrlTimer            0x2400'2e08     0x4  Data  Gb  g_Core.o [4]
LL_ADC_DisableDeepPowerDown
                         0x801'10e7     0xc  Code  Lc  stm32h7xx_hal_adc.o [9]
LL_ADC_Enable            0x801'1117    0x10  Code  Lc  stm32h7xx_hal_adc.o [9]
LL_ADC_EnableInternalRegulator
                         0x801'10fd    0x10  Code  Lc  stm32h7xx_hal_adc.o [9]
LL_ADC_GetCommonPathInternalCh
                         0x801'0fcd     0x8  Code  Lc  stm32h7xx_hal_adc.o [9]
LL_ADC_GetMultiDMATransfer
                         0x801'10df     0x8  Code  Lc  stm32h7xx_hal_adc.o [9]
LL_ADC_GetMultimode      0x801'10d7     0x8  Code  Lc  stm32h7xx_hal_adc.o [9]
LL_ADC_INJ_IsConversionOngoing
                         0x801'1149     0xa  Code  Lc  stm32h7xx_hal_adc.o [9]
LL_ADC_INJ_IsTriggerSourceSWStart
                         0x801'106d    0x10  Code  Lc  stm32h7xx_hal_adc.o [9]
LL_ADC_IsDeepPowerDownEnabled
                         0x801'10f3     0xa  Code  Lc  stm32h7xx_hal_adc.o [9]
LL_ADC_IsEnabled         0x801'1127     0x8  Code  Lc  stm32h7xx_hal_adc.o [9]
LL_ADC_IsEnabled         0x801'48e5     0x8  Code  Lc  stm32h7xx_hal_adc_ex.o [9]
LL_ADC_IsInternalRegulatorEnabled
                         0x801'110d     0xa  Code  Lc  stm32h7xx_hal_adc.o [9]
LL_ADC_REG_IsConversionOngoing
                         0x801'113f     0xa  Code  Lc  stm32h7xx_hal_adc.o [9]
LL_ADC_REG_IsConversionOngoing
                         0x801'48ed     0xa  Code  Lc  stm32h7xx_hal_adc_ex.o [9]
LL_ADC_REG_IsTriggerSourceSWStart
                         0x801'1023    0x10  Code  Lc  stm32h7xx_hal_adc.o [9]
LL_ADC_REG_SetDataTransferMode
                         0x801'1061     0xc  Code  Lc  stm32h7xx_hal_adc.o [9]
LL_ADC_REG_SetSequencerRanks
                         0x801'1033    0x2e  Code  Lc  stm32h7xx_hal_adc.o [9]
LL_ADC_REG_StartConversion
                         0x801'112f    0x10  Code  Lc  stm32h7xx_hal_adc.o [9]
LL_ADC_SetChannelSamplingTime
                         0x801'107d    0x34  Code  Lc  stm32h7xx_hal_adc.o [9]
LL_ADC_SetChannelSingleDiff
                         0x801'10b1    0x26  Code  Lc  stm32h7xx_hal_adc.o [9]
LL_ADC_SetCommonClock    0x801'0fb5     0xc  Code  Lc  stm32h7xx_hal_adc.o [9]
LL_ADC_SetCommonPathInternalCh
                         0x801'0fc1     0xc  Code  Lc  stm32h7xx_hal_adc.o [9]
LL_ADC_SetDataRightShift
                         0x801'0ff3    0x18  Code  Lc  stm32h7xx_hal_adc.o [9]
LL_ADC_SetOffset         0x801'0fd5    0x1e  Code  Lc  stm32h7xx_hal_adc.o [9]
LL_ADC_SetOffsetSignedSaturation
                         0x801'100b    0x18  Code  Lc  stm32h7xx_hal_adc.o [9]
LogInputCalc             0x800'be65   0x12c  Code  Gb  peref.o [6]
MCP23S17_init            0x800'c1e9    0x14  Code  Gb  peref.o [6]
MCP23S17_read            0x800'c191    0x50  Code  Gb  peref.o [6]
MCP23S17_update          0x800'c1fd    0x1a  Code  Gb  peref.o [6]
MCP23S17_write           0x800'c14d    0x3c  Code  Gb  peref.o [6]
MX_ADC1_Init             0x801'0089   0x18a  Code  Lc  main.o [2]
MX_ADC3_Init             0x801'0213   0x12a  Code  Lc  main.o [2]
MX_DMA_Init              0x801'0bb1    0x3c  Code  Lc  main.o [2]
MX_FDCAN2_Init           0x801'033d    0xf6  Code  Lc  main.o [2]
MX_GPIO_Init             0x801'0c21   0x250  Code  Lc  main.o [2]
MX_HRTIM_Init            0x801'0433   0x14c  Code  Lc  main.o [2]
MX_SPI1_Init             0x801'057f    0xce  Code  Lc  main.o [2]
MX_SPI6_Init             0x801'064d    0xd0  Code  Lc  main.o [2]
MX_TIM1_Init             0x801'071d   0x16e  Code  Lc  main.o [2]
MX_TIM2_Init             0x801'088b    0x84  Code  Lc  main.o [2]
MX_UART4_Init            0x801'090f    0xa4  Code  Lc  main.o [2]
MX_UART5_Init            0x801'09b3    0xa4  Code  Lc  main.o [2]
MX_UART8_Init            0x801'0a57    0xa4  Code  Lc  main.o [2]
MX_USART3_UART_Init      0x801'0b09    0x9e  Code  Lc  main.o [2]
MemManage_Handler        0x801'7e09     0x2  Code  Gb  stm32h7xx_it.o [2]
ModBusTimings            0x801'7c33    0x72  Code  Gb  comm_ModbusRtu.o [3]
ModFault                0x2400'000c     0x4  Data  Gb  g_Core.o [4]
ModuleTemper            0x2400'2e0c     0x4  Data  Gb  g_Core.o [4]
MoveMode                 0x801'2759    0xbe  Code  Lc  g_Core.o [4]
MpuControl               0x801'637d    0x78  Code  Gb  core_VlvDrvCtrl.o [4]
NMI_Handler              0x801'7e05     0x2  Code  Gb  stm32h7xx_it.o [2]
NVIC_EncodePriority      0x800'91e5    0x42  Code  Lc  stm32h7xx_hal_cortex.o [9]
NewFrameEvent            0x801'7b33    0x2a  Code  Gb  comm_ModbusRtu.o [3]
OutVolt                 0x2400'2e04     0x4  Data  Gb  g_Core.o [4]
PFUNC_blkRead            0x800'ad6d    0x1e  Code  Gb  add_ValueConv.o [2]
PFUNC_wordRead           0x800'ad8b     0x4  Code  Gb  add_ValueConv.o [2]
PWMPreScale             0x2400'0000     0x4  Data  Gb  g_Core.o [4]
PWM_keys_disable         0x801'2e17    0x40  Code  Gb  g_Core.o [4]
PWM_keys_enable          0x801'2e57    0x40  Code  Gb  g_Core.o [4]
PendSV_Handler           0x801'7e13     0x2  Code  Gb  stm32h7xx_it.o [2]
Peref_CalibInit          0x800'e311    0x88  Code  Gb  peref_Calibs.o [6]
Peref_CalibUpdate        0x800'e4c5   0x1b2  Code  Gb  peref_Calibs.o [6]
Peref_Calibration        0x800'e3c5   0x100  Code  Gb  peref_Calibs.o [6]
Peref_SensObserverInit   0x800'dc55    0x48  Code  Gb  peref_SensObserver.o [6]
Peref_SensObserverUpdate
                         0x800'dc9d   0x232  Code  Gb  peref_SensObserver.o [6]
Peref_SinObserverInitFloat
                         0x800'df1d    0x10  Code  Gb  peref_SinObserver.o [6]
Peref_SinObserverUpdateFloat
                         0x800'df2d    0x98  Code  Gb  peref_SinObserver.o [6]
Peref_SpeedCalc          0x800'e703    0x78  Code  Gb  peref_Calibs.o [6]
Peref_SpeedCalc::RevPrev
                        0x2400'04a0     0x4  Data  Lc  peref_Calibs.o [6]
Peref_SpeedCalc::Timer  0x2400'2e94     0x4  Data  Lc  peref_Calibs.o [6]
PeriphCommonClock_Config
                         0x801'003b    0x4e  Code  Gb  main.o [2]
PostambleEvent           0x801'7b67    0x3e  Code  Gb  comm_ModbusRtu.o [3]
PreambleEvent            0x801'7b5d     0xa  Code  Gb  comm_ModbusRtu.o [3]
PutChar                  0x800'd89d    0x1e  Code  Gb  peref_display.o [6]
PutComm                  0x800'd87f    0x1e  Code  Gb  peref_display.o [6]
PutData                  0x800'db2d    0x4a  Code  Lc  peref_display.o [6]
PwmDeltat               0x2400'2dfc     0x4  Data  Gb  g_Core.o [4]
PwmFreq                 0x2400'2df8     0x4  Data  Gb  g_Core.o [4]
RCCEx_PLL2_Config        0x800'8889   0x130  Code  Lc  stm32h7xx_hal_rcc_ex.o [9]
RCCEx_PLL3_Config        0x800'89c1   0x130  Code  Lc  stm32h7xx_hal_rcc_ex.o [9]
RTC_Bcd2ToByte           0x800'f4ad    0x16  Code  Gb  stm32h7xx_hal_rtc.o [9]
RTC_ByteToBcd2           0x800'f491    0x1c  Code  Gb  stm32h7xx_hal_rtc.o [9]
RTC_DefMaxDay            0x800'addb    0x3e  Code  Gb  peref_Clock.o [6]
RTC_EnterInitMode        0x800'f3d7    0x44  Code  Gb  stm32h7xx_hal_rtc.o [9]
RTC_ExitInitMode         0x800'f41b    0x62  Code  Gb  stm32h7xx_hal_rtc.o [9]
ReWriteParams            0x800'b02d     0x2  Code  Gb  g_Ram.o [5]
ReadDcrFull              0x800'a6b3    0x3e  Code  Lc  core_Menu.o [4]
ReadWriteAllParams       0x800'aa05    0x9a  Code  Gb  core_Menu.o [4]
ReadWriteEeprom          0x800'aedb    0x2e  Code  Gb  stat.o [7]
RefreshParams            0x800'b02f    0x26  Code  Gb  g_Ram.o [5]
Region$$Table$$Base      0x801'80ac           --   Gb  - Linker created -
Region$$Table$$Limit     0x801'80cc           --   Gb  - Linker created -
RtcControl               0x800'bf91   0x154  Code  Gb  peref.o [6]
RtcControl::PrevDate    0x2400'2e88     0x4  Data  Lc  peref.o [6]
RtcControl::PrevTime    0x2400'2e84     0x4  Data  Lc  peref.o [6]
RtcStart                0x2400'2ea8     0x1  Data  Gb  peref.o [6]
RtcUpdateFlag           0x2400'2e54     0x4  Data  Gb  peref.o [6]
RxHeader                0x2400'2d50    0x28  Data  Gb  CMS58M.o [6]
SPI1_IRQHandler          0x801'7e69     0xa  Code  Gb  stm32h7xx_it.o [2]
SPI6_IRQHandler          0x801'7e73     0xa  Code  Gb  stm32h7xx_it.o [2]
SPI_CloseTransfer        0x800'd70d    0xce  Code  Lc  stm32h7xx_hal_spi.o [9]
SPI_DMAAbortOnError      0x800'd6ed    0x20  Code  Lc  stm32h7xx_hal_spi.o [9]
SPI_GetPacketSize        0x800'd829    0x16  Code  Lc  stm32h7xx_hal_spi.o [9]
SPI_WaitOnFlagUntilTimeout
                         0x800'd7e5    0x44  Code  Lc  stm32h7xx_hal_spi.o [9]
SVC_Handler              0x801'7e0f     0x2  Code  Gb  stm32h7xx_it.o [2]
SelectGroup              0x800'9779    0xe0  Code  Gb  core_Menu.o [4]
SelectParam              0x800'9859    0x5e  Code  Gb  core_Menu.o [4]
SendData                 0x800'dab3    0x78  Code  Lc  peref_display.o [6]
SerialCommTimings        0x801'8179     0xc  Code  Gb  comm_SerialComm.o [3]
SetDefaultValues         0x800'a8ef   0x114  Code  Gb  core_Menu.o [4]
SetDefaultValues::DefAddr
                        0x2400'2df0     0x4  Data  Lc  core_Menu.o [4]
SetModBusParams          0x800'aa9f    0x52  Code  Gb  core_Menu.o [4]
ShowGroup                0x800'a02f   0x138  Code  Lc  core_Menu.o [4]
ShowParam                0x800'a599    0x38  Code  Lc  core_Menu.o [4]
ShowStart                0x800'9fed    0x42  Code  Gb  core_Menu.o [4]
ShowValue                0x800'a1e1   0x3b8  Code  Lc  core_Menu.o [4]
SleepMode                0x800'96e1    0x5a  Code  Gb  core_Menu.o [4]
SpeedEnable             0x2400'2e1c     0x4  Data  Gb  g_Core.o [4]
SpeedMax                0x2400'2e18     0x4  Data  Gb  g_Core.o [4]
SpeedRef                0x2400'2e00     0x4  Data  Gb  g_Core.o [4]
StartDispl               0x800'a5d1    0x44  Code  Gb  core_Menu.o [4]
StartMode                0x801'274d     0xc  Code  Lc  g_Core.o [4]
StartPowerControl        0x801'25f9   0x10a  Code  Gb  g_Core.o [4]
StartState               0x800'973b    0x3e  Code  Gb  core_Menu.o [4]
StartTimer              0x2400'0008     0x4  Data  Gb  g_Core.o [4]
Stat_Init                0x800'aed7     0x4  Code  Gb  stat.o [7]
StopMode                 0x801'2735    0x18  Code  Lc  g_Core.o [4]
StopPowerControl         0x801'254f    0xa0  Code  Gb  g_Core.o [4]
StrToDec                 0x800'ad21    0x3a  Code  Gb  add_ValueConv.o [2]
Symbols                 0x2400'04a4    0x70  Data  Lc  peref_display.o [6]
SysTick_Config           0x800'9227    0x30  Code  Lc  stm32h7xx_hal_cortex.o [9]
SysTick_Handler          0x801'7e15     0x8  Code  Gb  stm32h7xx_it.o [2]
SystemClock_Config       0x800'ff2b   0x110  Code  Gb  main.o [2]
SystemCoreClock         0x2400'0574     0x4  Data  Gb  system_stm32h7xx.o [8]
SystemD2Clock           0x2400'0578     0x4  Data  Gb  system_stm32h7xx.o [8]
SystemInit               0x801'7cc9    0xdc  Code  Gb  system_stm32h7xx.o [8]
TIM2_IRQHandler          0x801'7e3b    0x2e  Code  Gb  stm32h7xx_it.o [2]
TIM_Base_SetConfig       0x801'3cb7    0xca  Code  Gb  stm32h7xx_hal_tim.o [9]
TIM_CCxChannelCmd        0x801'410b    0x24  Code  Gb  stm32h7xx_hal_tim.o [9]
TIM_CCxNChannelCmd       0x801'55e5    0x24  Code  Lc  stm32h7xx_hal_tim_ex.o [9]
TIM_ETR_SetConfig        0x801'40f5    0x16  Code  Gb  stm32h7xx_hal_tim.o [9]
TIM_ITRx_SetConfig       0x801'40ab    0x10  Code  Lc  stm32h7xx_hal_tim.o [9]
TIM_OC1_SetConfig        0x801'3d81    0xa0  Code  Lc  stm32h7xx_hal_tim.o [9]
TIM_OC2_SetConfig        0x801'3e21    0x92  Code  Gb  stm32h7xx_hal_tim.o [9]
TIM_OC3_SetConfig        0x801'3eb5    0x8e  Code  Lc  stm32h7xx_hal_tim.o [9]
TIM_OC4_SetConfig        0x801'3f43    0x68  Code  Lc  stm32h7xx_hal_tim.o [9]
TIM_OC5_SetConfig        0x801'3fab    0x58  Code  Lc  stm32h7xx_hal_tim.o [9]
TIM_OC6_SetConfig        0x801'4003    0x5a  Code  Lc  stm32h7xx_hal_tim.o [9]
TIM_TI1_ConfigInputStage
                         0x801'4061    0x24  Code  Lc  stm32h7xx_hal_tim.o [9]
TIM_TI2_ConfigInputStage
                         0x801'4085    0x26  Code  Lc  stm32h7xx_hal_tim.o [9]
Task10Hz                0x2400'0184    0x84  Data  Gb  g_InterruptUpdate.o [5]
Task18kHz               0x2400'0010    0x24  Data  Gb  g_InterruptUpdate.o [5]
Task200Hz               0x2400'0064    0x30  Data  Gb  g_InterruptUpdate.o [5]
Task2kHz                0x2400'0034    0x30  Data  Gb  g_InterruptUpdate.o [5]
Task50Hz                0x2400'0094    0xf0  Data  Gb  g_InterruptUpdate.o [5]
TeleControl              0x801'63f5    0xa8  Code  Gb  core_VlvDrvCtrl.o [4]
TempObserverInit         0x800'c491    0x2a  Code  Gb  peref.o [6]
TempObserverUpdate       0x800'c4dd   0x102  Code  Gb  peref.o [6]
TempObserverUpdate::i   0x2400'2e90     0x4  Data  Lc  peref.o [6]
TestCount               0x2400'2de4     0x4  Data  Gb  comm_ModbusRtu.o [3]
TimeSeparator           0x2400'057e     0x1  Data  Gb  add_ValueConv.o [2]
TimeSpeedStop           0x2400'2e24     0x4  Data  Gb  g_Core.o [4]
TimeToStr                0x800'acbb    0x28  Code  Gb  add_ValueConv.o [2]
TimerIdxToTimerId       0x2400'055c    0x18  Data  Lc  stm32h7xx_hal_hrtim.o [9]
TimerInterp             0x2400'2e20     0x4  Data  Gb  g_Core.o [4]
TimerPending             0x801'7cad    0x1c  Code  Gb  comm_ModbusRtu.o [3]
TxHeader                0x2400'2d78    0x24  Data  Gb  CMS58M.o [6]
UARTEx_SetNbDataToProcess
                         0x801'5f63    0x72  Code  Lc  stm32h7xx_hal_uart_ex.o [9]
UARTEx_SetNbDataToProcess::denominator
                         0x801'81a4     0x8  Data  Lc  stm32h7xx_hal_uart_ex.o [9]
UARTEx_SetNbDataToProcess::numerator
                         0x801'819c     0x8  Data  Lc  stm32h7xx_hal_uart_ex.o [9]
UARTPrescTable           0x801'8130    0x18  Data  Gb  stm32h7xx_hal_uart.o [9]
UART_AdvFeatureConfig    0x801'5c27    0xda  Code  Gb  stm32h7xx_hal_uart.o [9]
UART_CheckIdleState      0x801'5d01    0x72  Code  Gb  stm32h7xx_hal_uart.o [9]
UART_SetConfig           0x801'5687   0x59e  Code  Gb  stm32h7xx_hal_uart.o [9]
UART_WaitOnFlagUntilTimeout
                         0x801'5d73    0xba  Code  Gb  stm32h7xx_hal_uart.o [9]
UnitControl              0x801'649d    0x58  Code  Gb  core_VlvDrvCtrl.o [4]
UpdateCode               0x800'a615    0x9e  Code  Gb  core_Menu.o [4]
UpdateComm               0x801'662f    0x30  Code  Gb  core_VlvDrvCtrl.o [4]
UsageFault_Handler       0x801'7e0d     0x2  Code  Gb  stm32h7xx_it.o [2]
WINSTAR_RusTable        0x2400'0514    0x44  Data  Lc  peref_display.o [6]
WriteValue               0x800'a75f    0x88  Code  Gb  core_Menu.o [4]
__NVIC_EnableIRQ         0x800'9199    0x20  Code  Lc  stm32h7xx_hal_cortex.o [9]
__NVIC_GetPriorityGrouping
                         0x800'918b     0xc  Code  Lc  stm32h7xx_hal_cortex.o [9]
__NVIC_SetPriority       0x800'91b9    0x2c  Code  Lc  stm32h7xx_hal_cortex.o [9]
__NVIC_SetPriorityGrouping
                         0x800'9169    0x22  Code  Lc  stm32h7xx_hal_cortex.o [9]
__aeabi_ldiv0            0x801'6ad1          Code  Gb  I64DivZer.o [12]
__aeabi_memcpy           0x800'ae31          Code  Gb  ABImemcpy.o [12]
__aeabi_memcpy4          0x800'ae51          Code  Gb  ABImemcpy.o [12]
__aeabi_memcpy8          0x800'ae51          Code  Gb  ABImemcpy.o [12]
__aeabi_memset           0x800'ab35          Code  Gb  ABImemset.o [12]
__aeabi_uldivmod         0x801'68a1          Code  Gb  I64DivMod.o [12]
__cmain                  0x801'80cd          Code  Gb  cmain.o [12]
__exit                   0x801'8101    0x14  Code  Gb  exit.o [13]
__iar_Memset             0x800'ab35          Code  Gb  ABImemset.o [12]
__iar_Memset_word        0x800'ab3d          Code  Gb  ABImemset.o [12]
__iar_Sin32              0x801'6661   0x18c  Code  Lc  cos_sin32.o [11]
__iar_Strchr             0x800'ae19          Code  Gb  strchr.o [12]
__iar_cos32              0x801'682d     0x4  Code  Gb  cos_sin32.o [11]
__iar_cos_medium32       0x801'682d     0x4  Code  Gb  cos_sin32.o [11]
__iar_cos_mediumf        0x801'682d     0x4  Code  Gb  cos_sin32.o [11]
__iar_data_init3         0x801'8061    0x28  Code  Gb  data_init.o [12]
__iar_fmax64             0x801'6861          Code  Gb  fmax.o [11]
__iar_fmin64             0x801'6835          Code  Gb  fmin.o [11]
__iar_init_vfp           0x801'8089          Code  Gb  fpinit_M.o [11]
__iar_lz77_init_single3
                         0x801'7f65    0x78  Code  Gb  lz77_init_single.o [12]
__iar_program_start      0x801'8115          Code  Gb  cstartup_M.o [12]
__iar_sin32              0x801'6831     0x4  Code  Gb  cos_sin32.o [11]
__iar_sin_medium32       0x801'6831     0x4  Code  Gb  cos_sin32.o [11]
__iar_sin_mediumf        0x801'6831     0x4  Code  Gb  cos_sin32.o [11]
__iar_sqrt32             0x800'fdd5          Code  Gb  sqrtf.o [11]
__iar_zero_init3         0x801'8029    0x38  Code  Gb  zero_init3.o [12]
__low_level_init         0x801'80eb     0x4  Code  Gb  low_level_init.o [10]
__vector_table           0x800'0000          Data  Gb  startup_stm32h743xx.o [1]
_call_main               0x801'80d9          Code  Gb  cmain.o [12]
_exit                    0x801'80f5          Code  Gb  cexit.o [12]
a                       0x2400'2dec     0x4  Data  Gb  core_Menu.o [4]
abs                      0x800'f121     0x8  Code  Gb  abs.o [10]
addr1                   0x2400'2e28     0x4  Data  Gb  g_Core.o [4]
addrtmp                 0x2400'2df4     0x4  Data  Gb  core_Menu.o [4]
addrtmp2                0x2400'2de8     0x4  Data  Gb  core_Menu.o [4]
btnClose                0x2400'2e5c     0x4  Data  Gb  peref.o [6]
btnOpen                 0x2400'2e58     0x4  Data  Gb  peref.o [6]
btnProg1                0x2400'2e68     0x4  Data  Gb  peref.o [6]
btnProg2                0x2400'2e6c     0x4  Data  Gb  peref.o [6]
btnStop1                0x2400'2e60     0x4  Data  Gb  peref.o [6]
btnStop2                0x2400'2e64     0x4  Data  Gb  peref.o [6]
core10HZupdate           0x801'2fb1    0x2a  Code  Gb  g_Core.o [4]
core18kHZupdate          0x801'2385   0x1ca  Code  Gb  g_Core.o [4]
core200HZupdate          0x801'2e97     0x2  Code  Gb  g_Core.o [4]
core50HZupdate           0x801'2e99    0x40  Code  Gb  g_Core.o [4]
coreTLocalControl        0x801'31d9   0x1ee  Code  Gb  g_Core.o [4]
coreTLocalControl::prevHalls
                        0x2400'2e30     0x4  Data  Lc  g_Core.o [4]
coreTLocalControl::readyForNewCmd
                        0x2400'0580     0x1  Data  Lc  g_Core.o [4]
coreTS                   0x801'3081   0x120  Code  Gb  g_Core.o [4]
coreTU                   0x801'2ff1    0x6c  Code  Gb  g_Core.o [4]
corr                    0x2400'0004     0x4  Data  Gb  g_Core.o [4]
cosf                     0x801'682d     0x4  Code  Gb  cos_sin32.o [11]
count1                  0x2400'2e2c     0x4  Data  Gb  g_Core.o [4]
count18kHz              0x2400'2e34     0x4  Data  Gb  g_InterruptUpdate.o [5]
count200Hz              0x2400'2e3c     0x4  Data  Gb  g_InterruptUpdate.o [5]
count2kHz               0x2400'2e38     0x4  Data  Gb  g_InterruptUpdate.o [5]
count50Hz               0x2400'2e40     0x4  Data  Gb  g_InterruptUpdate.o [5]
dotsADC                 0x2400'0224   0x108  Data  Gb  peref.o [6]
dotsDAC                 0x2400'032c   0x108  Data  Gb  peref.o [6]
dotsTemper              0x2400'0434    0x40  Data  Gb  peref.o [6]
exit                     0x801'80ef     0x4  Code  Gb  exit.o [10]
fmax                     0x801'6861          Code  Gb  fmax.o [11]
fmaxl                    0x801'6861          Code  Gb  fmax.o [11]
fmin                     0x801'6835          Code  Gb  fmin.o [11]
fminl                    0x801'6835          Code  Gb  fmin.o [11]
g_Comm                  0x2400'1690   0x728  Data  Gb  comm.o [3]
g_Core                  0x2400'1e20   0x540  Data  Gb  g_Core.o [4]
g_Peref                 0x2400'0e58   0x838  Data  Gb  peref.o [6]
g_Ram                   0x2400'0584   0x8d4  Data  Gb  g_Ram.o [5]
g_Ram_Init               0x800'af09    0x30  Code  Gb  g_Ram.o [5]
g_Ram_Update             0x800'af39    0xf4  Code  Gb  g_Ram.o [5]
g_Stat                  0x2400'2654    0xc0  Data  Gb  stat.o [7]
groups                   0x801'7ec4    0xa0  Data  Gb  core_Menu.o [4]
hadc1                   0x2400'1db8    0x64  Data  Gb  main.o [2]
hadc3                   0x2400'2bf4    0x64  Data  Gb  main.o [2]
hdma_adc1               0x2400'2b04    0x78  Data  Gb  main.o [2]
hdma_adc3               0x2400'2b7c    0x78  Data  Gb  main.o [2]
hfdcan2                 0x2400'2714    0xa0  Data  Gb  main.o [2]
hhrtim                  0x2400'2578    0xdc  Data  Gb  main.o [2]
hrtc                    0x2400'2d9c    0x24  Data  Gb  main.o [2]
hspi1                   0x2400'29f4    0x88  Data  Gb  main.o [2]
hspi6                   0x2400'2a7c    0x88  Data  Gb  main.o [2]
htim1                   0x2400'2c58    0x4c  Data  Gb  main.o [2]
htim2                   0x2400'2ca4    0x4c  Data  Gb  main.o [2]
huart3                  0x2400'2964    0x90  Data  Gb  main.o [2]
huart4                  0x2400'27b4    0x90  Data  Gb  main.o [2]
huart5                  0x2400'2844    0x90  Data  Gb  main.o [2]
huart8                  0x2400'28d4    0x90  Data  Gb  main.o [2]
ileg_fq_calc             0x800'dfc5    0xb6  Code  Gb  peref_SinObserver.o [6]
interp2D_calc            0x801'2c45    0xc6  Code  Gb  g_Core.o [4]
ipark_calc               0x801'2d0d    0x6a  Code  Gb  g_Core.o [4]
labs                     0x800'f119     0x8  Code  Gb  labs.o [10]
main                     0x800'fdf5   0x136  Code  Gb  main.o [2]
max                     0x2400'049c     0x4  Data  Gb  peref.o [6]
menu                    0x2400'2360   0x218  Data  Gb  core_Menu.o [4]
pADS1118_ConfRegData    0x2400'2ea0     0x2  Data  Gb  peref.o [6]
p_Controller             0x801'2eed    0xc4  Code  Gb  g_Core.o [4]
params                   0x800'0298  0x4ee4  Data  Gb  core_Menu.o [4]
park_calc                0x801'2d99    0x7e  Code  Gb  g_Core.o [4]
peref_10HzCalc           0x800'bb63   0x2ea  Code  Gb  peref.o [6]
peref_18KHzCalc          0x800'b8bd    0xde  Code  Gb  peref.o [6]
peref_200HzCalc          0x800'b99d   0x100  Code  Gb  peref.o [6]
peref_2KHzCalc           0x800'b99b     0x2  Code  Gb  peref.o [6]
peref_50HzCalc           0x800'ba9d    0xc6  Code  Gb  peref.o [6]
peref_74HC595D           0x800'c0e5    0x62  Code  Gb  peref.o [6]
peref_ADCDACtoPRCObserverUpdate
                         0x800'c371   0x10a  Code  Gb  peref.o [6]
peref_ADCDACtoPRCObserverUpdate::i
                        0x2400'2e8c     0x4  Data  Lc  peref.o [6]
peref_ADCtoPRCObserverInit
                         0x800'b841    0x3e  Code  Gb  peref.o [6]
peref_ApFilter1Calc      0x800'dc33    0x22  Code  Gb  peref_ApFilter1.o [6]
peref_ApFilter1Init      0x800'dbe1    0x52  Code  Gb  peref_ApFilter1.o [6]
peref_Init               0x800'b335   0x50c  Code  Gb  peref.o [6]
peref_ProctoDACObserverInit
                         0x800'b87f    0x3e  Code  Gb  peref.o [6]
pwm_calc                 0x801'2a3d    0xea  Code  Gb  g_Core.o [4]
rampgen_calc             0x801'2b27    0xc6  Code  Gb  g_Core.o [4]
sinf                     0x801'6831     0x4  Code  Gb  cos_sin32.o [11]
speedstart              0x2400'2e14     0x4  Data  Gb  g_Core.o [4]
sqrtf                    0x800'fdd5          Code  Gb  sqrtf.o [11]
strchr                   0x800'ae19          Code  Gb  strchr.o [12]
strcmp                   0x800'adc9          Code  Gb  strcmp.o [12]
strcpy                   0x800'ab1d          Code  Gb  strcpy.o [12]
strlen                   0x800'ad91          Code  Gb  strlen.o [12]
svgendq3ph_calc          0x801'2865   0x1c6  Code  Gb  g_Core.o [4]
testPreamble            0x2400'2de0     0x4  Data  Gb  comm_ModbusRtu.o [3]
tmpData                 0x2400'2e80     0x4  Data  Gb  peref.o [6]
tmpData2                0x2400'0498     0x4  Data  Gb  peref.o [6]
tmpDelta                0x2400'2e74     0x4  Data  Gb  peref.o [6]
tmpDelta2               0x2400'2e78     0x4  Data  Gb  peref.o [6]
tmpDelta3               0x2400'2e7c     0x4  Data  Gb  peref.o [6]
tmpdata                 0x2400'2dd0     0x8  Data  Gb  g_Core.o [4]
tmpdata2                0x2400'2dd8     0x8  Data  Gb  g_Core.o [4]
tskCnt10Hz              0x2400'2e50     0x4  Data  Gb  g_InterruptUpdate.o [5]
tskCnt200Hz             0x2400'2e48     0x4  Data  Gb  g_InterruptUpdate.o [5]
tskCnt2kHz              0x2400'2e44     0x4  Data  Gb  g_InterruptUpdate.o [5]
tskCnt50Hz              0x2400'2e4c     0x4  Data  Gb  g_InterruptUpdate.o [5]
tskMaxCnt10Hz           0x2400'0218     0x4  Data  Gb  g_InterruptUpdate.o [5]
tskMaxCnt18kHz          0x2400'0208     0x4  Data  Gb  g_InterruptUpdate.o [5]
tskMaxCnt200Hz          0x2400'0210     0x4  Data  Gb  g_InterruptUpdate.o [5]
tskMaxCnt2kHz           0x2400'020c     0x4  Data  Gb  g_InterruptUpdate.o [5]
tskMaxCnt50Hz           0x2400'0214     0x4  Data  Gb  g_InterruptUpdate.o [5]
txReadSdo                0x800'e263    0x8e  Code  Gb  CMS58M.o [6]
txWriteNmt               0x800'e133    0x60  Code  Gb  CMS58M.o [6]
txWriteSdo               0x800'e193    0xd0  Code  Gb  CMS58M.o [6]
uwTick                  0x2400'2e98     0x4  Data  Gb  stm32h7xx_hal.o [9]
uwTickFreq              0x2400'0582     0x1  Data  Gb  stm32h7xx_hal.o [9]
uwTickPrio              0x2400'0558     0x4  Data  Gb  stm32h7xx_hal.o [9]
values                   0x801'6ad4   0xe60  Data  Gb  core_Menu.o [4]


[1] = C:\work\ebu6\EBU6\EWARM\EBU6\Obj\Application\EWARM
[2] = C:\work\ebu6\EBU6\EWARM\EBU6\Obj\Application\User\Core
[3] = C:\work\ebu6\EBU6\EWARM\EBU6\Obj\Application\User\Core\Comm
[4] = C:\work\ebu6\EBU6\EWARM\EBU6\Obj\Application\User\Core\Core
[5] = C:\work\ebu6\EBU6\EWARM\EBU6\Obj\Application\User\Core\Global
[6] = C:\work\ebu6\EBU6\EWARM\EBU6\Obj\Application\User\Core\Peref
[7] = C:\work\ebu6\EBU6\EWARM\EBU6\Obj\Application\User\Core\Stat
[8] = C:\work\ebu6\EBU6\EWARM\EBU6\Obj\Drivers\CMSIS
[9] = C:\work\ebu6\EBU6\EWARM\EBU6\Obj\Drivers\STM32H7xx_HAL_Driver
[10] = dl7M_tln.a
[11] = m7M_tlv.a
[12] = rt7M_tl.a
[13] = shb_l.a

  75'016 bytes of readonly  code memory
  25'112 bytes of readonly  data memory
  28'328 bytes of readwrite data memory

Errors: none
Warnings: none
