###############################################################################
#
# IAR ELF Linker V9.10.2.313/W64 for ARM                  08/Jul/2022  13:58:21
# Copyright 2007-2021 IAR Systems AB.
#
#    Output file  =  D:\WorkOther\EBU6\EWARM\EBU6\Exe\EBU6.out
#    Map file     =  D:\WorkOther\EBU6\EWARM\EBU6\List\EBU6.map
#    Command line =
#        -f D:\WorkOther\EBU6\EWARM\EBU6\List\EBU6.map.rsp
#        (D:\WorkOther\EBU6\EWARM\EBU6\Obj\Application\User\Core\add_ValueConv.o
#        D:\WorkOther\EBU6\EWARM\EBU6\Obj\Application\User\Core\Peref\CMS58M.o
#        D:\WorkOther\EBU6\EWARM\EBU6\Obj\Application\User\Core\Comm\comm.o
#        D:\WorkOther\EBU6\EWARM\EBU6\Obj\Application\User\Core\Comm\comm_ModbusRtu.o
#        D:\WorkOther\EBU6\EWARM\EBU6\Obj\Application\User\Core\Comm\comm_SerialComm.o
#        D:\WorkOther\EBU6\EWARM\EBU6\Obj\Application\User\Core\Core\core_InverterControl.o
#        D:\WorkOther\EBU6\EWARM\EBU6\Obj\Application\User\Core\Core\core_Menu.o
#        D:\WorkOther\EBU6\EWARM\EBU6\Obj\Application\User\Core\Core\core_Protections.o
#        D:\WorkOther\EBU6\EWARM\EBU6\Obj\Application\User\Core\Core\core_VlvDrvCtrl.o
#        D:\WorkOther\EBU6\EWARM\EBU6\Obj\Application\User\Core\Core\g_Core.o
#        D:\WorkOther\EBU6\EWARM\EBU6\Obj\Application\User\Core\Global\g_InterruptUpdate.o
#        D:\WorkOther\EBU6\EWARM\EBU6\Obj\Application\User\Core\Global\g_Ram.o
#        D:\WorkOther\EBU6\EWARM\EBU6\Obj\Application\User\Core\main.o
#        D:\WorkOther\EBU6\EWARM\EBU6\Obj\Application\User\Core\Peref\peref.o
#        D:\WorkOther\EBU6\EWARM\EBU6\Obj\Application\User\Core\Peref\peref_ApFilter1.o
#        D:\WorkOther\EBU6\EWARM\EBU6\Obj\Application\User\Core\Peref\peref_ApFilter3.o
#        D:\WorkOther\EBU6\EWARM\EBU6\Obj\Application\User\Core\Peref\peref_Calibs.o
#        D:\WorkOther\EBU6\EWARM\EBU6\Obj\Application\User\Core\Peref\peref_Clock.o
#        D:\WorkOther\EBU6\EWARM\EBU6\Obj\Application\User\Core\Peref\peref_display.o
#        D:\WorkOther\EBU6\EWARM\EBU6\Obj\Application\User\Core\Peref\peref_SensObserver.o
#        D:\WorkOther\EBU6\EWARM\EBU6\Obj\Application\User\Core\Peref\peref_SinObserver.o
#        D:\WorkOther\EBU6\EWARM\EBU6\Obj\Application\EWARM\startup_stm32h743xx.o
#        D:\WorkOther\EBU6\EWARM\EBU6\Obj\Application\User\Core\Stat\stat.o
#        D:\WorkOther\EBU6\EWARM\EBU6\Obj\Application\User\Core\Stat\stat_fm25v10.o
#        D:\WorkOther\EBU6\EWARM\EBU6\Obj\Drivers\STM32H7xx_HAL_Driver\stm32h7xx_hal.o
#        D:\WorkOther\EBU6\EWARM\EBU6\Obj\Drivers\STM32H7xx_HAL_Driver\stm32h7xx_hal_adc.o
#        D:\WorkOther\EBU6\EWARM\EBU6\Obj\Drivers\STM32H7xx_HAL_Driver\stm32h7xx_hal_adc_ex.o
#        D:\WorkOther\EBU6\EWARM\EBU6\Obj\Drivers\STM32H7xx_HAL_Driver\stm32h7xx_hal_cortex.o
#        D:\WorkOther\EBU6\EWARM\EBU6\Obj\Drivers\STM32H7xx_HAL_Driver\stm32h7xx_hal_dma.o
#        D:\WorkOther\EBU6\EWARM\EBU6\Obj\Drivers\STM32H7xx_HAL_Driver\stm32h7xx_hal_dma_ex.o
#        D:\WorkOther\EBU6\EWARM\EBU6\Obj\Drivers\STM32H7xx_HAL_Driver\stm32h7xx_hal_exti.o
#        D:\WorkOther\EBU6\EWARM\EBU6\Obj\Drivers\STM32H7xx_HAL_Driver\stm32h7xx_hal_fdcan.o
#        D:\WorkOther\EBU6\EWARM\EBU6\Obj\Drivers\STM32H7xx_HAL_Driver\stm32h7xx_hal_flash.o
#        D:\WorkOther\EBU6\EWARM\EBU6\Obj\Drivers\STM32H7xx_HAL_Driver\stm32h7xx_hal_flash_ex.o
#        D:\WorkOther\EBU6\EWARM\EBU6\Obj\Drivers\STM32H7xx_HAL_Driver\stm32h7xx_hal_gpio.o
#        D:\WorkOther\EBU6\EWARM\EBU6\Obj\Drivers\STM32H7xx_HAL_Driver\stm32h7xx_hal_hrtim.o
#        D:\WorkOther\EBU6\EWARM\EBU6\Obj\Drivers\STM32H7xx_HAL_Driver\stm32h7xx_hal_hsem.o
#        D:\WorkOther\EBU6\EWARM\EBU6\Obj\Drivers\STM32H7xx_HAL_Driver\stm32h7xx_hal_i2c.o
#        D:\WorkOther\EBU6\EWARM\EBU6\Obj\Drivers\STM32H7xx_HAL_Driver\stm32h7xx_hal_i2c_ex.o
#        D:\WorkOther\EBU6\EWARM\EBU6\Obj\Drivers\STM32H7xx_HAL_Driver\stm32h7xx_hal_mdma.o
#        D:\WorkOther\EBU6\EWARM\EBU6\Obj\Application\User\Core\stm32h7xx_hal_msp.o
#        D:\WorkOther\EBU6\EWARM\EBU6\Obj\Drivers\STM32H7xx_HAL_Driver\stm32h7xx_hal_pwr.o
#        D:\WorkOther\EBU6\EWARM\EBU6\Obj\Drivers\STM32H7xx_HAL_Driver\stm32h7xx_hal_pwr_ex.o
#        D:\WorkOther\EBU6\EWARM\EBU6\Obj\Drivers\STM32H7xx_HAL_Driver\stm32h7xx_hal_rcc.o
#        D:\WorkOther\EBU6\EWARM\EBU6\Obj\Drivers\STM32H7xx_HAL_Driver\stm32h7xx_hal_rcc_ex.o
#        D:\WorkOther\EBU6\EWARM\EBU6\Obj\Drivers\STM32H7xx_HAL_Driver\stm32h7xx_hal_rtc.o
#        D:\WorkOther\EBU6\EWARM\EBU6\Obj\Drivers\STM32H7xx_HAL_Driver\stm32h7xx_hal_rtc_ex.o
#        D:\WorkOther\EBU6\EWARM\EBU6\Obj\Drivers\STM32H7xx_HAL_Driver\stm32h7xx_hal_spi.o
#        D:\WorkOther\EBU6\EWARM\EBU6\Obj\Drivers\STM32H7xx_HAL_Driver\stm32h7xx_hal_spi_ex.o
#        D:\WorkOther\EBU6\EWARM\EBU6\Obj\Drivers\STM32H7xx_HAL_Driver\stm32h7xx_hal_tim.o
#        D:\WorkOther\EBU6\EWARM\EBU6\Obj\Drivers\STM32H7xx_HAL_Driver\stm32h7xx_hal_tim_ex.o
#        D:\WorkOther\EBU6\EWARM\EBU6\Obj\Drivers\STM32H7xx_HAL_Driver\stm32h7xx_hal_uart.o
#        D:\WorkOther\EBU6\EWARM\EBU6\Obj\Drivers\STM32H7xx_HAL_Driver\stm32h7xx_hal_uart_ex.o
#        D:\WorkOther\EBU6\EWARM\EBU6\Obj\Application\User\Core\stm32h7xx_it.o
#        D:\WorkOther\EBU6\EWARM\EBU6\Obj\Drivers\CMSIS\system_stm32h7xx.o
#        --no_out_extension -o D:\WorkOther\EBU6\EWARM\EBU6\Exe\EBU6.out --map
#        D:\WorkOther\EBU6\EWARM\EBU6\List\EBU6.map --config "D:\Distr\IAR
#        Embedded Workbench for ARM v9.10.2
#        x64\arm\config\linker\ST\stm32h743xI.icf" --semihosting --entry
#        __iar_program_start --vfe --text_out locale)
#
###############################################################################

*******************************************************************************
*** RUNTIME MODEL ATTRIBUTES
***

CppFlavor       = *
__SystemLibrary = DLib
__dlib_version  = 6


*******************************************************************************
*** HEAP SELECTION
***

The basic heap was selected because no calls to memory allocation
functions were found in the application outside of system library
functions, and there are calls to deallocation functions in the
application.


*******************************************************************************
*** PLACEMENT SUMMARY
***

"A0":  place at address 0x800'0000 { ro section .intvec };
"P1":  place in [from 0x800'0000 to 0x80f'ffff repeat 2] { ro };
define block CSTACK with size = 8K, alignment = 8 { };
define block PROC_STACK with size = 0, alignment = 8 { };
"P4":  place in [from 0x2000'0000 to 0x2000'ffff repeat 2] {
          rw, section .dtcm_ram, block CSTACK, block PROC_STACK };
initialize by copy { rw };

No sections matched the following patterns:

  ro section application_specific_ro  in "P2|P8"
  rw section application_specific_rw  in "P2|P8"
  section .axi_sram                   in "P5"
  section .backup_sram                in "P7"
  section .dtcm_ram                   in "P4"
  section .sram                       in "P6"
  section .textrw                     in "P3"


  Section            Kind         Address      Size  Object
  -------            ----         -------      ----  ------
"A0":                                         0x298
  .intvec            ro code   0x800'0000     0x298  startup_stm32h743xx.o [1]
                             - 0x800'0298     0x298

"P1":                                      0x1'82da
  .rodata            const     0x800'0298    0x4ee4  core_Menu.o [4]
  .text              ro code   0x800'517c    0x1e54  stm32h7xx_hal_dma.o [9]
  .text              ro code   0x800'6fd0       0xc  stm32h7xx_hal.o [9]
  .text              ro code   0x800'6fdc    0x1b40  stm32h7xx_hal_rcc_ex.o [9]
  .text              ro code   0x800'8b1c     0x5f4  stm32h7xx_hal_rcc.o [9]
  .text              ro code   0x800'9110      0x58  stm32h7xx_hal.o [9]
  .text              ro code   0x800'9168     0x158  stm32h7xx_hal_cortex.o [9]
  .text              ro code   0x800'92c0    0x185c  core_Menu.o [4]
  .text              ro code   0x800'ab1c      0x18  strcpy.o [12]
  .text              ro code   0x800'ab34      0x66  ABImemset.o [12]
  .text              ro code   0x800'ab9c     0x1f2  add_ValueConv.o [2]
  .text              ro code   0x800'ad90      0x36  strlen.o [12]
  .text              ro code   0x800'adc8      0x12  strcmp.o [12]
  .text              ro code   0x800'adda      0x3e  peref_Clock.o [6]
  .text              ro code   0x800'ae18      0x16  strchr.o [12]
  .text              ro code   0x800'ae30      0xa6  ABImemcpy.o [12]
  .text              ro code   0x800'aed6      0x32  stat.o [7]
  .text              ro code   0x800'af08     0x124  g_Ram.o [5]
  .text              ro code   0x800'b02c     0x2c4  stat_fm25v10.o [7]
  .text              ro code   0x800'b2f0    0x10d0  peref.o [6]
  .text              ro code   0x800'c3c0     0x2b4  stm32h7xx_hal_gpio.o [9]
  .text              ro code   0x800'c674     0xf2e  stm32h7xx_hal_spi.o [9]
  .text              ro code   0x800'd5a4     0x3a0  peref_display.o [6]
  .text              ro code   0x800'd944      0x74  peref_ApFilter1.o [6]
  .text              ro code   0x800'd9b8     0x2c8  peref_SensObserver.o [6]
  .text              ro code   0x800'dc80     0x16c  peref_SinObserver.o [6]
  .text              ro code   0x800'ddec     0x28c  CMS58M.o [6]
  .text              ro code   0x800'e078     0x4ac  peref_Calibs.o [6]
  .text              ro code   0x800'e524     0x938  stm32h7xx_hal_fdcan.o [9]
  .text              ro code   0x800'ee5c       0x8  abs.o [10]
  .text              ro code   0x800'ee64     0x39a  stm32h7xx_hal_rtc.o [9]
  .text              ro code   0x800'f200     0x908  stm32h7xx_hal_msp.o [2]
  .text              ro code   0x800'fb08       0x2  stm32h7xx_hal_spi.o [9]
  .text              ro code   0x800'fb0a       0x2  stm32h7xx_hal_spi.o [9]
  .text              ro code   0x800'fb0c       0x2  stm32h7xx_hal_spi.o [9]
  .text              ro code   0x800'fb0e       0x2  stm32h7xx_hal_spi.o [9]
  .text              ro code   0x800'fb10      0x1e  sqrt.o [11]
  .text              ro code   0x800'fb30      0x1e  sqrtf.o [11]
  .text              ro code   0x800'fb50    0x1118  main.o [2]
  .text              ro code   0x801'0c68      0xa8  stm32h7xx_hal.o [9]
  .text              ro code   0x801'0d10    0x105c  stm32h7xx_hal_adc.o [9]
  .text              ro code   0x801'1d6c    0x138c  g_Core.o [4]
  .text              ro code   0x801'30f8       0x6  comm.o [3]
  .text              ro code   0x801'3100     0xd1e  stm32h7xx_hal_tim.o [9]
  .text              ro code   0x801'3e20      0x64  stm32h7xx_hal_pwr_ex.o [9]
  .text              ro code   0x801'3e84      0x14  stm32h7xx_hal_pwr.o [9]
  .text              ro code   0x801'3e98     0x73c  stm32h7xx_hal_rcc.o [9]
  .text              ro code   0x801'45d4     0x174  stm32h7xx_hal_adc_ex.o [9]
  .text              ro code   0x801'4748     0x8ba  stm32h7xx_hal_hrtim.o [9]
  .text              ro code   0x801'5004     0x2f4  stm32h7xx_hal_tim_ex.o [9]
  .text              ro code   0x801'52f8     0x868  stm32h7xx_hal_uart.o [9]
  .text              ro code   0x801'5b60     0x16c  stm32h7xx_hal_uart_ex.o [9]
  .text              ro code   0x801'5ccc       0x2  stm32h7xx_hal_adc_ex.o [9]
  .text              ro code   0x801'5cce       0x2  stm32h7xx_hal_adc.o [9]
  .text              ro code   0x801'5cd0       0x2  stm32h7xx_hal_adc_ex.o [9]
  .text              ro code   0x801'5cd2       0x2  stm32h7xx_hal_adc.o [9]
  .text              ro code   0x801'5cd4       0x2  stm32h7xx_hal_adc_ex.o [9]
  .text              ro code   0x801'5cd6       0x2  stm32h7xx_hal_adc_ex.o [9]
  .text              ro code   0x801'5cd8       0x2  stm32h7xx_hal_adc.o [9]
  .text              ro code   0x801'5cda       0x2  stm32h7xx_hal_adc_ex.o [9]
  .text              ro code   0x801'5cdc       0x2  stm32h7xx_hal_adc.o [9]
  .text              ro code   0x801'5ce0      0xc4  core_Protections.o [4]
  .text              ro code   0x801'5da4     0x5ae  core_VlvDrvCtrl.o [4]
  .text              ro code   0x801'6354      0x2a  fmin.o [11]
  .text              ro code   0x801'6380      0x2e  fmax.o [11]
  .text              ro code   0x801'63b0     0x1d4  cos_sin32.o [11]
  .text              ro code   0x801'6584       0x2  stm32h7xx_hal_tim.o [9]
  .text              ro code   0x801'6586       0x2  stm32h7xx_hal_tim.o [9]
  .text              ro code   0x801'6588       0x2  stm32h7xx_hal_tim.o [9]
  .text              ro code   0x801'658a       0x2  stm32h7xx_hal_tim.o [9]
  .text              ro code   0x801'658c       0x2  stm32h7xx_hal_tim.o [9]
  .text              ro code   0x801'658e       0x2  stm32h7xx_hal_tim_ex.o [9]
  .text              ro code   0x801'6590       0x2  stm32h7xx_hal_tim_ex.o [9]
  .text              ro code   0x801'6592       0x2  stm32h7xx_hal_tim.o [9]
  .text              ro code   0x801'6594       0x2  stm32h7xx_hal_tim_ex.o [9]
  .text              ro code   0x801'6598     0x230  I64DivMod.o [12]
  .text              ro code   0x801'67c8       0x2  I64DivZer.o [12]
  .rodata            const     0x801'67cc     0xe50  core_Menu.o [4]
  .text              ro code   0x801'761c     0x1fc  g_InterruptUpdate.o [5]
  .text              ro code   0x801'7818     0x1f0  lz77_init.o [12]
  .text              ro code   0x801'7a08       0x6  abort.o [10]
  .text              ro code   0x801'7a10      0x14  exit.o [13]
  .text              ro code   0x801'7a24     0x198  comm_ModbusRtu.o [3]
  .text              ro code   0x801'7bbc     0x13c  system_stm32h7xx.o [8]
  .text              ro code   0x801'7cf8      0xa8  stm32h7xx_it.o [2]
  .text              ro code   0x801'7da0      0x18  stm32h7xx_hal.o [9]
  .rodata            const     0x801'7db8      0xa0  core_Menu.o [4]
  .rodata            const     0x801'7e58      0x4c  stm32h7xx_hal_fdcan.o [9]
  .text              ro code   0x801'7ea4      0x38  zero_init3.o [12]
  .text              ro code   0x801'7edc      0x28  data_init.o [12]
  .text              ro code   0x801'7f04      0x22  fpinit_M.o [11]
  .iar.init_table    const     0x801'7f28      0x2c  - Linker created -
  .text              ro code   0x801'7f54      0x1e  cmain.o [12]
  .text              ro code   0x801'7f72       0x4  low_level_init.o [10]
  .text              ro code   0x801'7f76       0x4  exit.o [10]
  .text              ro code   0x801'7f7c       0xa  cexit.o [12]
  .text              ro code   0x801'7f88      0x1c  cstartup_M.o [12]
  .rodata            const     0x801'7fa4      0x18  stm32h7xx_hal_uart.o [9]
  .rodata            const     0x801'7fbc      0x10  stm32h7xx_hal_fdcan.o [9]
  .rodata            const     0x801'7fcc      0x10  system_stm32h7xx.o [8]
  .text              ro code   0x801'7fdc      0x10  startup_stm32h743xx.o [1]
  .text              ro code   0x801'7fec       0xc  comm_SerialComm.o [3]
  .rodata            const     0x801'7ff8       0x8  CMS58M.o [6]
  .rodata            const     0x801'8000       0x8  core_Menu.o [4]
  .rodata            const     0x801'8008       0x8  stm32h7xx_hal_dma.o [9]
  .rodata            const     0x801'8010       0x8  stm32h7xx_hal_uart_ex.o [9]
  .rodata            const     0x801'8018       0x8  stm32h7xx_hal_uart_ex.o [9]
  .rodata            const     0x801'8020       0x4  CMS58M.o [6]
  .text              ro code   0x801'8024       0x4  startup_stm32h743xx.o [1]
  .text              ro code   0x801'8028       0x4  startup_stm32h743xx.o [1]
  .text              ro code   0x801'802c       0x4  startup_stm32h743xx.o [1]
  .text              ro code   0x801'8030       0x4  startup_stm32h743xx.o [1]
  .text              ro code   0x801'8034       0x4  startup_stm32h743xx.o [1]
  .text              ro code   0x801'8038       0x4  startup_stm32h743xx.o [1]
  .text              ro code   0x801'803c       0x4  startup_stm32h743xx.o [1]
  .text              ro code   0x801'8040       0x4  startup_stm32h743xx.o [1]
  .text              ro code   0x801'8044       0x4  startup_stm32h743xx.o [1]
  .text              ro code   0x801'8048       0x4  startup_stm32h743xx.o [1]
  .text              ro code   0x801'804c       0x4  startup_stm32h743xx.o [1]
  .text              ro code   0x801'8050       0x4  startup_stm32h743xx.o [1]
  .text              ro code   0x801'8054       0x4  startup_stm32h743xx.o [1]
  .text              ro code   0x801'8058       0x4  startup_stm32h743xx.o [1]
  .text              ro code   0x801'805c       0x4  startup_stm32h743xx.o [1]
  .text              ro code   0x801'8060       0x4  startup_stm32h743xx.o [1]
  .text              ro code   0x801'8064       0x4  startup_stm32h743xx.o [1]
  .text              ro code   0x801'8068       0x4  startup_stm32h743xx.o [1]
  .text              ro code   0x801'806c       0x4  startup_stm32h743xx.o [1]
  .text              ro code   0x801'8070       0x4  startup_stm32h743xx.o [1]
  .text              ro code   0x801'8074       0x4  startup_stm32h743xx.o [1]
  .text              ro code   0x801'8078       0x4  startup_stm32h743xx.o [1]
  .text              ro code   0x801'807c       0x4  startup_stm32h743xx.o [1]
  .text              ro code   0x801'8080       0x4  startup_stm32h743xx.o [1]
  .text              ro code   0x801'8084       0x4  startup_stm32h743xx.o [1]
  .text              ro code   0x801'8088       0x4  startup_stm32h743xx.o [1]
  .text              ro code   0x801'808c       0x4  startup_stm32h743xx.o [1]
  .text              ro code   0x801'8090       0x4  startup_stm32h743xx.o [1]
  .text              ro code   0x801'8094       0x4  startup_stm32h743xx.o [1]
  .text              ro code   0x801'8098       0x4  startup_stm32h743xx.o [1]
  .text              ro code   0x801'809c       0x4  startup_stm32h743xx.o [1]
  .text              ro code   0x801'80a0       0x4  startup_stm32h743xx.o [1]
  .text              ro code   0x801'80a4       0x4  startup_stm32h743xx.o [1]
  .text              ro code   0x801'80a8       0x4  startup_stm32h743xx.o [1]
  .text              ro code   0x801'80ac       0x4  startup_stm32h743xx.o [1]
  .text              ro code   0x801'80b0       0x4  startup_stm32h743xx.o [1]
  .text              ro code   0x801'80b4       0x4  startup_stm32h743xx.o [1]
  .text              ro code   0x801'80b8       0x4  startup_stm32h743xx.o [1]
  .text              ro code   0x801'80bc       0x4  startup_stm32h743xx.o [1]
  .text              ro code   0x801'80c0       0x4  startup_stm32h743xx.o [1]
  .text              ro code   0x801'80c4       0x4  startup_stm32h743xx.o [1]
  .text              ro code   0x801'80c8       0x4  startup_stm32h743xx.o [1]
  .text              ro code   0x801'80cc       0x4  startup_stm32h743xx.o [1]
  .text              ro code   0x801'80d0       0x4  startup_stm32h743xx.o [1]
  .text              ro code   0x801'80d4       0x4  startup_stm32h743xx.o [1]
  .text              ro code   0x801'80d8       0x4  startup_stm32h743xx.o [1]
  .text              ro code   0x801'80dc       0x4  startup_stm32h743xx.o [1]
  .text              ro code   0x801'80e0       0x4  startup_stm32h743xx.o [1]
  .text              ro code   0x801'80e4       0x4  startup_stm32h743xx.o [1]
  .text              ro code   0x801'80e8       0x4  startup_stm32h743xx.o [1]
  .text              ro code   0x801'80ec       0x4  startup_stm32h743xx.o [1]
  .text              ro code   0x801'80f0       0x4  startup_stm32h743xx.o [1]
  .text              ro code   0x801'80f4       0x4  startup_stm32h743xx.o [1]
  .text              ro code   0x801'80f8       0x4  startup_stm32h743xx.o [1]
  .text              ro code   0x801'80fc       0x4  startup_stm32h743xx.o [1]
  .text              ro code   0x801'8100       0x4  startup_stm32h743xx.o [1]
  .text              ro code   0x801'8104       0x4  startup_stm32h743xx.o [1]
  .text              ro code   0x801'8108       0x4  startup_stm32h743xx.o [1]
  .text              ro code   0x801'810c       0x4  startup_stm32h743xx.o [1]
  .text              ro code   0x801'8110       0x4  startup_stm32h743xx.o [1]
  .text              ro code   0x801'8114       0x4  startup_stm32h743xx.o [1]
  .text              ro code   0x801'8118       0x4  startup_stm32h743xx.o [1]
  .text              ro code   0x801'811c       0x4  startup_stm32h743xx.o [1]
  .text              ro code   0x801'8120       0x4  startup_stm32h743xx.o [1]
  .text              ro code   0x801'8124       0x4  startup_stm32h743xx.o [1]
  .text              ro code   0x801'8128       0x4  startup_stm32h743xx.o [1]
  .text              ro code   0x801'812c       0x4  startup_stm32h743xx.o [1]
  .text              ro code   0x801'8130       0x4  startup_stm32h743xx.o [1]
  .text              ro code   0x801'8134       0x4  startup_stm32h743xx.o [1]
  .text              ro code   0x801'8138       0x4  startup_stm32h743xx.o [1]
  .text              ro code   0x801'813c       0x4  startup_stm32h743xx.o [1]
  .text              ro code   0x801'8140       0x4  startup_stm32h743xx.o [1]
  .text              ro code   0x801'8144       0x4  startup_stm32h743xx.o [1]
  .text              ro code   0x801'8148       0x4  startup_stm32h743xx.o [1]
  .text              ro code   0x801'814c       0x4  startup_stm32h743xx.o [1]
  .text              ro code   0x801'8150       0x4  startup_stm32h743xx.o [1]
  .text              ro code   0x801'8154       0x4  startup_stm32h743xx.o [1]
  .text              ro code   0x801'8158       0x4  startup_stm32h743xx.o [1]
  .text              ro code   0x801'815c       0x4  startup_stm32h743xx.o [1]
  .text              ro code   0x801'8160       0x4  startup_stm32h743xx.o [1]
  .text              ro code   0x801'8164       0x4  startup_stm32h743xx.o [1]
  .text              ro code   0x801'8168       0x4  startup_stm32h743xx.o [1]
  .text              ro code   0x801'816c       0x4  startup_stm32h743xx.o [1]
  .text              ro code   0x801'8170       0x4  startup_stm32h743xx.o [1]
  .text              ro code   0x801'8174       0x4  startup_stm32h743xx.o [1]
  .text              ro code   0x801'8178       0x4  startup_stm32h743xx.o [1]
  .text              ro code   0x801'817c       0x4  startup_stm32h743xx.o [1]
  .text              ro code   0x801'8180       0x4  startup_stm32h743xx.o [1]
  .text              ro code   0x801'8184       0x4  startup_stm32h743xx.o [1]
  .text              ro code   0x801'8188       0x4  startup_stm32h743xx.o [1]
  .text              ro code   0x801'818c       0x4  startup_stm32h743xx.o [1]
  .text              ro code   0x801'8190       0x4  startup_stm32h743xx.o [1]
  .text              ro code   0x801'8194       0x4  startup_stm32h743xx.o [1]
  .text              ro code   0x801'8198       0x4  startup_stm32h743xx.o [1]
  .text              ro code   0x801'819c       0x4  startup_stm32h743xx.o [1]
  .text              ro code   0x801'81a0       0x4  startup_stm32h743xx.o [1]
  .text              ro code   0x801'81a4       0x4  startup_stm32h743xx.o [1]
  .text              ro code   0x801'81a8       0x4  startup_stm32h743xx.o [1]
  .text              ro code   0x801'81ac       0x4  startup_stm32h743xx.o [1]
  .text              ro code   0x801'81b0       0x4  startup_stm32h743xx.o [1]
  .text              ro code   0x801'81b4       0x4  startup_stm32h743xx.o [1]
  .text              ro code   0x801'81b8       0x4  startup_stm32h743xx.o [1]
  .text              ro code   0x801'81bc       0x4  startup_stm32h743xx.o [1]
  .text              ro code   0x801'81c0       0x4  startup_stm32h743xx.o [1]
  .text              ro code   0x801'81c4       0x4  startup_stm32h743xx.o [1]
  .text              ro code   0x801'81c8       0x4  startup_stm32h743xx.o [1]
  .text              ro code   0x801'81cc       0x4  startup_stm32h743xx.o [1]
  .text              ro code   0x801'81d0       0x4  startup_stm32h743xx.o [1]
  .text              ro code   0x801'81d4       0x4  startup_stm32h743xx.o [1]
  .text              ro code   0x801'81d8       0x4  startup_stm32h743xx.o [1]
  .text              ro code   0x801'81dc       0x4  startup_stm32h743xx.o [1]
  .text              ro code   0x801'81e0       0x4  startup_stm32h743xx.o [1]
  .text              ro code   0x801'81e4       0x4  startup_stm32h743xx.o [1]
  .text              ro code   0x801'81e8       0x4  startup_stm32h743xx.o [1]
  .text              ro code   0x801'81ec       0x4  startup_stm32h743xx.o [1]
  .text              ro code   0x801'81f0       0x4  startup_stm32h743xx.o [1]
  .text              ro code   0x801'81f4       0x4  startup_stm32h743xx.o [1]
  .text              ro code   0x801'81f8       0x4  startup_stm32h743xx.o [1]
  .text              ro code   0x801'81fc       0x4  startup_stm32h743xx.o [1]
  .text              ro code   0x801'8200       0x4  startup_stm32h743xx.o [1]
  .text              ro code   0x801'8204       0x4  startup_stm32h743xx.o [1]
  .text              ro code   0x801'8208       0x4  startup_stm32h743xx.o [1]
  .text              ro code   0x801'820c       0x4  startup_stm32h743xx.o [1]
  .text              ro code   0x801'8210       0x4  startup_stm32h743xx.o [1]
  .text              ro code   0x801'8214       0x4  startup_stm32h743xx.o [1]
  .text              ro code   0x801'8218       0x4  startup_stm32h743xx.o [1]
  .text              ro code   0x801'821c       0x4  startup_stm32h743xx.o [1]
  .text              ro code   0x801'8220       0x4  startup_stm32h743xx.o [1]
  .text              ro code   0x801'8224       0x4  startup_stm32h743xx.o [1]
  .text              ro code   0x801'8228       0x4  startup_stm32h743xx.o [1]
  .text              ro code   0x801'822c       0x4  startup_stm32h743xx.o [1]
  .text              ro code   0x801'8230       0x4  startup_stm32h743xx.o [1]
  .rodata            const     0x801'8234       0x0  zero_init3.o [12]
  .rodata            const     0x801'8234       0x0  lz77_init.o [12]
  Initializer bytes  const     0x801'8234     0x33e  <for P4 s0>
                             - 0x801'8572  0x1'82da

"P4", part 1 of 3:                            0x53b
  P4 s0                       0x2000'0000     0x53b  <Init block>
    .data            inited   0x2000'0000     0x108  peref.o [6]
    .data            inited   0x2000'0108     0x108  peref.o [6]
    .data            inited   0x2000'0210      0xf0  g_InterruptUpdate.o [5]
    .data            inited   0x2000'0300      0x84  g_InterruptUpdate.o [5]
    .data            inited   0x2000'0384      0x70  peref_display.o [6]
    .data            inited   0x2000'03f4      0x44  peref_display.o [6]
    .data            inited   0x2000'0438      0x30  g_InterruptUpdate.o [5]
    .data            inited   0x2000'0468      0x30  g_InterruptUpdate.o [5]
    .data            inited   0x2000'0498      0x24  g_InterruptUpdate.o [5]
    .data            inited   0x2000'04bc      0x24  peref.o [6]
    .data            inited   0x2000'04e0      0x18  stm32h7xx_hal_hrtim.o [9]
    .data            inited   0x2000'04f8       0x4  g_Core.o [4]
    .data            inited   0x2000'04fc       0x4  g_Core.o [4]
    .data            inited   0x2000'0500       0x4  g_Core.o [4]
    .data            inited   0x2000'0504       0x4  g_Core.o [4]
    .data            inited   0x2000'0508       0x4  g_InterruptUpdate.o [5]
    .data            inited   0x2000'050c       0x4  g_InterruptUpdate.o [5]
    .data            inited   0x2000'0510       0x4  g_InterruptUpdate.o [5]
    .data            inited   0x2000'0514       0x4  g_InterruptUpdate.o [5]
    .data            inited   0x2000'0518       0x4  g_InterruptUpdate.o [5]
    .data            inited   0x2000'051c       0x4  peref.o [6]
    .data            inited   0x2000'0520       0x4  peref.o [6]
    .data            inited   0x2000'0524       0x4  peref_Calibs.o [6]
    .data            inited   0x2000'0528       0x4  stm32h7xx_hal.o [9]
    .data            inited   0x2000'052c       0x4  system_stm32h7xx.o [8]
    .data            inited   0x2000'0530       0x4  system_stm32h7xx.o [8]
    .data            inited   0x2000'0534       0x1  add_ValueConv.o [2]
    .data            inited   0x2000'0535       0x1  add_ValueConv.o [2]
    .data            inited   0x2000'0536       0x1  add_ValueConv.o [2]
    .data            inited   0x2000'0537       0x1  add_ValueConv.o [2]
    .data            inited   0x2000'0538       0x1  g_Core.o [4]
    .data            inited   0x2000'0539       0x1  peref.o [6]
    .data            inited   0x2000'053a       0x1  stm32h7xx_hal.o [9]
                            - 0x2000'053b     0x53b

"P4", part 2 of 3:                           0x28a0
  .bss               zero     0x2000'053c     0x8d4  g_Ram.o [5]
  .bss               zero     0x2000'0e10     0x7e8  peref.o [6]
  .bss               zero     0x2000'15f8     0x728  comm.o [3]
  .bss               zero     0x2000'1d20      0x64  main.o [2]
  .bss               zero     0x2000'1d88     0x530  g_Core.o [4]
  .bss               zero     0x2000'22b8     0x218  core_Menu.o [4]
  .bss               zero     0x2000'24d0      0xdc  main.o [2]
  .bss               zero     0x2000'25ac      0xc0  stat.o [7]
  .bss               zero     0x2000'266c      0xa0  main.o [2]
  .bss               zero     0x2000'270c      0x90  main.o [2]
  .bss               zero     0x2000'279c      0x90  main.o [2]
  .bss               zero     0x2000'282c      0x90  main.o [2]
  .bss               zero     0x2000'28bc      0x90  main.o [2]
  .bss               zero     0x2000'294c      0x88  main.o [2]
  .bss               zero     0x2000'29d4      0x88  main.o [2]
  .bss               zero     0x2000'2a5c      0x78  main.o [2]
  .bss               zero     0x2000'2ad4      0x78  main.o [2]
  .bss               zero     0x2000'2b4c      0x64  main.o [2]
  .bss               zero     0x2000'2bb0      0x4c  main.o [2]
  .bss               zero     0x2000'2bfc      0x4c  main.o [2]
  .bss               zero     0x2000'2c48      0x34  g_Core.o [4]
  .bss               zero     0x2000'2c7c      0x2c  peref.o [6]
  .bss               zero     0x2000'2ca8      0x28  CMS58M.o [6]
  .bss               zero     0x2000'2cd0      0x24  CMS58M.o [6]
  .bss               zero     0x2000'2cf4      0x24  main.o [2]
  .bss               zero     0x2000'2d18       0x8  g_Core.o [4]
  .bss               zero     0x2000'2d20       0x8  g_Core.o [4]
  .bss               zero     0x2000'2d28       0x4  comm_ModbusRtu.o [3]
  .bss               zero     0x2000'2d2c       0x4  comm_ModbusRtu.o [3]
  .bss               zero     0x2000'2d30       0x4  core_Menu.o [4]
  .bss               zero     0x2000'2d34       0x4  core_Menu.o [4]
  .bss               zero     0x2000'2d38       0x4  core_Menu.o [4]
  .bss               zero     0x2000'2d3c       0x4  core_Menu.o [4]
  .bss               zero     0x2000'2d40       0x4  g_Core.o [4]
  .bss               zero     0x2000'2d44       0x4  g_Core.o [4]
  .bss               zero     0x2000'2d48       0x4  g_Core.o [4]
  .bss               zero     0x2000'2d4c       0x4  g_Core.o [4]
  .bss               zero     0x2000'2d50       0x4  g_Core.o [4]
  .bss               zero     0x2000'2d54       0x4  g_Core.o [4]
  .bss               zero     0x2000'2d58       0x4  g_Core.o [4]
  .bss               zero     0x2000'2d5c       0x4  g_Core.o [4]
  .bss               zero     0x2000'2d60       0x4  g_Core.o [4]
  .bss               zero     0x2000'2d64       0x4  g_Core.o [4]
  .bss               zero     0x2000'2d68       0x4  g_Core.o [4]
  .bss               zero     0x2000'2d6c       0x4  g_Core.o [4]
  .bss               zero     0x2000'2d70       0x4  g_Core.o [4]
  .bss               zero     0x2000'2d74       0x4  g_Core.o [4]
  .bss               zero     0x2000'2d78       0x4  g_InterruptUpdate.o [5]
  .bss               zero     0x2000'2d7c       0x4  g_InterruptUpdate.o [5]
  .bss               zero     0x2000'2d80       0x4  g_InterruptUpdate.o [5]
  .bss               zero     0x2000'2d84       0x4  g_InterruptUpdate.o [5]
  .bss               zero     0x2000'2d88       0x4  g_InterruptUpdate.o [5]
  .bss               zero     0x2000'2d8c       0x4  g_InterruptUpdate.o [5]
  .bss               zero     0x2000'2d90       0x4  g_InterruptUpdate.o [5]
  .bss               zero     0x2000'2d94       0x4  g_InterruptUpdate.o [5]
  .bss               zero     0x2000'2d98       0x4  peref.o [6]
  .bss               zero     0x2000'2d9c       0x4  peref.o [6]
  .bss               zero     0x2000'2da0       0x4  peref.o [6]
  .bss               zero     0x2000'2da4       0x4  peref.o [6]
  .bss               zero     0x2000'2da8       0x4  peref.o [6]
  .bss               zero     0x2000'2dac       0x4  peref.o [6]
  .bss               zero     0x2000'2db0       0x4  peref.o [6]
  .bss               zero     0x2000'2db4       0x4  peref.o [6]
  .bss               zero     0x2000'2db8       0x4  peref.o [6]
  .bss               zero     0x2000'2dbc       0x4  peref.o [6]
  .bss               zero     0x2000'2dc0       0x4  peref.o [6]
  .bss               zero     0x2000'2dc4       0x4  peref_Calibs.o [6]
  .bss               zero     0x2000'2dc8       0x4  stm32h7xx_hal.o [9]
  .bss               zero     0x2000'2dcc       0x4  stm32h7xx_it.o [2]
  .bss               zero     0x2000'2dd0       0x2  peref.o [6]
  .bss               zero     0x2000'2dd2       0x2  peref.o [6]
  .bss               zero     0x2000'2dd4       0x1  CMS58M.o [6]
  .bss               zero     0x2000'2dd5       0x1  CMS58M.o [6]
  .bss               zero     0x2000'2dd6       0x1  core_Protections.o [4]
  .bss               zero     0x2000'2dd7       0x1  core_VlvDrvCtrl.o [4]
  .bss               zero     0x2000'2dd8       0x1  peref.o [6]
                            - 0x2000'2dd9    0x289d

"P4", part 3 of 3:                           0x2000
  CSTACK                      0x2000'2de0    0x2000  <Block>
    CSTACK           uninit   0x2000'2de0    0x2000  <Block tail>
                            - 0x2000'4de0    0x2000

Unused ranges:

         From           To       Size
         ----           --       ----
   0x801'8572   0x80f'ffff   0xe'7a8e
   0x810'0000   0x81f'ffff  0x10'0000
  0x2000'053b  0x2000'053b        0x1
  0x2000'2ddc  0x2000'2ddf        0x4
  0x2000'4de0  0x2000'ffff     0xb220
  0x2001'0000  0x2001'ffff   0x1'0000


*******************************************************************************
*** INIT TABLE
***

          Address      Size
          -------      ----
Zero (__iar_zero_init3)
    1 destination range, total size 0x289d:
          0x2000'053c  0x289d

Copy/lz77 (__iar_lz77_init3)
    1 source range, total size 0x33e (61% of destination):
           0x801'8234   0x33e
    1 destination range, total size 0x53b:
          0x2000'0000   0x53b



*******************************************************************************
*** MODULE SUMMARY
***

    Module                   ro code  ro data  rw data
    ------                   -------  -------  -------
command line/config:
    --------------------------------------------------
    Total:

D:\WorkOther\EBU6\EWARM\EBU6\Obj\Application\EWARM: [1]
    startup_stm32h743xx.o      1'208
    --------------------------------------------------
    Total:                     1'208

D:\WorkOther\EBU6\EWARM\EBU6\Obj\Application\User\Core: [2]
    add_ValueConv.o              498        3        4
    main.o                     4'376             1'856
    stm32h7xx_hal_msp.o        2'312
    stm32h7xx_it.o               168                 4
    --------------------------------------------------
    Total:                     7'354        3    1'864

D:\WorkOther\EBU6\EWARM\EBU6\Obj\Application\User\Core\Comm: [3]
    comm.o                         6             1'832
    comm_ModbusRtu.o             408                 8
    comm_SerialComm.o             12
    --------------------------------------------------
    Total:                       426             1'840

D:\WorkOther\EBU6\EWARM\EBU6\Obj\Application\User\Core\Core: [4]
    core_Menu.o                6'236   24'028      552
    core_Protections.o           196                 1
    core_VlvDrvCtrl.o          1'454                 1
    g_Core.o                   5'004       10    1'469
    --------------------------------------------------
    Total:                    12'890   24'038    2'023

D:\WorkOther\EBU6\EWARM\EBU6\Obj\Application\User\Core\Global: [5]
    g_InterruptUpdate.o          508      324      556
    g_Ram.o                      292             2'260
    --------------------------------------------------
    Total:                       800      324    2'816

D:\WorkOther\EBU6\EWARM\EBU6\Obj\Application\User\Core\Peref: [6]
    CMS58M.o                     652       12       78
    peref.o                    4'304      355    2'690
    peref_ApFilter1.o            116
    peref_Calibs.o             1'196        3        8
    peref_Clock.o                 62
    peref_SensObserver.o         712
    peref_SinObserver.o          364
    peref_display.o              928      112      180
    --------------------------------------------------
    Total:                     8'334      482    2'956

D:\WorkOther\EBU6\EWARM\EBU6\Obj\Application\User\Core\Stat: [7]
    stat.o                        50               192
    stat_fm25v10.o               708
    --------------------------------------------------
    Total:                       758               192

D:\WorkOther\EBU6\EWARM\EBU6\Obj\Drivers\CMSIS: [8]
    system_stm32h7xx.o           316       21        8
    --------------------------------------------------
    Total:                       316       21        8

D:\WorkOther\EBU6\EWARM\EBU6\Obj\Drivers\STM32H7xx_HAL_Driver: [9]
    stm32h7xx_hal.o              292        3        9
    stm32h7xx_hal_adc.o        4'196
    stm32h7xx_hal_adc_ex.o       382
    stm32h7xx_hal_cortex.o       344
    stm32h7xx_hal_dma.o        7'764        8
    stm32h7xx_hal_fdcan.o      2'360       92
    stm32h7xx_hal_gpio.o         692
    stm32h7xx_hal_hrtim.o      2'234       15       24
    stm32h7xx_hal_pwr.o           20
    stm32h7xx_hal_pwr_ex.o       100
    stm32h7xx_hal_rcc.o        3'376
    stm32h7xx_hal_rcc_ex.o     6'976
    stm32h7xx_hal_rtc.o          922
    stm32h7xx_hal_spi.o        3'894
    stm32h7xx_hal_tim.o        3'370
    stm32h7xx_hal_tim_ex.o       762
    stm32h7xx_hal_uart.o       2'152       24
    stm32h7xx_hal_uart_ex.o      364       16
    --------------------------------------------------
    Total:                    40'200      158       33

dl7M_tln.a: [10]
    abort.o                        6
    abs.o                          8
    exit.o                         4
    low_level_init.o               4
    --------------------------------------------------
    Total:                        22

m7M_tlv.a: [11]
    cos_sin32.o                  468
    fmax.o                        46
    fmin.o                        42
    fpinit_M.o                    34
    sqrt.o                        30
    sqrtf.o                       30
    --------------------------------------------------
    Total:                       650

rt7M_tl.a: [12]
    ABImemcpy.o                  166
    ABImemset.o                  102
    I64DivMod.o                  560
    I64DivZer.o                    2
    cexit.o                       10
    cmain.o                       30
    cstartup_M.o                  28
    data_init.o                   40
    lz77_init.o                  496
    strchr.o                      22
    strcmp.o                      18
    strcpy.o                      24
    strlen.o                      54
    zero_init3.o                  56
    --------------------------------------------------
    Total:                     1'608

shb_l.a: [13]
    exit.o                        20
    --------------------------------------------------
    Total:                        20

    Gaps                          38        4        4
    Linker created                         44    8'192
------------------------------------------------------
    Grand Total:              74'624   25'074   19'928


*******************************************************************************
*** ENTRY LIST
***

Entry                       Address    Size  Type      Object
-----                       -------    ----  ----      ------
.iar.init_table$$Base    0x801'7f28           --   Gb  - Linker created -
.iar.init_table$$Limit   0x801'7f54           --   Gb  - Linker created -
?main                    0x801'7f55          Code  Gb  cmain.o [12]
ADC3_IRQHandler          0x801'7d71     0xa  Code  Gb  stm32h7xx_it.o [2]
ADC_ConfigureBoostMode   0x801'1bd9   0x158  Code  Gb  stm32h7xx_hal_adc.o [9]
ADC_DMAConvCplt          0x801'1b25    0x88  Code  Gb  stm32h7xx_hal_adc.o [9]
ADC_DMAError             0x801'1bbb    0x1e  Code  Gb  stm32h7xx_hal_adc.o [9]
ADC_DMAHalfConvCplt      0x801'1bad     0xe  Code  Gb  stm32h7xx_hal_adc.o [9]
ADC_Enable               0x801'1a59    0xbc  Code  Gb  stm32h7xx_hal_adc.o [9]
ADC_IRQHandler           0x801'7d25     0xa  Code  Gb  stm32h7xx_it.o [2]
ADS1118_init             0x800'c0eb    0xae  Code  Gb  peref.o [6]
ADS1118_update           0x800'c19d    0x54  Code  Gb  peref.o [6]
AcknoledgeEvent          0x801'7aad    0x7a  Code  Gb  comm_ModbusRtu.o [3]
BreakFrameEvent          0x801'7a25     0x2  Code  Gb  comm_ModbusRtu.o [3]
BtnLevel                0x2000'0520     0x4  Data  Gb  peref.o [6]
BtnTout                 0x2000'051c     0x4  Data  Gb  peref.o [6]
BusFault_Handler         0x801'7cff     0x2  Code  Gb  stm32h7xx_it.o [2]
ByteToStr                0x800'ac9d    0x1e  Code  Gb  add_ValueConv.o [2]
CAN1RxMsg               0x2000'2dd4     0x1  Data  Gb  CMS58M.o [6]
CAN1TxMsg               0x2000'2dd5     0x1  Data  Gb  CMS58M.o [6]
CPU_led_timer           0x2000'2dcc     0x4  Data  Gb  stm32h7xx_it.o [2]
CSTACK$$Base            0x2000'2de0           --   Gb  - Linker created -
CSTACK$$Limit           0x2000'4de0           --   Gb  - Linker created -
CalcClbCycle             0x800'e3fb    0x70  Code  Gb  peref_Calibs.o [6]
CalcClbGearInv           0x800'e101    0x14  Code  Gb  peref_Calibs.o [6]
CalcClbGearRev           0x800'e115    0x18  Code  Gb  peref_Calibs.o [6]
ChangeCoordinate         0x800'9e59   0x194  Code  Lc  core_Menu.o [4]
CheckRange               0x800'ab9d    0x22  Code  Gb  add_ValueConv.o [2]
CheckStatus              0x800'e3df    0x1c  Code  Lc  peref_Calibs.o [6]
Cms58mConfig             0x800'de11    0x50  Code  Gb  CMS58M.o [6]
Cms58mInir               0x800'dded    0x24  Code  Gb  CMS58M.o [6]
Cms58mRxHandler          0x800'de6f    0x2c  Code  Gb  CMS58M.o [6]
Cms58mStart              0x800'de61     0xe  Code  Gb  CMS58M.o [6]
Comm_50HzCalc            0x801'30fb     0x2  Code  Gb  comm.o [3]
Comm_CommandUpdate       0x801'30fd     0x2  Code  Gb  comm.o [3]
Comm_Init                0x801'30f9     0x2  Code  Gb  comm.o [3]
ConnTimeoutEvent         0x801'7a99    0x14  Code  Gb  comm_ModbusRtu.o [3]
Core_CalibControl        0x801'1f49   0x148  Code  Gb  g_Core.o [4]
Core_CalibStop           0x801'1ea5    0x9a  Code  Gb  g_Core.o [4]
Core_ControlMode         0x801'23cf    0x32  Code  Gb  g_Core.o [4]
Core_Init                0x801'1d6d   0x138  Code  Gb  g_Core.o [4]
Core_MENU_Display        0x800'9659    0x88  Code  Gb  core_Menu.o [4]
Core_MenuInit            0x800'92c1   0x336  Code  Gb  core_Menu.o [4]
Core_MenuReadDcr         0x800'a6f1    0x6e  Code  Gb  core_Menu.o [4]
Core_MenuUpdate          0x800'960d    0x4c  Code  Gb  core_Menu.o [4]
Core_Protections18kHzUpdate
                         0x801'5d37    0x60  Code  Gb  core_Protections.o [4]
Core_Protections50HZUpdate
                         0x801'5d27    0x10  Code  Gb  core_Protections.o [4]
Core_ProtectionsClear    0x801'5d15    0x12  Code  Gb  core_Protections.o [4]
Core_ProtectionsEnable   0x801'5ce7    0x2e  Code  Gb  core_Protections.o [4]
Core_ProtectionsEnable::State
                        0x2000'2dd6     0x1  Data  Lc  core_Protections.o [4]
Core_ProtectionsInit     0x801'5ce1     0x6  Code  Gb  core_Protections.o [4]
Core_SetDeff             0x800'a81b    0xd4  Code  Gb  core_Menu.o [4]
Core_ValveDriveInit      0x801'5da5    0x96  Code  Gb  core_VlvDrvCtrl.o [4]
Core_ValveDriveMove      0x801'5e9f    0x94  Code  Gb  core_VlvDrvCtrl.o [4]
Core_ValveDriveStop      0x801'5e3b    0x34  Code  Gb  core_VlvDrvCtrl.o [4]
Core_ValveDriveUpdate    0x801'5e6f    0x30  Code  Gb  core_VlvDrvCtrl.o [4]
CyclicTimer              0x801'7ff8     0x8  Data  Gb  CMS58M.o [6]
D1CorePrescTable         0x801'7fcc    0x10  Data  Gb  system_stm32h7xx.o [8]
DAC_on_off              0x2000'0539     0x1  Data  Gb  peref.o [6]
DAC_tmp                 0x2000'2db4     0x4  Data  Gb  peref.o [6]
DAC_tmp_16              0x2000'2dd2     0x2  Data  Gb  peref.o [6]
DISPL_AddSymb            0x800'd64d    0x36  Code  Gb  peref_display.o [6]
DISPL_Update             0x800'd61f    0x2e  Code  Gb  peref_display.o [6]
DISPL_init               0x800'd5a5    0x3e  Code  Gb  peref_display.o [6]
DLCtoBytes               0x801'7fbc    0x10  Data  Lc  stm32h7xx_hal_fdcan.o [9]
DMA1_Stream1_IRQHandler
                         0x801'7d11     0xa  Code  Gb  stm32h7xx_it.o [2]
DMA1_Stream3_IRQHandler
                         0x801'7d1b     0xa  Code  Gb  stm32h7xx_it.o [2]
DMA_CalcBaseAndBitshift
                         0x800'6c8b    0xd2  Code  Lc  stm32h7xx_hal_dma.o [9]
DMA_CalcBaseAndBitshift{1}{2}::flagBitshiftOffset
                         0x801'8008     0x8  Data  Lc  stm32h7xx_hal_dma.o [9]
DMA_CalcDMAMUXChannelBaseAndMask
                         0x800'6e1b    0xac  Code  Lc  stm32h7xx_hal_dma.o [9]
DMA_CalcDMAMUXRequestGenBaseAndMask
                         0x800'6ec7    0x80  Code  Lc  stm32h7xx_hal_dma.o [9]
DMA_CheckFifoParam       0x800'6d81    0x9a  Code  Lc  stm32h7xx_hal_dma.o [9]
DMA_SetConfig            0x800'6a25   0x266  Code  Lc  stm32h7xx_hal_dma.o [9]
DateSeparator           0x2000'0537     0x1  Data  Gb  add_ValueConv.o [2]
DateToStr                0x800'ace3    0x3e  Code  Gb  add_ValueConv.o [2]
DebugMon_Handler         0x801'7d05     0x2  Code  Gb  stm32h7xx_it.o [2]
DecToStr                 0x800'abbf    0xde  Code  Gb  add_ValueConv.o [2]
DefineBit                0x800'a185    0x5c  Code  Gb  core_Menu.o [4]
DisplayOff               0x800'd6bf    0x34  Code  Gb  peref_display.o [6]
DisplayOn                0x800'd6f3    0xc4  Code  Gb  peref_display.o [6]
DisplayPutText           0x800'd7b7    0x60  Code  Gb  peref_display.o [6]
DisplayRestart           0x800'd683    0x3c  Code  Gb  peref_display.o [6]
DisplayStart             0x800'd8f7    0x2c  Code  Gb  peref_display.o [6]
DriveClose               0x801'61f9    0x92  Code  Gb  core_VlvDrvCtrl.o [4]
DriveOpen                0x801'628b    0x98  Code  Gb  core_VlvDrvCtrl.o [4]
DriveStop                0x801'61e9    0x10  Code  Gb  core_VlvDrvCtrl.o [4]
DynBreakMode             0x801'24e5    0xc0  Code  Lc  g_Core.o [4]
EditBin                  0x800'9e3b    0x1e  Code  Gb  core_Menu.o [4]
EditDate                 0x800'9ce9   0x152  Code  Gb  core_Menu.o [4]
EditDec                  0x800'99b5   0x186  Code  Gb  core_Menu.o [4]
EditParam                0x800'98b7    0xfe  Code  Gb  core_Menu.o [4]
EditStr                  0x800'9b3b    0xe0  Code  Gb  core_Menu.o [4]
EditTime                 0x800'9c1b    0xce  Code  Gb  core_Menu.o [4]
Eeprom1                 0x2000'2c48    0x34  Data  Gb  g_Core.o [4]
EnableEdit               0x800'a7e7    0x34  Code  Gb  core_Menu.o [4]
EncodeData               0x800'd8db    0x1c  Code  Gb  peref_display.o [6]
Error_Handler            0x801'0c65     0x4  Code  Gb  main.o [2]
FDCANStatus             0x2000'2c7c    0x2c  Data  Gb  peref.o [6]
FDCAN_CalcultateRamBlockAddresses
                         0x800'ebad   0x208  Code  Lc  stm32h7xx_hal_fdcan.o [9]
FDCAN_CopyMessageToRAM   0x800'edb5    0x9a  Code  Lc  stm32h7xx_hal_fdcan.o [9]
FM25V10_Init             0x800'b02d    0x3e  Code  Gb  stat_fm25v10.o [7]
FM25V10_ReadByte         0x800'b1d5    0x58  Code  Gb  stat_fm25v10.o [7]
FM25V10_ReadSN           0x800'b2a7    0x3e  Code  Gb  stat_fm25v10.o [7]
FM25V10_ReadStatus       0x800'b199    0x3c  Code  Gb  stat_fm25v10.o [7]
FM25V10_Update           0x800'b06b   0x12e  Code  Gb  stat_fm25v10.o [7]
FM25V10_WriteByte        0x800'b22d    0x4e  Code  Gb  stat_fm25v10.o [7]
FM25V10_WriteEnable      0x800'b27b    0x2c  Code  Gb  stat_fm25v10.o [7]
Flag                    0x2000'2dd7     0x1  Data  Gb  core_VlvDrvCtrl.o [4]
FloatPositive           0x2000'0535     0x1  Data  Gb  add_ValueConv.o [2]
FloatSeparator          0x2000'0534     0x1  Data  Gb  add_ValueConv.o [2]
GetActiveControls        0x801'5f33    0xf8  Code  Gb  core_VlvDrvCtrl.o [4]
HAL_ADCEx_EndOfSamplingCallback
                         0x801'5ccd     0x2  Code  Gb  stm32h7xx_hal_adc_ex.o [9]
HAL_ADCEx_InjectedConvCpltCallback
                         0x801'5cd1     0x2  Code  Gb  stm32h7xx_hal_adc_ex.o [9]
HAL_ADCEx_InjectedQueueOverflowCallback
                         0x801'5cdb     0x2  Code  Gb  stm32h7xx_hal_adc_ex.o [9]
HAL_ADCEx_LevelOutOfWindow2Callback
                         0x801'5cd5     0x2  Code  Gb  stm32h7xx_hal_adc_ex.o [9]
HAL_ADCEx_LevelOutOfWindow3Callback
                         0x801'5cd7     0x2  Code  Gb  stm32h7xx_hal_adc_ex.o [9]
HAL_ADCEx_MultiModeConfigChannel
                         0x801'45e7   0x148  Code  Gb  stm32h7xx_hal_adc_ex.o [9]
HAL_ADC_ConfigChannel    0x801'1595   0x4a6  Code  Gb  stm32h7xx_hal_adc.o [9]
HAL_ADC_ConvCpltCallback
                         0x801'5ccf     0x2  Code  Gb  stm32h7xx_hal_adc.o [9]
HAL_ADC_ConvHalfCpltCallback
                         0x801'5cdd     0x2  Code  Gb  stm32h7xx_hal_adc.o [9]
HAL_ADC_ErrorCallback    0x801'5cd9     0x2  Code  Gb  stm32h7xx_hal_adc.o [9]
HAL_ADC_IRQHandler       0x801'1275   0x31a  Code  Gb  stm32h7xx_hal_adc.o [9]
HAL_ADC_Init             0x801'0eaf   0x27e  Code  Gb  stm32h7xx_hal_adc.o [9]
HAL_ADC_LevelOutOfWindowCallback
                         0x801'5cd3     0x2  Code  Gb  stm32h7xx_hal_adc.o [9]
HAL_ADC_MspInit          0x800'f24b   0x268  Code  Gb  stm32h7xx_hal_msp.o [2]
HAL_ADC_Start_DMA        0x801'1139   0x112  Code  Gb  stm32h7xx_hal_adc.o [9]
HAL_DMA_Abort_IT         0x800'5b65   0x39e  Code  Gb  stm32h7xx_hal_dma.o [9]
HAL_DMA_IRQHandler       0x800'5f65   0xa7a  Code  Gb  stm32h7xx_hal_dma.o [9]
HAL_DMA_Init             0x800'517d   0x532  Code  Gb  stm32h7xx_hal_dma.o [9]
HAL_DMA_Start_IT         0x800'5719   0x3ea  Code  Gb  stm32h7xx_hal_dma.o [9]
HAL_FDCAN_AddMessageToTxBuffer
                         0x800'e8bf    0x8e  Code  Gb  stm32h7xx_hal_fdcan.o [9]
HAL_FDCAN_AddMessageToTxFifoQ
                         0x800'e837    0x88  Code  Gb  stm32h7xx_hal_fdcan.o [9]
HAL_FDCAN_EnableTxBufferRequest
                         0x800'e94d    0x24  Code  Gb  stm32h7xx_hal_fdcan.o [9]
HAL_FDCAN_GetProtocolStatus
                         0x800'eb5d    0x4c  Code  Gb  stm32h7xx_hal_fdcan.o [9]
HAL_FDCAN_GetRxMessage   0x800'e971   0x1e6  Code  Gb  stm32h7xx_hal_fdcan.o [9]
HAL_FDCAN_Init           0x800'e525   0x2d8  Code  Gb  stm32h7xx_hal_fdcan.o [9]
HAL_FDCAN_MspInit        0x800'f4b3    0xa2  Code  Gb  stm32h7xx_hal_msp.o [2]
HAL_FDCAN_Start          0x800'e801    0x36  Code  Gb  stm32h7xx_hal_fdcan.o [9]
HAL_GPIO_Init            0x800'c3c1   0x232  Code  Gb  stm32h7xx_hal_gpio.o [9]
HAL_GPIO_ReadPin         0x800'c5f3    0x16  Code  Gb  stm32h7xx_hal_gpio.o [9]
HAL_GPIO_TogglePin       0x800'c623    0x1a  Code  Gb  stm32h7xx_hal_gpio.o [9]
HAL_GPIO_WritePin        0x800'c609    0x1a  Code  Gb  stm32h7xx_hal_gpio.o [9]
HAL_GetREVID             0x801'0cc7     0xa  Code  Gb  stm32h7xx_hal.o [9]
HAL_GetTick              0x800'6fd1     0xc  Code  Gb  stm32h7xx_hal.o [9]
HAL_HRTIM_Init           0x801'4749   0x126  Code  Gb  stm32h7xx_hal_hrtim.o [9]
HAL_HRTIM_MspInit        0x800'f555    0x56  Code  Gb  stm32h7xx_hal_msp.o [2]
HAL_HRTIM_MspPostInit    0x800'f5ab    0x5e  Code  Gb  stm32h7xx_hal_msp.o [2]
HAL_HRTIM_SimplePWMStart
                         0x801'48b5    0x4e  Code  Gb  stm32h7xx_hal_hrtim.o [9]
HAL_HRTIM_TimeBaseConfig
                         0x801'486f    0x3c  Code  Gb  stm32h7xx_hal_hrtim.o [9]
HAL_HRTIM_WaveformCompareConfig
                         0x801'49a1   0x236  Code  Gb  stm32h7xx_hal_hrtim.o [9]
HAL_HRTIM_WaveformOutputConfig
                         0x801'4bd7    0x4a  Code  Gb  stm32h7xx_hal_hrtim.o [9]
HAL_HRTIM_WaveformTimerConfig
                         0x801'4909    0x98  Code  Gb  stm32h7xx_hal_hrtim.o [9]
HAL_IncTick              0x801'7da1    0x18  Code  Gb  stm32h7xx_hal.o [9]
HAL_Init                 0x801'0c69    0x5e  Code  Gb  stm32h7xx_hal.o [9]
HAL_InitTick             0x800'9111    0x58  Code  Gb  stm32h7xx_hal.o [9]
HAL_MspInit              0x800'f201    0x4a  Code  Gb  stm32h7xx_hal_msp.o [2]
HAL_NVIC_EnableIRQ       0x800'9287     0xe  Code  Gb  stm32h7xx_hal_cortex.o [9]
HAL_NVIC_SetPriority     0x800'9263    0x24  Code  Gb  stm32h7xx_hal_cortex.o [9]
HAL_NVIC_SetPriorityGrouping
                         0x800'9257     0xc  Code  Gb  stm32h7xx_hal_cortex.o [9]
HAL_PWREx_ConfigSupply   0x801'3e21    0x5c  Code  Gb  stm32h7xx_hal_pwr_ex.o [9]
HAL_PWR_EnableBkUpAccess
                         0x801'3e85     0xe  Code  Gb  stm32h7xx_hal_pwr.o [9]
HAL_RCCEx_GetD3PCLK1Freq
                         0x800'8195    0x1e  Code  Gb  stm32h7xx_hal_rcc_ex.o [9]
HAL_RCCEx_GetPLL1ClockFreq
                         0x800'864d   0x22c  Code  Gb  stm32h7xx_hal_rcc_ex.o [9]
HAL_RCCEx_GetPLL2ClockFreq
                         0x800'81b5   0x226  Code  Gb  stm32h7xx_hal_rcc_ex.o [9]
HAL_RCCEx_GetPLL3ClockFreq
                         0x800'83fd   0x226  Code  Gb  stm32h7xx_hal_rcc_ex.o [9]
HAL_RCCEx_GetPeriphCLKFreq
                         0x800'7b0d   0x688  Code  Gb  stm32h7xx_hal_rcc_ex.o [9]
HAL_RCCEx_PeriphCLKConfig
                         0x800'6fdd   0xb0c  Code  Gb  stm32h7xx_hal_rcc_ex.o [9]
HAL_RCC_ClockConfig      0x800'8b1d   0x306  Code  Gb  stm32h7xx_hal_rcc.o [9]
HAL_RCC_GetHCLKFreq      0x800'904b    0x3c  Code  Gb  stm32h7xx_hal_rcc.o [9]
HAL_RCC_GetPCLK1Freq     0x800'9087    0x1a  Code  Gb  stm32h7xx_hal_rcc.o [9]
HAL_RCC_GetPCLK2Freq     0x800'90a1    0x1a  Code  Gb  stm32h7xx_hal_rcc.o [9]
HAL_RCC_GetSysClockFreq
                         0x800'8e25   0x226  Code  Gb  stm32h7xx_hal_rcc.o [9]
HAL_RCC_OscConfig        0x801'3e99   0x73c  Code  Gb  stm32h7xx_hal_rcc.o [9]
HAL_RTC_GetDate          0x800'f08d    0x52  Code  Gb  stm32h7xx_hal_rtc.o [9]
HAL_RTC_GetTime          0x800'ef5b    0x66  Code  Gb  stm32h7xx_hal_rtc.o [9]
HAL_RTC_SetDate          0x800'efc1    0xcc  Code  Gb  stm32h7xx_hal_rtc.o [9]
HAL_RTC_SetTime          0x800'ee65    0xf6  Code  Gb  stm32h7xx_hal_rtc.o [9]
HAL_RTC_WaitForSynchro   0x800'f0df    0x34  Code  Gb  stm32h7xx_hal_rtc.o [9]
HAL_SPI_ErrorCallback    0x800'fb09     0x2  Code  Gb  stm32h7xx_hal_spi.o [9]
HAL_SPI_IRQHandler       0x800'd1c5   0x28c  Code  Gb  stm32h7xx_hal_spi.o [9]
HAL_SPI_Init             0x800'c675   0x182  Code  Gb  stm32h7xx_hal_spi.o [9]
HAL_SPI_MspInit          0x800'f609   0x17c  Code  Gb  stm32h7xx_hal_msp.o [2]
HAL_SPI_Receive          0x800'cab3   0x2c2  Code  Gb  stm32h7xx_hal_spi.o [9]
HAL_SPI_RxCpltCallback   0x800'fb0d     0x2  Code  Gb  stm32h7xx_hal_spi.o [9]
HAL_SPI_Transmit         0x800'c7f7   0x2bc  Code  Gb  stm32h7xx_hal_spi.o [9]
HAL_SPI_TransmitReceive
                         0x800'cd75   0x444  Code  Gb  stm32h7xx_hal_spi.o [9]
HAL_SPI_TxCpltCallback   0x800'fb0f     0x2  Code  Gb  stm32h7xx_hal_spi.o [9]
HAL_SPI_TxRxCpltCallback
                         0x800'fb0b     0x2  Code  Gb  stm32h7xx_hal_spi.o [9]
HAL_SYSCFG_DisableVREFBUF
                         0x801'0ce5    0x12  Code  Gb  stm32h7xx_hal.o [9]
HAL_SYSCFG_VREFBUF_HighImpedanceConfig
                         0x801'0cd1    0x14  Code  Gb  stm32h7xx_hal.o [9]
HAL_SYSTICK_Config       0x800'9295     0xc  Code  Gb  stm32h7xx_hal_cortex.o [9]
HAL_TIMEx_Break2Callback
                         0x801'6591     0x2  Code  Gb  stm32h7xx_hal_tim_ex.o [9]
HAL_TIMEx_BreakCallback
                         0x801'658f     0x2  Code  Gb  stm32h7xx_hal_tim_ex.o [9]
HAL_TIMEx_CommutCallback
                         0x801'6595     0x2  Code  Gb  stm32h7xx_hal_tim_ex.o [9]
HAL_TIMEx_ConfigBreakDeadTime
                         0x801'5229    0x94  Code  Gb  stm32h7xx_hal_tim_ex.o [9]
HAL_TIMEx_MasterConfigSynchronization
                         0x801'518b    0x9e  Code  Gb  stm32h7xx_hal_tim_ex.o [9]
HAL_TIMEx_PWMN_Start     0x801'5005    0xea  Code  Gb  stm32h7xx_hal_tim_ex.o [9]
HAL_TIMEx_PWMN_Stop      0x801'50fd    0x8e  Code  Gb  stm32h7xx_hal_tim_ex.o [9]
HAL_TIM_Base_Init        0x801'3101    0x7a  Code  Gb  stm32h7xx_hal_tim.o [9]
HAL_TIM_Base_MspInit     0x800'f785    0x66  Code  Gb  stm32h7xx_hal_msp.o [2]
HAL_TIM_Base_Start       0x801'317b    0x8c  Code  Gb  stm32h7xx_hal_tim.o [9]
HAL_TIM_Base_Start_IT    0x801'3207    0x98  Code  Gb  stm32h7xx_hal_tim.o [9]
HAL_TIM_ConfigClockSource
                         0x801'3893   0x112  Code  Gb  stm32h7xx_hal_tim.o [9]
HAL_TIM_IC_CaptureCallback
                         0x801'6587     0x2  Code  Gb  stm32h7xx_hal_tim.o [9]
HAL_TIM_IRQHandler       0x801'35a5   0x194  Code  Gb  stm32h7xx_hal_tim.o [9]
HAL_TIM_MspPostInit      0x800'f7eb    0x5e  Code  Gb  stm32h7xx_hal_msp.o [2]
HAL_TIM_OC_DelayElapsedCallback
                         0x801'6589     0x2  Code  Gb  stm32h7xx_hal_tim.o [9]
HAL_TIM_PWM_ConfigChannel
                         0x801'3739   0x15a  Code  Gb  stm32h7xx_hal_tim.o [9]
HAL_TIM_PWM_Init         0x801'32bd    0x7a  Code  Gb  stm32h7xx_hal_tim.o [9]
HAL_TIM_PWM_MspInit      0x801'6585     0x2  Code  Gb  stm32h7xx_hal_tim.o [9]
HAL_TIM_PWM_PulseFinishedCallback
                         0x801'658b     0x2  Code  Gb  stm32h7xx_hal_tim.o [9]
HAL_TIM_PWM_Start        0x801'3337   0x15e  Code  Gb  stm32h7xx_hal_tim.o [9]
HAL_TIM_PWM_Stop         0x801'3495    0xe8  Code  Gb  stm32h7xx_hal_tim.o [9]
HAL_TIM_PeriodElapsedCallback
                         0x801'658d     0x2  Code  Gb  stm32h7xx_hal_tim.o [9]
HAL_TIM_TriggerCallback
                         0x801'6593     0x2  Code  Gb  stm32h7xx_hal_tim.o [9]
HAL_UARTEx_DisableFifoMode
                         0x801'5b61    0x46  Code  Gb  stm32h7xx_hal_uart_ex.o [9]
HAL_UARTEx_SetRxFifoThreshold
                         0x801'5bfd    0x56  Code  Gb  stm32h7xx_hal_uart_ex.o [9]
HAL_UARTEx_SetTxFifoThreshold
                         0x801'5ba7    0x56  Code  Gb  stm32h7xx_hal_uart_ex.o [9]
HAL_UART_Init            0x801'52f9    0x7e  Code  Gb  stm32h7xx_hal_uart.o [9]
HAL_UART_MspInit         0x800'f849   0x250  Code  Gb  stm32h7xx_hal_msp.o [2]
HRTIM_ForceRegistersUpdate
                         0x801'4f81    0x82  Code  Lc  stm32h7xx_hal_hrtim.o [9]
HRTIM_MasterBase_Config
                         0x801'4c21    0x2a  Code  Lc  stm32h7xx_hal_hrtim.o [9]
HRTIM_MasterWaveform_Config
                         0x801'4c9d    0x5c  Code  Lc  stm32h7xx_hal_hrtim.o [9]
HRTIM_OutputConfig       0x801'4e91    0xf0  Code  Lc  stm32h7xx_hal_hrtim.o [9]
HRTIM_TimingUnitBase_Config
                         0x801'4c4b    0x52  Code  Lc  stm32h7xx_hal_hrtim.o [9]
HRTIM_TimingUnitWaveform_Config
                         0x801'4cf9   0x198  Code  Lc  stm32h7xx_hal_hrtim.o [9]
HardFault_Handler        0x801'7cfb     0x2  Code  Gb  stm32h7xx_it.o [2]
IDC                     0x2000'2d58     0x4  Data  Gb  g_Core.o [4]
Icons                   0x2000'04bc    0x24  Data  Gb  peref.o [6]
InStream_Read            0x801'782d    0x20  Code  Lc  lz77_init.o [12]
InStream_StepRegion      0x801'7819    0x14  Code  Lc  lz77_init.o [12]
InterruptUpdate          0x801'761d   0x1fc  Code  Gb  g_InterruptUpdate.o [5]
InvCtrlTimer            0x2000'2d50     0x4  Data  Gb  g_Core.o [4]
LL_ADC_DisableDeepPowerDown
                         0x801'0e43     0xc  Code  Lc  stm32h7xx_hal_adc.o [9]
LL_ADC_Enable            0x801'0e73    0x10  Code  Lc  stm32h7xx_hal_adc.o [9]
LL_ADC_EnableInternalRegulator
                         0x801'0e59    0x10  Code  Lc  stm32h7xx_hal_adc.o [9]
LL_ADC_GetCommonPathInternalCh
                         0x801'0d29     0x8  Code  Lc  stm32h7xx_hal_adc.o [9]
LL_ADC_GetMultiDMATransfer
                         0x801'0e3b     0x8  Code  Lc  stm32h7xx_hal_adc.o [9]
LL_ADC_GetMultimode      0x801'0e33     0x8  Code  Lc  stm32h7xx_hal_adc.o [9]
LL_ADC_INJ_IsConversionOngoing
                         0x801'0ea5     0xa  Code  Lc  stm32h7xx_hal_adc.o [9]
LL_ADC_INJ_IsTriggerSourceSWStart
                         0x801'0dc9    0x10  Code  Lc  stm32h7xx_hal_adc.o [9]
LL_ADC_IsDeepPowerDownEnabled
                         0x801'0e4f     0xa  Code  Lc  stm32h7xx_hal_adc.o [9]
LL_ADC_IsEnabled         0x801'0e83     0x8  Code  Lc  stm32h7xx_hal_adc.o [9]
LL_ADC_IsEnabled         0x801'45d5     0x8  Code  Lc  stm32h7xx_hal_adc_ex.o [9]
LL_ADC_IsInternalRegulatorEnabled
                         0x801'0e69     0xa  Code  Lc  stm32h7xx_hal_adc.o [9]
LL_ADC_REG_IsConversionOngoing
                         0x801'0e9b     0xa  Code  Lc  stm32h7xx_hal_adc.o [9]
LL_ADC_REG_IsConversionOngoing
                         0x801'45dd     0xa  Code  Lc  stm32h7xx_hal_adc_ex.o [9]
LL_ADC_REG_IsTriggerSourceSWStart
                         0x801'0d7f    0x10  Code  Lc  stm32h7xx_hal_adc.o [9]
LL_ADC_REG_SetDataTransferMode
                         0x801'0dbd     0xc  Code  Lc  stm32h7xx_hal_adc.o [9]
LL_ADC_REG_SetSequencerRanks
                         0x801'0d8f    0x2e  Code  Lc  stm32h7xx_hal_adc.o [9]
LL_ADC_REG_StartConversion
                         0x801'0e8b    0x10  Code  Lc  stm32h7xx_hal_adc.o [9]
LL_ADC_SetChannelSamplingTime
                         0x801'0dd9    0x34  Code  Lc  stm32h7xx_hal_adc.o [9]
LL_ADC_SetChannelSingleDiff
                         0x801'0e0d    0x26  Code  Lc  stm32h7xx_hal_adc.o [9]
LL_ADC_SetCommonClock    0x801'0d11     0xc  Code  Lc  stm32h7xx_hal_adc.o [9]
LL_ADC_SetCommonPathInternalCh
                         0x801'0d1d     0xc  Code  Lc  stm32h7xx_hal_adc.o [9]
LL_ADC_SetDataRightShift
                         0x801'0d4f    0x18  Code  Lc  stm32h7xx_hal_adc.o [9]
LL_ADC_SetOffset         0x801'0d31    0x1e  Code  Lc  stm32h7xx_hal_adc.o [9]
LL_ADC_SetOffsetSignedSaturation
                         0x801'0d67    0x18  Code  Lc  stm32h7xx_hal_adc.o [9]
LogInputCalc             0x800'bd51   0x12c  Code  Gb  peref.o [6]
MCP23S17_init            0x800'c0bd    0x14  Code  Gb  peref.o [6]
MCP23S17_read            0x800'c069    0x4a  Code  Gb  peref.o [6]
MCP23S17_update          0x800'c0d1    0x1a  Code  Gb  peref.o [6]
MCP23S17_write           0x800'c02d    0x3c  Code  Gb  peref.o [6]
MX_ADC1_Init             0x800'fde5   0x18a  Code  Lc  main.o [2]
MX_ADC3_Init             0x800'ff6f   0x12a  Code  Lc  main.o [2]
MX_DMA_Init              0x801'090d    0x3c  Code  Lc  main.o [2]
MX_FDCAN2_Init           0x801'0099    0xf6  Code  Lc  main.o [2]
MX_GPIO_Init             0x801'097d   0x250  Code  Lc  main.o [2]
MX_HRTIM_Init            0x801'018f   0x14c  Code  Lc  main.o [2]
MX_SPI1_Init             0x801'02db    0xce  Code  Lc  main.o [2]
MX_SPI6_Init             0x801'03a9    0xd0  Code  Lc  main.o [2]
MX_TIM1_Init             0x801'0479   0x16e  Code  Lc  main.o [2]
MX_TIM2_Init             0x801'05e7    0x84  Code  Lc  main.o [2]
MX_UART4_Init            0x801'066b    0xa4  Code  Lc  main.o [2]
MX_UART5_Init            0x801'070f    0xa4  Code  Lc  main.o [2]
MX_UART8_Init            0x801'07b3    0xa4  Code  Lc  main.o [2]
MX_USART3_UART_Init      0x801'0865    0x9e  Code  Lc  main.o [2]
MemManage_Handler        0x801'7cfd     0x2  Code  Gb  stm32h7xx_it.o [2]
ModBusTimings            0x801'7b27    0x72  Code  Gb  comm_ModbusRtu.o [3]
ModFault                0x2000'0504     0x4  Data  Gb  g_Core.o [4]
ModuleTemper            0x2000'2d54     0x4  Data  Gb  g_Core.o [4]
MoveMode                 0x801'2427    0xbe  Code  Lc  g_Core.o [4]
MpuControl               0x801'6071    0x78  Code  Gb  core_VlvDrvCtrl.o [4]
NMI_Handler              0x801'7cf9     0x2  Code  Gb  stm32h7xx_it.o [2]
NVIC_EncodePriority      0x800'91e5    0x42  Code  Lc  stm32h7xx_hal_cortex.o [9]
NewFrameEvent            0x801'7a27    0x2a  Code  Gb  comm_ModbusRtu.o [3]
OutStream_Write          0x801'784d    0x46  Code  Lc  lz77_init.o [12]
OutVolt                 0x2000'2d4c     0x4  Data  Gb  g_Core.o [4]
PFUNC_blkRead            0x800'ad6d    0x1e  Code  Gb  add_ValueConv.o [2]
PFUNC_wordRead           0x800'ad8b     0x4  Code  Gb  add_ValueConv.o [2]
PWMPreScale             0x2000'04f8     0x4  Data  Gb  g_Core.o [4]
PWM_keys_disable         0x801'2b6b    0x40  Code  Gb  g_Core.o [4]
PWM_keys_enable          0x801'2bab    0x40  Code  Gb  g_Core.o [4]
PendSV_Handler           0x801'7d07     0x2  Code  Gb  stm32h7xx_it.o [2]
Peref_CalibInit          0x800'e079    0x88  Code  Gb  peref_Calibs.o [6]
Peref_CalibUpdate        0x800'e22d   0x1b2  Code  Gb  peref_Calibs.o [6]
Peref_Calibration        0x800'e12d   0x100  Code  Gb  peref_Calibs.o [6]
Peref_SensObserverInit   0x800'd9b9    0x48  Code  Gb  peref_SensObserver.o [6]
Peref_SensObserverUpdate
                         0x800'da01   0x232  Code  Gb  peref_SensObserver.o [6]
Peref_SinObserverInitFloat
                         0x800'dc81    0x10  Code  Gb  peref_SinObserver.o [6]
Peref_SinObserverUpdateFloat
                         0x800'dc91    0xa0  Code  Gb  peref_SinObserver.o [6]
Peref_SpeedCalc          0x800'e46b    0x78  Code  Gb  peref_Calibs.o [6]
Peref_SpeedCalc::RevPrev
                        0x2000'0524     0x4  Data  Lc  peref_Calibs.o [6]
Peref_SpeedCalc::Timer  0x2000'2dc4     0x4  Data  Lc  peref_Calibs.o [6]
PeriphCommonClock_Config
                         0x800'fd97    0x4e  Code  Gb  main.o [2]
PostambleEvent           0x801'7a5b    0x3e  Code  Gb  comm_ModbusRtu.o [3]
PreambleEvent            0x801'7a51     0xa  Code  Gb  comm_ModbusRtu.o [3]
PutChar                  0x800'd601    0x1e  Code  Gb  peref_display.o [6]
PutComm                  0x800'd5e3    0x1e  Code  Gb  peref_display.o [6]
PutData                  0x800'd891    0x4a  Code  Lc  peref_display.o [6]
PwmDeltat               0x2000'2d44     0x4  Data  Gb  g_Core.o [4]
PwmFreq                 0x2000'2d40     0x4  Data  Gb  g_Core.o [4]
RCCEx_PLL2_Config        0x800'8889   0x130  Code  Lc  stm32h7xx_hal_rcc_ex.o [9]
RCCEx_PLL3_Config        0x800'89c1   0x130  Code  Lc  stm32h7xx_hal_rcc_ex.o [9]
RTC_Bcd2ToByte           0x800'f1e9    0x16  Code  Gb  stm32h7xx_hal_rtc.o [9]
RTC_ByteToBcd2           0x800'f1cd    0x1c  Code  Gb  stm32h7xx_hal_rtc.o [9]
RTC_DefMaxDay            0x800'addb    0x3e  Code  Gb  peref_Clock.o [6]
RTC_EnterInitMode        0x800'f113    0x44  Code  Gb  stm32h7xx_hal_rtc.o [9]
RTC_ExitInitMode         0x800'f157    0x62  Code  Gb  stm32h7xx_hal_rtc.o [9]
ReWriteParams            0x800'afeb     0x2  Code  Gb  g_Ram.o [5]
ReadDcrFull              0x800'a6b3    0x3e  Code  Lc  core_Menu.o [4]
ReadWriteAllParams       0x800'aa05    0x9a  Code  Gb  core_Menu.o [4]
ReadWriteEeprom          0x800'aedb    0x2e  Code  Gb  stat.o [7]
RefreshParams            0x800'afed    0x26  Code  Gb  g_Ram.o [5]
Region$$Table$$Base      0x801'7f28           --   Gb  - Linker created -
Region$$Table$$Limit     0x801'7f54           --   Gb  - Linker created -
RtcControl               0x800'be7d   0x140  Code  Gb  peref.o [6]
RtcControl::PrevDate    0x2000'2dbc     0x4  Data  Lc  peref.o [6]
RtcControl::PrevTime    0x2000'2db8     0x4  Data  Lc  peref.o [6]
RtcStart                0x2000'2dd8     0x1  Data  Gb  peref.o [6]
RtcUpdateFlag           0x2000'2d98     0x4  Data  Gb  peref.o [6]
RxHeader                0x2000'2ca8    0x28  Data  Gb  CMS58M.o [6]
SPI1_IRQHandler          0x801'7d5d     0xa  Code  Gb  stm32h7xx_it.o [2]
SPI6_IRQHandler          0x801'7d67     0xa  Code  Gb  stm32h7xx_it.o [2]
SPI_CloseTransfer        0x800'd471    0xce  Code  Lc  stm32h7xx_hal_spi.o [9]
SPI_DMAAbortOnError      0x800'd451    0x20  Code  Lc  stm32h7xx_hal_spi.o [9]
SPI_GetPacketSize        0x800'd58d    0x16  Code  Lc  stm32h7xx_hal_spi.o [9]
SPI_WaitOnFlagUntilTimeout
                         0x800'd549    0x44  Code  Lc  stm32h7xx_hal_spi.o [9]
SVC_Handler              0x801'7d03     0x2  Code  Gb  stm32h7xx_it.o [2]
SelectGroup              0x800'9779    0xe0  Code  Gb  core_Menu.o [4]
SelectParam              0x800'9859    0x5e  Code  Gb  core_Menu.o [4]
SendData                 0x800'd817    0x78  Code  Lc  peref_display.o [6]
SerialCommTimings        0x801'7fed     0xc  Code  Gb  comm_SerialComm.o [3]
SetDefaultValues         0x800'a8ef   0x114  Code  Gb  core_Menu.o [4]
SetDefaultValues::DefAddr
                        0x2000'2d38     0x4  Data  Lc  core_Menu.o [4]
SetModBusParams          0x800'aa9f    0x52  Code  Gb  core_Menu.o [4]
ShowGroup                0x800'a02f   0x138  Code  Lc  core_Menu.o [4]
ShowParam                0x800'a599    0x38  Code  Lc  core_Menu.o [4]
ShowStart                0x800'9fed    0x42  Code  Gb  core_Menu.o [4]
ShowValue                0x800'a1e1   0x3b8  Code  Lc  core_Menu.o [4]
SleepMode                0x800'96e1    0x5a  Code  Gb  core_Menu.o [4]
SpeedEnable             0x2000'2d64     0x4  Data  Gb  g_Core.o [4]
SpeedMax                0x2000'2d60     0x4  Data  Gb  g_Core.o [4]
SpeedRef                0x2000'2d48     0x4  Data  Gb  g_Core.o [4]
StartDispl               0x800'a5d1    0x44  Code  Gb  core_Menu.o [4]
StartMode                0x801'241b     0xc  Code  Lc  g_Core.o [4]
StartPowerControl        0x801'22c5   0x10a  Code  Gb  g_Core.o [4]
StartState               0x800'973b    0x3e  Code  Gb  core_Menu.o [4]
StartTimer              0x2000'0500     0x4  Data  Gb  g_Core.o [4]
Stat_Init                0x800'aed7     0x4  Code  Gb  stat.o [7]
StopMode                 0x801'2401    0x1a  Code  Lc  g_Core.o [4]
StopPowerControl         0x801'2255    0x70  Code  Gb  g_Core.o [4]
StrToDec                 0x800'ad21    0x3a  Code  Gb  add_ValueConv.o [2]
Symbols                 0x2000'0384    0x70  Data  Lc  peref_display.o [6]
SysTick_Config           0x800'9227    0x30  Code  Lc  stm32h7xx_hal_cortex.o [9]
SysTick_Handler          0x801'7d09     0x8  Code  Gb  stm32h7xx_it.o [2]
SystemClock_Config       0x800'fc87   0x110  Code  Gb  main.o [2]
SystemCoreClock         0x2000'052c     0x4  Data  Gb  system_stm32h7xx.o [8]
SystemD2Clock           0x2000'0530     0x4  Data  Gb  system_stm32h7xx.o [8]
SystemInit               0x801'7bbd    0xdc  Code  Gb  system_stm32h7xx.o [8]
TIM2_IRQHandler          0x801'7d2f    0x2e  Code  Gb  stm32h7xx_it.o [2]
TIM_Base_SetConfig       0x801'39a7    0xca  Code  Gb  stm32h7xx_hal_tim.o [9]
TIM_CCxChannelCmd        0x801'3dfb    0x24  Code  Gb  stm32h7xx_hal_tim.o [9]
TIM_CCxNChannelCmd       0x801'52d5    0x24  Code  Lc  stm32h7xx_hal_tim_ex.o [9]
TIM_ETR_SetConfig        0x801'3de5    0x16  Code  Gb  stm32h7xx_hal_tim.o [9]
TIM_ITRx_SetConfig       0x801'3d9b    0x10  Code  Lc  stm32h7xx_hal_tim.o [9]
TIM_OC1_SetConfig        0x801'3a71    0xa0  Code  Lc  stm32h7xx_hal_tim.o [9]
TIM_OC2_SetConfig        0x801'3b11    0x92  Code  Gb  stm32h7xx_hal_tim.o [9]
TIM_OC3_SetConfig        0x801'3ba5    0x8e  Code  Lc  stm32h7xx_hal_tim.o [9]
TIM_OC4_SetConfig        0x801'3c33    0x68  Code  Lc  stm32h7xx_hal_tim.o [9]
TIM_OC5_SetConfig        0x801'3c9b    0x58  Code  Lc  stm32h7xx_hal_tim.o [9]
TIM_OC6_SetConfig        0x801'3cf3    0x5a  Code  Lc  stm32h7xx_hal_tim.o [9]
TIM_TI1_ConfigInputStage
                         0x801'3d51    0x24  Code  Lc  stm32h7xx_hal_tim.o [9]
TIM_TI2_ConfigInputStage
                         0x801'3d75    0x26  Code  Lc  stm32h7xx_hal_tim.o [9]
Task10Hz                0x2000'0300    0x84  Data  Gb  g_InterruptUpdate.o [5]
Task18kHz               0x2000'0498    0x24  Data  Gb  g_InterruptUpdate.o [5]
Task200Hz               0x2000'0468    0x30  Data  Gb  g_InterruptUpdate.o [5]
Task2kHz                0x2000'0438    0x30  Data  Gb  g_InterruptUpdate.o [5]
Task50Hz                0x2000'0210    0xf0  Data  Gb  g_InterruptUpdate.o [5]
TeleControl              0x801'60e9    0xa8  Code  Gb  core_VlvDrvCtrl.o [4]
TestCount               0x2000'2d2c     0x4  Data  Gb  comm_ModbusRtu.o [3]
TimeSeparator           0x2000'0536     0x1  Data  Gb  add_ValueConv.o [2]
TimeToStr                0x800'acbb    0x28  Code  Gb  add_ValueConv.o [2]
TimerIdxToTimerId       0x2000'04e0    0x18  Data  Lc  stm32h7xx_hal_hrtim.o [9]
TimerInterp             0x2000'2d68     0x4  Data  Gb  g_Core.o [4]
TimerPending             0x801'7ba1    0x1c  Code  Gb  comm_ModbusRtu.o [3]
TxHeader                0x2000'2cd0    0x24  Data  Gb  CMS58M.o [6]
UARTEx_SetNbDataToProcess
                         0x801'5c53    0x72  Code  Lc  stm32h7xx_hal_uart_ex.o [9]
UARTEx_SetNbDataToProcess::denominator
                         0x801'8018     0x8  Data  Lc  stm32h7xx_hal_uart_ex.o [9]
UARTEx_SetNbDataToProcess::numerator
                         0x801'8010     0x8  Data  Lc  stm32h7xx_hal_uart_ex.o [9]
UARTPrescTable           0x801'7fa4    0x18  Data  Gb  stm32h7xx_hal_uart.o [9]
UART_AdvFeatureConfig    0x801'5917    0xda  Code  Gb  stm32h7xx_hal_uart.o [9]
UART_CheckIdleState      0x801'59f1    0x72  Code  Gb  stm32h7xx_hal_uart.o [9]
UART_SetConfig           0x801'5377   0x59e  Code  Gb  stm32h7xx_hal_uart.o [9]
UART_WaitOnFlagUntilTimeout
                         0x801'5a63    0xba  Code  Gb  stm32h7xx_hal_uart.o [9]
UnitControl              0x801'6191    0x58  Code  Gb  core_VlvDrvCtrl.o [4]
UpdateCode               0x800'a615    0x9e  Code  Gb  core_Menu.o [4]
UpdateComm               0x801'6323    0x30  Code  Gb  core_VlvDrvCtrl.o [4]
UsageFault_Handler       0x801'7d01     0x2  Code  Gb  stm32h7xx_it.o [2]
WINSTAR_RusTable        0x2000'03f4    0x44  Data  Lc  peref_display.o [6]
WriteValue               0x800'a75f    0x88  Code  Gb  core_Menu.o [4]
__NVIC_EnableIRQ         0x800'9199    0x20  Code  Lc  stm32h7xx_hal_cortex.o [9]
__NVIC_GetPriorityGrouping
                         0x800'918b     0xc  Code  Lc  stm32h7xx_hal_cortex.o [9]
__NVIC_SetPriority       0x800'91b9    0x2c  Code  Lc  stm32h7xx_hal_cortex.o [9]
__NVIC_SetPriorityGrouping
                         0x800'9169    0x22  Code  Lc  stm32h7xx_hal_cortex.o [9]
__aeabi_ldiv0            0x801'67c9          Code  Gb  I64DivZer.o [12]
__aeabi_memcpy           0x800'ae31          Code  Gb  ABImemcpy.o [12]
__aeabi_memcpy4          0x800'ae51          Code  Gb  ABImemcpy.o [12]
__aeabi_memcpy8          0x800'ae51          Code  Gb  ABImemcpy.o [12]
__aeabi_memset           0x800'ab35          Code  Gb  ABImemset.o [12]
__aeabi_uldivmod         0x801'6599          Code  Gb  I64DivMod.o [12]
__cmain                  0x801'7f55          Code  Gb  cmain.o [12]
__exit                   0x801'7a11    0x14  Code  Gb  exit.o [13]
__iar_Memset             0x800'ab35          Code  Gb  ABImemset.o [12]
__iar_Memset_word        0x800'ab3d          Code  Gb  ABImemset.o [12]
__iar_Sin32              0x801'63b1   0x18c  Code  Lc  cos_sin32.o [11]
__iar_Strchr             0x800'ae19          Code  Gb  strchr.o [12]
__iar_cos32              0x801'657d     0x4  Code  Gb  cos_sin32.o [11]
__iar_cos_medium32       0x801'657d     0x4  Code  Gb  cos_sin32.o [11]
__iar_cos_mediumf        0x801'657d     0x4  Code  Gb  cos_sin32.o [11]
__iar_data_init3         0x801'7edd    0x28  Code  Gb  data_init.o [12]
__iar_fmax64             0x801'6381          Code  Gb  fmax.o [11]
__iar_fmin64             0x801'6355          Code  Gb  fmin.o [11]
__iar_init_vfp           0x801'7f05          Code  Gb  fpinit_M.o [11]
__iar_lz77_init3         0x801'7893   0x176  Code  Gb  lz77_init.o [12]
__iar_program_start      0x801'7f89          Code  Gb  cstartup_M.o [12]
__iar_sin32              0x801'6581     0x4  Code  Gb  cos_sin32.o [11]
__iar_sin_medium32       0x801'6581     0x4  Code  Gb  cos_sin32.o [11]
__iar_sin_mediumf        0x801'6581     0x4  Code  Gb  cos_sin32.o [11]
__iar_sqrt32             0x800'fb31          Code  Gb  sqrtf.o [11]
__iar_sqrt64             0x800'fb11          Code  Gb  sqrt.o [11]
__iar_zero_init3         0x801'7ea5    0x38  Code  Gb  zero_init3.o [12]
__low_level_init         0x801'7f73     0x4  Code  Gb  low_level_init.o [10]
__vector_table           0x800'0000          Data  Gb  startup_stm32h743xx.o [1]
_call_main               0x801'7f61          Code  Gb  cmain.o [12]
_exit                    0x801'7f7d          Code  Gb  cexit.o [12]
a                       0x2000'2d34     0x4  Data  Gb  core_Menu.o [4]
abort                    0x801'7a09     0x6  Code  Gb  abort.o [10]
abs                      0x800'ee5d     0x8  Code  Gb  abs.o [10]
addr1                   0x2000'2d6c     0x4  Data  Gb  g_Core.o [4]
addrtmp                 0x2000'2d3c     0x4  Data  Gb  core_Menu.o [4]
addrtmp2                0x2000'2d30     0x4  Data  Gb  core_Menu.o [4]
btnClose                0x2000'2da0     0x4  Data  Gb  peref.o [6]
btnOpen                 0x2000'2d9c     0x4  Data  Gb  peref.o [6]
btnProg1                0x2000'2dac     0x4  Data  Gb  peref.o [6]
btnProg2                0x2000'2db0     0x4  Data  Gb  peref.o [6]
btnStop1                0x2000'2da4     0x4  Data  Gb  peref.o [6]
btnStop2                0x2000'2da8     0x4  Data  Gb  peref.o [6]
core10HZupdate           0x801'2d0d    0x2a  Code  Gb  g_Core.o [4]
core18kHZupdate          0x801'2095   0x1c0  Code  Gb  g_Core.o [4]
core200HZupdate          0x801'2beb     0x2  Code  Gb  g_Core.o [4]
core50HZupdate           0x801'2bed    0x3c  Code  Gb  g_Core.o [4]
coreTLocalControl        0x801'2eb9   0x1f6  Code  Gb  g_Core.o [4]
coreTLocalControl::prevHalls
                        0x2000'2d74     0x4  Data  Lc  g_Core.o [4]
coreTLocalControl::readyForNewCmd
                        0x2000'0538     0x1  Data  Lc  g_Core.o [4]
coreTS                   0x801'2d95    0xf0  Code  Gb  g_Core.o [4]
coreTU                   0x801'2d41    0x30  Code  Gb  g_Core.o [4]
corr                    0x2000'04fc     0x4  Data  Gb  g_Core.o [4]
cosf                     0x801'657d     0x4  Code  Gb  cos_sin32.o [11]
count1                  0x2000'2d70     0x4  Data  Gb  g_Core.o [4]
count18kHz              0x2000'2d78     0x4  Data  Gb  g_InterruptUpdate.o [5]
count200Hz              0x2000'2d80     0x4  Data  Gb  g_InterruptUpdate.o [5]
count2kHz               0x2000'2d7c     0x4  Data  Gb  g_InterruptUpdate.o [5]
count50Hz               0x2000'2d84     0x4  Data  Gb  g_InterruptUpdate.o [5]
dotsADC                 0x2000'0000   0x108  Data  Gb  peref.o [6]
dotsDAC                 0x2000'0108   0x108  Data  Gb  peref.o [6]
exit                     0x801'7f77     0x4  Code  Gb  exit.o [10]
fmax                     0x801'6381          Code  Gb  fmax.o [11]
fmaxl                    0x801'6381          Code  Gb  fmax.o [11]
fmin                     0x801'6355          Code  Gb  fmin.o [11]
fminl                    0x801'6355          Code  Gb  fmin.o [11]
g_Comm                  0x2000'15f8   0x728  Data  Gb  comm.o [3]
g_Core                  0x2000'1d88   0x530  Data  Gb  g_Core.o [4]
g_Peref                 0x2000'0e10   0x7e8  Data  Gb  peref.o [6]
g_Ram                   0x2000'053c   0x8d4  Data  Gb  g_Ram.o [5]
g_Ram_Init               0x800'af09    0x30  Code  Gb  g_Ram.o [5]
g_Ram_Update             0x800'af39    0xb2  Code  Gb  g_Ram.o [5]
g_Stat                  0x2000'25ac    0xc0  Data  Gb  stat.o [7]
groups                   0x801'7db8    0xa0  Data  Gb  core_Menu.o [4]
hadc1                   0x2000'1d20    0x64  Data  Gb  main.o [2]
hadc3                   0x2000'2b4c    0x64  Data  Gb  main.o [2]
hdma_adc1               0x2000'2a5c    0x78  Data  Gb  main.o [2]
hdma_adc3               0x2000'2ad4    0x78  Data  Gb  main.o [2]
hfdcan2                 0x2000'266c    0xa0  Data  Gb  main.o [2]
hhrtim                  0x2000'24d0    0xdc  Data  Gb  main.o [2]
hrtc                    0x2000'2cf4    0x24  Data  Gb  main.o [2]
hspi1                   0x2000'294c    0x88  Data  Gb  main.o [2]
hspi6                   0x2000'29d4    0x88  Data  Gb  main.o [2]
htim1                   0x2000'2bb0    0x4c  Data  Gb  main.o [2]
htim2                   0x2000'2bfc    0x4c  Data  Gb  main.o [2]
huart3                  0x2000'28bc    0x90  Data  Gb  main.o [2]
huart4                  0x2000'270c    0x90  Data  Gb  main.o [2]
huart5                  0x2000'279c    0x90  Data  Gb  main.o [2]
huart8                  0x2000'282c    0x90  Data  Gb  main.o [2]
ileg_fq_calc             0x800'dd31    0xb4  Code  Gb  peref_SinObserver.o [6]
interp2D_calc            0x801'29a5    0xc6  Code  Gb  g_Core.o [4]
ipark_calc               0x801'2a6d    0x6a  Code  Gb  g_Core.o [4]
main                     0x800'fb51   0x136  Code  Gb  main.o [2]
menu                    0x2000'22b8   0x218  Data  Gb  core_Menu.o [4]
pADS1118_ConfRegData    0x2000'2dd0     0x2  Data  Gb  peref.o [6]
p_Controller             0x801'2c41    0xc0  Code  Gb  g_Core.o [4]
params                   0x800'0298  0x4ee4  Data  Gb  core_Menu.o [4]
park_calc                0x801'2aed    0x7e  Code  Gb  g_Core.o [4]
peref_10HzCalc           0x800'ba6b   0x2d0  Code  Gb  peref.o [6]
peref_18KHzCalc          0x800'b88f    0xde  Code  Gb  peref.o [6]
peref_200HzCalc          0x800'b96f    0x34  Code  Gb  peref.o [6]
peref_2KHzCalc           0x800'b96d     0x2  Code  Gb  peref.o [6]
peref_50HzCalc           0x800'b9a3    0xc8  Code  Gb  peref.o [6]
peref_74HC595D           0x800'bfc1    0x6c  Code  Gb  peref.o [6]
peref_ADCDACtoPRCObserverUpdate
                         0x800'c215   0x108  Code  Gb  peref.o [6]
peref_ADCDACtoPRCObserverUpdate::i
                        0x2000'2dc0     0x4  Data  Lc  peref.o [6]
peref_ADCtoPRCObserverInit
                         0x800'b813    0x3e  Code  Gb  peref.o [6]
peref_ApFilter1Calc      0x800'd997    0x22  Code  Gb  peref_ApFilter1.o [6]
peref_ApFilter1Init      0x800'd945    0x52  Code  Gb  peref_ApFilter1.o [6]
peref_Init               0x800'b2f1   0x522  Code  Gb  peref.o [6]
peref_ProctoDACObserverInit
                         0x800'b851    0x3e  Code  Gb  peref.o [6]
pwm_calc                 0x801'2795    0xea  Code  Gb  g_Core.o [4]
rampgen_calc             0x801'287f    0xc6  Code  Gb  g_Core.o [4]
sinf                     0x801'6581     0x4  Code  Gb  cos_sin32.o [11]
speedstart              0x2000'2d5c     0x4  Data  Gb  g_Core.o [4]
sqrt                     0x800'fb11          Code  Gb  sqrt.o [11]
sqrtf                    0x800'fb31          Code  Gb  sqrtf.o [11]
sqrtl                    0x800'fb11          Code  Gb  sqrt.o [11]
strchr                   0x800'ae19          Code  Gb  strchr.o [12]
strcmp                   0x800'adc9          Code  Gb  strcmp.o [12]
strcpy                   0x800'ab1d          Code  Gb  strcpy.o [12]
strlen                   0x800'ad91          Code  Gb  strlen.o [12]
svgendq3ph_calc          0x801'25b1   0x1c6  Code  Gb  g_Core.o [4]
testPreamble            0x2000'2d28     0x4  Data  Gb  comm_ModbusRtu.o [3]
tmpdata                 0x2000'2d18     0x8  Data  Gb  g_Core.o [4]
tmpdata2                0x2000'2d20     0x8  Data  Gb  g_Core.o [4]
tskCnt10Hz              0x2000'2d94     0x4  Data  Gb  g_InterruptUpdate.o [5]
tskCnt200Hz             0x2000'2d8c     0x4  Data  Gb  g_InterruptUpdate.o [5]
tskCnt2kHz              0x2000'2d88     0x4  Data  Gb  g_InterruptUpdate.o [5]
tskCnt50Hz              0x2000'2d90     0x4  Data  Gb  g_InterruptUpdate.o [5]
tskMaxCnt10Hz           0x2000'0518     0x4  Data  Gb  g_InterruptUpdate.o [5]
tskMaxCnt18kHz          0x2000'0508     0x4  Data  Gb  g_InterruptUpdate.o [5]
tskMaxCnt200Hz          0x2000'0510     0x4  Data  Gb  g_InterruptUpdate.o [5]
tskMaxCnt2kHz           0x2000'050c     0x4  Data  Gb  g_InterruptUpdate.o [5]
tskMaxCnt50Hz           0x2000'0514     0x4  Data  Gb  g_InterruptUpdate.o [5]
txReadSdo                0x800'dfcb    0x8e  Code  Gb  CMS58M.o [6]
txWriteNmt               0x800'de9b    0x60  Code  Gb  CMS58M.o [6]
txWriteSdo               0x800'defb    0xd0  Code  Gb  CMS58M.o [6]
uwTick                  0x2000'2dc8     0x4  Data  Gb  stm32h7xx_hal.o [9]
uwTickFreq              0x2000'053a     0x1  Data  Gb  stm32h7xx_hal.o [9]
uwTickPrio              0x2000'0528     0x4  Data  Gb  stm32h7xx_hal.o [9]
values                   0x801'67cc   0xe50  Data  Gb  core_Menu.o [4]


[1] = D:\WorkOther\EBU6\EWARM\EBU6\Obj\Application\EWARM
[2] = D:\WorkOther\EBU6\EWARM\EBU6\Obj\Application\User\Core
[3] = D:\WorkOther\EBU6\EWARM\EBU6\Obj\Application\User\Core\Comm
[4] = D:\WorkOther\EBU6\EWARM\EBU6\Obj\Application\User\Core\Core
[5] = D:\WorkOther\EBU6\EWARM\EBU6\Obj\Application\User\Core\Global
[6] = D:\WorkOther\EBU6\EWARM\EBU6\Obj\Application\User\Core\Peref
[7] = D:\WorkOther\EBU6\EWARM\EBU6\Obj\Application\User\Core\Stat
[8] = D:\WorkOther\EBU6\EWARM\EBU6\Obj\Drivers\CMSIS
[9] = D:\WorkOther\EBU6\EWARM\EBU6\Obj\Drivers\STM32H7xx_HAL_Driver
[10] = dl7M_tln.a
[11] = m7M_tlv.a
[12] = rt7M_tl.a
[13] = shb_l.a

  74'624 bytes of readonly  code memory
  25'074 bytes of readonly  data memory
  19'928 bytes of readwrite data memory

Errors: none
Warnings: none
