###############################################################################
#
# IAR ELF Linker V9.20.1.318/W64 for ARM                  16/Jan/2022  15:09:55
# Copyright 2007-2021 IAR Systems AB.
#
#    Output file  =  C:\Projects\EBU-6\EBU6\EWARM\EBU6\Exe\EBU6.out
#    Map file     =  C:\Projects\EBU-6\EBU6\EWARM\EBU6\List\EBU6.map
#    Command line =
#        -f C:\Projects\EBU-6\EBU6\EWARM\EBU6\Exe\EBU6.out.rsp
#        (C:\Projects\EBU-6\EBU6\EWARM\EBU6\Obj\Application\User\Core\add_ValueConv.o
#        C:\Projects\EBU-6\EBU6\EWARM\EBU6\Obj\Application\User\Core\Core\core_Menu.o
#        C:\Projects\EBU-6\EBU6\EWARM\EBU6\Obj\Application\User\Core\Core\core_VlvDrvCtrl.o
#        C:\Projects\EBU-6\EBU6\EWARM\EBU6\Obj\Application\User\Core\Core\g_Core.o
#        C:\Projects\EBU-6\EBU6\EWARM\EBU6\Obj\Application\User\Core\Global\g_InterruptUpdate.o
#        C:\Projects\EBU-6\EBU6\EWARM\EBU6\Obj\Application\User\Core\Global\g_Ram.o
#        C:\Projects\EBU-6\EBU6\EWARM\EBU6\Obj\Application\User\Core\main.o
#        C:\Projects\EBU-6\EBU6\EWARM\EBU6\Obj\Application\User\Core\Peref\peref.o
#        C:\Projects\EBU-6\EBU6\EWARM\EBU6\Obj\Application\User\Core\Peref\peref_ApFilter1.o
#        C:\Projects\EBU-6\EBU6\EWARM\EBU6\Obj\Application\User\Core\Peref\peref_ApFilter3.o
#        C:\Projects\EBU-6\EBU6\EWARM\EBU6\Obj\Application\User\Core\Peref\peref_Clock.o
#        C:\Projects\EBU-6\EBU6\EWARM\EBU6\Obj\Application\User\Core\Peref\peref_display.o
#        C:\Projects\EBU-6\EBU6\EWARM\EBU6\Obj\Application\User\Core\Peref\peref_SensObserver.o
#        C:\Projects\EBU-6\EBU6\EWARM\EBU6\Obj\Application\User\Core\Peref\peref_SinObserver.o
#        C:\Projects\EBU-6\EBU6\EWARM\EBU6\Obj\Application\EWARM\startup_stm32h743xx.o
#        C:\Projects\EBU-6\EBU6\EWARM\EBU6\Obj\Application\User\Core\Stat\stat.o
#        C:\Projects\EBU-6\EBU6\EWARM\EBU6\Obj\Application\User\Core\Stat\stat_fm25v10.o
#        C:\Projects\EBU-6\EBU6\EWARM\EBU6\Obj\Drivers\STM32H7xx_HAL_Driver\stm32h7xx_hal.o
#        C:\Projects\EBU-6\EBU6\EWARM\EBU6\Obj\Drivers\STM32H7xx_HAL_Driver\stm32h7xx_hal_adc.o
#        C:\Projects\EBU-6\EBU6\EWARM\EBU6\Obj\Drivers\STM32H7xx_HAL_Driver\stm32h7xx_hal_adc_ex.o
#        C:\Projects\EBU-6\EBU6\EWARM\EBU6\Obj\Drivers\STM32H7xx_HAL_Driver\stm32h7xx_hal_cortex.o
#        C:\Projects\EBU-6\EBU6\EWARM\EBU6\Obj\Drivers\STM32H7xx_HAL_Driver\stm32h7xx_hal_dma.o
#        C:\Projects\EBU-6\EBU6\EWARM\EBU6\Obj\Drivers\STM32H7xx_HAL_Driver\stm32h7xx_hal_dma_ex.o
#        C:\Projects\EBU-6\EBU6\EWARM\EBU6\Obj\Drivers\STM32H7xx_HAL_Driver\stm32h7xx_hal_exti.o
#        C:\Projects\EBU-6\EBU6\EWARM\EBU6\Obj\Drivers\STM32H7xx_HAL_Driver\stm32h7xx_hal_flash.o
#        C:\Projects\EBU-6\EBU6\EWARM\EBU6\Obj\Drivers\STM32H7xx_HAL_Driver\stm32h7xx_hal_flash_ex.o
#        C:\Projects\EBU-6\EBU6\EWARM\EBU6\Obj\Drivers\STM32H7xx_HAL_Driver\stm32h7xx_hal_gpio.o
#        C:\Projects\EBU-6\EBU6\EWARM\EBU6\Obj\Drivers\STM32H7xx_HAL_Driver\stm32h7xx_hal_hrtim.o
#        C:\Projects\EBU-6\EBU6\EWARM\EBU6\Obj\Drivers\STM32H7xx_HAL_Driver\stm32h7xx_hal_hsem.o
#        C:\Projects\EBU-6\EBU6\EWARM\EBU6\Obj\Drivers\STM32H7xx_HAL_Driver\stm32h7xx_hal_i2c.o
#        C:\Projects\EBU-6\EBU6\EWARM\EBU6\Obj\Drivers\STM32H7xx_HAL_Driver\stm32h7xx_hal_i2c_ex.o
#        C:\Projects\EBU-6\EBU6\EWARM\EBU6\Obj\Drivers\STM32H7xx_HAL_Driver\stm32h7xx_hal_mdma.o
#        C:\Projects\EBU-6\EBU6\EWARM\EBU6\Obj\Application\User\Core\stm32h7xx_hal_msp.o
#        C:\Projects\EBU-6\EBU6\EWARM\EBU6\Obj\Drivers\STM32H7xx_HAL_Driver\stm32h7xx_hal_pwr.o
#        C:\Projects\EBU-6\EBU6\EWARM\EBU6\Obj\Drivers\STM32H7xx_HAL_Driver\stm32h7xx_hal_pwr_ex.o
#        C:\Projects\EBU-6\EBU6\EWARM\EBU6\Obj\Drivers\STM32H7xx_HAL_Driver\stm32h7xx_hal_rcc.o
#        C:\Projects\EBU-6\EBU6\EWARM\EBU6\Obj\Drivers\STM32H7xx_HAL_Driver\stm32h7xx_hal_rcc_ex.o
#        C:\Projects\EBU-6\EBU6\EWARM\EBU6\Obj\Drivers\STM32H7xx_HAL_Driver\stm32h7xx_hal_rtc.o
#        C:\Projects\EBU-6\EBU6\EWARM\EBU6\Obj\Drivers\STM32H7xx_HAL_Driver\stm32h7xx_hal_rtc_ex.o
#        C:\Projects\EBU-6\EBU6\EWARM\EBU6\Obj\Drivers\STM32H7xx_HAL_Driver\stm32h7xx_hal_spi.o
#        C:\Projects\EBU-6\EBU6\EWARM\EBU6\Obj\Drivers\STM32H7xx_HAL_Driver\stm32h7xx_hal_spi_ex.o
#        C:\Projects\EBU-6\EBU6\EWARM\EBU6\Obj\Drivers\STM32H7xx_HAL_Driver\stm32h7xx_hal_tim.o
#        C:\Projects\EBU-6\EBU6\EWARM\EBU6\Obj\Drivers\STM32H7xx_HAL_Driver\stm32h7xx_hal_tim_ex.o
#        C:\Projects\EBU-6\EBU6\EWARM\EBU6\Obj\Drivers\STM32H7xx_HAL_Driver\stm32h7xx_hal_uart.o
#        C:\Projects\EBU-6\EBU6\EWARM\EBU6\Obj\Drivers\STM32H7xx_HAL_Driver\stm32h7xx_hal_uart_ex.o
#        C:\Projects\EBU-6\EBU6\EWARM\EBU6\Obj\Application\User\Core\stm32h7xx_it.o
#        C:\Projects\EBU-6\EBU6\EWARM\EBU6\Obj\Drivers\CMSIS\system_stm32h7xx.o
#        --no_out_extension -o C:\Projects\EBU-6\EBU6\EWARM\EBU6\Exe\EBU6.out
#        --redirect _Printf=_PrintfFullNoMb --redirect _Scanf=_ScanfFullNoMb
#        --map C:\Projects\EBU-6\EBU6\EWARM\EBU6\List\EBU6.map --config
#        C:\Projects\EBU-6\EBU6\EWARM/stm32h743xx_flash.icf --semihosting
#        --entry __iar_program_start --vfe --text_out locale)
#
###############################################################################

*******************************************************************************
*** RUNTIME MODEL ATTRIBUTES
***

CppFlavor       = *
__CPP_Runtime   = 1
__SystemLibrary = DLib
__dlib_version  = 6


*******************************************************************************
*** HEAP SELECTION
***

The basic heap was selected because no calls to memory allocation
functions were found in the application outside of system library
functions, and there are calls to deallocation functions in the
application.


*******************************************************************************
*** PLACEMENT SUMMARY
***

"A0":  place at address 0x800'0000 { ro section .intvec };
"P1":  place in [from 0x800'0000 to 0x81f'ffff] { ro };
define block CSTACK with size = 16K, alignment = 8 { };
define block HEAP with size = 8K, alignment = 8 { };
"P2":  place in [from 0x2400'0000 to 0x2407'ffff] {
          rw, block CSTACK, block HEAP };
initialize by copy { rw };

  Section            Kind         Address    Size  Object
  -------            ----         -------    ----  ------
"A0":                                       0x298
  .intvec            ro code   0x800'0000   0x298  startup_stm32h743xx.o [1]
                             - 0x800'0298   0x298

"P1":                                      0xe201
  .rodata            const     0x800'0298  0x476c  core_Menu.o [3]
  .text              ro code   0x800'4a04  0x1298  stm32h7xx_hal_dma.o [8]
  .text              ro code   0x800'5c9c     0xc  stm32h7xx_hal.o [8]
  .text              ro code   0x800'5ca8  0x10fc  core_Menu.o [3]
  .text              ro code   0x800'6da4    0x18  ABImemcpy_small.o [11]
  .text              ro code   0x800'6dbc   0x16e  add_ValueConv.o [2]
  .text              ro code   0x800'6f2c    0x12  ABImemset_small.o [11]
  .text              ro code   0x800'6f40    0x14  strlen_small.o [11]
  .text              ro code   0x800'6f54    0x12  strcmp.o [11]
  .text              ro code   0x800'6f66    0x34  peref_Clock.o [5]
  .text              ro code   0x800'6f9c    0x16  strchr.o [11]
  .text              ro code   0x800'6fb2    0x28  stat.o [6]
  .text              ro code   0x800'6fdc    0x82  g_Ram.o [4]
  .text              ro code   0x800'7060   0x22c  stat_fm25v10.o [6]
  .text              ro code   0x800'728c   0xbcc  main.o [2]
  .text              ro code   0x800'7e58   0x918  stm32h7xx_hal_spi.o [8]
  .text              ro code   0x800'8770   0x23c  stm32h7xx_hal_gpio.o [8]
  .text              ro code   0x800'89ac    0x88  stm32h7xx_hal.o [8]
  .text              ro code   0x800'8a34     0x6  ABImemclr4.o [11]
  .text              ro code   0x800'8a3c   0xbd8  stm32h7xx_hal_adc.o [8]
  .text              ro code   0x800'9614    0xf8  stm32h7xx_hal_adc_ex.o [8]
  .text              ro code   0x800'970c   0x4b6  stm32h7xx_hal_hrtim.o [8]
  .text              ro code   0x800'9bc4   0x65c  stm32h7xx_hal_msp.o [2]
  .text              ro code   0x800'a220   0x37e  stm32h7xx_hal_rtc.o [8]
  .text              ro code   0x800'a5a0   0x828  stm32h7xx_hal_tim.o [8]
  .text              ro code   0x800'adc8   0x11c  stm32h7xx_hal_tim_ex.o [8]
  .text              ro code   0x800'aee4   0x644  stm32h7xx_hal_uart.o [8]
  .text              ro code   0x800'b528    0xf4  stm32h7xx_hal_uart_ex.o [8]
  .text              ro code   0x800'b61c    0xc8  stm32h7xx_hal_cortex.o [8]
  .text              ro code   0x800'b6e4   0x1b0  g_Core.o [3]
  .text              ro code   0x800'b894   0x718  peref.o [5]
  .text              ro code   0x800'bfac    0x48  stm32h7xx_hal_pwr_ex.o [8]
  .text              ro code   0x800'bff4    0x10  stm32h7xx_hal_pwr.o [8]
  .text              ro code   0x800'c004   0x4c0  stm32h7xx_hal_rcc.o [8]
  .text              ro code   0x800'c4c4   0x3a4  stm32h7xx_hal_rcc.o [8]
  .text              ro code   0x800'c868   0xe18  stm32h7xx_hal_rcc_ex.o [8]
  .text              ro code   0x800'd680    0x44  stm32h7xx_hal.o [8]
  .text              ro code   0x800'd6c4    0x32  ABImemset48.o [11]
  .text              ro code   0x800'd6f6     0x2  stm32h7xx_hal_adc_ex.o [8]
  .text              ro code   0x800'd6f8     0x2  stm32h7xx_hal_adc.o [8]
  .text              ro code   0x800'd6fa     0x2  stm32h7xx_hal_adc_ex.o [8]
  .text              ro code   0x800'd6fc     0x2  stm32h7xx_hal_adc.o [8]
  .text              ro code   0x800'd6fe     0x2  stm32h7xx_hal_adc_ex.o [8]
  .text              ro code   0x800'd700     0x2  stm32h7xx_hal_adc_ex.o [8]
  .text              ro code   0x800'd702     0x2  stm32h7xx_hal_adc.o [8]
  .text              ro code   0x800'd704     0x2  stm32h7xx_hal_adc_ex.o [8]
  .text              ro code   0x800'd706     0x2  stm32h7xx_hal_adc.o [8]
  .text              ro code   0x800'd708     0x2  stm32h7xx_hal_tim.o [8]
  .text              ro code   0x800'd70a     0x2  stm32h7xx_hal_tim.o [8]
  .text              ro code   0x800'd70c     0x2  stm32h7xx_hal_tim.o [8]
  .text              ro code   0x800'd70e     0x2  stm32h7xx_hal_tim_ex.o [8]
  .text              ro code   0x800'd710     0x2  stm32h7xx_hal_tim_ex.o [8]
  .text              ro code   0x800'd712     0x2  stm32h7xx_hal_tim.o [8]
  .text              ro code   0x800'd714     0x2  stm32h7xx_hal_tim_ex.o [8]
  .text              ro code   0x800'd716     0x2  stm32h7xx_hal_tim.o [8]
  .text              ro code   0x800'd718   0x106  I64DivMod_small.o [11]
  .text              ro code   0x800'd820   0x2e8  peref_display.o [5]
  .text              ro code   0x800'db08    0x70  peref_SensObserver.o [5]
  .text              ro code   0x800'db78   0x100  peref_SinObserver.o [5]
  .text              ro code   0x800'dc78    0x22  peref_ApFilter1.o [5]
  .text              ro code   0x800'dc9c     0x2  I64DivZer.o [11]
  .text              ro code   0x800'dca0    0x1e  sqrt.o [10]
  .text              ro code   0x800'dcc0   0x11a  g_InterruptUpdate.o [4]
  .text              ro code   0x800'dddc    0xe0  system_stm32h7xx.o [7]
  .text              ro code   0x800'debc    0x78  lz77_init_single.o [11]
  .text              ro code   0x800'df34    0x74  stm32h7xx_it.o [2]
  .text              ro code   0x800'dfa8    0x10  stm32h7xx_hal.o [8]
  .text              ro code   0x800'dfb8    0x38  zero_init3.o [11]
  .text              ro code   0x800'dff0    0x28  data_init.o [11]
  .text              ro code   0x800'e018    0x22  fpinit_M.o [10]
  .iar.init_table    const     0x800'e03c    0x20  - Linker created -
  .text              ro code   0x800'e05c    0x1e  cmain.o [11]
  .text              ro code   0x800'e07a     0x4  low_level_init.o [9]
  .text              ro code   0x800'e07e     0x4  exit.o [9]
  .text              ro code   0x800'e084     0xa  cexit.o [11]
  .text              ro code   0x800'e090    0x14  exit.o [12]
  .text              ro code   0x800'e0a4    0x1c  cstartup_M.o [11]
  .text              ro code   0x800'e0c0    0x10  startup_stm32h743xx.o [1]
  .text              ro code   0x800'e0d0     0x4  startup_stm32h743xx.o [1]
  .text              ro code   0x800'e0d4     0x4  startup_stm32h743xx.o [1]
  .text              ro code   0x800'e0d8     0x4  startup_stm32h743xx.o [1]
  .text              ro code   0x800'e0dc     0x4  startup_stm32h743xx.o [1]
  .text              ro code   0x800'e0e0     0x4  startup_stm32h743xx.o [1]
  .text              ro code   0x800'e0e4     0x4  startup_stm32h743xx.o [1]
  .text              ro code   0x800'e0e8     0x4  startup_stm32h743xx.o [1]
  .text              ro code   0x800'e0ec     0x4  startup_stm32h743xx.o [1]
  .text              ro code   0x800'e0f0     0x4  startup_stm32h743xx.o [1]
  .text              ro code   0x800'e0f4     0x4  startup_stm32h743xx.o [1]
  .text              ro code   0x800'e0f8     0x4  startup_stm32h743xx.o [1]
  .text              ro code   0x800'e0fc     0x4  startup_stm32h743xx.o [1]
  .text              ro code   0x800'e100     0x4  startup_stm32h743xx.o [1]
  .text              ro code   0x800'e104     0x4  startup_stm32h743xx.o [1]
  .text              ro code   0x800'e108     0x4  startup_stm32h743xx.o [1]
  .text              ro code   0x800'e10c     0x4  startup_stm32h743xx.o [1]
  .text              ro code   0x800'e110     0x4  startup_stm32h743xx.o [1]
  .text              ro code   0x800'e114     0x4  startup_stm32h743xx.o [1]
  .text              ro code   0x800'e118     0x4  startup_stm32h743xx.o [1]
  .text              ro code   0x800'e11c     0x4  startup_stm32h743xx.o [1]
  .text              ro code   0x800'e120     0x4  startup_stm32h743xx.o [1]
  .text              ro code   0x800'e124     0x4  startup_stm32h743xx.o [1]
  .text              ro code   0x800'e128     0x4  startup_stm32h743xx.o [1]
  .text              ro code   0x800'e12c     0x4  startup_stm32h743xx.o [1]
  .text              ro code   0x800'e130     0x4  startup_stm32h743xx.o [1]
  .text              ro code   0x800'e134     0x4  startup_stm32h743xx.o [1]
  .text              ro code   0x800'e138     0x4  startup_stm32h743xx.o [1]
  .text              ro code   0x800'e13c     0x4  startup_stm32h743xx.o [1]
  .text              ro code   0x800'e140     0x4  startup_stm32h743xx.o [1]
  .text              ro code   0x800'e144     0x4  startup_stm32h743xx.o [1]
  .text              ro code   0x800'e148     0x4  startup_stm32h743xx.o [1]
  .text              ro code   0x800'e14c     0x4  startup_stm32h743xx.o [1]
  .text              ro code   0x800'e150     0x4  startup_stm32h743xx.o [1]
  .text              ro code   0x800'e154     0x4  startup_stm32h743xx.o [1]
  .text              ro code   0x800'e158     0x4  startup_stm32h743xx.o [1]
  .text              ro code   0x800'e15c     0x4  startup_stm32h743xx.o [1]
  .text              ro code   0x800'e160     0x4  startup_stm32h743xx.o [1]
  .text              ro code   0x800'e164     0x4  startup_stm32h743xx.o [1]
  .text              ro code   0x800'e168     0x4  startup_stm32h743xx.o [1]
  .text              ro code   0x800'e16c     0x4  startup_stm32h743xx.o [1]
  .text              ro code   0x800'e170     0x4  startup_stm32h743xx.o [1]
  .text              ro code   0x800'e174     0x4  startup_stm32h743xx.o [1]
  .text              ro code   0x800'e178     0x4  startup_stm32h743xx.o [1]
  .text              ro code   0x800'e17c     0x4  startup_stm32h743xx.o [1]
  .text              ro code   0x800'e180     0x4  startup_stm32h743xx.o [1]
  .text              ro code   0x800'e184     0x4  startup_stm32h743xx.o [1]
  .text              ro code   0x800'e188     0x4  startup_stm32h743xx.o [1]
  .text              ro code   0x800'e18c     0x4  startup_stm32h743xx.o [1]
  .text              ro code   0x800'e190     0x4  startup_stm32h743xx.o [1]
  .text              ro code   0x800'e194     0x4  startup_stm32h743xx.o [1]
  .text              ro code   0x800'e198     0x4  startup_stm32h743xx.o [1]
  .text              ro code   0x800'e19c     0x4  startup_stm32h743xx.o [1]
  .text              ro code   0x800'e1a0     0x4  startup_stm32h743xx.o [1]
  .text              ro code   0x800'e1a4     0x4  startup_stm32h743xx.o [1]
  .text              ro code   0x800'e1a8     0x4  startup_stm32h743xx.o [1]
  .text              ro code   0x800'e1ac     0x4  startup_stm32h743xx.o [1]
  .text              ro code   0x800'e1b0     0x4  startup_stm32h743xx.o [1]
  .text              ro code   0x800'e1b4     0x4  startup_stm32h743xx.o [1]
  .text              ro code   0x800'e1b8     0x4  startup_stm32h743xx.o [1]
  .text              ro code   0x800'e1bc     0x4  startup_stm32h743xx.o [1]
  .text              ro code   0x800'e1c0     0x4  startup_stm32h743xx.o [1]
  .text              ro code   0x800'e1c4     0x4  startup_stm32h743xx.o [1]
  .text              ro code   0x800'e1c8     0x4  startup_stm32h743xx.o [1]
  .text              ro code   0x800'e1cc     0x4  startup_stm32h743xx.o [1]
  .text              ro code   0x800'e1d0     0x4  startup_stm32h743xx.o [1]
  .text              ro code   0x800'e1d4     0x4  startup_stm32h743xx.o [1]
  .text              ro code   0x800'e1d8     0x4  startup_stm32h743xx.o [1]
  .text              ro code   0x800'e1dc     0x4  startup_stm32h743xx.o [1]
  .text              ro code   0x800'e1e0     0x4  startup_stm32h743xx.o [1]
  .text              ro code   0x800'e1e4     0x4  startup_stm32h743xx.o [1]
  .text              ro code   0x800'e1e8     0x4  startup_stm32h743xx.o [1]
  .text              ro code   0x800'e1ec     0x4  startup_stm32h743xx.o [1]
  .text              ro code   0x800'e1f0     0x4  startup_stm32h743xx.o [1]
  .text              ro code   0x800'e1f4     0x4  startup_stm32h743xx.o [1]
  .text              ro code   0x800'e1f8     0x4  startup_stm32h743xx.o [1]
  .text              ro code   0x800'e1fc     0x4  startup_stm32h743xx.o [1]
  .text              ro code   0x800'e200     0x4  startup_stm32h743xx.o [1]
  .text              ro code   0x800'e204     0x4  startup_stm32h743xx.o [1]
  .text              ro code   0x800'e208     0x4  startup_stm32h743xx.o [1]
  .text              ro code   0x800'e20c     0x4  startup_stm32h743xx.o [1]
  .text              ro code   0x800'e210     0x4  startup_stm32h743xx.o [1]
  .text              ro code   0x800'e214     0x4  startup_stm32h743xx.o [1]
  .text              ro code   0x800'e218     0x4  startup_stm32h743xx.o [1]
  .text              ro code   0x800'e21c     0x4  startup_stm32h743xx.o [1]
  .text              ro code   0x800'e220     0x4  startup_stm32h743xx.o [1]
  .text              ro code   0x800'e224     0x4  startup_stm32h743xx.o [1]
  .text              ro code   0x800'e228     0x4  startup_stm32h743xx.o [1]
  .text              ro code   0x800'e22c     0x4  startup_stm32h743xx.o [1]
  .text              ro code   0x800'e230     0x4  startup_stm32h743xx.o [1]
  .text              ro code   0x800'e234     0x4  startup_stm32h743xx.o [1]
  .text              ro code   0x800'e238     0x4  startup_stm32h743xx.o [1]
  .text              ro code   0x800'e23c     0x4  startup_stm32h743xx.o [1]
  .text              ro code   0x800'e240     0x4  startup_stm32h743xx.o [1]
  .text              ro code   0x800'e244     0x4  startup_stm32h743xx.o [1]
  .text              ro code   0x800'e248     0x4  startup_stm32h743xx.o [1]
  .text              ro code   0x800'e24c     0x4  startup_stm32h743xx.o [1]
  .text              ro code   0x800'e250     0x4  startup_stm32h743xx.o [1]
  .text              ro code   0x800'e254     0x4  startup_stm32h743xx.o [1]
  .text              ro code   0x800'e258     0x4  startup_stm32h743xx.o [1]
  .text              ro code   0x800'e25c     0x4  startup_stm32h743xx.o [1]
  .text              ro code   0x800'e260     0x4  startup_stm32h743xx.o [1]
  .text              ro code   0x800'e264     0x4  startup_stm32h743xx.o [1]
  .text              ro code   0x800'e268     0x4  startup_stm32h743xx.o [1]
  .text              ro code   0x800'e26c     0x4  startup_stm32h743xx.o [1]
  .text              ro code   0x800'e270     0x4  startup_stm32h743xx.o [1]
  .text              ro code   0x800'e274     0x4  startup_stm32h743xx.o [1]
  .text              ro code   0x800'e278     0x4  startup_stm32h743xx.o [1]
  .text              ro code   0x800'e27c     0x4  startup_stm32h743xx.o [1]
  .text              ro code   0x800'e280     0x4  startup_stm32h743xx.o [1]
  .text              ro code   0x800'e284     0x4  startup_stm32h743xx.o [1]
  .text              ro code   0x800'e288     0x4  startup_stm32h743xx.o [1]
  .text              ro code   0x800'e28c     0x4  startup_stm32h743xx.o [1]
  .text              ro code   0x800'e290     0x4  startup_stm32h743xx.o [1]
  .text              ro code   0x800'e294     0x4  startup_stm32h743xx.o [1]
  .text              ro code   0x800'e298     0x4  startup_stm32h743xx.o [1]
  .text              ro code   0x800'e29c     0x4  startup_stm32h743xx.o [1]
  .text              ro code   0x800'e2a0     0x4  startup_stm32h743xx.o [1]
  .text              ro code   0x800'e2a4     0x4  startup_stm32h743xx.o [1]
  .text              ro code   0x800'e2a8     0x4  startup_stm32h743xx.o [1]
  .text              ro code   0x800'e2ac     0x4  startup_stm32h743xx.o [1]
  .text              ro code   0x800'e2b0     0x4  startup_stm32h743xx.o [1]
  .text              ro code   0x800'e2b4     0x4  startup_stm32h743xx.o [1]
  .text              ro code   0x800'e2b8     0x4  startup_stm32h743xx.o [1]
  .text              ro code   0x800'e2bc     0x4  startup_stm32h743xx.o [1]
  .text              ro code   0x800'e2c0     0x4  startup_stm32h743xx.o [1]
  .text              ro code   0x800'e2c4     0x4  startup_stm32h743xx.o [1]
  .text              ro code   0x800'e2c8     0x4  startup_stm32h743xx.o [1]
  .text              ro code   0x800'e2cc     0x4  startup_stm32h743xx.o [1]
  .text              ro code   0x800'e2d0     0x4  startup_stm32h743xx.o [1]
  .text              ro code   0x800'e2d4     0x4  startup_stm32h743xx.o [1]
  .text              ro code   0x800'e2d8     0x4  startup_stm32h743xx.o [1]
  .text              ro code   0x800'e2dc     0x4  startup_stm32h743xx.o [1]
  .text              ro code   0x800'e2e0     0x4  startup_stm32h743xx.o [1]
  .text              ro code   0x800'e2e4     0x4  startup_stm32h743xx.o [1]
  .rodata            const     0x800'e2e8     0x0  zero_init3.o [11]
  .rodata            const     0x800'e2e8     0x0  lz77_init_single.o [11]
  Initializer bytes  const     0x800'e2e8   0x1b1  <for P2-1>
                             - 0x800'e499  0xe201

"P2", part 1 of 3:                          0xb98
  P2-1                        0x2400'0000   0xb98  <Init block>
    .data            inited   0x2400'0000   0x3b8  g_Core.o [3]
    .data            inited   0x2400'03b8   0x148  g_InterruptUpdate.o [4]
    .data            inited   0x2400'0500   0x564  peref.o [5]
    .data            inited   0x2400'0a64     0xc  peref.o [5]
    .data            inited   0x2400'0a70    0x70  peref_display.o [5]
    .data            inited   0x2400'0ae0    0x88  peref_display.o [5]
    .data            inited   0x2400'0b68     0xc  stm32h7xx_hal.o [8]
    .data            inited   0x2400'0b74    0x18  stm32h7xx_hal_hrtim.o [8]
    .data            inited   0x2400'0b8c     0x8  system_stm32h7xx.o [7]
    .data            inited   0x2400'0b94     0x2  add_ValueConv.o [2]
    .data            inited   0x2400'0b96     0x1  add_ValueConv.o [2]
    .data            inited   0x2400'0b97     0x1  add_ValueConv.o [2]
                            - 0x2400'0b98   0xb98

"P2", part 2 of 3:                         0x1004
  .bss               zero     0x2400'0b98   0x620  g_Ram.o [4]
  .bss               zero     0x2400'11b8   0x5b0  main.o [2]
  .bss               zero     0x2400'1768   0x218  core_Menu.o [3]
  .bss               zero     0x2400'1980    0xc0  stat.o [6]
  .bss               zero     0x2400'1a40    0x78  main.o [2]
  .bss               zero     0x2400'1ab8    0x78  main.o [2]
  .bss               zero     0x2400'1b30    0x30  g_Core.o [3]
  .bss               zero     0x2400'1b60    0x18  peref.o [5]
  .bss               zero     0x2400'1b78    0x10  peref.o [5]
  .bss               zero     0x2400'1b88     0x8  core_Menu.o [3]
  .bss               zero     0x2400'1b90     0x4  core_Menu.o [3]
  .bss               zero     0x2400'1b94     0x4  core_Menu.o [3]
  .bss               zero     0x2400'1b98     0x4  stm32h7xx_it.o [2]
                            - 0x2400'1b9c  0x1004

"P2", part 3 of 3:                         0x4000
  CSTACK                      0x2400'1ba0  0x4000  <Block>
    CSTACK           uninit   0x2400'1ba0  0x4000  <Block tail>
                            - 0x2400'5ba0  0x4000

Unused ranges:

         From           To       Size
         ----           --       ----
   0x800'e499   0x81f'ffff  0x1f'1b67
  0x2400'1b9c  0x2400'1b9f        0x4
  0x2400'5ba0  0x2407'ffff   0x7'a460


*******************************************************************************
*** INIT TABLE
***

          Address      Size
          -------      ----
Zero (__iar_zero_init3)
    1 destination range, total size 0x1004:
          0x2400'0b98  0x1004

Copy/lz77 (__iar_lz77_init_single3)
    1 source range, total size 0x1b1 (14% of destination):
           0x800'e2e8   0x1b1
    1 destination range, total size 0xb98:
          0x2400'0000   0xb98



*******************************************************************************
*** MODULE SUMMARY
***

    Module                   ro code  ro data  rw data
    ------                   -------  -------  -------
command line/config:
    --------------------------------------------------
    Total:

C:\Projects\EBU-6\EBU6\EWARM\EBU6\Obj\Application\EWARM: [1]
    startup_stm32h743xx.o      1'216
    --------------------------------------------------
    Total:                     1'216

C:\Projects\EBU-6\EBU6\EWARM\EBU6\Obj\Application\User\Core: [2]
    add_ValueConv.o              366        1        4
    main.o                     3'020             1'696
    stm32h7xx_hal_msp.o        1'628
    stm32h7xx_it.o               116                 4
    --------------------------------------------------
    Total:                     5'130        1    1'704

C:\Projects\EBU-6\EBU6\EWARM\EBU6\Obj\Application\User\Core\Core: [3]
    core_Menu.o                4'348   18'284      552
    g_Core.o                     432      138    1'000
    --------------------------------------------------
    Total:                     4'780   18'422    1'552

C:\Projects\EBU-6\EBU6\EWARM\EBU6\Obj\Application\User\Core\Global: [4]
    g_InterruptUpdate.o          282       48      328
    g_Ram.o                      130             1'568
    --------------------------------------------------
    Total:                       412       48    1'896

C:\Projects\EBU-6\EBU6\EWARM\EBU6\Obj\Application\User\Core\Peref: [5]
    peref.o                    1'816      203    1'432
    peref_ApFilter1.o             34
    peref_Clock.o                 52
    peref_SensObserver.o         112
    peref_SinObserver.o          256
    peref_display.o              744       36      248
    --------------------------------------------------
    Total:                     3'014      239    1'680

C:\Projects\EBU-6\EBU6\EWARM\EBU6\Obj\Application\User\Core\Stat: [6]
    stat.o                        40               192
    stat_fm25v10.o               556
    --------------------------------------------------
    Total:                       596               192

C:\Projects\EBU-6\EBU6\EWARM\EBU6\Obj\Drivers\CMSIS: [7]
    system_stm32h7xx.o           224        1        8
    --------------------------------------------------
    Total:                       224        1        8

C:\Projects\EBU-6\EBU6\EWARM\EBU6\Obj\Drivers\STM32H7xx_HAL_Driver: [8]
    stm32h7xx_hal.o              232        2       12
    stm32h7xx_hal_adc.o        3'040
    stm32h7xx_hal_adc_ex.o       258
    stm32h7xx_hal_cortex.o       200
    stm32h7xx_hal_dma.o        4'760
    stm32h7xx_hal_gpio.o         572
    stm32h7xx_hal_hrtim.o      1'206        4       24
    stm32h7xx_hal_pwr.o           16
    stm32h7xx_hal_pwr_ex.o        72
    stm32h7xx_hal_rcc.o        2'148
    stm32h7xx_hal_rcc_ex.o     3'608
    stm32h7xx_hal_rtc.o          894
    stm32h7xx_hal_spi.o        2'328
    stm32h7xx_hal_tim.o        2'098
    stm32h7xx_hal_tim_ex.o       290
    stm32h7xx_hal_uart.o       1'604
    stm32h7xx_hal_uart_ex.o      244
    --------------------------------------------------
    Total:                    23'570        6       36

dl7M_tlf.a: [9]
    exit.o                         4
    low_level_init.o               4
    --------------------------------------------------
    Total:                         8

m7M_tlv.a: [10]
    fpinit_M.o                    34
    sqrt.o                        30
    --------------------------------------------------
    Total:                        64

rt7M_tl.a: [11]
    ABImemclr4.o                   6
    ABImemcpy_small.o             24
    ABImemset48.o                 50
    ABImemset_small.o             18
    I64DivMod_small.o            262
    I64DivZer.o                    2
    cexit.o                       10
    cmain.o                       30
    cstartup_M.o                  28
    data_init.o                   40
    lz77_init_single.o           120
    strchr.o                      22
    strcmp.o                      18
    strlen_small.o                20
    zero_init3.o                  56
    --------------------------------------------------
    Total:                       706

shb_l.a: [12]
    exit.o                        20
    --------------------------------------------------
    Total:                        20

    Gaps                          30        2
    Linker created                         32   16'384
------------------------------------------------------
    Grand Total:              39'770   18'751   23'452


*******************************************************************************
*** ENTRY LIST
***

Entry                       Address    Size  Type      Object
-----                       -------    ----  ----      ------
.iar.init_table$$Base    0x800'e03c           --   Gb  - Linker created -
.iar.init_table$$Limit   0x800'e05c           --   Gb  - Linker created -
?main                    0x800'e05d          Code  Gb  cmain.o [11]
ADC3_IRQHandler          0x800'df87     0x6  Code  Gb  stm32h7xx_it.o [2]
ADC_ConfigureBoostMode   0x800'94ad   0x114  Code  Gb  stm32h7xx_hal_adc.o [8]
ADC_DMAConvCplt          0x800'9415    0x7c  Code  Gb  stm32h7xx_hal_adc.o [8]
ADC_DMAError             0x800'9497    0x16  Code  Gb  stm32h7xx_hal_adc.o [8]
ADC_DMAHalfConvCplt      0x800'9491     0x6  Code  Gb  stm32h7xx_hal_adc.o [8]
ADC_Enable               0x800'9365    0x9e  Code  Gb  stm32h7xx_hal_adc.o [8]
ADC_IRQHandler           0x800'df55     0x6  Code  Gb  stm32h7xx_it.o [2]
ADT7301_Update           0x800'bc9b    0x4e  Code  Gb  peref.o [5]
BtnLevel                0x2400'0a3c     0x4  Data  Gb  peref.o [5]
BtnTout                 0x2400'0a38     0x4  Data  Gb  peref.o [5]
BusFault_Handler         0x800'df3b     0x2  Code  Gb  stm32h7xx_it.o [2]
ByteToStr                0x800'6e59    0x1c  Code  Gb  add_ValueConv.o [2]
CPU_led_timer           0x2400'1b98     0x4  Data  Gb  stm32h7xx_it.o [2]
CSTACK$$Base            0x2400'1ba0           --   Gb  - Linker created -
CSTACK$$Limit           0x2400'5ba0           --   Gb  - Linker created -
ChangeCoordinate         0x800'651d   0x142  Code  Lc  core_Menu.o [3]
CheckRange               0x800'6dbd    0x1c  Code  Gb  add_ValueConv.o [2]
Core_Init                0x800'b6e5    0x20  Code  Gb  g_Core.o [3]
Core_MENU_Display        0x800'5ea1   0x13a  Code  Gb  core_Menu.o [3]
Core_MenuInit            0x800'5ca9   0x19c  Code  Gb  core_Menu.o [3]
Core_MenuReadDcr         0x800'6aa7    0x5a  Code  Gb  core_Menu.o [3]
Core_MenuUpdate          0x800'5e5d    0x42  Code  Gb  core_Menu.o [3]
Core_SetDeff             0x800'6b8d    0x84  Code  Gb  core_Menu.o [3]
D1CorePrescTable         0x800'deac    0x10  Data  Gb  system_stm32h7xx.o [7]
DELAY_US                 0x800'7d8f     0xa  Code  Gb  main.o [2]
DISPL_AddSymb            0x800'd88f    0x16  Code  Gb  peref_display.o [5]
DISPL_Update             0x800'd867    0x28  Code  Gb  peref_display.o [5]
DISPL_init               0x800'd821    0x26  Code  Gb  peref_display.o [5]
DMA1_Stream1_IRQHandler
                         0x800'df49     0x6  Code  Gb  stm32h7xx_it.o [2]
DMA1_Stream3_IRQHandler
                         0x800'df4f     0x6  Code  Gb  stm32h7xx_it.o [2]
DMA_CalcBaseAndBitshift
                         0x800'5a81    0x92  Code  Lc  stm32h7xx_hal_dma.o [8]
DMA_CalcBaseAndBitshift{1}{2}::flagBitshiftOffset
                         0x800'5c94     0x8  Data  Lc  stm32h7xx_hal_dma.o [8]
DMA_CalcDMAMUXChannelBaseAndMask
                         0x800'5b31    0x80  Code  Lc  stm32h7xx_hal_dma.o [8]
DMA_CalcDMAMUXRequestGenBaseAndMask
                         0x800'5bcd    0x60  Code  Lc  stm32h7xx_hal_dma.o [8]
DMA_SetConfig            0x800'58dd   0x192  Code  Lc  stm32h7xx_hal_dma.o [8]
Data                    0x2400'0a6c     0x4  Data  Gb  peref.o [5]
DateSeparator           0x2400'0b97     0x1  Data  Gb  add_ValueConv.o [2]
DateToStr                0x800'6e9d    0x34  Code  Gb  add_ValueConv.o [2]
DebugMon_Handler         0x800'df41     0x2  Code  Gb  stm32h7xx_it.o [2]
DecToStr                 0x800'6dd9    0x80  Code  Gb  add_ValueConv.o [2]
DefineBit                0x800'6699    0x48  Code  Gb  core_Menu.o [3]
DisplayOff               0x800'd8d5    0x2e  Code  Gb  peref_display.o [5]
DisplayOn                0x800'd90d    0x86  Code  Gb  peref_display.o [5]
DisplayPutText           0x800'd993    0x5e  Code  Gb  peref_display.o [5]
DisplayRestart           0x800'd8a5    0x30  Code  Gb  peref_display.o [5]
DisplayStart             0x800'dab5    0x2e  Code  Gb  peref_display.o [5]
EditBin                  0x800'6505    0x18  Code  Gb  core_Menu.o [3]
EditDate                 0x800'643b    0xca  Code  Gb  core_Menu.o [3]
EditDec                  0x800'6233    0xdc  Code  Gb  core_Menu.o [3]
EditParam                0x800'6175    0xbe  Code  Gb  core_Menu.o [3]
EditStr                  0x800'630f    0xb6  Code  Gb  core_Menu.o [3]
EditTime                 0x800'63c5    0x76  Code  Gb  core_Menu.o [3]
Eeprom1                 0x2400'1b30    0x30  Data  Gb  g_Core.o [3]
EnableEdit               0x800'6b65    0x1e  Code  Gb  core_Menu.o [3]
EncodeData               0x800'daa5    0x10  Code  Gb  peref_display.o [5]
Error_Handler            0x800'7e55     0x4  Code  Gb  main.o [2]
FM25V10_Init             0x800'7061    0x2e  Code  Gb  stat_fm25v10.o [6]
FM25V10_ReadByte         0x800'71b1    0x40  Code  Gb  stat_fm25v10.o [6]
FM25V10_ReadSN           0x800'7241    0x28  Code  Gb  stat_fm25v10.o [6]
FM25V10_ReadStatus       0x800'7171    0x26  Code  Gb  stat_fm25v10.o [6]
FM25V10_Update           0x800'708f    0xe2  Code  Gb  stat_fm25v10.o [6]
FM25V10_WriteByte        0x800'71f1    0x2e  Code  Gb  stat_fm25v10.o [6]
FM25V10_WriteEnable      0x800'721f     0x6  Code  Gb  stat_fm25v10.o [6]
FUTABA_RusTable         0x2400'0b24    0x44  Data  Lc  peref_display.o [5]
FloatPositive           0x2400'0b95     0x1  Data  Gb  add_ValueConv.o [2]
FloatSeparator          0x2400'0b94     0x1  Data  Gb  add_ValueConv.o [2]
HAL_ADCEx_EndOfSamplingCallback
                         0x800'd6f7     0x2  Code  Wk  stm32h7xx_hal_adc_ex.o [8]
HAL_ADCEx_InjectedConvCpltCallback
                         0x800'd6fb     0x2  Code  Wk  stm32h7xx_hal_adc_ex.o [8]
HAL_ADCEx_InjectedQueueOverflowCallback
                         0x800'd705     0x2  Code  Wk  stm32h7xx_hal_adc_ex.o [8]
HAL_ADCEx_LevelOutOfWindow2Callback
                         0x800'd6ff     0x2  Code  Wk  stm32h7xx_hal_adc_ex.o [8]
HAL_ADCEx_LevelOutOfWindow3Callback
                         0x800'd701     0x2  Code  Wk  stm32h7xx_hal_adc_ex.o [8]
HAL_ADCEx_MultiModeConfigChannel
                         0x800'9615    0xdc  Code  Gb  stm32h7xx_hal_adc_ex.o [8]
HAL_ADC_ConfigChannel    0x800'8fef   0x338  Code  Gb  stm32h7xx_hal_adc.o [8]
HAL_ADC_IRQHandler       0x800'8d6d   0x246  Code  Gb  stm32h7xx_hal_adc.o [8]
HAL_ADC_Init             0x800'8a6f   0x1f6  Code  Gb  stm32h7xx_hal_adc.o [8]
HAL_ADC_MspInit          0x800'9bfd   0x162  Code  Gb  stm32h7xx_hal_msp.o [2]
HAL_ADC_Start_DMA        0x800'8c71    0xe8  Code  Gb  stm32h7xx_hal_adc.o [8]
HAL_DMA_IRQHandler       0x800'5151   0x744  Code  Gb  stm32h7xx_hal_dma.o [8]
HAL_DMA_Init             0x800'4a05   0x3a6  Code  Gb  stm32h7xx_hal_dma.o [8]
HAL_DMA_Start_IT         0x800'4dd9   0x282  Code  Gb  stm32h7xx_hal_dma.o [8]
HAL_GPIO_Init            0x800'8771   0x1e2  Code  Gb  stm32h7xx_hal_gpio.o [8]
HAL_GPIO_ReadPin         0x800'8953     0xc  Code  Gb  stm32h7xx_hal_gpio.o [8]
HAL_GPIO_TogglePin       0x800'8967    0x10  Code  Gb  stm32h7xx_hal_gpio.o [8]
HAL_GPIO_WritePin        0x800'895f     0x8  Code  Gb  stm32h7xx_hal_gpio.o [8]
HAL_GetREVID             0x800'89f7     0x8  Code  Gb  stm32h7xx_hal.o [8]
HAL_GetTick              0x800'5c9d     0xc  Code  Wk  stm32h7xx_hal.o [8]
HAL_HRTIM_Init           0x800'970d    0xaa  Code  Gb  stm32h7xx_hal_hrtim.o [8]
HAL_HRTIM_MspInit        0x800'9d85    0x42  Code  Gb  stm32h7xx_hal_msp.o [2]
HAL_HRTIM_MspPostInit    0x800'9dc7    0x7c  Code  Gb  stm32h7xx_hal_msp.o [2]
HAL_HRTIM_SimpleBaseStart
                         0x800'9833    0x26  Code  Gb  stm32h7xx_hal_hrtim.o [8]
HAL_HRTIM_SimplePWMStart
                         0x800'9869     0xc  Code  Gb  stm32h7xx_hal_hrtim.o [8]
HAL_HRTIM_TimeBaseConfig
                         0x800'97b7    0x6e  Code  Gb  stm32h7xx_hal_hrtim.o [8]
HAL_HRTIM_WaveformOutputConfig
                         0x800'9afb    0x2a  Code  Gb  stm32h7xx_hal_hrtim.o [8]
HAL_HRTIM_WaveformTimerConfig
                         0x800'98bd   0x22a  Code  Gb  stm32h7xx_hal_hrtim.o [8]
HAL_IncTick              0x800'dfa9    0x10  Code  Wk  stm32h7xx_hal.o [8]
HAL_Init                 0x800'89ad    0x4a  Code  Gb  stm32h7xx_hal.o [8]
HAL_InitTick             0x800'd681    0x44  Code  Wk  stm32h7xx_hal.o [8]
HAL_MspInit              0x800'9bc5    0x38  Code  Gb  stm32h7xx_hal_msp.o [2]
HAL_NVIC_EnableIRQ       0x800'b68d    0x16  Code  Gb  stm32h7xx_hal_cortex.o [8]
HAL_NVIC_SetPriority     0x800'b651    0x3a  Code  Gb  stm32h7xx_hal_cortex.o [8]
HAL_NVIC_SetPriorityGrouping
                         0x800'b637    0x1a  Code  Gb  stm32h7xx_hal_cortex.o [8]
HAL_PWREx_ConfigSupply   0x800'bfad    0x44  Code  Gb  stm32h7xx_hal_pwr_ex.o [8]
HAL_PWR_EnableBkUpAccess
                         0x800'bff5     0xc  Code  Gb  stm32h7xx_hal_pwr.o [8]
HAL_RCCEx_GetD3PCLK1Freq
                         0x800'd24b     0xa  Code  Gb  stm32h7xx_hal_rcc_ex.o [8]
HAL_RCCEx_GetPLL1ClockFreq
                         0x800'd42d    0x66  Code  Gb  stm32h7xx_hal_rcc_ex.o [8]
HAL_RCCEx_GetPLL2ClockFreq
                         0x800'd269    0x58  Code  Gb  stm32h7xx_hal_rcc_ex.o [8]
HAL_RCCEx_GetPLL3ClockFreq
                         0x800'd2c1    0x58  Code  Gb  stm32h7xx_hal_rcc_ex.o [8]
HAL_RCCEx_GetPeriphCLKFreq
                         0x800'cfc5   0x27a  Code  Gb  stm32h7xx_hal_rcc_ex.o [8]
HAL_RCCEx_PeriphCLKConfig
                         0x800'c869   0x726  Code  Gb  stm32h7xx_hal_rcc_ex.o [8]
HAL_RCC_ClockConfig      0x800'c4c5   0x1ac  Code  Gb  stm32h7xx_hal_rcc.o [8]
HAL_RCC_GetHCLKFreq      0x800'c7cb    0x30  Code  Gb  stm32h7xx_hal_rcc.o [8]
HAL_RCC_GetPCLK1Freq     0x800'c7fb    0x10  Code  Gb  stm32h7xx_hal_rcc.o [8]
HAL_RCC_GetPCLK2Freq     0x800'c80b     0xe  Code  Gb  stm32h7xx_hal_rcc.o [8]
HAL_RCC_GetSysClockFreq
                         0x800'c6cd    0xf0  Code  Gb  stm32h7xx_hal_rcc.o [8]
HAL_RCC_OscConfig        0x800'c005   0x4c0  Code  Wk  stm32h7xx_hal_rcc.o [8]
HAL_RTC_GetDate          0x800'a459    0x34  Code  Gb  stm32h7xx_hal_rtc.o [8]
HAL_RTC_GetTime          0x800'a37f    0x3c  Code  Gb  stm32h7xx_hal_rtc.o [8]
HAL_RTC_Init             0x800'a221    0x96  Code  Gb  stm32h7xx_hal_rtc.o [8]
HAL_RTC_MspInit          0x800'9e43    0x3a  Code  Gb  stm32h7xx_hal_msp.o [2]
HAL_RTC_SetDate          0x800'a3bb    0x9e  Code  Gb  stm32h7xx_hal_rtc.o [8]
HAL_RTC_SetTime          0x800'a2b7    0xc2  Code  Gb  stm32h7xx_hal_rtc.o [8]
HAL_RTC_WaitForSynchro   0x800'a4b9    0x32  Code  Gb  stm32h7xx_hal_rtc.o [8]
HAL_SPI_Init             0x800'7e59   0x11c  Code  Gb  stm32h7xx_hal_spi.o [8]
HAL_SPI_MspInit          0x800'9e87    0xdc  Code  Gb  stm32h7xx_hal_msp.o [2]
HAL_SPI_Receive          0x800'817f   0x1d6  Code  Gb  stm32h7xx_hal_spi.o [8]
HAL_SPI_Transmit         0x800'7f81   0x1de  Code  Gb  stm32h7xx_hal_spi.o [8]
HAL_SPI_TransmitReceive
                         0x800'836d   0x2a2  Code  Gb  stm32h7xx_hal_spi.o [8]
HAL_SYSCFG_DisableVREFBUF
                         0x800'8a03     0x4  Code  Gb  stm32h7xx_hal.o [8]
HAL_SYSCFG_VREFBUF_HighImpedanceConfig
                         0x800'89ff     0x4  Code  Gb  stm32h7xx_hal.o [8]
HAL_SYSTICK_Config       0x800'b6a3    0x28  Code  Gb  stm32h7xx_hal_cortex.o [8]
HAL_TIMEx_Break2Callback
                         0x800'd711     0x2  Code  Wk  stm32h7xx_hal_tim_ex.o [8]
HAL_TIMEx_BreakCallback
                         0x800'd70f     0x2  Code  Wk  stm32h7xx_hal_tim_ex.o [8]
HAL_TIMEx_CommutCallback
                         0x800'd715     0x2  Code  Wk  stm32h7xx_hal_tim_ex.o [8]
HAL_TIMEx_ConfigBreakDeadTime
                         0x800'ae45    0x84  Code  Gb  stm32h7xx_hal_tim_ex.o [8]
HAL_TIMEx_MasterConfigSynchronization
                         0x800'adc9    0x7c  Code  Gb  stm32h7xx_hal_tim_ex.o [8]
HAL_TIM_Base_Init        0x800'a5a1    0x1a  Code  Gb  stm32h7xx_hal_tim.o [8]
HAL_TIM_Base_MspInit     0x800'9f9f    0x34  Code  Gb  stm32h7xx_hal_msp.o [2]
HAL_TIM_Base_Start_IT    0x800'a5bb    0x74  Code  Gb  stm32h7xx_hal_tim.o [8]
HAL_TIM_ConfigClockSource
                         0x800'a939    0xb6  Code  Gb  stm32h7xx_hal_tim.o [8]
HAL_TIM_IRQHandler       0x800'a6bd   0x15c  Code  Gb  stm32h7xx_hal_tim.o [8]
HAL_TIM_MspPostInit      0x800'9fd3    0x4a  Code  Gb  stm32h7xx_hal_msp.o [2]
HAL_TIM_PWM_ConfigChannel
                         0x800'a81f   0x10e  Code  Gb  stm32h7xx_hal_tim.o [8]
HAL_TIM_PWM_Init         0x800'a677    0x1a  Code  Gb  stm32h7xx_hal_tim.o [8]
HAL_TIM_PWM_MspInit      0x800'9f7d    0x22  Code  Gb  stm32h7xx_hal_msp.o [2]
HAL_UARTEx_DisableFifoMode
                         0x800'b529    0x3a  Code  Gb  stm32h7xx_hal_uart_ex.o [8]
HAL_UARTEx_SetRxFifoThreshold
                         0x800'b579    0x14  Code  Gb  stm32h7xx_hal_uart_ex.o [8]
HAL_UARTEx_SetTxFifoThreshold
                         0x800'b563    0x16  Code  Gb  stm32h7xx_hal_uart_ex.o [8]
HAL_UART_Init            0x800'aee5    0x3c  Code  Gb  stm32h7xx_hal_uart.o [8]
HAL_UART_MspInit         0x800'a01d   0x14c  Code  Gb  stm32h7xx_hal_msp.o [2]
HRTIM_OutputConfig       0x800'9b35    0x8c  Code  Lc  stm32h7xx_hal_hrtim.o [8]
HardFault_Handler        0x800'df37     0x2  Code  Gb  stm32h7xx_it.o [2]
Icons                   0x2400'0a40    0x24  Data  Gb  peref.o [5]
InterruptUpdate          0x800'dcc1    0xfa  Code  Gb  g_InterruptUpdate.o [4]
LL_ADC_REG_IsTriggerSourceSWStart
                         0x800'8a3d     0xe  Code  Lc  stm32h7xx_hal_adc.o [8]
LL_ADC_SetChannelSamplingTime
                         0x800'8a4b    0x24  Code  Lc  stm32h7xx_hal_adc.o [8]
LogInputCalc             0x800'bce9    0xd4  Code  Gb  peref.o [5]
MCP23S17_init            0x800'bf81    0x14  Code  Gb  peref.o [5]
MCP23S17_read            0x800'bf09    0x44  Code  Gb  peref.o [5]
MCP23S17_update          0x800'bf95    0x18  Code  Gb  peref.o [5]
MCP23S17_write           0x800'bed5    0x2a  Code  Gb  peref.o [5]
MemManage_Handler        0x800'df39     0x2  Code  Gb  stm32h7xx_it.o [2]
NMI_Handler              0x800'df35     0x2  Code  Gb  stm32h7xx_it.o [2]
PFUNC_blkRead            0x800'6f1d     0xa  Code  Gb  add_ValueConv.o [2]
PFUNC_wordRead           0x800'6f27     0x4  Code  Gb  add_ValueConv.o [2]
PendSV_Handler           0x800'df43     0x2  Code  Gb  stm32h7xx_it.o [2]
Peref_PhaseOrderUpdate   0x800'dc25    0x54  Code  Gb  peref_SinObserver.o [5]
Peref_SensObserverInit   0x800'db09    0x6c  Code  Gb  peref_SensObserver.o [5]
Peref_SinObserverInitFloat
                         0x800'db79     0x2  Code  Gb  peref_SinObserver.o [5]
Peref_SinObserverUpdateFloat
                         0x800'db8d    0x8e  Code  Gb  peref_SinObserver.o [5]
PeriphCommonClock_Config
                         0x800'7d4d    0x42  Code  Gb  main.o [2]
PutChar                  0x800'd851     0x8  Code  Gb  peref_display.o [5]
PutComm                  0x800'd847     0xa  Code  Gb  peref_display.o [5]
PutData                  0x800'd9f5    0x9a  Code  Lc  peref_display.o [5]
RCCEx_PLL2_Config        0x800'd4b1    0xac  Code  Lc  stm32h7xx_hal_rcc_ex.o [8]
RCCEx_PLL3_Config        0x800'd55d    0xac  Code  Lc  stm32h7xx_hal_rcc_ex.o [8]
RTC_ByteToBcd2           0x800'a589    0x16  Code  Gb  stm32h7xx_hal_rtc.o [8]
RTC_DefMaxDay            0x800'6f67    0x34  Code  Gb  peref_Clock.o [5]
RTC_EnterInitMode        0x800'a4eb    0x3e  Code  Gb  stm32h7xx_hal_rtc.o [8]
RTC_ExitInitMode         0x800'a529    0x4c  Code  Gb  stm32h7xx_hal_rtc.o [8]
ReadDcrFull              0x800'6a71    0x36  Code  Lc  core_Menu.o [3]
ReadWriteAllParams       0x800'6cc5    0x94  Code  Gb  core_Menu.o [3]
ReadWriteEeprom          0x800'6fb5    0x26  Code  Gb  stat.o [6]
RefreshParams            0x800'705d     0x2  Code  Gb  g_Ram.o [4]
Region$$Table$$Base      0x800'e03c           --   Gb  - Linker created -
Region$$Table$$Limit     0x800'e05c           --   Gb  - Linker created -
RtcControl               0x800'bdd1    0xd0  Code  Gb  peref.o [5]
RtcControl::PrevDate    0x2400'1b84     0x4  Data  Lc  peref.o [5]
RtcControl::PrevTime    0x2400'1b80     0x4  Data  Lc  peref.o [5]
RtcStart                0x2400'1b78     0x1  Data  Gb  peref.o [5]
RtcUpdateFlag           0x2400'1b7c     0x4  Data  Gb  peref.o [5]
SPI_CloseTransfer        0x800'8673    0xb8  Code  Lc  stm32h7xx_hal_spi.o [8]
SPI_WaitOnFlagUntilTimeout
                         0x800'8731    0x40  Code  Lc  stm32h7xx_hal_spi.o [8]
SVC_Handler              0x800'df3f     0x2  Code  Gb  stm32h7xx_it.o [2]
SelectGroup              0x800'6079    0xaa  Code  Gb  core_Menu.o [3]
SelectParam              0x800'6123    0x50  Code  Gb  core_Menu.o [3]
SetDefaultValues         0x800'6c11    0xb4  Code  Gb  core_Menu.o [3]
SetDefaultValues::DefAddr
                        0x2400'1b8c     0x4  Data  Lc  core_Menu.o [3]
SetModBusParams          0x800'6d59    0x24  Code  Gb  core_Menu.o [3]
ShowParam                0x800'69ab    0x32  Code  Lc  core_Menu.o [3]
ShowStart                0x800'665f    0x3a  Code  Gb  core_Menu.o [3]
ShowValue                0x800'66e1   0x2ca  Code  Lc  core_Menu.o [3]
SleepMode                0x800'5fff    0x42  Code  Gb  core_Menu.o [3]
StartDispl               0x800'69dd    0x32  Code  Gb  core_Menu.o [3]
StartState               0x800'6041    0x38  Code  Gb  core_Menu.o [3]
Stat_Init                0x800'6fb3     0x2  Code  Gb  stat.o [6]
StrToDec                 0x800'6ed9    0x36  Code  Gb  add_ValueConv.o [2]
Symbols                 0x2400'0a70    0x70  Data  Lc  peref_display.o [5]
SysTick_Handler          0x800'df45     0x4  Code  Gb  stm32h7xx_it.o [2]
SystemClock_Config       0x800'7c7b    0xd2  Code  Gb  main.o [2]
SystemCoreClock         0x2400'0b8c     0x4  Data  Gb  system_stm32h7xx.o [7]
SystemD2Clock           0x2400'0b90     0x4  Data  Gb  system_stm32h7xx.o [7]
SystemInit               0x800'dddd    0xa2  Code  Gb  system_stm32h7xx.o [7]
TIM2_IRQHandler          0x800'df5b    0x2c  Code  Gb  stm32h7xx_it.o [2]
TIM_Base_SetConfig       0x800'aa0f    0xb2  Code  Gb  stm32h7xx_hal_tim.o [8]
TIM_ETR_SetConfig        0x800'adb5    0x14  Code  Gb  stm32h7xx_hal_tim.o [8]
TIM_ITRx_SetConfig       0x800'ad73    0x10  Code  Lc  stm32h7xx_hal_tim.o [8]
TIM_OC1_SetConfig        0x800'aac1    0x84  Code  Lc  stm32h7xx_hal_tim.o [8]
TIM_OC2_SetConfig        0x800'ab45    0x76  Code  Gb  stm32h7xx_hal_tim.o [8]
TIM_OC3_SetConfig        0x800'abbb    0x70  Code  Lc  stm32h7xx_hal_tim.o [8]
TIM_OC4_SetConfig        0x800'ac2b    0x56  Code  Lc  stm32h7xx_hal_tim.o [8]
TIM_OC5_SetConfig        0x800'ac81    0x54  Code  Lc  stm32h7xx_hal_tim.o [8]
TIM_OC6_SetConfig        0x800'acd5    0x56  Code  Lc  stm32h7xx_hal_tim.o [8]
TIM_TI1_ConfigInputStage
                         0x800'ad2d    0x22  Code  Lc  stm32h7xx_hal_tim.o [8]
TIM_TI2_ConfigInputStage
                         0x800'ad4f    0x24  Code  Lc  stm32h7xx_hal_tim.o [8]
Task10Hz                0x2400'0478    0x54  Data  Gb  g_InterruptUpdate.o [4]
Task18kHz               0x2400'03b8     0xc  Data  Gb  g_InterruptUpdate.o [4]
Task200Hz               0x2400'03dc    0x18  Data  Gb  g_InterruptUpdate.o [4]
Task2kHz                0x2400'03c4    0x18  Data  Gb  g_InterruptUpdate.o [4]
Task50Hz                0x2400'03f4    0x84  Data  Gb  g_InterruptUpdate.o [4]
TimeSeparator           0x2400'0b96     0x1  Data  Gb  add_ValueConv.o [2]
TimeToStr                0x800'6e75    0x1c  Code  Gb  add_ValueConv.o [2]
TimerIdxToTimerId       0x2400'0b74    0x18  Data  Lc  stm32h7xx_hal_hrtim.o [8]
UARTEx_SetNbDataToProcess
                         0x800'b5cd    0x3e  Code  Lc  stm32h7xx_hal_uart_ex.o [8]
UARTEx_SetNbDataToProcess::denominator
                         0x800'b614     0x8  Data  Lc  stm32h7xx_hal_uart_ex.o [8]
UARTEx_SetNbDataToProcess::numerator
                         0x800'b60c     0x8  Data  Lc  stm32h7xx_hal_uart_ex.o [8]
UARTPrescTable           0x800'b4d4    0x18  Data  Gb  stm32h7xx_hal_uart.o [8]
UART_AdvFeatureConfig    0x800'b321    0xc8  Code  Gb  stm32h7xx_hal_uart.o [8]
UART_CheckIdleState      0x800'b3e9    0x60  Code  Gb  stm32h7xx_hal_uart.o [8]
UART_SetConfig           0x800'af61   0x3a6  Code  Gb  stm32h7xx_hal_uart.o [8]
UART_WaitOnFlagUntilTimeout
                         0x800'b449    0x6c  Code  Gb  stm32h7xx_hal_uart.o [8]
UpdateCode               0x800'6a1d    0x4a  Code  Gb  core_Menu.o [3]
UsageFault_Handler       0x800'df3d     0x2  Code  Gb  stm32h7xx_it.o [2]
WINSTAR_RusTable        0x2400'0ae0    0x44  Data  Lc  peref_display.o [5]
WriteValue               0x800'6b01    0x64  Code  Gb  core_Menu.o [3]
__NVIC_SetPriority       0x800'b61d    0x1a  Code  Lc  stm32h7xx_hal_cortex.o [8]
__aeabi_ldiv0            0x800'dc9d          Code  Gb  I64DivZer.o [11]
__aeabi_memclr4          0x800'8a35          Code  Gb  ABImemclr4.o [11]
__cmain                  0x800'e05d          Code  Gb  cmain.o [11]
__exit                   0x800'e091    0x14  Code  Gb  exit.o [12]
__iar_Memset4_word       0x800'd6c5          Code  Gb  ABImemset48.o [11]
__iar_Memset8_word       0x800'd6c5          Code  Gb  ABImemset48.o [11]
__iar_Strchr             0x800'6f9d          Code  Gb  strchr.o [11]
__iar_data_init3         0x800'dff1    0x28  Code  Gb  data_init.o [11]
__iar_init_vfp           0x800'e019          Code  Gb  fpinit_M.o [10]
__iar_lz77_init_single3
                         0x800'debd    0x78  Code  Gb  lz77_init_single.o [11]
__iar_program_start      0x800'e0a5          Code  Gb  cstartup_M.o [11]
__iar_small_Memcpy       0x800'6da9          Code  Gb  ABImemcpy_small.o [11]
__iar_small_Memset       0x800'6f2d          Code  Gb  ABImemset_small.o [11]
__iar_small_Memset_word
                         0x800'6f2d          Code  Gb  ABImemset_small.o [11]
__iar_small_memcpy       0x800'6da5          Code  Gb  ABImemcpy_small.o [11]
__iar_small_memcpy4      0x800'6da5          Code  Gb  ABImemcpy_small.o [11]
__iar_small_memcpy8      0x800'6da5          Code  Gb  ABImemcpy_small.o [11]
__iar_small_memset       0x800'6f2d          Code  Gb  ABImemset_small.o [11]
__iar_small_strlen       0x800'6f41          Code  Gb  strlen_small.o [11]
__iar_small_uldivmod     0x800'd719          Code  Gb  I64DivMod_small.o [11]
__iar_sqrt64             0x800'dca1          Code  Gb  sqrt.o [10]
__iar_zero_init3         0x800'dfb9    0x38  Code  Gb  zero_init3.o [11]
__low_level_init         0x800'e07b     0x4  Code  Gb  low_level_init.o [9]
__vector_table           0x800'0000          Data  Gb  startup_stm32h743xx.o [1]
_call_main               0x800'e069          Code  Gb  cmain.o [11]
_exit                    0x800'e085          Code  Gb  cexit.o [11]
a                       0x2400'1b88     0x4  Data  Gb  core_Menu.o [3]
addr                    0x2400'0a66     0x2  Data  Gb  peref.o [5]
addrtmp                 0x2400'1b94     0x4  Data  Gb  core_Menu.o [3]
addrtmp2                0x2400'1b90     0x4  Data  Gb  core_Menu.o [3]
btnClose                0x2400'1b64     0x4  Data  Gb  peref.o [5]
btnOpen                 0x2400'1b60     0x4  Data  Gb  peref.o [5]
btnProg1                0x2400'1b70     0x4  Data  Gb  peref.o [5]
btnProg2                0x2400'1b74     0x4  Data  Gb  peref.o [5]
btnStop1                0x2400'1b68     0x4  Data  Gb  peref.o [5]
btnStop2                0x2400'1b6c     0x4  Data  Gb  peref.o [5]
coreTLocalControl        0x800'b7ab    0xd0  Code  Gb  g_Core.o [3]
coreTLocalControl::prevHalls
                        0x2400'03b4     0x4  Data  Lc  g_Core.o [3]
coreTLocalControl::readyForNewCmd
                        0x2400'0000     0x1  Data  Lc  g_Core.o [3]
coreTS                   0x800'b71f    0x78  Code  Gb  g_Core.o [3]
coreTU                   0x800'b705    0x1a  Code  Gb  g_Core.o [3]
count                   0x2400'0a68     0x2  Data  Gb  peref.o [5]
count18kHz              0x2400'04cc     0x4  Data  Gb  g_InterruptUpdate.o [4]
count200Hz              0x2400'04d4     0x4  Data  Gb  g_InterruptUpdate.o [4]
count2kHz               0x2400'04d0     0x4  Data  Gb  g_InterruptUpdate.o [4]
count50Hz               0x2400'04d8     0x4  Data  Gb  g_InterruptUpdate.o [4]
exit                     0x800'e07f     0x4  Code  Gb  exit.o [9]
g_Core                  0x2400'0004   0x3b0  Data  Gb  g_Core.o [3]
g_Peref                 0x2400'0500   0x538  Data  Gb  peref.o [5]
g_Ram                   0x2400'0b98   0x620  Data  Gb  g_Ram.o [4]
g_Ram_Init               0x800'6fdd    0x30  Code  Gb  g_Ram.o [4]
g_Ram_Update             0x800'700d    0x40  Code  Gb  g_Ram.o [4]
g_Stat                  0x2400'1980    0xc0  Data  Gb  stat.o [6]
groups                   0x800'0298    0xa0  Data  Gb  core_Menu.o [3]
hadc1                   0x2400'11b8    0x64  Data  Gb  main.o [2]
hadc3                   0x2400'121c    0x64  Data  Gb  main.o [2]
hdma_adc1               0x2400'1a40    0x78  Data  Gb  main.o [2]
hdma_adc3               0x2400'1ab8    0x78  Data  Gb  main.o [2]
hhrtim                  0x2400'168c    0xdc  Data  Gb  main.o [2]
hrtc                    0x2400'15d0    0x24  Data  Gb  main.o [2]
hspi1                   0x2400'1280    0x88  Data  Gb  main.o [2]
hspi6                   0x2400'1308    0x88  Data  Gb  main.o [2]
htim1                   0x2400'15f4    0x4c  Data  Gb  main.o [2]
htim2                   0x2400'1640    0x4c  Data  Gb  main.o [2]
huart3                  0x2400'1540    0x90  Data  Gb  main.o [2]
huart4                  0x2400'1390    0x90  Data  Gb  main.o [2]
huart5                  0x2400'1420    0x90  Data  Gb  main.o [2]
huart8                  0x2400'14b0    0x90  Data  Gb  main.o [2]
main                     0x800'728d   0x932  Code  Gb  main.o [2]
memtemp                 0x2400'0a64     0x2  Data  Gb  peref.o [5]
menu                    0x2400'1768   0x218  Data  Gb  core_Menu.o [3]
params                   0x800'0338  0x36fc  Data  Gb  core_Menu.o [3]
peref_10HzCalc           0x800'bb5d   0x138  Code  Gb  peref.o [5]
peref_18KHzCalc          0x800'ba03    0xaa  Code  Gb  peref.o [5]
peref_200HzCalc          0x800'baaf    0x52  Code  Gb  peref.o [5]
peref_2KHzCalc           0x800'baad     0x2  Code  Gb  peref.o [5]
peref_50HzCalc           0x800'bb01    0x54  Code  Gb  peref.o [5]
peref_74HC595D           0x800'bea1    0x34  Code  Gb  peref.o [5]
peref_ApFilter1Calc      0x800'dc79    0x22  Code  Gb  peref_ApFilter1.o [5]
peref_Init               0x800'b895   0x14e  Code  Gb  peref.o [5]
sqrt                     0x800'dca1          Code  Gb  sqrt.o [10]
sqrtl                    0x800'dca1          Code  Gb  sqrt.o [10]
strchr                   0x800'6f9d          Code  Gb  strchr.o [11]
strcmp                   0x800'6f55          Code  Gb  strcmp.o [11]
tskCnt10Hz              0x2400'04e8     0x4  Data  Gb  g_InterruptUpdate.o [4]
tskCnt200Hz             0x2400'04e0     0x4  Data  Gb  g_InterruptUpdate.o [4]
tskCnt2kHz              0x2400'04dc     0x4  Data  Gb  g_InterruptUpdate.o [4]
tskCnt50Hz              0x2400'04e4     0x4  Data  Gb  g_InterruptUpdate.o [4]
tskMaxCnt10Hz           0x2400'04fc     0x4  Data  Gb  g_InterruptUpdate.o [4]
tskMaxCnt18kHz          0x2400'04ec     0x4  Data  Gb  g_InterruptUpdate.o [4]
tskMaxCnt200Hz          0x2400'04f4     0x4  Data  Gb  g_InterruptUpdate.o [4]
tskMaxCnt2kHz           0x2400'04f0     0x4  Data  Gb  g_InterruptUpdate.o [4]
tskMaxCnt50Hz           0x2400'04f8     0x4  Data  Gb  g_InterruptUpdate.o [4]
uwTick                  0x2400'0b6c     0x4  Data  Gb  stm32h7xx_hal.o [8]
uwTickFreq              0x2400'0b68     0x1  Data  Gb  stm32h7xx_hal.o [8]
uwTickPrio              0x2400'0b70     0x4  Data  Gb  stm32h7xx_hal.o [8]
values                   0x800'3a34   0xfd0  Data  Gb  core_Menu.o [3]


[1] = C:\Projects\EBU-6\EBU6\EWARM\EBU6\Obj\Application\EWARM
[2] = C:\Projects\EBU-6\EBU6\EWARM\EBU6\Obj\Application\User\Core
[3] = C:\Projects\EBU-6\EBU6\EWARM\EBU6\Obj\Application\User\Core\Core
[4] = C:\Projects\EBU-6\EBU6\EWARM\EBU6\Obj\Application\User\Core\Global
[5] = C:\Projects\EBU-6\EBU6\EWARM\EBU6\Obj\Application\User\Core\Peref
[6] = C:\Projects\EBU-6\EBU6\EWARM\EBU6\Obj\Application\User\Core\Stat
[7] = C:\Projects\EBU-6\EBU6\EWARM\EBU6\Obj\Drivers\CMSIS
[8] = C:\Projects\EBU-6\EBU6\EWARM\EBU6\Obj\Drivers\STM32H7xx_HAL_Driver
[9] = dl7M_tlf.a
[10] = m7M_tlv.a
[11] = rt7M_tl.a
[12] = shb_l.a

  39'770 bytes of readonly  code memory
  18'751 bytes of readonly  data memory
  23'452 bytes of readwrite data memory

Errors: none
Warnings: none
