###############################################################################
#
# IAR ELF Linker V9.10.2.313/W64 for ARM                  12/Jun/2022  13:25:55
# Copyright 2007-2021 IAR Systems AB.
#
#    Output file  =  C:\work\ebu6\EBU6\EWARM\EBU6\Exe\EBU6.out
#    Map file     =  C:\work\ebu6\EBU6\EWARM\EBU6\List\EBU6.map
#    Command line =
#        -f C:\work\ebu6\EBU6\EWARM\EBU6\List\EBU6.map.rsp
#        (C:\work\ebu6\EBU6\EWARM\EBU6\Obj\Application\User\Core\add_ValueConv.o
#        C:\work\ebu6\EBU6\EWARM\EBU6\Obj\Application\User\Core\Peref\CMS58M.o
#        C:\work\ebu6\EBU6\EWARM\EBU6\Obj\Application\User\Core\Comm\comm.o
#        C:\work\ebu6\EBU6\EWARM\EBU6\Obj\Application\User\Core\Comm\comm_ModbusRtu.o
#        C:\work\ebu6\EBU6\EWARM\EBU6\Obj\Application\User\Core\Comm\comm_SerialComm.o
#        C:\work\ebu6\EBU6\EWARM\EBU6\Obj\Application\User\Core\Core\core_InverterControl.o
#        C:\work\ebu6\EBU6\EWARM\EBU6\Obj\Application\User\Core\Core\core_Menu.o
#        C:\work\ebu6\EBU6\EWARM\EBU6\Obj\Application\User\Core\Core\core_VlvDrvCtrl.o
#        C:\work\ebu6\EBU6\EWARM\EBU6\Obj\Application\User\Core\Core\g_Core.o
#        C:\work\ebu6\EBU6\EWARM\EBU6\Obj\Application\User\Core\Global\g_InterruptUpdate.o
#        C:\work\ebu6\EBU6\EWARM\EBU6\Obj\Application\User\Core\Global\g_Ram.o
#        C:\work\ebu6\EBU6\EWARM\EBU6\Obj\Application\User\Core\main.o
#        C:\work\ebu6\EBU6\EWARM\EBU6\Obj\Application\User\Core\Peref\peref.o
#        C:\work\ebu6\EBU6\EWARM\EBU6\Obj\Application\User\Core\Peref\peref_ApFilter1.o
#        C:\work\ebu6\EBU6\EWARM\EBU6\Obj\Application\User\Core\Peref\peref_ApFilter3.o
#        C:\work\ebu6\EBU6\EWARM\EBU6\Obj\Application\User\Core\Peref\peref_Calibs.o
#        C:\work\ebu6\EBU6\EWARM\EBU6\Obj\Application\User\Core\Peref\peref_Clock.o
#        C:\work\ebu6\EBU6\EWARM\EBU6\Obj\Application\User\Core\Peref\peref_display.o
#        C:\work\ebu6\EBU6\EWARM\EBU6\Obj\Application\User\Core\Peref\peref_SensObserver.o
#        C:\work\ebu6\EBU6\EWARM\EBU6\Obj\Application\User\Core\Peref\peref_SinObserver.o
#        C:\work\ebu6\EBU6\EWARM\EBU6\Obj\Application\EWARM\startup_stm32h743xx.o
#        C:\work\ebu6\EBU6\EWARM\EBU6\Obj\Application\User\Core\Stat\stat.o
#        C:\work\ebu6\EBU6\EWARM\EBU6\Obj\Application\User\Core\Stat\stat_fm25v10.o
#        C:\work\ebu6\EBU6\EWARM\EBU6\Obj\Drivers\STM32H7xx_HAL_Driver\stm32h7xx_hal.o
#        C:\work\ebu6\EBU6\EWARM\EBU6\Obj\Drivers\STM32H7xx_HAL_Driver\stm32h7xx_hal_adc.o
#        C:\work\ebu6\EBU6\EWARM\EBU6\Obj\Drivers\STM32H7xx_HAL_Driver\stm32h7xx_hal_adc_ex.o
#        C:\work\ebu6\EBU6\EWARM\EBU6\Obj\Drivers\STM32H7xx_HAL_Driver\stm32h7xx_hal_cortex.o
#        C:\work\ebu6\EBU6\EWARM\EBU6\Obj\Drivers\STM32H7xx_HAL_Driver\stm32h7xx_hal_dma.o
#        C:\work\ebu6\EBU6\EWARM\EBU6\Obj\Drivers\STM32H7xx_HAL_Driver\stm32h7xx_hal_dma_ex.o
#        C:\work\ebu6\EBU6\EWARM\EBU6\Obj\Drivers\STM32H7xx_HAL_Driver\stm32h7xx_hal_exti.o
#        C:\work\ebu6\EBU6\EWARM\EBU6\Obj\Drivers\STM32H7xx_HAL_Driver\stm32h7xx_hal_fdcan.o
#        C:\work\ebu6\EBU6\EWARM\EBU6\Obj\Drivers\STM32H7xx_HAL_Driver\stm32h7xx_hal_flash.o
#        C:\work\ebu6\EBU6\EWARM\EBU6\Obj\Drivers\STM32H7xx_HAL_Driver\stm32h7xx_hal_flash_ex.o
#        C:\work\ebu6\EBU6\EWARM\EBU6\Obj\Drivers\STM32H7xx_HAL_Driver\stm32h7xx_hal_gpio.o
#        C:\work\ebu6\EBU6\EWARM\EBU6\Obj\Drivers\STM32H7xx_HAL_Driver\stm32h7xx_hal_hrtim.o
#        C:\work\ebu6\EBU6\EWARM\EBU6\Obj\Drivers\STM32H7xx_HAL_Driver\stm32h7xx_hal_hsem.o
#        C:\work\ebu6\EBU6\EWARM\EBU6\Obj\Drivers\STM32H7xx_HAL_Driver\stm32h7xx_hal_i2c.o
#        C:\work\ebu6\EBU6\EWARM\EBU6\Obj\Drivers\STM32H7xx_HAL_Driver\stm32h7xx_hal_i2c_ex.o
#        C:\work\ebu6\EBU6\EWARM\EBU6\Obj\Drivers\STM32H7xx_HAL_Driver\stm32h7xx_hal_mdma.o
#        C:\work\ebu6\EBU6\EWARM\EBU6\Obj\Application\User\Core\stm32h7xx_hal_msp.o
#        C:\work\ebu6\EBU6\EWARM\EBU6\Obj\Drivers\STM32H7xx_HAL_Driver\stm32h7xx_hal_pwr.o
#        C:\work\ebu6\EBU6\EWARM\EBU6\Obj\Drivers\STM32H7xx_HAL_Driver\stm32h7xx_hal_pwr_ex.o
#        C:\work\ebu6\EBU6\EWARM\EBU6\Obj\Drivers\STM32H7xx_HAL_Driver\stm32h7xx_hal_rcc.o
#        C:\work\ebu6\EBU6\EWARM\EBU6\Obj\Drivers\STM32H7xx_HAL_Driver\stm32h7xx_hal_rcc_ex.o
#        C:\work\ebu6\EBU6\EWARM\EBU6\Obj\Drivers\STM32H7xx_HAL_Driver\stm32h7xx_hal_rtc.o
#        C:\work\ebu6\EBU6\EWARM\EBU6\Obj\Drivers\STM32H7xx_HAL_Driver\stm32h7xx_hal_rtc_ex.o
#        C:\work\ebu6\EBU6\EWARM\EBU6\Obj\Drivers\STM32H7xx_HAL_Driver\stm32h7xx_hal_spi.o
#        C:\work\ebu6\EBU6\EWARM\EBU6\Obj\Drivers\STM32H7xx_HAL_Driver\stm32h7xx_hal_spi_ex.o
#        C:\work\ebu6\EBU6\EWARM\EBU6\Obj\Drivers\STM32H7xx_HAL_Driver\stm32h7xx_hal_tim.o
#        C:\work\ebu6\EBU6\EWARM\EBU6\Obj\Drivers\STM32H7xx_HAL_Driver\stm32h7xx_hal_tim_ex.o
#        C:\work\ebu6\EBU6\EWARM\EBU6\Obj\Drivers\STM32H7xx_HAL_Driver\stm32h7xx_hal_uart.o
#        C:\work\ebu6\EBU6\EWARM\EBU6\Obj\Drivers\STM32H7xx_HAL_Driver\stm32h7xx_hal_uart_ex.o
#        C:\work\ebu6\EBU6\EWARM\EBU6\Obj\Application\User\Core\stm32h7xx_it.o
#        C:\work\ebu6\EBU6\EWARM\EBU6\Obj\Drivers\CMSIS\system_stm32h7xx.o
#        --no_out_extension -o C:\work\ebu6\EBU6\EWARM\EBU6\Exe\EBU6.out --map
#        C:\work\ebu6\EBU6\EWARM\EBU6\List\EBU6.map --config "C:\Program
#        Files\IAR Systems\Embedded Workbench
#        9.0\arm\config\linker\ST\stm32h743xI.icf" --semihosting --entry
#        __iar_program_start --vfe --text_out locale)
#
###############################################################################

*******************************************************************************
*** RUNTIME MODEL ATTRIBUTES
***

CppFlavor       = *
__SystemLibrary = DLib
__dlib_version  = 6


*******************************************************************************
*** HEAP SELECTION
***

The basic heap was selected because no calls to memory allocation
functions were found in the application outside of system library
functions, and there are calls to deallocation functions in the
application.


*******************************************************************************
*** PLACEMENT SUMMARY
***

"A0":  place at address 0x800'0000 { ro section .intvec };
"P1":  place in [from 0x800'0000 to 0x80f'ffff repeat 2] { ro };
define block CSTACK with size = 8K, alignment = 8 { };
define block PROC_STACK with size = 0, alignment = 8 { };
"P4":  place in [from 0x2000'0000 to 0x2000'ffff repeat 2] {
          rw, section .dtcm_ram, block CSTACK, block PROC_STACK };
initialize by copy { rw };

No sections matched the following patterns:

  ro section application_specific_ro  in "P2|P8"
  rw section application_specific_rw  in "P2|P8"
  section .axi_sram                   in "P5"
  section .backup_sram                in "P7"
  section .dtcm_ram                   in "P4"
  section .sram                       in "P6"
  section .textrw                     in "P3"


  Section            Kind         Address      Size  Object
  -------            ----         -------      ----  ------
"A0":                                         0x298
  .intvec            ro code   0x800'0000     0x298  startup_stm32h743xx.o [1]
                             - 0x800'0298     0x298

"P1":                                      0x1'7b33
  .rodata            const     0x800'0298    0x4ee4  core_Menu.o [4]
  .text              ro code   0x800'517c    0x1e54  stm32h7xx_hal_dma.o [9]
  .text              ro code   0x800'6fd0       0xc  stm32h7xx_hal.o [9]
  .text              ro code   0x800'6fdc    0x1b40  stm32h7xx_hal_rcc_ex.o [9]
  .text              ro code   0x800'8b1c     0x5f4  stm32h7xx_hal_rcc.o [9]
  .text              ro code   0x800'9110      0x58  stm32h7xx_hal.o [9]
  .text              ro code   0x800'9168     0x158  stm32h7xx_hal_cortex.o [9]
  .text              ro code   0x800'92c0    0x1860  core_Menu.o [4]
  .text              ro code   0x800'ab20      0x18  strcpy.o [12]
  .text              ro code   0x800'ab38      0x66  ABImemset.o [12]
  .text              ro code   0x800'aba0     0x1f2  add_ValueConv.o [2]
  .text              ro code   0x800'ad94      0x36  strlen.o [12]
  .text              ro code   0x800'adcc      0x12  strcmp.o [12]
  .text              ro code   0x800'adde      0x3e  peref_Clock.o [6]
  .text              ro code   0x800'ae1c      0x16  strchr.o [12]
  .text              ro code   0x800'ae34      0xa6  ABImemcpy.o [12]
  .text              ro code   0x800'aeda      0x32  stat.o [7]
  .text              ro code   0x800'af0c      0xd4  g_Ram.o [5]
  .text              ro code   0x800'afe0     0x2c4  stat_fm25v10.o [7]
  .text              ro code   0x800'b2a4    0x1054  peref.o [6]
  .text              ro code   0x800'c2f8     0x2b4  stm32h7xx_hal_gpio.o [9]
  .text              ro code   0x800'c5ac     0xf2e  stm32h7xx_hal_spi.o [9]
  .text              ro code   0x800'd4dc     0x3a0  peref_display.o [6]
  .text              ro code   0x800'd87c      0x74  peref_ApFilter1.o [6]
  .text              ro code   0x800'd8f0     0x2c8  peref_SensObserver.o [6]
  .text              ro code   0x800'dbb8      0xb4  peref_SinObserver.o [6]
  .text              ro code   0x800'dc6c     0x2b4  CMS58M.o [6]
  .text              ro code   0x800'df20      0xcc  peref_Calibs.o [6]
  .text              ro code   0x800'dfec       0x8  abs.o [10]
  .text              ro code   0x800'dff4     0x452  stm32h7xx_hal_rtc.o [9]
  .text              ro code   0x800'e448     0x988  stm32h7xx_hal_msp.o [2]
  .text              ro code   0x800'edd0       0x2  stm32h7xx_hal_spi.o [9]
  .text              ro code   0x800'edd2       0x2  stm32h7xx_hal_spi.o [9]
  .text              ro code   0x800'edd4       0x2  stm32h7xx_hal_spi.o [9]
  .text              ro code   0x800'edd6       0x2  stm32h7xx_hal_spi.o [9]
  .text              ro code   0x800'edd8      0x1e  sqrt.o [11]
  .text              ro code   0x800'edf8     0x804  stm32h7xx_hal_fdcan.o [9]
  .text              ro code   0x800'f5fc    0x1170  main.o [2]
  .text              ro code   0x801'076c      0xa8  stm32h7xx_hal.o [9]
  .text              ro code   0x801'0814    0x105c  stm32h7xx_hal_adc.o [9]
  .text              ro code   0x801'1870    0x129c  g_Core.o [4]
  .text              ro code   0x801'2b0c       0x6  comm.o [3]
  .text              ro code   0x801'2b14     0xd1e  stm32h7xx_hal_tim.o [9]
  .text              ro code   0x801'3834      0x64  stm32h7xx_hal_pwr_ex.o [9]
  .text              ro code   0x801'3898      0x14  stm32h7xx_hal_pwr.o [9]
  .text              ro code   0x801'38ac     0x73c  stm32h7xx_hal_rcc.o [9]
  .text              ro code   0x801'3fe8     0x174  stm32h7xx_hal_adc_ex.o [9]
  .text              ro code   0x801'415c     0x8ba  stm32h7xx_hal_hrtim.o [9]
  .text              ro code   0x801'4a18     0x2f4  stm32h7xx_hal_tim_ex.o [9]
  .text              ro code   0x801'4d0c     0x868  stm32h7xx_hal_uart.o [9]
  .text              ro code   0x801'5574     0x16c  stm32h7xx_hal_uart_ex.o [9]
  .text              ro code   0x801'56e0       0x2  stm32h7xx_hal_adc_ex.o [9]
  .text              ro code   0x801'56e2       0x2  stm32h7xx_hal_adc.o [9]
  .text              ro code   0x801'56e4       0x2  stm32h7xx_hal_adc_ex.o [9]
  .text              ro code   0x801'56e6       0x2  stm32h7xx_hal_adc.o [9]
  .text              ro code   0x801'56e8       0x2  stm32h7xx_hal_adc_ex.o [9]
  .text              ro code   0x801'56ea       0x2  stm32h7xx_hal_adc_ex.o [9]
  .text              ro code   0x801'56ec       0x2  stm32h7xx_hal_adc.o [9]
  .text              ro code   0x801'56ee       0x2  stm32h7xx_hal_adc_ex.o [9]
  .text              ro code   0x801'56f0       0x2  stm32h7xx_hal_adc.o [9]
  .text              ro code   0x801'56f4     0x4de  core_VlvDrvCtrl.o [4]
  .text              ro code   0x801'5bd4     0x1d4  cos_sin32.o [11]
  .text              ro code   0x801'5da8      0x2a  fmin.o [11]
  .text              ro code   0x801'5dd4      0x2e  fmax.o [11]
  .text              ro code   0x801'5e02       0x2  stm32h7xx_hal_tim.o [9]
  .text              ro code   0x801'5e04       0x2  stm32h7xx_hal_tim.o [9]
  .text              ro code   0x801'5e06       0x2  stm32h7xx_hal_tim.o [9]
  .text              ro code   0x801'5e08       0x2  stm32h7xx_hal_tim.o [9]
  .text              ro code   0x801'5e0a       0x2  stm32h7xx_hal_tim.o [9]
  .text              ro code   0x801'5e0c       0x2  stm32h7xx_hal_tim_ex.o [9]
  .text              ro code   0x801'5e0e       0x2  stm32h7xx_hal_tim_ex.o [9]
  .text              ro code   0x801'5e10       0x2  stm32h7xx_hal_tim.o [9]
  .text              ro code   0x801'5e12       0x2  stm32h7xx_hal_tim_ex.o [9]
  .text              ro code   0x801'5e14     0x230  I64DivMod.o [12]
  .text              ro code   0x801'6044       0x2  I64DivZer.o [12]
  .rodata            const     0x801'6048     0xe50  core_Menu.o [4]
  .text              ro code   0x801'6e98     0x1fc  g_InterruptUpdate.o [5]
  .text              ro code   0x801'7094     0x1f0  lz77_init.o [12]
  .text              ro code   0x801'7284       0x6  abort.o [10]
  .text              ro code   0x801'728c      0x14  exit.o [13]
  .text              ro code   0x801'72a0     0x198  comm_ModbusRtu.o [3]
  .text              ro code   0x801'7438     0x13c  system_stm32h7xx.o [8]
  .text              ro code   0x801'7574      0xa8  stm32h7xx_it.o [2]
  .text              ro code   0x801'761c      0x18  stm32h7xx_hal.o [9]
  .rodata            const     0x801'7634      0xa0  core_Menu.o [4]
  .rodata            const     0x801'76d4      0x4c  stm32h7xx_hal_fdcan.o [9]
  .text              ro code   0x801'7720      0x38  zero_init3.o [12]
  .text              ro code   0x801'7758      0x28  data_init.o [12]
  .text              ro code   0x801'7780      0x22  fpinit_M.o [11]
  .iar.init_table    const     0x801'77a4      0x2c  - Linker created -
  .text              ro code   0x801'77d0      0x1e  cmain.o [12]
  .text              ro code   0x801'77ee       0x4  low_level_init.o [10]
  .text              ro code   0x801'77f2       0x4  exit.o [10]
  .text              ro code   0x801'77f8       0xa  cexit.o [12]
  .text              ro code   0x801'7804      0x1c  cstartup_M.o [12]
  .rodata            const     0x801'7820      0x18  stm32h7xx_hal_uart.o [9]
  .rodata            const     0x801'7838      0x10  stm32h7xx_hal_fdcan.o [9]
  .rodata            const     0x801'7848      0x10  system_stm32h7xx.o [8]
  .text              ro code   0x801'7858      0x10  startup_stm32h743xx.o [1]
  .text              ro code   0x801'7868       0xc  comm_SerialComm.o [3]
  .rodata            const     0x801'7874       0x8  CMS58M.o [6]
  .rodata            const     0x801'787c       0x8  core_Menu.o [4]
  .rodata            const     0x801'7884       0x8  stm32h7xx_hal_dma.o [9]
  .rodata            const     0x801'788c       0x8  stm32h7xx_hal_uart_ex.o [9]
  .rodata            const     0x801'7894       0x8  stm32h7xx_hal_uart_ex.o [9]
  .rodata            const     0x801'789c       0x4  CMS58M.o [6]
  .text              ro code   0x801'78a0       0x4  startup_stm32h743xx.o [1]
  .text              ro code   0x801'78a4       0x4  startup_stm32h743xx.o [1]
  .text              ro code   0x801'78a8       0x4  startup_stm32h743xx.o [1]
  .text              ro code   0x801'78ac       0x4  startup_stm32h743xx.o [1]
  .text              ro code   0x801'78b0       0x4  startup_stm32h743xx.o [1]
  .text              ro code   0x801'78b4       0x4  startup_stm32h743xx.o [1]
  .text              ro code   0x801'78b8       0x4  startup_stm32h743xx.o [1]
  .text              ro code   0x801'78bc       0x4  startup_stm32h743xx.o [1]
  .text              ro code   0x801'78c0       0x4  startup_stm32h743xx.o [1]
  .text              ro code   0x801'78c4       0x4  startup_stm32h743xx.o [1]
  .text              ro code   0x801'78c8       0x4  startup_stm32h743xx.o [1]
  .text              ro code   0x801'78cc       0x4  startup_stm32h743xx.o [1]
  .text              ro code   0x801'78d0       0x4  startup_stm32h743xx.o [1]
  .text              ro code   0x801'78d4       0x4  startup_stm32h743xx.o [1]
  .text              ro code   0x801'78d8       0x4  startup_stm32h743xx.o [1]
  .text              ro code   0x801'78dc       0x4  startup_stm32h743xx.o [1]
  .text              ro code   0x801'78e0       0x4  startup_stm32h743xx.o [1]
  .text              ro code   0x801'78e4       0x4  startup_stm32h743xx.o [1]
  .text              ro code   0x801'78e8       0x4  startup_stm32h743xx.o [1]
  .text              ro code   0x801'78ec       0x4  startup_stm32h743xx.o [1]
  .text              ro code   0x801'78f0       0x4  startup_stm32h743xx.o [1]
  .text              ro code   0x801'78f4       0x4  startup_stm32h743xx.o [1]
  .text              ro code   0x801'78f8       0x4  startup_stm32h743xx.o [1]
  .text              ro code   0x801'78fc       0x4  startup_stm32h743xx.o [1]
  .text              ro code   0x801'7900       0x4  startup_stm32h743xx.o [1]
  .text              ro code   0x801'7904       0x4  startup_stm32h743xx.o [1]
  .text              ro code   0x801'7908       0x4  startup_stm32h743xx.o [1]
  .text              ro code   0x801'790c       0x4  startup_stm32h743xx.o [1]
  .text              ro code   0x801'7910       0x4  startup_stm32h743xx.o [1]
  .text              ro code   0x801'7914       0x4  startup_stm32h743xx.o [1]
  .text              ro code   0x801'7918       0x4  startup_stm32h743xx.o [1]
  .text              ro code   0x801'791c       0x4  startup_stm32h743xx.o [1]
  .text              ro code   0x801'7920       0x4  startup_stm32h743xx.o [1]
  .text              ro code   0x801'7924       0x4  startup_stm32h743xx.o [1]
  .text              ro code   0x801'7928       0x4  startup_stm32h743xx.o [1]
  .text              ro code   0x801'792c       0x4  startup_stm32h743xx.o [1]
  .text              ro code   0x801'7930       0x4  startup_stm32h743xx.o [1]
  .text              ro code   0x801'7934       0x4  startup_stm32h743xx.o [1]
  .text              ro code   0x801'7938       0x4  startup_stm32h743xx.o [1]
  .text              ro code   0x801'793c       0x4  startup_stm32h743xx.o [1]
  .text              ro code   0x801'7940       0x4  startup_stm32h743xx.o [1]
  .text              ro code   0x801'7944       0x4  startup_stm32h743xx.o [1]
  .text              ro code   0x801'7948       0x4  startup_stm32h743xx.o [1]
  .text              ro code   0x801'794c       0x4  startup_stm32h743xx.o [1]
  .text              ro code   0x801'7950       0x4  startup_stm32h743xx.o [1]
  .text              ro code   0x801'7954       0x4  startup_stm32h743xx.o [1]
  .text              ro code   0x801'7958       0x4  startup_stm32h743xx.o [1]
  .text              ro code   0x801'795c       0x4  startup_stm32h743xx.o [1]
  .text              ro code   0x801'7960       0x4  startup_stm32h743xx.o [1]
  .text              ro code   0x801'7964       0x4  startup_stm32h743xx.o [1]
  .text              ro code   0x801'7968       0x4  startup_stm32h743xx.o [1]
  .text              ro code   0x801'796c       0x4  startup_stm32h743xx.o [1]
  .text              ro code   0x801'7970       0x4  startup_stm32h743xx.o [1]
  .text              ro code   0x801'7974       0x4  startup_stm32h743xx.o [1]
  .text              ro code   0x801'7978       0x4  startup_stm32h743xx.o [1]
  .text              ro code   0x801'797c       0x4  startup_stm32h743xx.o [1]
  .text              ro code   0x801'7980       0x4  startup_stm32h743xx.o [1]
  .text              ro code   0x801'7984       0x4  startup_stm32h743xx.o [1]
  .text              ro code   0x801'7988       0x4  startup_stm32h743xx.o [1]
  .text              ro code   0x801'798c       0x4  startup_stm32h743xx.o [1]
  .text              ro code   0x801'7990       0x4  startup_stm32h743xx.o [1]
  .text              ro code   0x801'7994       0x4  startup_stm32h743xx.o [1]
  .text              ro code   0x801'7998       0x4  startup_stm32h743xx.o [1]
  .text              ro code   0x801'799c       0x4  startup_stm32h743xx.o [1]
  .text              ro code   0x801'79a0       0x4  startup_stm32h743xx.o [1]
  .text              ro code   0x801'79a4       0x4  startup_stm32h743xx.o [1]
  .text              ro code   0x801'79a8       0x4  startup_stm32h743xx.o [1]
  .text              ro code   0x801'79ac       0x4  startup_stm32h743xx.o [1]
  .text              ro code   0x801'79b0       0x4  startup_stm32h743xx.o [1]
  .text              ro code   0x801'79b4       0x4  startup_stm32h743xx.o [1]
  .text              ro code   0x801'79b8       0x4  startup_stm32h743xx.o [1]
  .text              ro code   0x801'79bc       0x4  startup_stm32h743xx.o [1]
  .text              ro code   0x801'79c0       0x4  startup_stm32h743xx.o [1]
  .text              ro code   0x801'79c4       0x4  startup_stm32h743xx.o [1]
  .text              ro code   0x801'79c8       0x4  startup_stm32h743xx.o [1]
  .text              ro code   0x801'79cc       0x4  startup_stm32h743xx.o [1]
  .text              ro code   0x801'79d0       0x4  startup_stm32h743xx.o [1]
  .text              ro code   0x801'79d4       0x4  startup_stm32h743xx.o [1]
  .text              ro code   0x801'79d8       0x4  startup_stm32h743xx.o [1]
  .text              ro code   0x801'79dc       0x4  startup_stm32h743xx.o [1]
  .text              ro code   0x801'79e0       0x4  startup_stm32h743xx.o [1]
  .text              ro code   0x801'79e4       0x4  startup_stm32h743xx.o [1]
  .text              ro code   0x801'79e8       0x4  startup_stm32h743xx.o [1]
  .text              ro code   0x801'79ec       0x4  startup_stm32h743xx.o [1]
  .text              ro code   0x801'79f0       0x4  startup_stm32h743xx.o [1]
  .text              ro code   0x801'79f4       0x4  startup_stm32h743xx.o [1]
  .text              ro code   0x801'79f8       0x4  startup_stm32h743xx.o [1]
  .text              ro code   0x801'79fc       0x4  startup_stm32h743xx.o [1]
  .text              ro code   0x801'7a00       0x4  startup_stm32h743xx.o [1]
  .text              ro code   0x801'7a04       0x4  startup_stm32h743xx.o [1]
  .text              ro code   0x801'7a08       0x4  startup_stm32h743xx.o [1]
  .text              ro code   0x801'7a0c       0x4  startup_stm32h743xx.o [1]
  .text              ro code   0x801'7a10       0x4  startup_stm32h743xx.o [1]
  .text              ro code   0x801'7a14       0x4  startup_stm32h743xx.o [1]
  .text              ro code   0x801'7a18       0x4  startup_stm32h743xx.o [1]
  .text              ro code   0x801'7a1c       0x4  startup_stm32h743xx.o [1]
  .text              ro code   0x801'7a20       0x4  startup_stm32h743xx.o [1]
  .text              ro code   0x801'7a24       0x4  startup_stm32h743xx.o [1]
  .text              ro code   0x801'7a28       0x4  startup_stm32h743xx.o [1]
  .text              ro code   0x801'7a2c       0x4  startup_stm32h743xx.o [1]
  .text              ro code   0x801'7a30       0x4  startup_stm32h743xx.o [1]
  .text              ro code   0x801'7a34       0x4  startup_stm32h743xx.o [1]
  .text              ro code   0x801'7a38       0x4  startup_stm32h743xx.o [1]
  .text              ro code   0x801'7a3c       0x4  startup_stm32h743xx.o [1]
  .text              ro code   0x801'7a40       0x4  startup_stm32h743xx.o [1]
  .text              ro code   0x801'7a44       0x4  startup_stm32h743xx.o [1]
  .text              ro code   0x801'7a48       0x4  startup_stm32h743xx.o [1]
  .text              ro code   0x801'7a4c       0x4  startup_stm32h743xx.o [1]
  .text              ro code   0x801'7a50       0x4  startup_stm32h743xx.o [1]
  .text              ro code   0x801'7a54       0x4  startup_stm32h743xx.o [1]
  .text              ro code   0x801'7a58       0x4  startup_stm32h743xx.o [1]
  .text              ro code   0x801'7a5c       0x4  startup_stm32h743xx.o [1]
  .text              ro code   0x801'7a60       0x4  startup_stm32h743xx.o [1]
  .text              ro code   0x801'7a64       0x4  startup_stm32h743xx.o [1]
  .text              ro code   0x801'7a68       0x4  startup_stm32h743xx.o [1]
  .text              ro code   0x801'7a6c       0x4  startup_stm32h743xx.o [1]
  .text              ro code   0x801'7a70       0x4  startup_stm32h743xx.o [1]
  .text              ro code   0x801'7a74       0x4  startup_stm32h743xx.o [1]
  .text              ro code   0x801'7a78       0x4  startup_stm32h743xx.o [1]
  .text              ro code   0x801'7a7c       0x4  startup_stm32h743xx.o [1]
  .text              ro code   0x801'7a80       0x4  startup_stm32h743xx.o [1]
  .text              ro code   0x801'7a84       0x4  startup_stm32h743xx.o [1]
  .text              ro code   0x801'7a88       0x4  startup_stm32h743xx.o [1]
  .text              ro code   0x801'7a8c       0x4  startup_stm32h743xx.o [1]
  .text              ro code   0x801'7a90       0x4  startup_stm32h743xx.o [1]
  .text              ro code   0x801'7a94       0x4  startup_stm32h743xx.o [1]
  .text              ro code   0x801'7a98       0x4  startup_stm32h743xx.o [1]
  .text              ro code   0x801'7a9c       0x4  startup_stm32h743xx.o [1]
  .text              ro code   0x801'7aa0       0x4  startup_stm32h743xx.o [1]
  .text              ro code   0x801'7aa4       0x4  startup_stm32h743xx.o [1]
  .text              ro code   0x801'7aa8       0x4  startup_stm32h743xx.o [1]
  .text              ro code   0x801'7aac       0x4  startup_stm32h743xx.o [1]
  .rodata            const     0x801'7ab0       0x0  zero_init3.o [12]
  .rodata            const     0x801'7ab0       0x0  lz77_init.o [12]
  Initializer bytes  const     0x801'7ab0     0x31b  <for P4 s0>
                             - 0x801'7dcb  0x1'7b33

"P4", part 1 of 3:                            0x4e7
  P4 s0                       0x2000'0000     0x4e7  <Init block>
    .data            inited   0x2000'0000     0x108  peref.o [6]
    .data            inited   0x2000'0108     0x108  peref.o [6]
    .data            inited   0x2000'0210      0xd8  g_InterruptUpdate.o [5]
    .data            inited   0x2000'02e8      0x70  peref_display.o [6]
    .data            inited   0x2000'0358      0x60  g_InterruptUpdate.o [5]
    .data            inited   0x2000'03b8      0x44  peref_display.o [6]
    .data            inited   0x2000'03fc      0x30  g_InterruptUpdate.o [5]
    .data            inited   0x2000'042c      0x24  g_InterruptUpdate.o [5]
    .data            inited   0x2000'0450      0x24  peref.o [6]
    .data            inited   0x2000'0474      0x18  g_InterruptUpdate.o [5]
    .data            inited   0x2000'048c      0x18  stm32h7xx_hal_hrtim.o [9]
    .data            inited   0x2000'04a4       0x4  g_Core.o [4]
    .data            inited   0x2000'04a8       0x4  g_Core.o [4]
    .data            inited   0x2000'04ac       0x4  g_Core.o [4]
    .data            inited   0x2000'04b0       0x4  g_Core.o [4]
    .data            inited   0x2000'04b4       0x4  g_Core.o [4]
    .data            inited   0x2000'04b8       0x4  g_InterruptUpdate.o [5]
    .data            inited   0x2000'04bc       0x4  g_InterruptUpdate.o [5]
    .data            inited   0x2000'04c0       0x4  g_InterruptUpdate.o [5]
    .data            inited   0x2000'04c4       0x4  g_InterruptUpdate.o [5]
    .data            inited   0x2000'04c8       0x4  g_InterruptUpdate.o [5]
    .data            inited   0x2000'04cc       0x4  peref.o [6]
    .data            inited   0x2000'04d0       0x4  peref.o [6]
    .data            inited   0x2000'04d4       0x4  stm32h7xx_hal.o [9]
    .data            inited   0x2000'04d8       0x4  system_stm32h7xx.o [8]
    .data            inited   0x2000'04dc       0x4  system_stm32h7xx.o [8]
    .data            inited   0x2000'04e0       0x1  add_ValueConv.o [2]
    .data            inited   0x2000'04e1       0x1  add_ValueConv.o [2]
    .data            inited   0x2000'04e2       0x1  add_ValueConv.o [2]
    .data            inited   0x2000'04e3       0x1  add_ValueConv.o [2]
    .data            inited   0x2000'04e4       0x1  g_Core.o [4]
    .data            inited   0x2000'04e5       0x1  peref.o [6]
    .data            inited   0x2000'04e6       0x1  stm32h7xx_hal.o [9]
                            - 0x2000'04e7     0x4e7

"P4", part 2 of 3:                           0x2804
  .bss               zero     0x2000'04e8     0x8c8  g_Ram.o [5]
  .bss               zero     0x2000'0db0     0x7e4  peref.o [6]
  .bss               zero     0x2000'1594     0x728  comm.o [3]
  .bss               zero     0x2000'1cbc     0x4e0  g_Core.o [4]
  .bss               zero     0x2000'219c     0x218  core_Menu.o [4]
  .bss               zero     0x2000'23b4      0xdc  main.o [2]
  .bss               zero     0x2000'2490      0xc0  stat.o [7]
  .bss               zero     0x2000'2550      0xa0  main.o [2]
  .bss               zero     0x2000'25f0      0x90  main.o [2]
  .bss               zero     0x2000'2680      0x90  main.o [2]
  .bss               zero     0x2000'2710      0x90  main.o [2]
  .bss               zero     0x2000'27a0      0x90  main.o [2]
  .bss               zero     0x2000'2830      0x88  main.o [2]
  .bss               zero     0x2000'28b8      0x88  main.o [2]
  .bss               zero     0x2000'2940      0x78  main.o [2]
  .bss               zero     0x2000'29b8      0x78  main.o [2]
  .bss               zero     0x2000'2a30      0x64  main.o [2]
  .bss               zero     0x2000'2a94      0x64  main.o [2]
  .bss               zero     0x2000'2af8      0x4c  main.o [2]
  .bss               zero     0x2000'2b44      0x4c  main.o [2]
  .bss               zero     0x2000'2b90      0x34  g_Core.o [4]
  .bss               zero     0x2000'2bc4      0x28  CMS58M.o [6]
  .bss               zero     0x2000'2bec      0x24  CMS58M.o [6]
  .bss               zero     0x2000'2c10      0x24  main.o [2]
  .bss               zero     0x2000'2c34       0x4  comm_ModbusRtu.o [3]
  .bss               zero     0x2000'2c38       0x4  comm_ModbusRtu.o [3]
  .bss               zero     0x2000'2c3c       0x4  core_Menu.o [4]
  .bss               zero     0x2000'2c40       0x4  core_Menu.o [4]
  .bss               zero     0x2000'2c44       0x4  core_Menu.o [4]
  .bss               zero     0x2000'2c48       0x4  core_Menu.o [4]
  .bss               zero     0x2000'2c4c       0x4  g_Core.o [4]
  .bss               zero     0x2000'2c50       0x4  g_Core.o [4]
  .bss               zero     0x2000'2c54       0x4  g_Core.o [4]
  .bss               zero     0x2000'2c58       0x4  g_Core.o [4]
  .bss               zero     0x2000'2c5c       0x4  g_Core.o [4]
  .bss               zero     0x2000'2c60       0x4  g_Core.o [4]
  .bss               zero     0x2000'2c64       0x4  g_Core.o [4]
  .bss               zero     0x2000'2c68       0x4  g_Core.o [4]
  .bss               zero     0x2000'2c6c       0x4  g_Core.o [4]
  .bss               zero     0x2000'2c70       0x4  g_Core.o [4]
  .bss               zero     0x2000'2c74       0x4  g_Core.o [4]
  .bss               zero     0x2000'2c78       0x4  g_Core.o [4]
  .bss               zero     0x2000'2c7c       0x4  g_Core.o [4]
  .bss               zero     0x2000'2c80       0x4  g_Core.o [4]
  .bss               zero     0x2000'2c84       0x4  g_Core.o [4]
  .bss               zero     0x2000'2c88       0x4  g_InterruptUpdate.o [5]
  .bss               zero     0x2000'2c8c       0x4  g_InterruptUpdate.o [5]
  .bss               zero     0x2000'2c90       0x4  g_InterruptUpdate.o [5]
  .bss               zero     0x2000'2c94       0x4  g_InterruptUpdate.o [5]
  .bss               zero     0x2000'2c98       0x4  g_InterruptUpdate.o [5]
  .bss               zero     0x2000'2c9c       0x4  g_InterruptUpdate.o [5]
  .bss               zero     0x2000'2ca0       0x4  g_InterruptUpdate.o [5]
  .bss               zero     0x2000'2ca4       0x4  g_InterruptUpdate.o [5]
  .bss               zero     0x2000'2ca8       0x4  peref.o [6]
  .bss               zero     0x2000'2cac       0x4  peref.o [6]
  .bss               zero     0x2000'2cb0       0x4  peref.o [6]
  .bss               zero     0x2000'2cb4       0x4  peref.o [6]
  .bss               zero     0x2000'2cb8       0x4  peref.o [6]
  .bss               zero     0x2000'2cbc       0x4  peref.o [6]
  .bss               zero     0x2000'2cc0       0x4  peref.o [6]
  .bss               zero     0x2000'2cc4       0x4  peref.o [6]
  .bss               zero     0x2000'2cc8       0x4  peref.o [6]
  .bss               zero     0x2000'2ccc       0x4  peref.o [6]
  .bss               zero     0x2000'2cd0       0x4  peref.o [6]
  .bss               zero     0x2000'2cd4       0x4  stm32h7xx_hal.o [9]
  .bss               zero     0x2000'2cd8       0x4  stm32h7xx_it.o [2]
  .bss               zero     0x2000'2cdc       0x2  peref.o [6]
  .bss               zero     0x2000'2cde       0x2  peref.o [6]
  .bss               zero     0x2000'2ce0       0x2  peref.o [6]
  .bss               zero     0x2000'2ce2       0x2  peref.o [6]
  .bss               zero     0x2000'2ce4       0x2  peref.o [6]
  .bss               zero     0x2000'2ce6       0x1  CMS58M.o [6]
  .bss               zero     0x2000'2ce7       0x1  CMS58M.o [6]
  .bss               zero     0x2000'2ce8       0x1  core_VlvDrvCtrl.o [4]
  .bss               zero     0x2000'2ce9       0x1  peref.o [6]
                            - 0x2000'2cea    0x2802

"P4", part 3 of 3:                           0x2000
  CSTACK                      0x2000'2cf0    0x2000  <Block>
    CSTACK           uninit   0x2000'2cf0    0x2000  <Block tail>
                            - 0x2000'4cf0    0x2000

Unused ranges:

         From           To       Size
         ----           --       ----
   0x801'7dcb   0x80f'ffff   0xe'8235
   0x810'0000   0x81f'ffff  0x10'0000
  0x2000'04e7  0x2000'04e7        0x1
  0x2000'2cec  0x2000'2cef        0x4
  0x2000'4cf0  0x2000'ffff     0xb310
  0x2001'0000  0x2001'ffff   0x1'0000


*******************************************************************************
*** INIT TABLE
***

          Address      Size
          -------      ----
Zero (__iar_zero_init3)
    1 destination range, total size 0x2802:
          0x2000'04e8  0x2802

Copy/lz77 (__iar_lz77_init3)
    1 source range, total size 0x31b (63% of destination):
           0x801'7ab0   0x31b
    1 destination range, total size 0x4e7:
          0x2000'0000   0x4e7



*******************************************************************************
*** MODULE SUMMARY
***

    Module                   ro code  ro data  rw data
    ------                   -------  -------  -------
command line/config:
    --------------------------------------------------
    Total:

C:\work\ebu6\EBU6\EWARM\EBU6\Obj\Application\EWARM: [1]
    startup_stm32h743xx.o      1'208
    --------------------------------------------------
    Total:                     1'208

C:\work\ebu6\EBU6\EWARM\EBU6\Obj\Application\User\Core: [2]
    add_ValueConv.o              498        3        4
    main.o                     4'464             1'856
    stm32h7xx_hal_msp.o        2'440
    stm32h7xx_it.o               168                 4
    --------------------------------------------------
    Total:                     7'570        3    1'864

C:\work\ebu6\EBU6\EWARM\EBU6\Obj\Application\User\Core\Comm: [3]
    comm.o                         6             1'832
    comm_ModbusRtu.o             408                 8
    comm_SerialComm.o             12
    --------------------------------------------------
    Total:                       426             1'840

C:\work\ebu6\EBU6\EWARM\EBU6\Obj\Application\User\Core\Core: [4]
    core_Menu.o                6'240   24'028      552
    core_VlvDrvCtrl.o          1'246                 1
    g_Core.o                   4'764       13    1'381
    --------------------------------------------------
    Total:                    12'250   24'041    1'934

C:\work\ebu6\EBU6\EWARM\EBU6\Obj\Application\User\Core\Global: [5]
    g_InterruptUpdate.o          508      278      472
    g_Ram.o                      212             2'248
    --------------------------------------------------
    Total:                       720      278    2'720

C:\work\ebu6\EBU6\EWARM\EBU6\Obj\Application\User\Core\Peref: [6]
    CMS58M.o                     692       12       78
    peref.o                    4'180      363    2'648
    peref_ApFilter1.o            116
    peref_Calibs.o               204
    peref_Clock.o                 62
    peref_SensObserver.o         712
    peref_SinObserver.o          180
    peref_display.o              928      114      180
    --------------------------------------------------
    Total:                     7'074      489    2'906

C:\work\ebu6\EBU6\EWARM\EBU6\Obj\Application\User\Core\Stat: [7]
    stat.o                        50               192
    stat_fm25v10.o               708
    --------------------------------------------------
    Total:                       758               192

C:\work\ebu6\EBU6\EWARM\EBU6\Obj\Drivers\CMSIS: [8]
    system_stm32h7xx.o           316       21        8
    --------------------------------------------------
    Total:                       316       21        8

C:\work\ebu6\EBU6\EWARM\EBU6\Obj\Drivers\STM32H7xx_HAL_Driver: [9]
    stm32h7xx_hal.o              292        4        9
    stm32h7xx_hal_adc.o        4'196
    stm32h7xx_hal_adc_ex.o       382
    stm32h7xx_hal_cortex.o       344
    stm32h7xx_hal_dma.o        7'764        8
    stm32h7xx_hal_fdcan.o      2'052       92
    stm32h7xx_hal_gpio.o         692
    stm32h7xx_hal_hrtim.o      2'234       15       24
    stm32h7xx_hal_pwr.o           20
    stm32h7xx_hal_pwr_ex.o       100
    stm32h7xx_hal_rcc.o        3'376
    stm32h7xx_hal_rcc_ex.o     6'976
    stm32h7xx_hal_rtc.o        1'106
    stm32h7xx_hal_spi.o        3'894
    stm32h7xx_hal_tim.o        3'370
    stm32h7xx_hal_tim_ex.o       762
    stm32h7xx_hal_uart.o       2'152       24
    stm32h7xx_hal_uart_ex.o      364       16
    --------------------------------------------------
    Total:                    40'076      159       33

dl7M_tln.a: [10]
    abort.o                        6
    abs.o                          8
    exit.o                         4
    low_level_init.o               4
    --------------------------------------------------
    Total:                        22

m7M_tlv.a: [11]
    cos_sin32.o                  468
    fmax.o                        46
    fmin.o                        42
    fpinit_M.o                    34
    sqrt.o                        30
    --------------------------------------------------
    Total:                       620

rt7M_tl.a: [12]
    ABImemcpy.o                  166
    ABImemset.o                  102
    I64DivMod.o                  560
    I64DivZer.o                    2
    cexit.o                       10
    cmain.o                       30
    cstartup_M.o                  28
    data_init.o                   40
    lz77_init.o                  496
    strchr.o                      22
    strcmp.o                      18
    strcpy.o                      24
    strlen.o                      54
    zero_init3.o                  56
    --------------------------------------------------
    Total:                     1'608

shb_l.a: [13]
    exit.o                        20
    --------------------------------------------------
    Total:                        20

    Gaps                          32        4
    Linker created                         44    8'192
------------------------------------------------------
    Grand Total:              72'700   25'039   19'689


*******************************************************************************
*** ENTRY LIST
***

Entry                       Address    Size  Type      Object
-----                       -------    ----  ----      ------
.iar.init_table$$Base    0x801'77a4           --   Gb  - Linker created -
.iar.init_table$$Limit   0x801'77d0           --   Gb  - Linker created -
?main                    0x801'77d1          Code  Gb  cmain.o [12]
ADC3_IRQHandler          0x801'75ed     0xa  Code  Gb  stm32h7xx_it.o [2]
ADC_ConfigureBoostMode   0x801'16dd   0x158  Code  Gb  stm32h7xx_hal_adc.o [9]
ADC_DMAConvCplt          0x801'1629    0x88  Code  Gb  stm32h7xx_hal_adc.o [9]
ADC_DMAError             0x801'16bf    0x1e  Code  Gb  stm32h7xx_hal_adc.o [9]
ADC_DMAHalfConvCplt      0x801'16b1     0xe  Code  Gb  stm32h7xx_hal_adc.o [9]
ADC_Enable               0x801'155d    0xbc  Code  Gb  stm32h7xx_hal_adc.o [9]
ADC_IRQHandler           0x801'75a1     0xa  Code  Gb  stm32h7xx_it.o [2]
ADS1118_init             0x800'bfa5    0xae  Code  Gb  peref.o [6]
ADS1118_update           0x800'c053    0x54  Code  Gb  peref.o [6]
AcknoledgeEvent          0x801'7329    0x7a  Code  Gb  comm_ModbusRtu.o [3]
AngleInterp              0x801'2889   0x24e  Code  Gb  g_Core.o [4]
BreakFrameEvent          0x801'72a1     0x2  Code  Gb  comm_ModbusRtu.o [3]
BtnLevel                0x2000'04d0     0x4  Data  Gb  peref.o [6]
BtnTout                 0x2000'04cc     0x4  Data  Gb  peref.o [6]
BusFault_Handler         0x801'757b     0x2  Code  Gb  stm32h7xx_it.o [2]
ByteToStr                0x800'aca1    0x1e  Code  Gb  add_ValueConv.o [2]
CAN1RxMsg               0x2000'2ce6     0x1  Data  Gb  CMS58M.o [6]
CAN1TxMsg               0x2000'2ce7     0x1  Data  Gb  CMS58M.o [6]
CPU_led_timer           0x2000'2cd8     0x4  Data  Gb  stm32h7xx_it.o [2]
CSTACK$$Base            0x2000'2cf0           --   Gb  - Linker created -
CSTACK$$Limit           0x2000'4cf0           --   Gb  - Linker created -
CalcClbGearInv           0x800'dfa9    0x14  Code  Gb  peref_Calibs.o [6]
ChangeCoordinate         0x800'9e59   0x194  Code  Lc  core_Menu.o [4]
CheckRange               0x800'aba1    0x22  Code  Gb  add_ValueConv.o [2]
Cms58mConfig             0x800'dc8b    0x2c  Code  Gb  CMS58M.o [6]
Cms58mInir               0x800'dc6d    0x1e  Code  Gb  CMS58M.o [6]
Cms58mRxHandler          0x800'dcc5    0x70  Code  Gb  CMS58M.o [6]
Cms58mStart              0x800'dcb7     0xe  Code  Gb  CMS58M.o [6]
Comm_50HzCalc            0x801'2b0f     0x2  Code  Gb  comm.o [3]
Comm_CommandUpdate       0x801'2b11     0x2  Code  Gb  comm.o [3]
Comm_Init                0x801'2b0d     0x2  Code  Gb  comm.o [3]
ConnTimeoutEvent         0x801'7315    0x14  Code  Gb  comm_ModbusRtu.o [3]
Core_CalibControl        0x801'1a0b    0xb4  Code  Gb  g_Core.o [4]
Core_CalibStop           0x801'1973    0x98  Code  Gb  g_Core.o [4]
Core_ControlMode         0x801'1e01    0x28  Code  Gb  g_Core.o [4]
Core_Init                0x801'1871   0x102  Code  Gb  g_Core.o [4]
Core_MENU_Display        0x800'9659    0x88  Code  Gb  core_Menu.o [4]
Core_MenuInit            0x800'92c1   0x336  Code  Gb  core_Menu.o [4]
Core_MenuReadDcr         0x800'a6f1    0x6e  Code  Gb  core_Menu.o [4]
Core_MenuUpdate          0x800'960d    0x4c  Code  Gb  core_Menu.o [4]
Core_SetDeff             0x800'a81b    0xd4  Code  Gb  core_Menu.o [4]
Core_ValveDriveInit      0x801'56f5    0x84  Code  Gb  core_VlvDrvCtrl.o [4]
Core_ValveDriveStop      0x801'5779    0x34  Code  Gb  core_VlvDrvCtrl.o [4]
Core_ValveDriveUpdate    0x801'57ad    0x1e  Code  Gb  core_VlvDrvCtrl.o [4]
CyclicTimer              0x801'7874     0x8  Data  Gb  CMS58M.o [6]
D1CorePrescTable         0x801'7848    0x10  Data  Gb  system_stm32h7xx.o [8]
DAC_on_off              0x2000'04e5     0x1  Data  Gb  peref.o [6]
DAC_tmp                 0x2000'2cc4     0x4  Data  Gb  peref.o [6]
DAC_tmp_16              0x2000'2ce4     0x2  Data  Gb  peref.o [6]
DISPL_AddSymb            0x800'd585    0x36  Code  Gb  peref_display.o [6]
DISPL_Update             0x800'd557    0x2e  Code  Gb  peref_display.o [6]
DISPL_init               0x800'd4dd    0x3e  Code  Gb  peref_display.o [6]
DLCtoBytes               0x801'7838    0x10  Data  Lc  stm32h7xx_hal_fdcan.o [9]
DMA1_Stream1_IRQHandler
                         0x801'758d     0xa  Code  Gb  stm32h7xx_it.o [2]
DMA1_Stream3_IRQHandler
                         0x801'7597     0xa  Code  Gb  stm32h7xx_it.o [2]
DMA_CalcBaseAndBitshift
                         0x800'6c8b    0xd2  Code  Lc  stm32h7xx_hal_dma.o [9]
DMA_CalcBaseAndBitshift{1}{2}::flagBitshiftOffset
                         0x801'7884     0x8  Data  Lc  stm32h7xx_hal_dma.o [9]
DMA_CalcDMAMUXChannelBaseAndMask
                         0x800'6e1b    0xac  Code  Lc  stm32h7xx_hal_dma.o [9]
DMA_CalcDMAMUXRequestGenBaseAndMask
                         0x800'6ec7    0x80  Code  Lc  stm32h7xx_hal_dma.o [9]
DMA_CheckFifoParam       0x800'6d81    0x9a  Code  Lc  stm32h7xx_hal_dma.o [9]
DMA_SetConfig            0x800'6a25   0x266  Code  Lc  stm32h7xx_hal_dma.o [9]
DateSeparator           0x2000'04e3     0x1  Data  Gb  add_ValueConv.o [2]
DateToStr                0x800'ace7    0x3e  Code  Gb  add_ValueConv.o [2]
DebugMon_Handler         0x801'7581     0x2  Code  Gb  stm32h7xx_it.o [2]
DecToStr                 0x800'abc3    0xde  Code  Gb  add_ValueConv.o [2]
DefineBit                0x800'a185    0x5c  Code  Gb  core_Menu.o [4]
DisplayOff               0x800'd5f7    0x34  Code  Gb  peref_display.o [6]
DisplayOn                0x800'd62b    0xc4  Code  Gb  peref_display.o [6]
DisplayPutText           0x800'd6ef    0x60  Code  Gb  peref_display.o [6]
DisplayRestart           0x800'd5bb    0x3c  Code  Gb  peref_display.o [6]
DisplayStart             0x800'd82f    0x2c  Code  Gb  peref_display.o [6]
DriveClose               0x801'5a79    0x92  Code  Gb  core_VlvDrvCtrl.o [4]
DriveOpen                0x801'5b0b    0x98  Code  Gb  core_VlvDrvCtrl.o [4]
DriveStop                0x801'5a69    0x10  Code  Gb  core_VlvDrvCtrl.o [4]
EditBin                  0x800'9e3b    0x1e  Code  Gb  core_Menu.o [4]
EditDate                 0x800'9ce9   0x152  Code  Gb  core_Menu.o [4]
EditDec                  0x800'99b5   0x186  Code  Gb  core_Menu.o [4]
EditParam                0x800'98b7    0xfe  Code  Gb  core_Menu.o [4]
EditStr                  0x800'9b3b    0xe0  Code  Gb  core_Menu.o [4]
EditTime                 0x800'9c1b    0xce  Code  Gb  core_Menu.o [4]
Eeprom1                 0x2000'2b90    0x34  Data  Gb  g_Core.o [4]
EnableEdit               0x800'a7e7    0x34  Code  Gb  core_Menu.o [4]
EncodeData               0x800'd813    0x1c  Code  Gb  peref_display.o [6]
Error_Handler            0x801'0769     0x4  Code  Gb  main.o [2]
FDCAN_CalcultateRamBlockAddresses
                         0x800'f34d   0x208  Code  Lc  stm32h7xx_hal_fdcan.o [9]
FDCAN_CopyMessageToRAM   0x800'f555    0x9a  Code  Lc  stm32h7xx_hal_fdcan.o [9]
FM25V10_Init             0x800'afe1    0x3e  Code  Gb  stat_fm25v10.o [7]
FM25V10_ReadByte         0x800'b189    0x58  Code  Gb  stat_fm25v10.o [7]
FM25V10_ReadSN           0x800'b25b    0x3e  Code  Gb  stat_fm25v10.o [7]
FM25V10_ReadStatus       0x800'b14d    0x3c  Code  Gb  stat_fm25v10.o [7]
FM25V10_Update           0x800'b01f   0x12e  Code  Gb  stat_fm25v10.o [7]
FM25V10_WriteByte        0x800'b1e1    0x4e  Code  Gb  stat_fm25v10.o [7]
FM25V10_WriteEnable      0x800'b22f    0x2c  Code  Gb  stat_fm25v10.o [7]
Flag                    0x2000'2ce8     0x1  Data  Gb  core_VlvDrvCtrl.o [4]
FloatPositive           0x2000'04e1     0x1  Data  Gb  add_ValueConv.o [2]
FloatSeparator          0x2000'04e0     0x1  Data  Gb  add_ValueConv.o [2]
GetActiveControls        0x801'57cb    0xe8  Code  Gb  core_VlvDrvCtrl.o [4]
HAL_ADCEx_EndOfSamplingCallback
                         0x801'56e1     0x2  Code  Gb  stm32h7xx_hal_adc_ex.o [9]
HAL_ADCEx_InjectedConvCpltCallback
                         0x801'56e5     0x2  Code  Gb  stm32h7xx_hal_adc_ex.o [9]
HAL_ADCEx_InjectedQueueOverflowCallback
                         0x801'56ef     0x2  Code  Gb  stm32h7xx_hal_adc_ex.o [9]
HAL_ADCEx_LevelOutOfWindow2Callback
                         0x801'56e9     0x2  Code  Gb  stm32h7xx_hal_adc_ex.o [9]
HAL_ADCEx_LevelOutOfWindow3Callback
                         0x801'56eb     0x2  Code  Gb  stm32h7xx_hal_adc_ex.o [9]
HAL_ADCEx_MultiModeConfigChannel
                         0x801'3ffb   0x148  Code  Gb  stm32h7xx_hal_adc_ex.o [9]
HAL_ADC_ConfigChannel    0x801'1099   0x4a6  Code  Gb  stm32h7xx_hal_adc.o [9]
HAL_ADC_ConvCpltCallback
                         0x801'56e3     0x2  Code  Gb  stm32h7xx_hal_adc.o [9]
HAL_ADC_ConvHalfCpltCallback
                         0x801'56f1     0x2  Code  Gb  stm32h7xx_hal_adc.o [9]
HAL_ADC_ErrorCallback    0x801'56ed     0x2  Code  Gb  stm32h7xx_hal_adc.o [9]
HAL_ADC_IRQHandler       0x801'0d79   0x31a  Code  Gb  stm32h7xx_hal_adc.o [9]
HAL_ADC_Init             0x801'09b3   0x27e  Code  Gb  stm32h7xx_hal_adc.o [9]
HAL_ADC_LevelOutOfWindowCallback
                         0x801'56e7     0x2  Code  Gb  stm32h7xx_hal_adc.o [9]
HAL_ADC_MspInit          0x800'e493   0x268  Code  Gb  stm32h7xx_hal_msp.o [2]
HAL_ADC_Start_DMA        0x801'0c3d   0x112  Code  Gb  stm32h7xx_hal_adc.o [9]
HAL_DMA_Abort_IT         0x800'5b65   0x39e  Code  Gb  stm32h7xx_hal_dma.o [9]
HAL_DMA_IRQHandler       0x800'5f65   0xa7a  Code  Gb  stm32h7xx_hal_dma.o [9]
HAL_DMA_Init             0x800'517d   0x532  Code  Gb  stm32h7xx_hal_dma.o [9]
HAL_DMA_Start_IT         0x800'5719   0x3ea  Code  Gb  stm32h7xx_hal_dma.o [9]
HAL_FDCAN_AddMessageToTxFifoQ
                         0x800'f0d5    0x88  Code  Gb  stm32h7xx_hal_fdcan.o [9]
HAL_FDCAN_GetRxMessage   0x800'f15d   0x1e6  Code  Gb  stm32h7xx_hal_fdcan.o [9]
HAL_FDCAN_Init           0x800'edf9   0x2d8  Code  Gb  stm32h7xx_hal_fdcan.o [9]
HAL_FDCAN_MspInit        0x800'e6fb    0xe0  Code  Gb  stm32h7xx_hal_msp.o [2]
HAL_GPIO_Init            0x800'c2f9   0x232  Code  Gb  stm32h7xx_hal_gpio.o [9]
HAL_GPIO_ReadPin         0x800'c52b    0x16  Code  Gb  stm32h7xx_hal_gpio.o [9]
HAL_GPIO_TogglePin       0x800'c55b    0x1a  Code  Gb  stm32h7xx_hal_gpio.o [9]
HAL_GPIO_WritePin        0x800'c541    0x1a  Code  Gb  stm32h7xx_hal_gpio.o [9]
HAL_GetREVID             0x801'07cb     0xa  Code  Gb  stm32h7xx_hal.o [9]
HAL_GetTick              0x800'6fd1     0xc  Code  Gb  stm32h7xx_hal.o [9]
HAL_HRTIM_Init           0x801'415d   0x126  Code  Gb  stm32h7xx_hal_hrtim.o [9]
HAL_HRTIM_MspInit        0x800'e7db    0x56  Code  Gb  stm32h7xx_hal_msp.o [2]
HAL_HRTIM_MspPostInit    0x800'e831    0x5e  Code  Gb  stm32h7xx_hal_msp.o [2]
HAL_HRTIM_SimplePWMStart
                         0x801'42c9    0x4e  Code  Gb  stm32h7xx_hal_hrtim.o [9]
HAL_HRTIM_TimeBaseConfig
                         0x801'4283    0x3c  Code  Gb  stm32h7xx_hal_hrtim.o [9]
HAL_HRTIM_WaveformCompareConfig
                         0x801'43b5   0x236  Code  Gb  stm32h7xx_hal_hrtim.o [9]
HAL_HRTIM_WaveformOutputConfig
                         0x801'45eb    0x4a  Code  Gb  stm32h7xx_hal_hrtim.o [9]
HAL_HRTIM_WaveformTimerConfig
                         0x801'431d    0x98  Code  Gb  stm32h7xx_hal_hrtim.o [9]
HAL_IncTick              0x801'761d    0x18  Code  Gb  stm32h7xx_hal.o [9]
HAL_Init                 0x801'076d    0x5e  Code  Gb  stm32h7xx_hal.o [9]
HAL_InitTick             0x800'9111    0x58  Code  Gb  stm32h7xx_hal.o [9]
HAL_MspInit              0x800'e449    0x4a  Code  Gb  stm32h7xx_hal_msp.o [2]
HAL_NVIC_EnableIRQ       0x800'9287     0xe  Code  Gb  stm32h7xx_hal_cortex.o [9]
HAL_NVIC_SetPriority     0x800'9263    0x24  Code  Gb  stm32h7xx_hal_cortex.o [9]
HAL_NVIC_SetPriorityGrouping
                         0x800'9257     0xc  Code  Gb  stm32h7xx_hal_cortex.o [9]
HAL_PWREx_ConfigSupply   0x801'3835    0x5c  Code  Gb  stm32h7xx_hal_pwr_ex.o [9]
HAL_PWR_EnableBkUpAccess
                         0x801'3899     0xe  Code  Gb  stm32h7xx_hal_pwr.o [9]
HAL_RCCEx_GetD3PCLK1Freq
                         0x800'8195    0x1e  Code  Gb  stm32h7xx_hal_rcc_ex.o [9]
HAL_RCCEx_GetPLL1ClockFreq
                         0x800'864d   0x22c  Code  Gb  stm32h7xx_hal_rcc_ex.o [9]
HAL_RCCEx_GetPLL2ClockFreq
                         0x800'81b5   0x226  Code  Gb  stm32h7xx_hal_rcc_ex.o [9]
HAL_RCCEx_GetPLL3ClockFreq
                         0x800'83fd   0x226  Code  Gb  stm32h7xx_hal_rcc_ex.o [9]
HAL_RCCEx_GetPeriphCLKFreq
                         0x800'7b0d   0x688  Code  Gb  stm32h7xx_hal_rcc_ex.o [9]
HAL_RCCEx_PeriphCLKConfig
                         0x800'6fdd   0xb0c  Code  Gb  stm32h7xx_hal_rcc_ex.o [9]
HAL_RCC_ClockConfig      0x800'8b1d   0x306  Code  Gb  stm32h7xx_hal_rcc.o [9]
HAL_RCC_GetHCLKFreq      0x800'904b    0x3c  Code  Gb  stm32h7xx_hal_rcc.o [9]
HAL_RCC_GetPCLK1Freq     0x800'9087    0x1a  Code  Gb  stm32h7xx_hal_rcc.o [9]
HAL_RCC_GetPCLK2Freq     0x800'90a1    0x1a  Code  Gb  stm32h7xx_hal_rcc.o [9]
HAL_RCC_GetSysClockFreq
                         0x800'8e25   0x226  Code  Gb  stm32h7xx_hal_rcc.o [9]
HAL_RCC_OscConfig        0x801'38ad   0x73c  Code  Gb  stm32h7xx_hal_rcc.o [9]
HAL_RTC_GetDate          0x800'e2d1    0x52  Code  Gb  stm32h7xx_hal_rtc.o [9]
HAL_RTC_GetTime          0x800'e19f    0x66  Code  Gb  stm32h7xx_hal_rtc.o [9]
HAL_RTC_Init             0x800'dff5    0xb4  Code  Gb  stm32h7xx_hal_rtc.o [9]
HAL_RTC_MspInit          0x800'e88f    0x4a  Code  Gb  stm32h7xx_hal_msp.o [2]
HAL_RTC_SetDate          0x800'e205    0xcc  Code  Gb  stm32h7xx_hal_rtc.o [9]
HAL_RTC_SetTime          0x800'e0a9    0xf6  Code  Gb  stm32h7xx_hal_rtc.o [9]
HAL_RTC_WaitForSynchro   0x800'e323    0x34  Code  Gb  stm32h7xx_hal_rtc.o [9]
HAL_SPI_ErrorCallback    0x800'edd1     0x2  Code  Gb  stm32h7xx_hal_spi.o [9]
HAL_SPI_IRQHandler       0x800'd0fd   0x28c  Code  Gb  stm32h7xx_hal_spi.o [9]
HAL_SPI_Init             0x800'c5ad   0x182  Code  Gb  stm32h7xx_hal_spi.o [9]
HAL_SPI_MspInit          0x800'e8d9   0x17c  Code  Gb  stm32h7xx_hal_msp.o [2]
HAL_SPI_Receive          0x800'c9eb   0x2c2  Code  Gb  stm32h7xx_hal_spi.o [9]
HAL_SPI_RxCpltCallback   0x800'edd5     0x2  Code  Gb  stm32h7xx_hal_spi.o [9]
HAL_SPI_Transmit         0x800'c72f   0x2bc  Code  Gb  stm32h7xx_hal_spi.o [9]
HAL_SPI_TransmitReceive
                         0x800'ccad   0x444  Code  Gb  stm32h7xx_hal_spi.o [9]
HAL_SPI_TxCpltCallback   0x800'edd7     0x2  Code  Gb  stm32h7xx_hal_spi.o [9]
HAL_SPI_TxRxCpltCallback
                         0x800'edd3     0x2  Code  Gb  stm32h7xx_hal_spi.o [9]
HAL_SYSCFG_DisableVREFBUF
                         0x801'07e9    0x12  Code  Gb  stm32h7xx_hal.o [9]
HAL_SYSCFG_VREFBUF_HighImpedanceConfig
                         0x801'07d5    0x14  Code  Gb  stm32h7xx_hal.o [9]
HAL_SYSTICK_Config       0x800'9295     0xc  Code  Gb  stm32h7xx_hal_cortex.o [9]
HAL_TIMEx_Break2Callback
                         0x801'5e0f     0x2  Code  Gb  stm32h7xx_hal_tim_ex.o [9]
HAL_TIMEx_BreakCallback
                         0x801'5e0d     0x2  Code  Gb  stm32h7xx_hal_tim_ex.o [9]
HAL_TIMEx_CommutCallback
                         0x801'5e13     0x2  Code  Gb  stm32h7xx_hal_tim_ex.o [9]
HAL_TIMEx_ConfigBreakDeadTime
                         0x801'4c3d    0x94  Code  Gb  stm32h7xx_hal_tim_ex.o [9]
HAL_TIMEx_MasterConfigSynchronization
                         0x801'4b9f    0x9e  Code  Gb  stm32h7xx_hal_tim_ex.o [9]
HAL_TIMEx_PWMN_Start     0x801'4a19    0xea  Code  Gb  stm32h7xx_hal_tim_ex.o [9]
HAL_TIMEx_PWMN_Stop      0x801'4b11    0x8e  Code  Gb  stm32h7xx_hal_tim_ex.o [9]
HAL_TIM_Base_Init        0x801'2b15    0x7a  Code  Gb  stm32h7xx_hal_tim.o [9]
HAL_TIM_Base_MspInit     0x800'ea55    0x66  Code  Gb  stm32h7xx_hal_msp.o [2]
HAL_TIM_Base_Start       0x801'2b8f    0x8c  Code  Gb  stm32h7xx_hal_tim.o [9]
HAL_TIM_Base_Start_IT    0x801'2c1b    0x98  Code  Gb  stm32h7xx_hal_tim.o [9]
HAL_TIM_ConfigClockSource
                         0x801'32a7   0x112  Code  Gb  stm32h7xx_hal_tim.o [9]
HAL_TIM_IC_CaptureCallback
                         0x801'5e05     0x2  Code  Gb  stm32h7xx_hal_tim.o [9]
HAL_TIM_IRQHandler       0x801'2fb9   0x194  Code  Gb  stm32h7xx_hal_tim.o [9]
HAL_TIM_MspPostInit      0x800'eabb    0x5e  Code  Gb  stm32h7xx_hal_msp.o [2]
HAL_TIM_OC_DelayElapsedCallback
                         0x801'5e07     0x2  Code  Gb  stm32h7xx_hal_tim.o [9]
HAL_TIM_PWM_ConfigChannel
                         0x801'314d   0x15a  Code  Gb  stm32h7xx_hal_tim.o [9]
HAL_TIM_PWM_Init         0x801'2cd1    0x7a  Code  Gb  stm32h7xx_hal_tim.o [9]
HAL_TIM_PWM_MspInit      0x801'5e03     0x2  Code  Gb  stm32h7xx_hal_tim.o [9]
HAL_TIM_PWM_PulseFinishedCallback
                         0x801'5e09     0x2  Code  Gb  stm32h7xx_hal_tim.o [9]
HAL_TIM_PWM_Start        0x801'2d4b   0x15e  Code  Gb  stm32h7xx_hal_tim.o [9]
HAL_TIM_PWM_Stop         0x801'2ea9    0xe8  Code  Gb  stm32h7xx_hal_tim.o [9]
HAL_TIM_PeriodElapsedCallback
                         0x801'5e0b     0x2  Code  Gb  stm32h7xx_hal_tim.o [9]
HAL_TIM_TriggerCallback
                         0x801'5e11     0x2  Code  Gb  stm32h7xx_hal_tim.o [9]
HAL_UARTEx_DisableFifoMode
                         0x801'5575    0x46  Code  Gb  stm32h7xx_hal_uart_ex.o [9]
HAL_UARTEx_SetRxFifoThreshold
                         0x801'5611    0x56  Code  Gb  stm32h7xx_hal_uart_ex.o [9]
HAL_UARTEx_SetTxFifoThreshold
                         0x801'55bb    0x56  Code  Gb  stm32h7xx_hal_uart_ex.o [9]
HAL_UART_Init            0x801'4d0d    0x7e  Code  Gb  stm32h7xx_hal_uart.o [9]
HAL_UART_MspInit         0x800'eb19   0x240  Code  Gb  stm32h7xx_hal_msp.o [2]
HRTIM_ForceRegistersUpdate
                         0x801'4995    0x82  Code  Lc  stm32h7xx_hal_hrtim.o [9]
HRTIM_MasterBase_Config
                         0x801'4635    0x2a  Code  Lc  stm32h7xx_hal_hrtim.o [9]
HRTIM_MasterWaveform_Config
                         0x801'46b1    0x5c  Code  Lc  stm32h7xx_hal_hrtim.o [9]
HRTIM_OutputConfig       0x801'48a5    0xf0  Code  Lc  stm32h7xx_hal_hrtim.o [9]
HRTIM_TimingUnitBase_Config
                         0x801'465f    0x52  Code  Lc  stm32h7xx_hal_hrtim.o [9]
HRTIM_TimingUnitWaveform_Config
                         0x801'470d   0x198  Code  Lc  stm32h7xx_hal_hrtim.o [9]
HardFault_Handler        0x801'7577     0x2  Code  Gb  stm32h7xx_it.o [2]
IDC                     0x2000'2c64     0x4  Data  Gb  g_Core.o [4]
Icons                   0x2000'0450    0x24  Data  Gb  peref.o [6]
InStream_Read            0x801'70a9    0x20  Code  Lc  lz77_init.o [12]
InStream_StepRegion      0x801'7095    0x14  Code  Lc  lz77_init.o [12]
InterruptUpdate          0x801'6e99   0x1fc  Code  Gb  g_InterruptUpdate.o [5]
InvCtrlTimer            0x2000'2c5c     0x4  Data  Gb  g_Core.o [4]
LL_ADC_DisableDeepPowerDown
                         0x801'0947     0xc  Code  Lc  stm32h7xx_hal_adc.o [9]
LL_ADC_Enable            0x801'0977    0x10  Code  Lc  stm32h7xx_hal_adc.o [9]
LL_ADC_EnableInternalRegulator
                         0x801'095d    0x10  Code  Lc  stm32h7xx_hal_adc.o [9]
LL_ADC_GetCommonPathInternalCh
                         0x801'082d     0x8  Code  Lc  stm32h7xx_hal_adc.o [9]
LL_ADC_GetMultiDMATransfer
                         0x801'093f     0x8  Code  Lc  stm32h7xx_hal_adc.o [9]
LL_ADC_GetMultimode      0x801'0937     0x8  Code  Lc  stm32h7xx_hal_adc.o [9]
LL_ADC_INJ_IsConversionOngoing
                         0x801'09a9     0xa  Code  Lc  stm32h7xx_hal_adc.o [9]
LL_ADC_INJ_IsTriggerSourceSWStart
                         0x801'08cd    0x10  Code  Lc  stm32h7xx_hal_adc.o [9]
LL_ADC_IsDeepPowerDownEnabled
                         0x801'0953     0xa  Code  Lc  stm32h7xx_hal_adc.o [9]
LL_ADC_IsEnabled         0x801'0987     0x8  Code  Lc  stm32h7xx_hal_adc.o [9]
LL_ADC_IsEnabled         0x801'3fe9     0x8  Code  Lc  stm32h7xx_hal_adc_ex.o [9]
LL_ADC_IsInternalRegulatorEnabled
                         0x801'096d     0xa  Code  Lc  stm32h7xx_hal_adc.o [9]
LL_ADC_REG_IsConversionOngoing
                         0x801'099f     0xa  Code  Lc  stm32h7xx_hal_adc.o [9]
LL_ADC_REG_IsConversionOngoing
                         0x801'3ff1     0xa  Code  Lc  stm32h7xx_hal_adc_ex.o [9]
LL_ADC_REG_IsTriggerSourceSWStart
                         0x801'0883    0x10  Code  Lc  stm32h7xx_hal_adc.o [9]
LL_ADC_REG_SetDataTransferMode
                         0x801'08c1     0xc  Code  Lc  stm32h7xx_hal_adc.o [9]
LL_ADC_REG_SetSequencerRanks
                         0x801'0893    0x2e  Code  Lc  stm32h7xx_hal_adc.o [9]
LL_ADC_REG_StartConversion
                         0x801'098f    0x10  Code  Lc  stm32h7xx_hal_adc.o [9]
LL_ADC_SetChannelSamplingTime
                         0x801'08dd    0x34  Code  Lc  stm32h7xx_hal_adc.o [9]
LL_ADC_SetChannelSingleDiff
                         0x801'0911    0x26  Code  Lc  stm32h7xx_hal_adc.o [9]
LL_ADC_SetCommonClock    0x801'0815     0xc  Code  Lc  stm32h7xx_hal_adc.o [9]
LL_ADC_SetCommonPathInternalCh
                         0x801'0821     0xc  Code  Lc  stm32h7xx_hal_adc.o [9]
LL_ADC_SetDataRightShift
                         0x801'0853    0x18  Code  Lc  stm32h7xx_hal_adc.o [9]
LL_ADC_SetOffset         0x801'0835    0x1e  Code  Lc  stm32h7xx_hal_adc.o [9]
LL_ADC_SetOffsetSignedSaturation
                         0x801'086b    0x18  Code  Lc  stm32h7xx_hal_adc.o [9]
LogInputCalc             0x800'bc65   0x12c  Code  Gb  peref.o [6]
MCP23S17_init            0x800'bf91    0x14  Code  Gb  peref.o [6]
MCP23S17_write           0x800'bf55    0x3c  Code  Gb  peref.o [6]
MX_ADC1_Init             0x800'f895   0x18a  Code  Lc  main.o [2]
MX_ADC3_Init             0x800'fa1f   0x12a  Code  Lc  main.o [2]
MX_DMA_Init              0x801'0417    0x3c  Code  Lc  main.o [2]
MX_FDCAN1_Init           0x800'fb49    0xf6  Code  Lc  main.o [2]
MX_GPIO_Init             0x801'0489   0x250  Code  Lc  main.o [2]
MX_HRTIM_Init            0x800'fc3f   0x14c  Code  Lc  main.o [2]
MX_RTC_Init              0x800'fd8b    0x56  Code  Lc  main.o [2]
MX_SPI1_Init             0x800'fde1    0xce  Code  Lc  main.o [2]
MX_SPI6_Init             0x800'feaf    0xd0  Code  Lc  main.o [2]
MX_TIM1_Init             0x800'ff7f   0x16e  Code  Lc  main.o [2]
MX_TIM2_Init             0x801'00ed    0x84  Code  Lc  main.o [2]
MX_UART4_Init            0x801'0171    0xa4  Code  Lc  main.o [2]
MX_UART5_Init            0x801'0215    0xa4  Code  Lc  main.o [2]
MX_UART8_Init            0x801'02b9    0xa4  Code  Lc  main.o [2]
MX_USART3_UART_Init      0x801'037d    0x9a  Code  Lc  main.o [2]
MemManage_Handler        0x801'7579     0x2  Code  Gb  stm32h7xx_it.o [2]
ModBusTimings            0x801'73a3    0x72  Code  Gb  comm_ModbusRtu.o [3]
ModFault                0x2000'04b4     0x4  Data  Gb  g_Core.o [4]
ModuleTemper            0x2000'2c60     0x4  Data  Gb  g_Core.o [4]
MoveMode                 0x801'1e2d     0x2  Code  Lc  g_Core.o [4]
MpuControl               0x801'58b3    0x7c  Code  Gb  core_VlvDrvCtrl.o [4]
NMI_Handler              0x801'7575     0x2  Code  Gb  stm32h7xx_it.o [2]
NVIC_EncodePriority      0x800'91e5    0x42  Code  Lc  stm32h7xx_hal_cortex.o [9]
NewFrameEvent            0x801'72a3    0x2a  Code  Gb  comm_ModbusRtu.o [3]
OutStream_Write          0x801'70c9    0x46  Code  Lc  lz77_init.o [12]
OutVolt                 0x2000'2c58     0x4  Data  Gb  g_Core.o [4]
OutputQ15               0x2000'2c7c     0x4  Data  Gb  g_Core.o [4]
PFUNC_blkRead            0x800'ad71    0x1e  Code  Gb  add_ValueConv.o [2]
PFUNC_wordRead           0x800'ad8f     0x4  Code  Gb  add_ValueConv.o [2]
PWMPreScale             0x2000'04a4     0x4  Data  Gb  g_Core.o [4]
PWM_keys_disable         0x801'239f    0x40  Code  Gb  g_Core.o [4]
PWM_keys_enable          0x801'23df    0x40  Code  Gb  g_Core.o [4]
PendSV_Handler           0x801'7583     0x2  Code  Gb  stm32h7xx_it.o [2]
Peref_CalibInit          0x800'df21    0x88  Code  Gb  peref_Calibs.o [6]
Peref_SensObserverInit   0x800'd8f1    0x48  Code  Gb  peref_SensObserver.o [6]
Peref_SensObserverUpdate
                         0x800'd939   0x232  Code  Gb  peref_SensObserver.o [6]
Peref_SinObserverInitFloat
                         0x800'dbb9    0x10  Code  Gb  peref_SinObserver.o [6]
Peref_SinObserverUpdateFloat
                         0x800'dbc9    0xa0  Code  Gb  peref_SinObserver.o [6]
PeriphCommonClock_Config
                         0x800'f847    0x4e  Code  Gb  main.o [2]
PostambleEvent           0x801'72d7    0x3e  Code  Gb  comm_ModbusRtu.o [3]
PreambleEvent            0x801'72cd     0xa  Code  Gb  comm_ModbusRtu.o [3]
PutChar                  0x800'd539    0x1e  Code  Gb  peref_display.o [6]
PutComm                  0x800'd51b    0x1e  Code  Gb  peref_display.o [6]
PutData                  0x800'd7c9    0x4a  Code  Lc  peref_display.o [6]
PwmDeltat               0x2000'2c50     0x4  Data  Gb  g_Core.o [4]
PwmFreq                 0x2000'2c4c     0x4  Data  Gb  g_Core.o [4]
RCCEx_PLL2_Config        0x800'8889   0x130  Code  Lc  stm32h7xx_hal_rcc_ex.o [9]
RCCEx_PLL3_Config        0x800'89c1   0x130  Code  Lc  stm32h7xx_hal_rcc_ex.o [9]
RTC_Bcd2ToByte           0x800'e431    0x16  Code  Gb  stm32h7xx_hal_rtc.o [9]
RTC_ByteToBcd2           0x800'e415    0x1c  Code  Gb  stm32h7xx_hal_rtc.o [9]
RTC_DefMaxDay            0x800'addf    0x3e  Code  Gb  peref_Clock.o [6]
RTC_EnterInitMode        0x800'e357    0x44  Code  Gb  stm32h7xx_hal_rtc.o [9]
RTC_ExitInitMode         0x800'e39b    0x62  Code  Gb  stm32h7xx_hal_rtc.o [9]
ReWriteParams            0x800'af9f     0x2  Code  Gb  g_Ram.o [5]
ReadDcrFull              0x800'a6b3    0x3e  Code  Lc  core_Menu.o [4]
ReadWriteAllParams       0x800'aa05    0x9c  Code  Gb  core_Menu.o [4]
ReadWriteEeprom          0x800'aedf    0x2e  Code  Gb  stat.o [7]
RefreshParams            0x800'afa1    0x26  Code  Gb  g_Ram.o [5]
Region$$Table$$Base      0x801'77a4           --   Gb  - Linker created -
Region$$Table$$Limit     0x801'77d0           --   Gb  - Linker created -
RtcControl               0x800'bd91   0x140  Code  Gb  peref.o [6]
RtcControl::PrevDate    0x2000'2ccc     0x4  Data  Lc  peref.o [6]
RtcControl::PrevTime    0x2000'2cc8     0x4  Data  Lc  peref.o [6]
RtcStart                0x2000'2ce9     0x1  Data  Gb  peref.o [6]
RtcUpdateFlag           0x2000'2ca8     0x4  Data  Gb  peref.o [6]
RxHeader                0x2000'2bc4    0x28  Data  Gb  CMS58M.o [6]
SPI1_IRQHandler          0x801'75d9     0xa  Code  Gb  stm32h7xx_it.o [2]
SPI6_IRQHandler          0x801'75e3     0xa  Code  Gb  stm32h7xx_it.o [2]
SPI_CloseTransfer        0x800'd3a9    0xce  Code  Lc  stm32h7xx_hal_spi.o [9]
SPI_DMAAbortOnError      0x800'd389    0x20  Code  Lc  stm32h7xx_hal_spi.o [9]
SPI_GetPacketSize        0x800'd4c5    0x16  Code  Lc  stm32h7xx_hal_spi.o [9]
SPI_WaitOnFlagUntilTimeout
                         0x800'd481    0x44  Code  Lc  stm32h7xx_hal_spi.o [9]
SVC_Handler              0x801'757f     0x2  Code  Gb  stm32h7xx_it.o [2]
SelectGroup              0x800'9779    0xe0  Code  Gb  core_Menu.o [4]
SelectParam              0x800'9859    0x5e  Code  Gb  core_Menu.o [4]
SendData                 0x800'd74f    0x78  Code  Lc  peref_display.o [6]
SerialCommTimings        0x801'7869     0xc  Code  Gb  comm_SerialComm.o [3]
SetDefaultValues         0x800'a8ef   0x114  Code  Gb  core_Menu.o [4]
SetDefaultValues::DefAddr
                        0x2000'2c44     0x4  Data  Lc  core_Menu.o [4]
SetModBusParams          0x800'aaa1    0x52  Code  Gb  core_Menu.o [4]
ShC_Level               0x2000'04b0     0x4  Data  Gb  g_Core.o [4]
ShowGroup                0x800'a02f   0x138  Code  Lc  core_Menu.o [4]
ShowParam                0x800'a599    0x38  Code  Lc  core_Menu.o [4]
ShowStart                0x800'9fed    0x42  Code  Gb  core_Menu.o [4]
ShowValue                0x800'a1e1   0x3b8  Code  Lc  core_Menu.o [4]
SleepMode                0x800'96e1    0x5a  Code  Gb  core_Menu.o [4]
SpeedEnable             0x2000'2c70     0x4  Data  Gb  g_Core.o [4]
SpeedMax                0x2000'2c6c     0x4  Data  Gb  g_Core.o [4]
SpeedRef                0x2000'2c54     0x4  Data  Gb  g_Core.o [4]
StartDispl               0x800'a5d1    0x44  Code  Gb  core_Menu.o [4]
StartMode                0x801'1e2b     0x2  Code  Lc  g_Core.o [4]
StartPowerControl        0x801'1d45    0xbc  Code  Gb  g_Core.o [4]
StartState               0x800'973b    0x3e  Code  Gb  core_Menu.o [4]
StartTimer              0x2000'04ac     0x4  Data  Gb  g_Core.o [4]
Stat_Init                0x800'aedb     0x4  Code  Gb  stat.o [7]
StopMode                 0x801'1e29     0x2  Code  Lc  g_Core.o [4]
StopPowerControl         0x801'1cd3    0x70  Code  Gb  g_Core.o [4]
StrToDec                 0x800'ad25    0x3a  Code  Gb  add_ValueConv.o [2]
Symbols                 0x2000'02e8    0x70  Data  Lc  peref_display.o [6]
SysTick_Config           0x800'9227    0x30  Code  Lc  stm32h7xx_hal_cortex.o [9]
SysTick_Handler          0x801'7585     0x8  Code  Gb  stm32h7xx_it.o [2]
SystemClock_Config       0x800'f737   0x110  Code  Gb  main.o [2]
SystemCoreClock         0x2000'04d8     0x4  Data  Gb  system_stm32h7xx.o [8]
SystemD2Clock           0x2000'04dc     0x4  Data  Gb  system_stm32h7xx.o [8]
SystemInit               0x801'7439    0xdc  Code  Gb  system_stm32h7xx.o [8]
TIM2_IRQHandler          0x801'75ab    0x2e  Code  Gb  stm32h7xx_it.o [2]
TIM_Base_SetConfig       0x801'33bb    0xca  Code  Gb  stm32h7xx_hal_tim.o [9]
TIM_CCxChannelCmd        0x801'380f    0x24  Code  Gb  stm32h7xx_hal_tim.o [9]
TIM_CCxNChannelCmd       0x801'4ce9    0x24  Code  Lc  stm32h7xx_hal_tim_ex.o [9]
TIM_ETR_SetConfig        0x801'37f9    0x16  Code  Gb  stm32h7xx_hal_tim.o [9]
TIM_ITRx_SetConfig       0x801'37af    0x10  Code  Lc  stm32h7xx_hal_tim.o [9]
TIM_OC1_SetConfig        0x801'3485    0xa0  Code  Lc  stm32h7xx_hal_tim.o [9]
TIM_OC2_SetConfig        0x801'3525    0x92  Code  Gb  stm32h7xx_hal_tim.o [9]
TIM_OC3_SetConfig        0x801'35b9    0x8e  Code  Lc  stm32h7xx_hal_tim.o [9]
TIM_OC4_SetConfig        0x801'3647    0x68  Code  Lc  stm32h7xx_hal_tim.o [9]
TIM_OC5_SetConfig        0x801'36af    0x58  Code  Lc  stm32h7xx_hal_tim.o [9]
TIM_OC6_SetConfig        0x801'3707    0x5a  Code  Lc  stm32h7xx_hal_tim.o [9]
TIM_TI1_ConfigInputStage
                         0x801'3765    0x24  Code  Lc  stm32h7xx_hal_tim.o [9]
TIM_TI2_ConfigInputStage
                         0x801'3789    0x26  Code  Lc  stm32h7xx_hal_tim.o [9]
Task10Hz                0x2000'0358    0x60  Data  Gb  g_InterruptUpdate.o [5]
Task18kHz               0x2000'0474    0x18  Data  Gb  g_InterruptUpdate.o [5]
Task200Hz               0x2000'042c    0x24  Data  Gb  g_InterruptUpdate.o [5]
Task2kHz                0x2000'03fc    0x30  Data  Gb  g_InterruptUpdate.o [5]
Task50Hz                0x2000'0210    0xd8  Data  Gb  g_InterruptUpdate.o [5]
TeleControl              0x801'5969    0xa8  Code  Gb  core_VlvDrvCtrl.o [4]
TestCount               0x2000'2c38     0x4  Data  Gb  comm_ModbusRtu.o [3]
TimeSeparator           0x2000'04e2     0x1  Data  Gb  add_ValueConv.o [2]
TimeToStr                0x800'acbf    0x28  Code  Gb  add_ValueConv.o [2]
TimerIdxToTimerId       0x2000'048c    0x18  Data  Lc  stm32h7xx_hal_hrtim.o [9]
TimerInterp             0x2000'2c74     0x4  Data  Gb  g_Core.o [4]
TimerPending             0x801'741d    0x1c  Code  Gb  comm_ModbusRtu.o [3]
TxHeader                0x2000'2bec    0x24  Data  Gb  CMS58M.o [6]
UARTEx_SetNbDataToProcess
                         0x801'5667    0x72  Code  Lc  stm32h7xx_hal_uart_ex.o [9]
UARTEx_SetNbDataToProcess::denominator
                         0x801'7894     0x8  Data  Lc  stm32h7xx_hal_uart_ex.o [9]
UARTEx_SetNbDataToProcess::numerator
                         0x801'788c     0x8  Data  Lc  stm32h7xx_hal_uart_ex.o [9]
UARTPrescTable           0x801'7820    0x18  Data  Gb  stm32h7xx_hal_uart.o [9]
UART_AdvFeatureConfig    0x801'532b    0xda  Code  Gb  stm32h7xx_hal_uart.o [9]
UART_CheckIdleState      0x801'5405    0x72  Code  Gb  stm32h7xx_hal_uart.o [9]
UART_SetConfig           0x801'4d8b   0x59e  Code  Gb  stm32h7xx_hal_uart.o [9]
UART_WaitOnFlagUntilTimeout
                         0x801'5477    0xba  Code  Gb  stm32h7xx_hal_uart.o [9]
UnitControl              0x801'5a11    0x58  Code  Gb  core_VlvDrvCtrl.o [4]
UpdateCode               0x800'a615    0x9e  Code  Gb  core_Menu.o [4]
UpdateComm               0x801'5ba3    0x30  Code  Gb  core_VlvDrvCtrl.o [4]
UsageFault_Handler       0x801'757d     0x2  Code  Gb  stm32h7xx_it.o [2]
WINSTAR_RusTable        0x2000'03b8    0x44  Data  Lc  peref_display.o [6]
WriteValue               0x800'a75f    0x88  Code  Gb  core_Menu.o [4]
__NVIC_EnableIRQ         0x800'9199    0x20  Code  Lc  stm32h7xx_hal_cortex.o [9]
__NVIC_GetPriorityGrouping
                         0x800'918b     0xc  Code  Lc  stm32h7xx_hal_cortex.o [9]
__NVIC_SetPriority       0x800'91b9    0x2c  Code  Lc  stm32h7xx_hal_cortex.o [9]
__NVIC_SetPriorityGrouping
                         0x800'9169    0x22  Code  Lc  stm32h7xx_hal_cortex.o [9]
__aeabi_ldiv0            0x801'6045          Code  Gb  I64DivZer.o [12]
__aeabi_memcpy           0x800'ae35          Code  Gb  ABImemcpy.o [12]
__aeabi_memcpy4          0x800'ae55          Code  Gb  ABImemcpy.o [12]
__aeabi_memcpy8          0x800'ae55          Code  Gb  ABImemcpy.o [12]
__aeabi_memset           0x800'ab39          Code  Gb  ABImemset.o [12]
__aeabi_uldivmod         0x801'5e15          Code  Gb  I64DivMod.o [12]
__cmain                  0x801'77d1          Code  Gb  cmain.o [12]
__exit                   0x801'728d    0x14  Code  Gb  exit.o [13]
__iar_Memset             0x800'ab39          Code  Gb  ABImemset.o [12]
__iar_Memset_word        0x800'ab41          Code  Gb  ABImemset.o [12]
__iar_Sin32              0x801'5bd5   0x18c  Code  Lc  cos_sin32.o [11]
__iar_Strchr             0x800'ae1d          Code  Gb  strchr.o [12]
__iar_cos32              0x801'5da1     0x4  Code  Gb  cos_sin32.o [11]
__iar_cos_medium32       0x801'5da1     0x4  Code  Gb  cos_sin32.o [11]
__iar_cos_mediumf        0x801'5da1     0x4  Code  Gb  cos_sin32.o [11]
__iar_data_init3         0x801'7759    0x28  Code  Gb  data_init.o [12]
__iar_fmax64             0x801'5dd5          Code  Gb  fmax.o [11]
__iar_fmin64             0x801'5da9          Code  Gb  fmin.o [11]
__iar_init_vfp           0x801'7781          Code  Gb  fpinit_M.o [11]
__iar_lz77_init3         0x801'710f   0x176  Code  Gb  lz77_init.o [12]
__iar_program_start      0x801'7805          Code  Gb  cstartup_M.o [12]
__iar_sin32              0x801'5da5     0x4  Code  Gb  cos_sin32.o [11]
__iar_sin_medium32       0x801'5da5     0x4  Code  Gb  cos_sin32.o [11]
__iar_sin_mediumf        0x801'5da5     0x4  Code  Gb  cos_sin32.o [11]
__iar_sqrt64             0x800'edd9          Code  Gb  sqrt.o [11]
__iar_zero_init3         0x801'7721    0x38  Code  Gb  zero_init3.o [12]
__low_level_init         0x801'77ef     0x4  Code  Gb  low_level_init.o [10]
__vector_table           0x800'0000          Data  Gb  startup_stm32h743xx.o [1]
_call_main               0x801'77dd          Code  Gb  cmain.o [12]
_exit                    0x801'77f9          Code  Gb  cexit.o [12]
a                       0x2000'2c40     0x4  Data  Gb  core_Menu.o [4]
abort                    0x801'7285     0x6  Code  Gb  abort.o [10]
abs                      0x800'dfed     0x8  Code  Gb  abs.o [10]
addr                    0x2000'2cde     0x2  Data  Gb  peref.o [6]
addrtmp                 0x2000'2c48     0x4  Data  Gb  core_Menu.o [4]
addrtmp2                0x2000'2c3c     0x4  Data  Gb  core_Menu.o [4]
btnClose                0x2000'2cb0     0x4  Data  Gb  peref.o [6]
btnOpen                 0x2000'2cac     0x4  Data  Gb  peref.o [6]
btnProg1                0x2000'2cbc     0x4  Data  Gb  peref.o [6]
btnProg2                0x2000'2cc0     0x4  Data  Gb  peref.o [6]
btnStop1                0x2000'2cb4     0x4  Data  Gb  peref.o [6]
btnStop2                0x2000'2cb8     0x4  Data  Gb  peref.o [6]
core10HZupdate           0x801'242d    0xe0  Code  Gb  g_Core.o [4]
core18kHZupdate          0x801'1acd   0x206  Code  Gb  g_Core.o [4]
core200HZupdate          0x801'2429     0x2  Code  Gb  g_Core.o [4]
core50HZupdate           0x801'242b     0x2  Code  Gb  g_Core.o [4]
coreTLocalControl        0x801'2685   0x1d4  Code  Gb  g_Core.o [4]
coreTLocalControl::prevHalls
                        0x2000'2c78     0x4  Data  Lc  g_Core.o [4]
coreTLocalControl::readyForNewCmd
                        0x2000'04e4     0x1  Data  Lc  g_Core.o [4]
coreTS                   0x801'2565    0xf0  Code  Gb  g_Core.o [4]
coreTU                   0x801'251d    0x34  Code  Gb  g_Core.o [4]
corr                    0x2000'04a8     0x4  Data  Gb  g_Core.o [4]
cosf                     0x801'5da1     0x4  Code  Gb  cos_sin32.o [11]
count                   0x2000'2ce0     0x2  Data  Gb  peref.o [6]
count18kHz              0x2000'2c88     0x4  Data  Gb  g_InterruptUpdate.o [5]
count200Hz              0x2000'2c90     0x4  Data  Gb  g_InterruptUpdate.o [5]
count2kHz               0x2000'2c8c     0x4  Data  Gb  g_InterruptUpdate.o [5]
count50Hz               0x2000'2c94     0x4  Data  Gb  g_InterruptUpdate.o [5]
data1                   0x2000'2c80     0x4  Data  Gb  g_Core.o [4]
data2                   0x2000'2c84     0x4  Data  Gb  g_Core.o [4]
dotsADC                 0x2000'0000   0x108  Data  Gb  peref.o [6]
dotsDAC                 0x2000'0108   0x108  Data  Gb  peref.o [6]
exit                     0x801'77f3     0x4  Code  Gb  exit.o [10]
fmax                     0x801'5dd5          Code  Gb  fmax.o [11]
fmaxl                    0x801'5dd5          Code  Gb  fmax.o [11]
fmin                     0x801'5da9          Code  Gb  fmin.o [11]
fminl                    0x801'5da9          Code  Gb  fmin.o [11]
g_Comm                  0x2000'1594   0x728  Data  Gb  comm.o [3]
g_Core                  0x2000'1cbc   0x4e0  Data  Gb  g_Core.o [4]
g_Peref                 0x2000'0db0   0x7e4  Data  Gb  peref.o [6]
g_Ram                   0x2000'04e8   0x8c8  Data  Gb  g_Ram.o [5]
g_Ram_Init               0x800'af0d    0x30  Code  Gb  g_Ram.o [5]
g_Ram_Update             0x800'af3d    0x62  Code  Gb  g_Ram.o [5]
g_Stat                  0x2000'2490    0xc0  Data  Gb  stat.o [7]
groups                   0x801'7634    0xa0  Data  Gb  core_Menu.o [4]
hadc1                   0x2000'2a30    0x64  Data  Gb  main.o [2]
hadc3                   0x2000'2a94    0x64  Data  Gb  main.o [2]
hdma_adc1               0x2000'2940    0x78  Data  Gb  main.o [2]
hdma_adc3               0x2000'29b8    0x78  Data  Gb  main.o [2]
hfdcan1                 0x2000'2550    0xa0  Data  Gb  main.o [2]
hhrtim                  0x2000'23b4    0xdc  Data  Gb  main.o [2]
hrtc                    0x2000'2c10    0x24  Data  Gb  main.o [2]
hspi1                   0x2000'2830    0x88  Data  Gb  main.o [2]
hspi6                   0x2000'28b8    0x88  Data  Gb  main.o [2]
htim1                   0x2000'2af8    0x4c  Data  Gb  main.o [2]
htim2                   0x2000'2b44    0x4c  Data  Gb  main.o [2]
huart3                  0x2000'27a0    0x90  Data  Gb  main.o [2]
huart4                  0x2000'25f0    0x90  Data  Gb  main.o [2]
huart5                  0x2000'2680    0x90  Data  Gb  main.o [2]
huart8                  0x2000'2710    0x90  Data  Gb  main.o [2]
interp2D_calc            0x801'21ed    0xc6  Code  Gb  g_Core.o [4]
ipark_calc               0x801'22b5    0x6a  Code  Gb  g_Core.o [4]
main                     0x800'f5fd   0x13a  Code  Gb  main.o [2]
memTest                  0x800'c1e9    0x70  Code  Gb  peref.o [6]
memtemp                 0x2000'2cdc     0x2  Data  Gb  peref.o [6]
menu                    0x2000'219c   0x218  Data  Gb  core_Menu.o [4]
pADS1118_ConfRegData    0x2000'2ce2     0x2  Data  Gb  peref.o [6]
params                   0x800'0298  0x4ee4  Data  Gb  core_Menu.o [4]
park_calc                0x801'2321    0x7e  Code  Gb  g_Core.o [4]
peref_10HzCalc           0x800'b9a9   0x2bc  Code  Gb  peref.o [6]
peref_18KHzCalc          0x800'b81f    0xae  Code  Gb  peref.o [6]
peref_200HzCalc          0x800'b8cf    0x12  Code  Gb  peref.o [6]
peref_2KHzCalc           0x800'b8cd     0x2  Code  Gb  peref.o [6]
peref_50HzCalc           0x800'b8e1    0xc8  Code  Gb  peref.o [6]
peref_74HC595D           0x800'bee5    0x6c  Code  Gb  peref.o [6]
peref_ADCDACtoPRCObserverUpdate
                         0x800'c0bd   0x108  Code  Gb  peref.o [6]
peref_ADCDACtoPRCObserverUpdate::i
                        0x2000'2cd0     0x4  Data  Lc  peref.o [6]
peref_ADCtoPRCObserverInit
                         0x800'b7a3    0x3e  Code  Gb  peref.o [6]
peref_ApFilter1Calc      0x800'd8cf    0x22  Code  Gb  peref_ApFilter1.o [6]
peref_ApFilter1Init      0x800'd87d    0x52  Code  Gb  peref_ApFilter1.o [6]
peref_Init               0x800'b2a5   0x4fe  Code  Gb  peref.o [6]
peref_ProctoDACObserverInit
                         0x800'b7e1    0x3e  Code  Gb  peref.o [6]
pwm_calc                 0x801'2009    0xea  Code  Gb  g_Core.o [4]
rampgen_calc             0x801'20f3    0xc6  Code  Gb  g_Core.o [4]
sinf                     0x801'5da5     0x4  Code  Gb  cos_sin32.o [11]
speedstart              0x2000'2c68     0x4  Data  Gb  g_Core.o [4]
sqrt                     0x800'edd9          Code  Gb  sqrt.o [11]
sqrtl                    0x800'edd9          Code  Gb  sqrt.o [11]
strchr                   0x800'ae1d          Code  Gb  strchr.o [12]
strcmp                   0x800'adcd          Code  Gb  strcmp.o [12]
strcpy                   0x800'ab21          Code  Gb  strcpy.o [12]
strlen                   0x800'ad95          Code  Gb  strlen.o [12]
svgendq3ph_calc          0x801'1e31   0x1c6  Code  Gb  g_Core.o [4]
testPreamble            0x2000'2c34     0x4  Data  Gb  comm_ModbusRtu.o [3]
tskCnt10Hz              0x2000'2ca4     0x4  Data  Gb  g_InterruptUpdate.o [5]
tskCnt200Hz             0x2000'2c9c     0x4  Data  Gb  g_InterruptUpdate.o [5]
tskCnt2kHz              0x2000'2c98     0x4  Data  Gb  g_InterruptUpdate.o [5]
tskCnt50Hz              0x2000'2ca0     0x4  Data  Gb  g_InterruptUpdate.o [5]
tskMaxCnt10Hz           0x2000'04c8     0x4  Data  Gb  g_InterruptUpdate.o [5]
tskMaxCnt18kHz          0x2000'04b8     0x4  Data  Gb  g_InterruptUpdate.o [5]
tskMaxCnt200Hz          0x2000'04c0     0x4  Data  Gb  g_InterruptUpdate.o [5]
tskMaxCnt2kHz           0x2000'04bc     0x4  Data  Gb  g_InterruptUpdate.o [5]
tskMaxCnt50Hz           0x2000'04c4     0x4  Data  Gb  g_InterruptUpdate.o [5]
txReadSdo                0x800'de6f    0x90  Code  Gb  CMS58M.o [6]
txWriteNmt               0x800'dd35    0x60  Code  Gb  CMS58M.o [6]
txWriteSdo               0x800'dd95    0xda  Code  Gb  CMS58M.o [6]
uwTick                  0x2000'2cd4     0x4  Data  Gb  stm32h7xx_hal.o [9]
uwTickFreq              0x2000'04e6     0x1  Data  Gb  stm32h7xx_hal.o [9]
uwTickPrio              0x2000'04d4     0x4  Data  Gb  stm32h7xx_hal.o [9]
values                   0x801'6048   0xe50  Data  Gb  core_Menu.o [4]


[1] = C:\work\ebu6\EBU6\EWARM\EBU6\Obj\Application\EWARM
[2] = C:\work\ebu6\EBU6\EWARM\EBU6\Obj\Application\User\Core
[3] = C:\work\ebu6\EBU6\EWARM\EBU6\Obj\Application\User\Core\Comm
[4] = C:\work\ebu6\EBU6\EWARM\EBU6\Obj\Application\User\Core\Core
[5] = C:\work\ebu6\EBU6\EWARM\EBU6\Obj\Application\User\Core\Global
[6] = C:\work\ebu6\EBU6\EWARM\EBU6\Obj\Application\User\Core\Peref
[7] = C:\work\ebu6\EBU6\EWARM\EBU6\Obj\Application\User\Core\Stat
[8] = C:\work\ebu6\EBU6\EWARM\EBU6\Obj\Drivers\CMSIS
[9] = C:\work\ebu6\EBU6\EWARM\EBU6\Obj\Drivers\STM32H7xx_HAL_Driver
[10] = dl7M_tln.a
[11] = m7M_tlv.a
[12] = rt7M_tl.a
[13] = shb_l.a

  72'700 bytes of readonly  code memory
  25'039 bytes of readonly  data memory
  19'689 bytes of readwrite data memory

Errors: none
Warnings: none
